[2020-12-07T08:49:19.372+0000][12613][gc] Using G1
[2020-12-07T08:49:19.378+0000][12613][gc,init] Version: 15.0.1+9 (release)
[2020-12-07T08:49:19.378+0000][12613][gc,init] CPUs: 16 total, 16 available
[2020-12-07T08:49:19.378+0000][12613][gc,init] Memory: 16384M
[2020-12-07T08:49:19.378+0000][12613][gc,init] Large Page Support: Disabled
[2020-12-07T08:49:19.378+0000][12613][gc,init] NUMA Support: Disabled
[2020-12-07T08:49:19.378+0000][12613][gc,init] Compressed Oops: Enabled (Zero based)
[2020-12-07T08:49:19.378+0000][12613][gc,init] Heap Region Size: 1M
[2020-12-07T08:49:19.378+0000][12613][gc,init] Heap Min Capacity: 1G
[2020-12-07T08:49:19.378+0000][12613][gc,init] Heap Initial Capacity: 1G
[2020-12-07T08:49:19.378+0000][12613][gc,init] Heap Max Capacity: 1G
[2020-12-07T08:49:19.378+0000][12613][gc,init] Pre-touch: Disabled
[2020-12-07T08:49:19.378+0000][12613][gc,init] Parallel Workers: 13
[2020-12-07T08:49:19.378+0000][12613][gc,init] Concurrent Workers: 3
[2020-12-07T08:49:19.378+0000][12613][gc,init] Concurrent Refinement Workers: 13
[2020-12-07T08:49:19.378+0000][12613][gc,init] Periodic GC: Disabled
[2020-12-07T08:49:19.378+0000][12613][gc,metaspace] CDS disabled.
[2020-12-07T08:49:19.378+0000][12613][gc,metaspace] Compressed class space mapped at: 0x00000007c0000000-0x0000000800000000, size: 1073741824
[2020-12-07T08:49:19.378+0000][12613][gc,metaspace] Narrow klass base: 0x0000000000000000, Narrow klass shift: 3, Narrow klass range: 0x800000000
[2020-12-07T08:49:19.434+0000][12613][gc,heap,exit] Heap
[2020-12-07T08:49:19.435+0000][12613][gc,heap,exit]  garbage-first heap   total 1048576K, used 1024K [0x0000000780000000, 0x00000007c0000000)
[2020-12-07T08:49:19.435+0000][12613][gc,heap,exit]   region size 1024K, 2 young (2048K), 0 survivors (0K)
[2020-12-07T08:49:19.435+0000][12613][gc,heap,exit]  Metaspace       used 3298K, capacity 4480K, committed 4480K, reserved 1056768K
[2020-12-07T08:49:19.435+0000][12613][gc,heap,exit]   class space    used 266K, capacity 384K, committed 384K, reserved 1048576K
