[2020-12-03T01:11:45.523+0000][68452][gc] Using G1
[2020-12-03T01:11:46.130+0000][68452][gc,init] Version: 15.0.1+9 (release)
[2020-12-03T01:11:46.130+0000][68452][gc,init] CPUs: 16 total, 16 available
[2020-12-03T01:11:46.130+0000][68452][gc,init] Memory: 16384M
[2020-12-03T01:11:46.130+0000][68452][gc,init] Large Page Support: Disabled
[2020-12-03T01:11:46.130+0000][68452][gc,init] NUMA Support: Disabled
[2020-12-03T01:11:46.130+0000][68452][gc,init] Compressed Oops: Enabled (Zero based)
[2020-12-03T01:11:46.130+0000][68452][gc,init] Heap Region Size: 1M
[2020-12-03T01:11:46.130+0000][68452][gc,init] Heap Min Capacity: 1G
[2020-12-03T01:11:46.130+0000][68452][gc,init] Heap Initial Capacity: 1G
[2020-12-03T01:11:46.130+0000][68452][gc,init] Heap Max Capacity: 1G
[2020-12-03T01:11:46.130+0000][68452][gc,init] Pre-touch: Enabled
[2020-12-03T01:11:46.130+0000][68452][gc,init] Parallel Workers: 13
[2020-12-03T01:11:46.130+0000][68452][gc,init] Concurrent Workers: 3
[2020-12-03T01:11:46.130+0000][68452][gc,init] Concurrent Refinement Workers: 13
[2020-12-03T01:11:46.130+0000][68452][gc,init] Periodic GC: Disabled
[2020-12-03T01:11:46.131+0000][68452][gc,cds ] Mark closed archive regions in map: [0x00000007fff00000, 0x00000007fff78ff8]
[2020-12-03T01:11:46.131+0000][68452][gc,cds ] Mark open archive regions in map: [0x00000007ffe00000, 0x00000007ffe50ff8]
[2020-12-03T01:11:46.131+0000][68452][gc,metaspace] CDS archive(s) mapped at: [0x0000000800000000-0x0000000800b2d000-0x0000000800b2d000), size 11718656, SharedBaseAddress: 0x0000000800000000, ArchiveRelocationMode: 0.
[2020-12-03T01:11:46.131+0000][68452][gc,metaspace] Compressed class space mapped at: 0x0000000800b30000-0x0000000840b30000, size: 1073741824
[2020-12-03T01:11:46.131+0000][68452][gc,metaspace] Narrow klass base: 0x0000000800000000, Narrow klass shift: 3, Narrow klass range: 0x100000000
[2020-12-03T01:11:46.372+0000][68452][safepoint   ] Safepoint "ICBufferFull", Time since last: 233746559 ns, Reaching safepoint: 155661 ns, At safepoint: 61094 ns, Total: 216755 ns
[2020-12-03T01:11:46.757+0000][68452][safepoint   ] Safepoint "ICBufferFull", Time since last: 384886350 ns, Reaching safepoint: 65079 ns, At safepoint: 49968 ns, Total: 115047 ns
[2020-12-03T01:11:47.051+0000][68452][safepoint   ] Safepoint "ICBufferFull", Time since last: 293736191 ns, Reaching safepoint: 171173 ns, At safepoint: 7051 ns, Total: 178224 ns
[2020-12-03T01:11:47.417+0000][68452][gc,start    ] GC(0) Pause Young (Normal) (G1 Evacuation Pause)
[2020-12-03T01:11:47.418+0000][68452][gc,task     ] GC(0) Using 13 workers of 13 for evacuation
[2020-12-03T01:11:47.418+0000][68452][gc,age      ] GC(0) Desired survivor size 3670016 bytes, new threshold 15 (max threshold 15)
[2020-12-03T01:11:47.422+0000][68452][gc,age      ] GC(0) Age table with threshold 15 (max threshold 15)
[2020-12-03T01:11:47.422+0000][68452][gc,age      ] GC(0) - age   1:    6030352 bytes,    6030352 total
[2020-12-03T01:11:47.422+0000][68452][gc,phases   ] GC(0)   Pre Evacuate Collection Set: 0.1ms
[2020-12-03T01:11:47.422+0000][68452][gc,phases   ] GC(0)   Merge Heap Roots: 0.3ms
[2020-12-03T01:11:47.422+0000][68452][gc,phases   ] GC(0)   Evacuate Collection Set: 2.7ms
[2020-12-03T01:11:47.422+0000][68452][gc,phases   ] GC(0)   Post Evacuate Collection Set: 0.7ms
[2020-12-03T01:11:47.422+0000][68452][gc,phases   ] GC(0)   Other: 0.8ms
[2020-12-03T01:11:47.422+0000][68452][gc,heap     ] GC(0) Eden regions: 51->0(54)
[2020-12-03T01:11:47.422+0000][68452][gc,heap     ] GC(0) Survivor regions: 0->6(7)
[2020-12-03T01:11:47.422+0000][68452][gc,heap     ] GC(0) Old regions: 0->0
[2020-12-03T01:11:47.422+0000][68452][gc,heap     ] GC(0) Archive regions: 2->2
[2020-12-03T01:11:47.422+0000][68452][gc,heap     ] GC(0) Humongous regions: 1->1
[2020-12-03T01:11:47.422+0000][68452][gc,metaspace] GC(0) Metaspace: 14014K(14592K)->14014K(14592K) NonClass: 12371K(12800K)->12371K(12800K) Class: 1642K(1792K)->1642K(1792K)
[2020-12-03T01:11:47.422+0000][68452][gc          ] GC(0) Pause Young (Normal) (G1 Evacuation Pause) 52M->7M(1024M) 4.639ms
[2020-12-03T01:11:47.422+0000][68452][gc,cpu      ] GC(0) User=0.02s Sys=0.00s Real=0.01s
[2020-12-03T01:11:47.422+0000][68452][safepoint   ] Safepoint "G1CollectForAllocation", Time since last: 365986684 ns, Reaching safepoint: 43718 ns, At safepoint: 4769082 ns, Total: 4812800 ns
[2020-12-03T01:11:47.653+0000][68452][safepoint   ] Safepoint "ICBufferFull", Time since last: 231190472 ns, Reaching safepoint: 68824 ns, At safepoint: 22892 ns, Total: 91716 ns
[2020-12-03T01:11:47.658+0000][68452][safepoint   ] Safepoint "ICBufferFull", Time since last: 5068224 ns, Reaching safepoint: 35884 ns, At safepoint: 10833 ns, Total: 46717 ns
[2020-12-03T01:11:47.661+0000][68452][safepoint   ] Safepoint "ICBufferFull", Time since last: 2564741 ns, Reaching safepoint: 32926 ns, At safepoint: 2391 ns, Total: 35317 ns
[2020-12-03T01:11:47.663+0000][68452][safepoint   ] Safepoint "ICBufferFull", Time since last: 2557861 ns, Reaching safepoint: 40461 ns, At safepoint: 29926 ns, Total: 70387 ns
[2020-12-03T01:11:47.667+0000][68452][safepoint   ] Safepoint "ICBufferFull", Time since last: 3181646 ns, Reaching safepoint: 48734 ns, At safepoint: 11249 ns, Total: 59983 ns
[2020-12-03T01:11:47.669+0000][68452][safepoint   ] Safepoint "ICBufferFull", Time since last: 2108142 ns, Reaching safepoint: 41297 ns, At safepoint: 4977 ns, Total: 46274 ns
[2020-12-03T01:11:47.672+0000][68452][safepoint   ] Safepoint "ICBufferFull", Time since last: 3178137 ns, Reaching safepoint: 38150 ns, At safepoint: 8722 ns, Total: 46872 ns
[2020-12-03T01:11:47.675+0000][68452][safepoint   ] Safepoint "ICBufferFull", Time since last: 2671985 ns, Reaching safepoint: 35057 ns, At safepoint: 5427 ns, Total: 40484 ns
[2020-12-03T01:11:47.677+0000][68452][safepoint   ] Safepoint "ICBufferFull", Time since last: 2258088 ns, Reaching safepoint: 30787 ns, At safepoint: 2018 ns, Total: 32805 ns
[2020-12-03T01:11:47.681+0000][68452][safepoint   ] Safepoint "ICBufferFull", Time since last: 3455958 ns, Reaching safepoint: 42359 ns, At safepoint: 12861 ns, Total: 55220 ns
[2020-12-03T01:11:47.683+0000][68452][safepoint   ] Safepoint "ICBufferFull", Time since last: 2776467 ns, Reaching safepoint: 44036 ns, At safepoint: 7948 ns, Total: 51984 ns
[2020-12-03T01:11:47.685+0000][68452][safepoint   ] Safepoint "ICBufferFull", Time since last: 2006872 ns, Reaching safepoint: 35896 ns, At safepoint: 3808 ns, Total: 39704 ns
[2020-12-03T01:11:47.687+0000][68452][safepoint   ] Safepoint "ICBufferFull", Time since last: 1887987 ns, Reaching safepoint: 36148 ns, At safepoint: 2672 ns, Total: 38820 ns
[2020-12-03T01:11:47.690+0000][68452][safepoint   ] Safepoint "ICBufferFull", Time since last: 2993933 ns, Reaching safepoint: 39622 ns, At safepoint: 26330 ns, Total: 65952 ns
[2020-12-03T01:11:47.693+0000][68452][safepoint   ] Safepoint "ICBufferFull", Time since last: 2298032 ns, Reaching safepoint: 98889 ns, At safepoint: 26768 ns, Total: 125657 ns
[2020-12-03T01:11:47.695+0000][68452][safepoint   ] Safepoint "ICBufferFull", Time since last: 1852873 ns, Reaching safepoint: 73082 ns, At safepoint: 6388 ns, Total: 79470 ns
[2020-12-03T01:11:47.696+0000][68452][safepoint   ] Safepoint "ICBufferFull", Time since last: 1386874 ns, Reaching safepoint: 69643 ns, At safepoint: 46803 ns, Total: 116446 ns
[2020-12-03T01:11:47.700+0000][68452][safepoint   ] Safepoint "ICBufferFull", Time since last: 3311361 ns, Reaching safepoint: 73469 ns, At safepoint: 41778 ns, Total: 115247 ns
[2020-12-03T01:11:47.704+0000][68452][safepoint   ] Safepoint "ICBufferFull", Time since last: 4134919 ns, Reaching safepoint: 69270 ns, At safepoint: 22054 ns, Total: 91324 ns
[2020-12-03T01:11:47.705+0000][68452][safepoint   ] Safepoint "ICBufferFull", Time since last: 1373205 ns, Reaching safepoint: 87629 ns, At safepoint: 40066 ns, Total: 127695 ns
[2020-12-03T01:11:47.706+0000][68452][safepoint   ] Safepoint "ICBufferFull", Time since last: 481088 ns, Reaching safepoint: 61295 ns, At safepoint: 7270 ns, Total: 68565 ns
[2020-12-03T01:11:47.707+0000][68452][safepoint   ] Safepoint "ICBufferFull", Time since last: 459366 ns, Reaching safepoint: 62751 ns, At safepoint: 5418 ns, Total: 68169 ns
[2020-12-03T01:11:47.707+0000][68452][safepoint   ] Safepoint "ICBufferFull", Time since last: 505389 ns, Reaching safepoint: 63128 ns, At safepoint: 7644 ns, Total: 70772 ns
[2020-12-03T01:11:47.708+0000][68452][safepoint   ] Safepoint "ICBufferFull", Time since last: 467475 ns, Reaching safepoint: 77906 ns, At safepoint: 45810 ns, Total: 123716 ns
[2020-12-03T01:11:47.708+0000][68452][safepoint   ] Safepoint "ICBufferFull", Time since last: 437054 ns, Reaching safepoint: 61039 ns, At safepoint: 1847 ns, Total: 62886 ns
[2020-12-03T01:11:47.709+0000][68452][safepoint   ] Safepoint "ICBufferFull", Time since last: 440619 ns, Reaching safepoint: 70935 ns, At safepoint: 48415 ns, Total: 119350 ns
[2020-12-03T01:11:47.709+0000][68452][safepoint   ] Safepoint "ICBufferFull", Time since last: 454021 ns, Reaching safepoint: 62790 ns, At safepoint: 7341 ns, Total: 70131 ns
[2020-12-03T01:11:47.710+0000][68452][safepoint   ] Safepoint "ICBufferFull", Time since last: 453100 ns, Reaching safepoint: 68153 ns, At safepoint: 7714 ns, Total: 75867 ns
[2020-12-03T01:11:47.710+0000][68452][safepoint   ] Safepoint "ICBufferFull", Time since last: 442637 ns, Reaching safepoint: 121783 ns, At safepoint: 33004 ns, Total: 154787 ns
[2020-12-03T01:11:47.711+0000][68452][safepoint   ] Safepoint "ICBufferFull", Time since last: 442642 ns, Reaching safepoint: 69631 ns, At safepoint: 2486 ns, Total: 72117 ns
[2020-12-03T01:11:47.711+0000][68452][safepoint   ] Safepoint "ICBufferFull", Time since last: 466971 ns, Reaching safepoint: 65366 ns, At safepoint: 55285 ns, Total: 120651 ns
[2020-12-03T01:11:47.712+0000][68452][safepoint   ] Safepoint "ICBufferFull", Time since last: 455124 ns, Reaching safepoint: 24351 ns, At safepoint: 36201 ns, Total: 60552 ns
[2020-12-03T01:11:47.713+0000][68452][safepoint   ] Safepoint "ICBufferFull", Time since last: 473898 ns, Reaching safepoint: 65873 ns, At safepoint: 8162 ns, Total: 74035 ns
[2020-12-03T01:11:47.713+0000][68452][safepoint   ] Safepoint "ICBufferFull", Time since last: 470408 ns, Reaching safepoint: 33182 ns, At safepoint: 9186 ns, Total: 42368 ns
[2020-12-03T01:11:47.714+0000][68452][safepoint   ] Safepoint "ICBufferFull", Time since last: 440814 ns, Reaching safepoint: 59624 ns, At safepoint: 6620 ns, Total: 66244 ns
[2020-12-03T01:11:47.714+0000][68452][safepoint   ] Safepoint "ICBufferFull", Time since last: 468987 ns, Reaching safepoint: 62417 ns, At safepoint: 42512 ns, Total: 104929 ns
[2020-12-03T01:11:47.716+0000][68452][safepoint   ] Safepoint "ICBufferFull", Time since last: 2033951 ns, Reaching safepoint: 67720 ns, At safepoint: 27209 ns, Total: 94929 ns
[2020-12-03T01:11:47.719+0000][68452][safepoint   ] Safepoint "ICBufferFull", Time since last: 2923432 ns, Reaching safepoint: 53658 ns, At safepoint: 40060 ns, Total: 93718 ns
[2020-12-03T01:11:47.722+0000][68452][safepoint   ] Safepoint "ICBufferFull", Time since last: 2731181 ns, Reaching safepoint: 54412 ns, At safepoint: 34817 ns, Total: 89229 ns
[2020-12-03T01:11:47.723+0000][68452][safepoint   ] Safepoint "ICBufferFull", Time since last: 512270 ns, Reaching safepoint: 44751 ns, At safepoint: 32648 ns, Total: 77399 ns
[2020-12-03T01:11:47.731+0000][68452][gc,start    ] GC(1) Pause Young (Normal) (G1 Evacuation Pause)
[2020-12-03T01:11:47.731+0000][68452][gc,task     ] GC(1) Using 13 workers of 13 for evacuation
[2020-12-03T01:11:47.731+0000][68452][gc,age      ] GC(1) Desired survivor size 4194304 bytes, new threshold 1 (max threshold 15)
[2020-12-03T01:11:47.734+0000][68452][gc,age      ] GC(1) Age table with threshold 1 (max threshold 15)
[2020-12-03T01:11:47.734+0000][68452][gc,age      ] GC(1) - age   1:    3320112 bytes,    3320112 total
[2020-12-03T01:11:47.734+0000][68452][gc,phases   ] GC(1)   Pre Evacuate Collection Set: 0.1ms
[2020-12-03T01:11:47.734+0000][68452][gc,phases   ] GC(1)   Merge Heap Roots: 0.1ms
[2020-12-03T01:11:47.734+0000][68452][gc,phases   ] GC(1)   Evacuate Collection Set: 2.9ms
[2020-12-03T01:11:47.734+0000][68452][gc,phases   ] GC(1)   Post Evacuate Collection Set: 0.5ms
[2020-12-03T01:11:47.734+0000][68452][gc,phases   ] GC(1)   Other: 0.1ms
[2020-12-03T01:11:47.734+0000][68452][gc,heap     ] GC(1) Eden regions: 54->0(610)
[2020-12-03T01:11:47.734+0000][68452][gc,heap     ] GC(1) Survivor regions: 6->4(8)
[2020-12-03T01:11:47.734+0000][68452][gc,heap     ] GC(1) Old regions: 0->6
[2020-12-03T01:11:47.734+0000][68452][gc,heap     ] GC(1) Archive regions: 2->2
[2020-12-03T01:11:47.734+0000][68452][gc,heap     ] GC(1) Humongous regions: 2->1
[2020-12-03T01:11:47.734+0000][68452][gc,metaspace] GC(1) Metaspace: 16436K(17024K)->16436K(17024K) NonClass: 14475K(14848K)->14475K(14848K) Class: 1960K(2176K)->1960K(2176K)
[2020-12-03T01:11:47.734+0000][68452][gc          ] GC(1) Pause Young (Normal) (G1 Evacuation Pause) 62M->11M(1024M) 3.754ms
[2020-12-03T01:11:47.734+0000][68452][gc,cpu      ] GC(1) User=0.03s Sys=0.00s Real=0.00s
[2020-12-03T01:11:47.734+0000][68452][safepoint   ] Safepoint "G1CollectForAllocation", Time since last: 7773696 ns, Reaching safepoint: 80630 ns, At safepoint: 3850275 ns, Total: 3930905 ns
[2020-12-03T01:11:47.749+0000][68452][safepoint   ] Safepoint "ICBufferFull", Time since last: 14888209 ns, Reaching safepoint: 43797 ns, At safepoint: 36307 ns, Total: 80104 ns
[2020-12-03T01:11:47.750+0000][68452][safepoint   ] Safepoint "ICBufferFull", Time since last: 481219 ns, Reaching safepoint: 30650 ns, At safepoint: 39874 ns, Total: 70524 ns
[2020-12-03T01:11:47.751+0000][68452][safepoint   ] Safepoint "ICBufferFull", Time since last: 477830 ns, Reaching safepoint: 71183 ns, At safepoint: 23534 ns, Total: 94717 ns
[2020-12-03T01:11:47.751+0000][68452][safepoint   ] Safepoint "ICBufferFull", Time since last: 439657 ns, Reaching safepoint: 67582 ns, At safepoint: 9447 ns, Total: 77029 ns
[2020-12-03T01:11:47.752+0000][68452][safepoint   ] Safepoint "ICBufferFull", Time since last: 408389 ns, Reaching safepoint: 72792 ns, At safepoint: 5103 ns, Total: 77895 ns
[2020-12-03T01:11:47.752+0000][68452][safepoint   ] Safepoint "ICBufferFull", Time since last: 412238 ns, Reaching safepoint: 73221 ns, At safepoint: 9069 ns, Total: 82290 ns
[2020-12-03T01:11:47.753+0000][68452][safepoint   ] Safepoint "ICBufferFull", Time since last: 442828 ns, Reaching safepoint: 27433 ns, At safepoint: 12738 ns, Total: 40171 ns
[2020-12-03T01:11:47.753+0000][68452][safepoint   ] Safepoint "ICBufferFull", Time since last: 622723 ns, Reaching safepoint: 61859 ns, At safepoint: 76187 ns, Total: 138046 ns
[2020-12-03T01:11:47.754+0000][68452][safepoint   ] Safepoint "ICBufferFull", Time since last: 412156 ns, Reaching safepoint: 89004 ns, At safepoint: 5885 ns, Total: 94889 ns
[2020-12-03T01:11:47.754+0000][68452][safepoint   ] Safepoint "ICBufferFull", Time since last: 414966 ns, Reaching safepoint: 70350 ns, At safepoint: 46019 ns, Total: 116369 ns
[2020-12-03T01:11:47.755+0000][68452][safepoint   ] Safepoint "ICBufferFull", Time since last: 435792 ns, Reaching safepoint: 69537 ns, At safepoint: 45070 ns, Total: 114607 ns
[2020-12-03T01:11:47.755+0000][68452][safepoint   ] Safepoint "ICBufferFull", Time since last: 459693 ns, Reaching safepoint: 63435 ns, At safepoint: 87165 ns, Total: 150600 ns
[2020-12-03T01:11:47.756+0000][68452][safepoint   ] Safepoint "ICBufferFull", Time since last: 434713 ns, Reaching safepoint: 67087 ns, At safepoint: 25684 ns, Total: 92771 ns
[2020-12-03T01:11:47.756+0000][68452][safepoint   ] Safepoint "ICBufferFull", Time since last: 412944 ns, Reaching safepoint: 68736 ns, At safepoint: 43658 ns, Total: 112394 ns
[2020-12-03T01:11:47.757+0000][68452][safepoint   ] Safepoint "ICBufferFull", Time since last: 392445 ns, Reaching safepoint: 70298 ns, At safepoint: 17268 ns, Total: 87566 ns
[2020-12-03T01:11:47.758+0000][68452][safepoint   ] Safepoint "ICBufferFull", Time since last: 414272 ns, Reaching safepoint: 69064 ns, At safepoint: 64884 ns, Total: 133948 ns
[2020-12-03T01:11:47.758+0000][68452][safepoint   ] Safepoint "ICBufferFull", Time since last: 415844 ns, Reaching safepoint: 61612 ns, At safepoint: 7356 ns, Total: 68968 ns
[2020-12-03T01:11:47.759+0000][68452][safepoint   ] Safepoint "ICBufferFull", Time since last: 434927 ns, Reaching safepoint: 63504 ns, At safepoint: 2908 ns, Total: 66412 ns
[2020-12-03T01:11:47.759+0000][68452][safepoint   ] Safepoint "ICBufferFull", Time since last: 742092 ns, Reaching safepoint: 74809 ns, At safepoint: 46129 ns, Total: 120938 ns
[2020-12-03T01:11:47.843+0000][68452][safepoint   ] Safepoint "ICBufferFull", Time since last: 83208316 ns, Reaching safepoint: 77345 ns, At safepoint: 76934 ns, Total: 154279 ns
[2020-12-03T01:11:48.627+0000][68452][gc,start    ] GC(2) Pause Young (Normal) (G1 Evacuation Pause)
[2020-12-03T01:11:48.627+0000][68452][gc,task     ] GC(2) Using 13 workers of 13 for evacuation
[2020-12-03T01:11:48.627+0000][68452][gc,age      ] GC(2) Desired survivor size 40370176 bytes, new threshold 15 (max threshold 15)
[2020-12-03T01:11:48.630+0000][68452][gc,age      ] GC(2) Age table with threshold 15 (max threshold 15)
[2020-12-03T01:11:48.630+0000][68452][gc,age      ] GC(2) - age   1:    6788592 bytes,    6788592 total
[2020-12-03T01:11:48.630+0000][68452][gc,age      ] GC(2) - age   2:    2288416 bytes,    9077008 total
[2020-12-03T01:11:48.630+0000][68452][gc,phases   ] GC(2)   Pre Evacuate Collection Set: 0.1ms
[2020-12-03T01:11:48.630+0000][68452][gc,phases   ] GC(2)   Merge Heap Roots: 0.2ms
[2020-12-03T01:11:48.630+0000][68452][gc,phases   ] GC(2)   Evacuate Collection Set: 1.9ms
[2020-12-03T01:11:48.630+0000][68452][gc,phases   ] GC(2)   Post Evacuate Collection Set: 0.8ms
[2020-12-03T01:11:48.630+0000][68452][gc,phases   ] GC(2)   Other: 0.2ms
[2020-12-03T01:11:48.630+0000][68452][gc,heap     ] GC(2) Eden regions: 610->0(604)
[2020-12-03T01:11:48.630+0000][68452][gc,heap     ] GC(2) Survivor regions: 4->10(77)
[2020-12-03T01:11:48.630+0000][68452][gc,heap     ] GC(2) Old regions: 6->6
[2020-12-03T01:11:48.630+0000][68452][gc,heap     ] GC(2) Archive regions: 2->2
[2020-12-03T01:11:48.630+0000][68452][gc,heap     ] GC(2) Humongous regions: 1->1
[2020-12-03T01:11:48.630+0000][68452][gc,metaspace] GC(2) Metaspace: 19417K(20480K)->19417K(20480K) NonClass: 17068K(17920K)->17068K(17920K) Class: 2349K(2560K)->2349K(2560K)
[2020-12-03T01:11:48.630+0000][68452][gc          ] GC(2) Pause Young (Normal) (G1 Evacuation Pause) 621M->16M(1024M) 3.280ms
[2020-12-03T01:11:48.630+0000][68452][gc,cpu      ] GC(2) User=0.03s Sys=0.00s Real=0.01s
[2020-12-03T01:11:48.630+0000][68452][safepoint   ] Safepoint "G1CollectForAllocation", Time since last: 783721891 ns, Reaching safepoint: 137227 ns, At safepoint: 3364020 ns, Total: 3501247 ns
[2020-12-03T01:11:48.978+0000][68452][gc,start    ] GC(3) Pause Young (Concurrent Start) (Metadata GC Threshold)
[2020-12-03T01:11:48.978+0000][68452][gc,task     ] GC(3) Using 13 workers of 13 for evacuation
[2020-12-03T01:11:48.978+0000][68452][gc,age      ] GC(3) Desired survivor size 40370176 bytes, new threshold 15 (max threshold 15)
[2020-12-03T01:11:48.981+0000][68452][gc,age      ] GC(3) Age table with threshold 15 (max threshold 15)
[2020-12-03T01:11:48.981+0000][68452][gc,age      ] GC(3) - age   1:    2295536 bytes,    2295536 total
[2020-12-03T01:11:48.981+0000][68452][gc,age      ] GC(3) - age   2:    6326864 bytes,    8622400 total
[2020-12-03T01:11:48.981+0000][68452][gc,age      ] GC(3) - age   3:    2288400 bytes,   10910800 total
[2020-12-03T01:11:48.982+0000][68452][gc,phases   ] GC(3)   Pre Evacuate Collection Set: 0.1ms
[2020-12-03T01:11:48.982+0000][68452][gc,phases   ] GC(3)   Merge Heap Roots: 0.1ms
[2020-12-03T01:11:48.982+0000][68452][gc,phases   ] GC(3)   Evacuate Collection Set: 2.2ms
[2020-12-03T01:11:48.982+0000][68452][gc,phases   ] GC(3)   Post Evacuate Collection Set: 0.5ms
[2020-12-03T01:11:48.982+0000][68452][gc,phases   ] GC(3)   Other: 0.4ms
[2020-12-03T01:11:48.982+0000][68452][gc,heap     ] GC(3) Eden regions: 315->0(602)
[2020-12-03T01:11:48.982+0000][68452][gc,heap     ] GC(3) Survivor regions: 10->12(77)
[2020-12-03T01:11:48.982+0000][68452][gc,heap     ] GC(3) Old regions: 6->6
[2020-12-03T01:11:48.982+0000][68452][gc,heap     ] GC(3) Archive regions: 2->2
[2020-12-03T01:11:48.982+0000][68452][gc,heap     ] GC(3) Humongous regions: 1->1
[2020-12-03T01:11:48.982+0000][68452][gc,metaspace] GC(3) Metaspace: 20018K(21296K)->20018K(21296K) NonClass: 17580K(18608K)->17580K(18608K) Class: 2438K(2688K)->2438K(2688K)
[2020-12-03T01:11:48.982+0000][68452][gc          ] GC(3) Pause Young (Concurrent Start) (Metadata GC Threshold) 331M->18M(1024M) 3.413ms
[2020-12-03T01:11:48.982+0000][68452][gc,cpu      ] GC(3) User=0.02s Sys=0.01s Real=0.01s
[2020-12-03T01:11:48.982+0000][68452][gc          ] GC(4) Concurrent Cycle
[2020-12-03T01:11:48.982+0000][68452][gc,marking  ] GC(4) Concurrent Clear Claimed Marks
[2020-12-03T01:11:48.982+0000][68452][gc,marking  ] GC(4) Concurrent Clear Claimed Marks 0.014ms
[2020-12-03T01:11:48.982+0000][68452][gc,marking  ] GC(4) Concurrent Scan Root Regions
[2020-12-03T01:11:48.982+0000][68452][safepoint   ] Safepoint "CollectForMetadataAllocation", Time since last: 348120151 ns, Reaching safepoint: 87862 ns, At safepoint: 3552535 ns, Total: 3640397 ns
[2020-12-03T01:11:48.983+0000][68452][gc,marking  ] GC(4) Concurrent Scan Root Regions 1.365ms
[2020-12-03T01:11:48.983+0000][68452][gc,marking  ] GC(4) Concurrent Mark (3.467s)
[2020-12-03T01:11:48.983+0000][68452][gc,marking  ] GC(4) Concurrent Mark From Roots
[2020-12-03T01:11:48.983+0000][68452][gc,task     ] GC(4) Using 3 workers of 3 for marking
[2020-12-03T01:11:48.986+0000][68452][gc,marking  ] GC(4) Concurrent Mark From Roots 2.848ms
[2020-12-03T01:11:48.986+0000][68452][gc,marking  ] GC(4) Concurrent Preclean
[2020-12-03T01:11:48.986+0000][68452][gc,marking  ] GC(4) Concurrent Preclean 0.069ms
[2020-12-03T01:11:48.986+0000][68452][gc,marking  ] GC(4) Concurrent Mark (3.467s, 3.470s) 2.950ms
[2020-12-03T01:11:48.986+0000][68452][gc,start    ] GC(4) Pause Remark
[2020-12-03T01:11:48.987+0000][68452][gc          ] GC(4) Pause Remark 19M->19M(1024M) 1.087ms
[2020-12-03T01:11:48.987+0000][68452][gc,cpu      ] GC(4) User=0.00s Sys=0.00s Real=0.00s
[2020-12-03T01:11:48.987+0000][68452][safepoint   ] Safepoint "G1Concurrent", Time since last: 4388364 ns, Reaching safepoint: 120299 ns, At safepoint: 1206414 ns, Total: 1326713 ns
[2020-12-03T01:11:48.987+0000][68452][gc,marking  ] GC(4) Concurrent Rebuild Remembered Sets
[2020-12-03T01:11:48.989+0000][68452][gc,marking  ] GC(4) Concurrent Rebuild Remembered Sets 1.786ms
[2020-12-03T01:11:48.990+0000][68452][gc,start    ] GC(4) Pause Cleanup
[2020-12-03T01:11:48.990+0000][68452][gc          ] GC(4) Pause Cleanup 23M->23M(1024M) 0.132ms
[2020-12-03T01:11:48.990+0000][68452][gc,cpu      ] GC(4) User=0.00s Sys=0.00s Real=0.00s
[2020-12-03T01:11:48.990+0000][68452][safepoint   ] Safepoint "G1Concurrent", Time since last: 1818217 ns, Reaching safepoint: 380688 ns, At safepoint: 262674 ns, Total: 643362 ns
[2020-12-03T01:11:48.990+0000][68452][gc,marking  ] GC(4) Concurrent Cleanup for Next Mark
[2020-12-03T01:11:48.991+0000][68452][gc,marking  ] GC(4) Concurrent Cleanup for Next Mark 1.325ms
[2020-12-03T01:11:48.991+0000][68452][gc          ] GC(4) Concurrent Cycle 9.650ms
[2020-12-03T01:11:49.654+0000][68452][safepoint   ] Safepoint "ICBufferFull", Time since last: 663549780 ns, Reaching safepoint: 218489 ns, At safepoint: 76036 ns, Total: 294525 ns
[2020-12-03T01:11:49.939+0000][68452][safepoint   ] Safepoint "ICBufferFull", Time since last: 284870464 ns, Reaching safepoint: 181651 ns, At safepoint: 62299 ns, Total: 243950 ns
[2020-12-03T01:11:50.692+0000][68452][gc,start    ] GC(5) Pause Young (Concurrent Start) (Metadata GC Threshold)
[2020-12-03T01:11:50.692+0000][68452][gc,task     ] GC(5) Using 13 workers of 13 for evacuation
[2020-12-03T01:11:50.692+0000][68452][gc,age      ] GC(5) Desired survivor size 40370176 bytes, new threshold 15 (max threshold 15)
[2020-12-03T01:11:50.703+0000][68452][gc,age      ] GC(5) Age table with threshold 15 (max threshold 15)
[2020-12-03T01:11:50.703+0000][68452][gc,age      ] GC(5) - age   1:   32500744 bytes,   32500744 total
[2020-12-03T01:11:50.703+0000][68452][gc,age      ] GC(5) - age   2:    2249072 bytes,   34749816 total
[2020-12-03T01:11:50.703+0000][68452][gc,age      ] GC(5) - age   3:    6275392 bytes,   41025208 total
[2020-12-03T01:11:50.703+0000][68452][gc,age      ] GC(5) - age   4:    2237288 bytes,   43262496 total
[2020-12-03T01:11:50.703+0000][68452][gc,phases   ] GC(5)   Pre Evacuate Collection Set: 0.2ms
[2020-12-03T01:11:50.703+0000][68452][gc,phases   ] GC(5)   Merge Heap Roots: 0.1ms
[2020-12-03T01:11:50.703+0000][68452][gc,phases   ] GC(5)   Evacuate Collection Set: 9.4ms
[2020-12-03T01:11:50.703+0000][68452][gc,phases   ] GC(5)   Post Evacuate Collection Set: 1.3ms
[2020-12-03T01:11:50.703+0000][68452][gc,phases   ] GC(5)   Other: 0.3ms
[2020-12-03T01:11:50.703+0000][68452][gc,heap     ] GC(5) Eden regions: 526->0(571)
[2020-12-03T01:11:50.703+0000][68452][gc,heap     ] GC(5) Survivor regions: 12->43(77)
[2020-12-03T01:11:50.703+0000][68452][gc,heap     ] GC(5) Old regions: 6->6
[2020-12-03T01:11:50.703+0000][68452][gc,heap     ] GC(5) Archive regions: 2->2
[2020-12-03T01:11:50.703+0000][68452][gc,heap     ] GC(5) Humongous regions: 1->1
[2020-12-03T01:11:50.703+0000][68452][gc,metaspace] GC(5) Metaspace: 33569K(35888K)->33569K(35888K) NonClass: 29225K(30896K)->29225K(30896K) Class: 4344K(4992K)->4344K(4992K)
[2020-12-03T01:11:50.703+0000][68452][gc          ] GC(5) Pause Young (Concurrent Start) (Metadata GC Threshold) 544M->49M(1024M) 11.341ms
[2020-12-03T01:11:50.703+0000][68452][gc,cpu      ] GC(5) User=0.14s Sys=0.00s Real=0.01s
[2020-12-03T01:11:50.703+0000][68452][gc          ] GC(6) Concurrent Cycle
[2020-12-03T01:11:50.703+0000][68452][gc,marking  ] GC(6) Concurrent Clear Claimed Marks
[2020-12-03T01:11:50.703+0000][68452][gc,marking  ] GC(6) Concurrent Clear Claimed Marks 0.041ms
[2020-12-03T01:11:50.703+0000][68452][gc,marking  ] GC(6) Concurrent Scan Root Regions
[2020-12-03T01:11:50.703+0000][68452][safepoint   ] Safepoint "CollectForMetadataAllocation", Time since last: 752612703 ns, Reaching safepoint: 155092 ns, At safepoint: 11519059 ns, Total: 11674151 ns
[2020-12-03T01:11:50.711+0000][68452][gc,marking  ] GC(6) Concurrent Scan Root Regions 7.477ms
[2020-12-03T01:11:50.711+0000][68452][gc,marking  ] GC(6) Concurrent Mark (5.195s)
[2020-12-03T01:11:50.711+0000][68452][gc,marking  ] GC(6) Concurrent Mark From Roots
[2020-12-03T01:11:50.711+0000][68452][gc,task     ] GC(6) Using 3 workers of 3 for marking
[2020-12-03T01:11:50.713+0000][68452][gc,marking  ] GC(6) Concurrent Mark From Roots 2.479ms
[2020-12-03T01:11:50.713+0000][68452][gc,marking  ] GC(6) Concurrent Preclean
[2020-12-03T01:11:50.713+0000][68452][gc,marking  ] GC(6) Concurrent Preclean 0.043ms
[2020-12-03T01:11:50.713+0000][68452][gc,marking  ] GC(6) Concurrent Mark (5.195s, 5.197s) 2.571ms
[2020-12-03T01:11:50.713+0000][68452][gc,start    ] GC(6) Pause Remark
[2020-12-03T01:11:50.714+0000][68452][gc          ] GC(6) Pause Remark 51M->51M(1024M) 1.055ms
[2020-12-03T01:11:50.715+0000][68452][gc,cpu      ] GC(6) User=0.00s Sys=0.00s Real=0.00s
[2020-12-03T01:11:50.715+0000][68452][safepoint   ] Safepoint "G1Concurrent", Time since last: 10065046 ns, Reaching safepoint: 180963 ns, At safepoint: 1126306 ns, Total: 1307269 ns
[2020-12-03T01:11:50.715+0000][68452][gc,marking  ] GC(6) Concurrent Rebuild Remembered Sets
[2020-12-03T01:11:50.716+0000][68452][safepoint   ] Safepoint "CollectForMetadataAllocation", Time since last: 82637 ns, Reaching safepoint: 1174472 ns, At safepoint: 42767 ns, Total: 1217239 ns
[2020-12-03T01:11:50.718+0000][68452][gc,marking  ] GC(6) Concurrent Rebuild Remembered Sets 2.957ms
[2020-12-03T01:11:50.718+0000][68452][gc,start    ] GC(6) Pause Cleanup
[2020-12-03T01:11:50.718+0000][68452][gc          ] GC(6) Pause Cleanup 51M->51M(1024M) 0.141ms
[2020-12-03T01:11:50.718+0000][68452][gc,cpu      ] GC(6) User=0.00s Sys=0.00s Real=0.00s
[2020-12-03T01:11:50.718+0000][68452][safepoint   ] Safepoint "G1Concurrent", Time since last: 1702647 ns, Reaching safepoint: 58264 ns, At safepoint: 227475 ns, Total: 285739 ns
[2020-12-03T01:11:50.718+0000][68452][gc,marking  ] GC(6) Concurrent Cleanup for Next Mark
[2020-12-03T01:11:50.719+0000][68452][gc,marking  ] GC(6) Concurrent Cleanup for Next Mark 1.214ms
[2020-12-03T01:11:50.719+0000][68452][gc          ] GC(6) Concurrent Cycle 16.012ms
[2020-12-03T01:11:51.347+0000][68452][safepoint   ] Safepoint "ICBufferFull", Time since last: 628888441 ns, Reaching safepoint: 115139 ns, At safepoint: 33324 ns, Total: 148463 ns
[2020-12-03T01:11:51.715+0000][68452][safepoint   ] Safepoint "ICBufferFull", Time since last: 367773043 ns, Reaching safepoint: 167689 ns, At safepoint: 54400 ns, Total: 222089 ns
[2020-12-03T01:11:52.431+0000][68452][gc,start    ] GC(7) Pause Young (Concurrent Start) (Metadata GC Threshold)
[2020-12-03T01:11:52.432+0000][68452][gc,task     ] GC(7) Using 13 workers of 13 for evacuation
[2020-12-03T01:11:52.432+0000][68452][gc,age      ] GC(7) Desired survivor size 40370176 bytes, new threshold 3 (max threshold 15)
[2020-12-03T01:11:52.445+0000][68452][gc,age      ] GC(7) Age table with threshold 3 (max threshold 15)
[2020-12-03T01:11:52.445+0000][68452][gc,age      ] GC(7) - age   1:   11432064 bytes,   11432064 total
[2020-12-03T01:11:52.445+0000][68452][gc,age      ] GC(7) - age   2:   32160768 bytes,   43592832 total
[2020-12-03T01:11:52.445+0000][68452][gc,age      ] GC(7) - age   3:    2229216 bytes,   45822048 total
[2020-12-03T01:11:52.445+0000][68452][gc,phases   ] GC(7)   Pre Evacuate Collection Set: 0.1ms
[2020-12-03T01:11:52.445+0000][68452][gc,phases   ] GC(7)   Merge Heap Roots: 0.1ms
[2020-12-03T01:11:52.445+0000][68452][gc,phases   ] GC(7)   Evacuate Collection Set: 12.3ms
[2020-12-03T01:11:52.445+0000][68452][gc,phases   ] GC(7)   Post Evacuate Collection Set: 1.1ms
[2020-12-03T01:11:52.445+0000][68452][gc,phases   ] GC(7)   Other: 0.2ms
[2020-12-03T01:11:52.445+0000][68452][gc,heap     ] GC(7) Eden regions: 255->0(477)
[2020-12-03T01:11:52.445+0000][68452][gc,heap     ] GC(7) Survivor regions: 43->47(77)
[2020-12-03T01:11:52.445+0000][68452][gc,heap     ] GC(7) Old regions: 6->15
[2020-12-03T01:11:52.445+0000][68452][gc,heap     ] GC(7) Archive regions: 2->2
[2020-12-03T01:11:52.445+0000][68452][gc,heap     ] GC(7) Humongous regions: 1->1
[2020-12-03T01:11:52.445+0000][68452][gc,metaspace] GC(7) Metaspace: 56720K(60240K)->56720K(60240K) NonClass: 49172K(51792K)->49172K(51792K) Class: 7547K(8448K)->7547K(8448K)
[2020-12-03T01:11:52.445+0000][68452][gc          ] GC(7) Pause Young (Concurrent Start) (Metadata GC Threshold) 304M->62M(1024M) 13.951ms
[2020-12-03T01:11:52.445+0000][68452][gc,cpu      ] GC(7) User=0.17s Sys=0.00s Real=0.01s
[2020-12-03T01:11:52.445+0000][68452][gc          ] GC(8) Concurrent Cycle
[2020-12-03T01:11:52.446+0000][68452][gc,marking  ] GC(8) Concurrent Clear Claimed Marks
[2020-12-03T01:11:52.446+0000][68452][safepoint   ] Safepoint "CollectForMetadataAllocation", Time since last: 716436540 ns, Reaching safepoint: 132403 ns, At safepoint: 14102102 ns, Total: 14234505 ns
[2020-12-03T01:11:52.446+0000][68452][gc,marking  ] GC(8) Concurrent Clear Claimed Marks 0.045ms
[2020-12-03T01:11:52.446+0000][68452][gc,marking  ] GC(8) Concurrent Scan Root Regions
[2020-12-03T01:11:52.456+0000][68452][gc,marking  ] GC(8) Concurrent Scan Root Regions 10.124ms
[2020-12-03T01:11:52.456+0000][68452][gc,marking  ] GC(8) Concurrent Mark (6.940s)
[2020-12-03T01:11:52.456+0000][68452][gc,marking  ] GC(8) Concurrent Mark From Roots
[2020-12-03T01:11:52.456+0000][68452][gc,task     ] GC(8) Using 3 workers of 3 for marking
[2020-12-03T01:11:52.458+0000][68452][gc,marking  ] GC(8) Concurrent Mark From Roots 2.730ms
[2020-12-03T01:11:52.458+0000][68452][gc,marking  ] GC(8) Concurrent Preclean
[2020-12-03T01:11:52.459+0000][68452][gc,marking  ] GC(8) Concurrent Preclean 0.049ms
[2020-12-03T01:11:52.459+0000][68452][gc,marking  ] GC(8) Concurrent Mark (6.940s, 6.942s) 2.817ms
[2020-12-03T01:11:52.459+0000][68452][gc,start    ] GC(8) Pause Remark
[2020-12-03T01:11:52.460+0000][68452][gc          ] GC(8) Pause Remark 64M->64M(1024M) 1.229ms
[2020-12-03T01:11:52.460+0000][68452][gc,cpu      ] GC(8) User=0.01s Sys=0.00s Real=0.01s
[2020-12-03T01:11:52.460+0000][68452][safepoint   ] Safepoint "G1Concurrent", Time since last: 13010727 ns, Reaching safepoint: 179596 ns, At safepoint: 1339693 ns, Total: 1519289 ns
[2020-12-03T01:11:52.460+0000][68452][gc,marking  ] GC(8) Concurrent Rebuild Remembered Sets
[2020-12-03T01:11:52.463+0000][68452][gc,marking  ] GC(8) Concurrent Rebuild Remembered Sets 3.108ms
[2020-12-03T01:11:52.464+0000][68452][gc,start    ] GC(8) Pause Cleanup
[2020-12-03T01:11:52.464+0000][68452][gc          ] GC(8) Pause Cleanup 64M->64M(1024M) 0.132ms
[2020-12-03T01:11:52.464+0000][68452][gc,cpu      ] GC(8) User=0.00s Sys=0.00s Real=0.00s
[2020-12-03T01:11:52.464+0000][68452][safepoint   ] Safepoint "G1Concurrent", Time since last: 3194215 ns, Reaching safepoint: 415189 ns, At safepoint: 225416 ns, Total: 640605 ns
[2020-12-03T01:11:52.464+0000][68452][gc,marking  ] GC(8) Concurrent Cleanup for Next Mark
[2020-12-03T01:11:52.465+0000][68452][gc,marking  ] GC(8) Concurrent Cleanup for Next Mark 1.089ms
[2020-12-03T01:11:52.465+0000][68452][gc          ] GC(8) Concurrent Cycle 19.550ms
[2020-12-03T01:11:53.440+0000][68452][safepoint   ] Safepoint "ICBufferFull", Time since last: 975485637 ns, Reaching safepoint: 611101 ns, At safepoint: 66209 ns, Total: 677310 ns
[2020-12-03T01:11:54.443+0000][68452][safepoint   ] Safepoint "Cleanup", Time since last: 1002396148 ns, Reaching safepoint: 341585 ns, At safepoint: 8903 ns, Total: 350488 ns
[2020-12-03T01:11:55.445+0000][68452][safepoint   ] Safepoint "Cleanup", Time since last: 1002083480 ns, Reaching safepoint: 140722 ns, At safepoint: 8797 ns, Total: 149519 ns
[2020-12-03T01:11:56.449+0000][68452][safepoint   ] Safepoint "Cleanup", Time since last: 1004158979 ns, Reaching safepoint: 139175 ns, At safepoint: 8448 ns, Total: 147623 ns
[2020-12-03T01:11:57.274+0000][68452][safepoint   ] Safepoint "ICBufferFull", Time since last: 824618244 ns, Reaching safepoint: 230891 ns, At safepoint: 70585 ns, Total: 301476 ns
[2020-12-03T01:11:57.447+0000][68452][safepoint   ] Safepoint "ICBufferFull", Time since last: 172534954 ns, Reaching safepoint: 141748 ns, At safepoint: 13953 ns, Total: 155701 ns
[2020-12-03T01:11:57.685+0000][68452][safepoint   ] Safepoint "ICBufferFull", Time since last: 237447251 ns, Reaching safepoint: 216227 ns, At safepoint: 64412 ns, Total: 280639 ns
[2020-12-03T01:11:57.869+0000][68452][safepoint   ] Safepoint "ICBufferFull", Time since last: 184022552 ns, Reaching safepoint: 205904 ns, At safepoint: 58425 ns, Total: 264329 ns
[2020-12-03T01:11:58.095+0000][68452][safepoint   ] Safepoint "ICBufferFull", Time since last: 225515548 ns, Reaching safepoint: 186471 ns, At safepoint: 31591 ns, Total: 218062 ns
[2020-12-03T01:11:58.415+0000][68452][safepoint   ] Safepoint "ICBufferFull", Time since last: 319834510 ns, Reaching safepoint: 133505 ns, At safepoint: 32723 ns, Total: 166228 ns
[2020-12-03T01:11:58.943+0000][68452][safepoint   ] Safepoint "ICBufferFull", Time since last: 528208404 ns, Reaching safepoint: 218632 ns, At safepoint: 24856 ns, Total: 243488 ns
[2020-12-03T01:11:59.948+0000][68452][safepoint   ] Safepoint "Cleanup", Time since last: 1004276404 ns, Reaching safepoint: 276128 ns, At safepoint: 47768 ns, Total: 323896 ns
[2020-12-03T01:12:00.948+0000][68452][safepoint   ] Safepoint "Cleanup", Time since last: 1000302028 ns, Reaching safepoint: 181240 ns, At safepoint: 35020 ns, Total: 216260 ns
[2020-12-03T01:12:01.953+0000][68452][safepoint   ] Safepoint "Cleanup", Time since last: 1003962778 ns, Reaching safepoint: 141133 ns, At safepoint: 88671 ns, Total: 229804 ns
[2020-12-03T01:12:03.958+0000][68452][safepoint   ] Safepoint "Cleanup", Time since last: 2005646901 ns, Reaching safepoint: 103867 ns, At safepoint: 6735 ns, Total: 110602 ns
[2020-12-03T01:12:07.972+0000][68452][safepoint   ] Safepoint "Cleanup", Time since last: 4013324168 ns, Reaching safepoint: 178203 ns, At safepoint: 60805 ns, Total: 239008 ns
[2020-12-03T01:12:12.988+0000][68452][safepoint   ] Safepoint "Cleanup", Time since last: 5015665220 ns, Reaching safepoint: 148414 ns, At safepoint: 65080 ns, Total: 213494 ns
[2020-12-03T01:12:18.001+0000][68452][safepoint   ] Safepoint "Cleanup", Time since last: 5013144319 ns, Reaching safepoint: 195783 ns, At safepoint: 51789 ns, Total: 247572 ns
[2020-12-03T01:12:19.007+0000][68452][safepoint   ] Safepoint "Cleanup", Time since last: 1005711371 ns, Reaching safepoint: 174121 ns, At safepoint: 44796 ns, Total: 218917 ns
[2020-12-03T01:12:20.008+0000][68452][safepoint   ] Safepoint "Cleanup", Time since last: 1000144344 ns, Reaching safepoint: 126542 ns, At safepoint: 16473 ns, Total: 143015 ns
[2020-12-03T01:12:24.014+0000][68452][safepoint   ] Safepoint "Cleanup", Time since last: 4006641719 ns, Reaching safepoint: 124603 ns, At safepoint: 11663 ns, Total: 136266 ns
[2020-12-03T01:12:25.015+0000][68452][safepoint   ] Safepoint "Cleanup", Time since last: 1000268632 ns, Reaching safepoint: 430963 ns, At safepoint: 97389 ns, Total: 528352 ns
[2020-12-03T01:12:28.022+0000][68452][safepoint   ] Safepoint "Cleanup", Time since last: 3006989306 ns, Reaching safepoint: 85087 ns, At safepoint: 6622 ns, Total: 91709 ns
[2020-12-03T01:12:32.034+0000][68452][safepoint   ] Safepoint "Cleanup", Time since last: 4011860979 ns, Reaching safepoint: 200449 ns, At safepoint: 53396 ns, Total: 253845 ns
[2020-12-03T01:12:38.048+0000][68452][safepoint   ] Safepoint "Cleanup", Time since last: 6013088379 ns, Reaching safepoint: 191115 ns, At safepoint: 59526 ns, Total: 250641 ns
[2020-12-03T01:12:41.056+0000][68452][safepoint   ] Safepoint "Cleanup", Time since last: 3007353378 ns, Reaching safepoint: 191072 ns, At safepoint: 60006 ns, Total: 251078 ns
[2020-12-03T01:12:50.086+0000][68452][safepoint   ] Safepoint "Cleanup", Time since last: 9030001226 ns, Reaching safepoint: 190204 ns, At safepoint: 9337 ns, Total: 199541 ns
[2020-12-03T01:12:52.091+0000][68452][safepoint   ] Safepoint "Cleanup", Time since last: 2004818826 ns, Reaching safepoint: 168248 ns, At safepoint: 76238 ns, Total: 244486 ns
[2020-12-03T01:12:58.111+0000][68452][safepoint   ] Safepoint "Cleanup", Time since last: 6020186038 ns, Reaching safepoint: 166779 ns, At safepoint: 74712 ns, Total: 241491 ns
[2020-12-03T01:13:19.177+0000][68452][safepoint   ] Safepoint "Cleanup", Time since last: 21065385299 ns, Reaching safepoint: 179307 ns, At safepoint: 60840 ns, Total: 240147 ns
[2020-12-03T01:13:25.197+0000][68452][safepoint   ] Safepoint "Cleanup", Time since last: 6019662679 ns, Reaching safepoint: 176543 ns, At safepoint: 32142 ns, Total: 208685 ns
[2020-12-03T01:13:28.209+0000][68452][safepoint   ] Safepoint "Cleanup", Time since last: 3011745442 ns, Reaching safepoint: 92029 ns, At safepoint: 42335 ns, Total: 134364 ns
[2020-12-03T01:13:32.221+0000][68452][safepoint   ] Safepoint "Cleanup", Time since last: 4011699654 ns, Reaching safepoint: 129726 ns, At safepoint: 5316 ns, Total: 135042 ns
[2020-12-03T01:13:36.230+0000][68452][safepoint   ] Safepoint "Cleanup", Time since last: 4008779577 ns, Reaching safepoint: 96692 ns, At safepoint: 59301 ns, Total: 155993 ns
[2020-12-03T01:13:42.245+0000][68452][safepoint   ] Safepoint "Cleanup", Time since last: 6014429598 ns, Reaching safepoint: 164275 ns, At safepoint: 20977 ns, Total: 185252 ns
[2020-12-03T01:13:45.253+0000][68452][safepoint   ] Safepoint "Cleanup", Time since last: 3008624769 ns, Reaching safepoint: 179300 ns, At safepoint: 63284 ns, Total: 242584 ns
[2020-12-03T01:14:00.307+0000][68452][safepoint   ] Safepoint "Cleanup", Time since last: 15053565376 ns, Reaching safepoint: 195515 ns, At safepoint: 29745 ns, Total: 225260 ns
[2020-12-03T01:14:01.309+0000][68452][safepoint   ] Safepoint "Cleanup", Time since last: 1001500633 ns, Reaching safepoint: 205414 ns, At safepoint: 21502 ns, Total: 226916 ns
[2020-12-03T01:14:20.095+0000][68452][safepoint   ] Safepoint "ICBufferFull", Time since last: 18785356789 ns, Reaching safepoint: 183042 ns, At safepoint: 7009 ns, Total: 190051 ns
[2020-12-03T01:14:21.099+0000][68452][safepoint   ] Safepoint "Cleanup", Time since last: 1004360980 ns, Reaching safepoint: 93367 ns, At safepoint: 9847 ns, Total: 103214 ns
[2020-12-03T01:14:31.128+0000][68452][safepoint   ] Safepoint "Cleanup", Time since last: 10028348837 ns, Reaching safepoint: 137503 ns, At safepoint: 18422 ns, Total: 155925 ns
[2020-12-03T01:14:38.160+0000][68452][safepoint   ] Safepoint "Cleanup", Time since last: 7031243222 ns, Reaching safepoint: 118090 ns, At safepoint: 87155 ns, Total: 205245 ns
[2020-12-03T01:15:05.230+0000][68452][safepoint   ] Safepoint "Cleanup", Time since last: 27069542547 ns, Reaching safepoint: 222925 ns, At safepoint: 32912 ns, Total: 255837 ns
[2020-12-03T01:15:06.230+0000][68452][safepoint   ] Safepoint "Cleanup", Time since last: 1000355778 ns, Reaching safepoint: 118750 ns, At safepoint: 48798 ns, Total: 167548 ns
[2020-12-03T01:15:10.245+0000][68452][safepoint   ] Safepoint "Cleanup", Time since last: 4014760219 ns, Reaching safepoint: 70433 ns, At safepoint: 12281 ns, Total: 82714 ns
[2020-12-03T01:15:25.299+0000][68452][safepoint   ] Safepoint "Cleanup", Time since last: 15053614839 ns, Reaching safepoint: 185302 ns, At safepoint: 30351 ns, Total: 215653 ns
[2020-12-03T01:15:26.302+0000][68452][safepoint   ] Safepoint "Cleanup", Time since last: 1002697818 ns, Reaching safepoint: 168758 ns, At safepoint: 36333 ns, Total: 205091 ns
[2020-12-03T01:15:27.306+0000][68452][safepoint   ] Safepoint "Cleanup", Time since last: 1004005167 ns, Reaching safepoint: 188904 ns, At safepoint: 58272 ns, Total: 247176 ns
[2020-12-03T01:15:28.307+0000][68452][safepoint   ] Safepoint "Cleanup", Time since last: 1000384131 ns, Reaching safepoint: 128236 ns, At safepoint: 18000 ns, Total: 146236 ns
[2020-12-03T01:15:48.373+0000][68452][safepoint   ] Safepoint "Cleanup", Time since last: 20065532128 ns, Reaching safepoint: 168695 ns, At safepoint: 25967 ns, Total: 194662 ns
[2020-12-03T01:15:55.384+0000][68452][safepoint   ] Safepoint "Cleanup", Time since last: 7010814365 ns, Reaching safepoint: 74136 ns, At safepoint: 34987 ns, Total: 109123 ns
[2020-12-03T01:16:23.474+0000][68452][safepoint   ] Safepoint "Cleanup", Time since last: 28089600322 ns, Reaching safepoint: 237343 ns, At safepoint: 86424 ns, Total: 323767 ns
[2020-12-03T01:17:19.626+0000][68452][safepoint   ] Safepoint "Cleanup", Time since last: 56151636634 ns, Reaching safepoint: 226157 ns, At safepoint: 25603 ns, Total: 251760 ns
[2020-12-03T01:17:53.739+0000][68452][safepoint   ] Safepoint "Cleanup", Time since last: 34111589422 ns, Reaching safepoint: 177562 ns, At safepoint: 90403 ns, Total: 267965 ns
[2020-12-03T01:18:02.763+0000][68452][safepoint   ] Safepoint "Cleanup", Time since last: 9023816257 ns, Reaching safepoint: 202955 ns, At safepoint: 20813 ns, Total: 223768 ns
[2020-12-03T01:18:04.769+0000][68452][safepoint   ] Safepoint "Cleanup", Time since last: 2006170120 ns, Reaching safepoint: 122295 ns, At safepoint: 52975 ns, Total: 175270 ns
[2020-12-03T01:18:09.402+0000][68452][safepoint   ] Safepoint "Cleanup", Time since last: 4633213257 ns, Reaching safepoint: 70772 ns, At safepoint: 14522 ns, Total: 85294 ns
[2020-12-03T01:18:10.403+0000][68452][safepoint   ] Safepoint "Cleanup", Time since last: 1000173852 ns, Reaching safepoint: 161083 ns, At safepoint: 10642 ns, Total: 171725 ns
[2020-12-03T01:18:46.490+0000][68452][safepoint   ] Safepoint "Cleanup", Time since last: 36091050648 ns, Reaching safepoint: 160213 ns, At safepoint: 34925 ns, Total: 195138 ns
[2020-12-03T01:19:00.529+0000][68452][safepoint   ] Safepoint "Cleanup", Time since last: 14038348982 ns, Reaching safepoint: 84304 ns, At safepoint: 3504 ns, Total: 87808 ns
[2020-12-03T01:19:14.568+0000][68452][safepoint   ] Safepoint "Cleanup", Time since last: 14039840219 ns, Reaching safepoint: 106299 ns, At safepoint: 6503 ns, Total: 112802 ns
[2020-12-03T01:19:38.618+0000][68452][safepoint   ] Safepoint "Cleanup", Time since last: 24049519037 ns, Reaching safepoint: 121756 ns, At safepoint: 45503 ns, Total: 167259 ns
[2020-12-03T01:19:43.202+0000][68452][safepoint   ] Safepoint "Cleanup", Time since last: 4582161118 ns, Reaching safepoint: 1168745 ns, At safepoint: 28592 ns, Total: 1197337 ns
[2020-12-03T01:19:44.218+0000][68452][safepoint   ] Safepoint "Cleanup", Time since last: 1016405816 ns, Reaching safepoint: 98113 ns, At safepoint: 7004 ns, Total: 105117 ns
[2020-12-03T01:19:46.221+0000][68452][safepoint   ] Safepoint "Cleanup", Time since last: 2002095891 ns, Reaching safepoint: 217808 ns, At safepoint: 32369 ns, Total: 250177 ns
[2020-12-03T01:19:47.222+0000][68452][safepoint   ] Safepoint "Cleanup", Time since last: 1000799741 ns, Reaching safepoint: 183949 ns, At safepoint: 67018 ns, Total: 250967 ns
[2020-12-03T01:19:58.245+0000][68452][safepoint   ] Safepoint "Cleanup", Time since last: 11022896217 ns, Reaching safepoint: 117294 ns, At safepoint: 79999 ns, Total: 197293 ns
[2020-12-03T01:20:54.414+0000][68452][safepoint   ] Safepoint "Cleanup", Time since last: 56168349298 ns, Reaching safepoint: 102961 ns, At safepoint: 11571 ns, Total: 114532 ns
[2020-12-03T01:20:55.415+0000][68452][safepoint   ] Safepoint "Cleanup", Time since last: 1000852467 ns, Reaching safepoint: 72148 ns, At safepoint: 6065 ns, Total: 78213 ns
[2020-12-03T01:20:57.418+0000][68452][safepoint   ] Safepoint "Cleanup", Time since last: 2003448323 ns, Reaching safepoint: 150211 ns, At safepoint: 21358 ns, Total: 171569 ns
[2020-12-03T01:21:44.569+0000][68452][safepoint   ] Safepoint "Cleanup", Time since last: 47150242131 ns, Reaching safepoint: 187969 ns, At safepoint: 29605 ns, Total: 217574 ns
[2020-12-03T01:21:51.590+0000][68452][safepoint   ] Safepoint "Cleanup", Time since last: 7020264402 ns, Reaching safepoint: 168444 ns, At safepoint: 25712 ns, Total: 194156 ns
[2020-12-03T01:21:54.597+0000][68452][safepoint   ] Safepoint "Cleanup", Time since last: 3006798139 ns, Reaching safepoint: 167155 ns, At safepoint: 20657 ns, Total: 187812 ns
[2020-12-03T01:21:57.610+0000][68452][safepoint   ] Safepoint "Cleanup", Time since last: 3012564526 ns, Reaching safepoint: 149317 ns, At safepoint: 72854 ns, Total: 222171 ns
[2020-12-03T01:22:27.697+0000][68452][safepoint   ] Safepoint "Cleanup", Time since last: 30086924374 ns, Reaching safepoint: 149979 ns, At safepoint: 59282 ns, Total: 209261 ns
[2020-12-03T01:23:34.105+0000][68452][safepoint   ] Safepoint "Cleanup", Time since last: 66406664085 ns, Reaching safepoint: 178291 ns, At safepoint: 46152 ns, Total: 224443 ns
[2020-12-03T01:24:05.101+0000][68452][gc,start    ] GC(9) Pause Young (Normal) (G1 Evacuation Pause)
[2020-12-03T01:24:05.102+0000][68452][gc,task     ] GC(9) Using 13 workers of 13 for evacuation
[2020-12-03T01:24:05.102+0000][68452][gc,age      ] GC(9) Desired survivor size 40370176 bytes, new threshold 2 (max threshold 15)
[2020-12-03T01:24:05.135+0000][68452][gc,age      ] GC(9) Age table with threshold 2 (max threshold 15)
[2020-12-03T01:24:05.135+0000][68452][gc,age      ] GC(9) - age   1:   12902808 bytes,   12902808 total
[2020-12-03T01:24:05.135+0000][68452][gc,age      ] GC(9) - age   2:   10901952 bytes,   23804760 total
[2020-12-03T01:24:05.135+0000][68452][gc,phases   ] GC(9)   Pre Evacuate Collection Set: 0.2ms
[2020-12-03T01:24:05.135+0000][68452][gc,phases   ] GC(9)   Merge Heap Roots: 0.2ms
[2020-12-03T01:24:05.135+0000][68452][gc,phases   ] GC(9)   Evacuate Collection Set: 30.5ms
[2020-12-03T01:24:05.135+0000][68452][gc,phases   ] GC(9)   Post Evacuate Collection Set: 2.1ms
[2020-12-03T01:24:05.135+0000][68452][gc,phases   ] GC(9)   Other: 1.1ms
[2020-12-03T01:24:05.135+0000][68452][gc,heap     ] GC(9) Eden regions: 567->0(587)
[2020-12-03T01:24:05.135+0000][68452][gc,heap     ] GC(9) Survivor regions: 47->27(77)
[2020-12-03T01:24:05.135+0000][68452][gc,heap     ] GC(9) Old regions: 15->48
[2020-12-03T01:24:05.135+0000][68452][gc,heap     ] GC(9) Archive regions: 2->2
[2020-12-03T01:24:05.135+0000][68452][gc,heap     ] GC(9) Humongous regions: 7->7
[2020-12-03T01:24:05.135+0000][68452][gc,metaspace] GC(9) Metaspace: 91392K(96304K)->91392K(96304K) NonClass: 79094K(82864K)->79094K(82864K) Class: 12298K(13440K)->12298K(13440K)
[2020-12-03T01:24:05.135+0000][68452][gc          ] GC(9) Pause Young (Normal) (G1 Evacuation Pause) 635M->81M(1024M) 34.165ms
[2020-12-03T01:24:05.135+0000][68452][gc,cpu      ] GC(9) User=0.21s Sys=0.08s Real=0.03s
[2020-12-03T01:24:05.135+0000][68452][safepoint   ] Safepoint "G1CollectForAllocation", Time since last: 30995710865 ns, Reaching safepoint: 110934 ns, At safepoint: 34279202 ns, Total: 34390136 ns
[2020-12-03T01:24:43.262+0000][68452][safepoint   ] Safepoint "Cleanup", Time since last: 38126304985 ns, Reaching safepoint: 205247 ns, At safepoint: 9940 ns, Total: 215187 ns
[2020-12-03T01:25:10.343+0000][68452][safepoint   ] Safepoint "Cleanup", Time since last: 27080589054 ns, Reaching safepoint: 182675 ns, At safepoint: 36234 ns, Total: 218909 ns
[2020-12-03T01:25:57.494+0000][68452][safepoint   ] Safepoint "Cleanup", Time since last: 47150331684 ns, Reaching safepoint: 183351 ns, At safepoint: 52492 ns, Total: 235843 ns
[2020-12-03T01:26:21.313+0000][68452][safepoint   ] Safepoint "Cleanup", Time since last: 23817579520 ns, Reaching safepoint: 224804 ns, At safepoint: 27141 ns, Total: 251945 ns
[2020-12-03T01:26:37.363+0000][68452][safepoint   ] Safepoint "Cleanup", Time since last: 16050410949 ns, Reaching safepoint: 174191 ns, At safepoint: 16015 ns, Total: 190206 ns
[2020-12-03T01:26:45.392+0000][68452][safepoint   ] Safepoint "Cleanup", Time since last: 8028762002 ns, Reaching safepoint: 178864 ns, At safepoint: 26896 ns, Total: 205760 ns
[2020-12-03T01:26:57.435+0000][68452][safepoint   ] Safepoint "Cleanup", Time since last: 12042151845 ns, Reaching safepoint: 200883 ns, At safepoint: 35975 ns, Total: 236858 ns
[2020-12-03T01:28:51.812+0000][68452][safepoint   ] Safepoint "Cleanup", Time since last: 114375439595 ns, Reaching safepoint: 196395 ns, At safepoint: 20758 ns, Total: 217153 ns
[2020-12-03T01:28:57.838+0000][68452][safepoint   ] Safepoint "Cleanup", Time since last: 6025418289 ns, Reaching safepoint: 182402 ns, At safepoint: 27403 ns, Total: 209805 ns
[2020-12-03T01:29:42.965+0000][68452][safepoint   ] Safepoint "Cleanup", Time since last: 45127323150 ns, Reaching safepoint: 86058 ns, At safepoint: 30312 ns, Total: 116370 ns
[2020-12-03T01:29:56.008+0000][68452][safepoint   ] Safepoint "Cleanup", Time since last: 13042620482 ns, Reaching safepoint: 104932 ns, At safepoint: 14781 ns, Total: 119713 ns
[2020-12-03T01:29:58.018+0000][68452][safepoint   ] Safepoint "Cleanup", Time since last: 2009572909 ns, Reaching safepoint: 162207 ns, At safepoint: 79561 ns, Total: 241768 ns
[2020-12-03T01:30:00.019+0000][68452][safepoint   ] Safepoint "Cleanup", Time since last: 2000805207 ns, Reaching safepoint: 87754 ns, At safepoint: 11947 ns, Total: 99701 ns
[2020-12-03T01:30:01.021+0000][68452][safepoint   ] Safepoint "Cleanup", Time since last: 1001785751 ns, Reaching safepoint: 106564 ns, At safepoint: 71938 ns, Total: 178502 ns
[2020-12-03T01:30:12.050+0000][68452][safepoint   ] Safepoint "Cleanup", Time since last: 11029015020 ns, Reaching safepoint: 103941 ns, At safepoint: 10257 ns, Total: 114198 ns
[2020-12-03T01:30:16.065+0000][68452][safepoint   ] Safepoint "Cleanup", Time since last: 4014519952 ns, Reaching safepoint: 214220 ns, At safepoint: 74297 ns, Total: 288517 ns
[2020-12-03T01:30:22.074+0000][68452][safepoint   ] Safepoint "Cleanup", Time since last: 6008680677 ns, Reaching safepoint: 169248 ns, At safepoint: 7640 ns, Total: 176888 ns
[2020-12-03T01:30:28.091+0000][68452][safepoint   ] Safepoint "Cleanup", Time since last: 6016281059 ns, Reaching safepoint: 78492 ns, At safepoint: 10803 ns, Total: 89295 ns
[2020-12-03T01:31:09.218+0000][68452][safepoint   ] Safepoint "Cleanup", Time since last: 41126464362 ns, Reaching safepoint: 215539 ns, At safepoint: 25142 ns, Total: 240681 ns
[2020-12-03T01:31:53.347+0000][68452][safepoint   ] Safepoint "Cleanup", Time since last: 44128984899 ns, Reaching safepoint: 180953 ns, At safepoint: 18639 ns, Total: 199592 ns
[2020-12-03T01:33:27.605+0000][68452][safepoint   ] Safepoint "Cleanup", Time since last: 94256429081 ns, Reaching safepoint: 201342 ns, At safepoint: 26938 ns, Total: 228280 ns
[2020-12-03T01:34:06.740+0000][68452][safepoint   ] Safepoint "Cleanup", Time since last: 39134446412 ns, Reaching safepoint: 195097 ns, At safepoint: 37141 ns, Total: 232238 ns
[2020-12-03T01:35:27.995+0000][68452][safepoint   ] Safepoint "Cleanup", Time since last: 81253313498 ns, Reaching safepoint: 218402 ns, At safepoint: 34373 ns, Total: 252775 ns
[2020-12-03T01:35:34.014+0000][68452][safepoint   ] Safepoint "Cleanup", Time since last: 6018829973 ns, Reaching safepoint: 124691 ns, At safepoint: 14727 ns, Total: 139418 ns
[2020-12-03T01:35:48.059+0000][68452][safepoint   ] Safepoint "Cleanup", Time since last: 14045337201 ns, Reaching safepoint: 110739 ns, At safepoint: 14043 ns, Total: 124782 ns
[2020-12-03T01:35:54.073+0000][68452][safepoint   ] Safepoint "Cleanup", Time since last: 6013294956 ns, Reaching safepoint: 91310 ns, At safepoint: 23386 ns, Total: 114696 ns
[2020-12-03T01:35:58.085+0000][68452][safepoint   ] Safepoint "Cleanup", Time since last: 4011703941 ns, Reaching safepoint: 59346 ns, At safepoint: 27419 ns, Total: 86765 ns
[2020-12-03T01:37:57.471+0000][68452][safepoint   ] Safepoint "Cleanup", Time since last: 119385296456 ns, Reaching safepoint: 214250 ns, At safepoint: 71795 ns, Total: 286045 ns
[2020-12-03T01:38:57.647+0000][68452][safepoint   ] Safepoint "Cleanup", Time since last: 60174214090 ns, Reaching safepoint: 214340 ns, At safepoint: 11579 ns, Total: 225919 ns
[2020-12-03T01:39:04.671+0000][68452][safepoint   ] Safepoint "Cleanup", Time since last: 7023818495 ns, Reaching safepoint: 191201 ns, At safepoint: 37988 ns, Total: 229189 ns
[2020-12-03T01:39:57.832+0000][68452][safepoint   ] Safepoint "Cleanup", Time since last: 53160433088 ns, Reaching safepoint: 157650 ns, At safepoint: 29471 ns, Total: 187121 ns
[2020-12-03T01:42:32.324+0000][68452][safepoint   ] Safepoint "Cleanup", Time since last: 154488191386 ns, Reaching safepoint: 2437024 ns, At safepoint: 42134 ns, Total: 2479158 ns
[2020-12-03T01:42:38.337+0000][68452][safepoint   ] Safepoint "Cleanup", Time since last: 6012292040 ns, Reaching safepoint: 175190 ns, At safepoint: 78129 ns, Total: 253319 ns
[2020-12-03T01:44:50.750+0000][68452][safepoint   ] Safepoint "Cleanup", Time since last: 132411932571 ns, Reaching safepoint: 159679 ns, At safepoint: 12330 ns, Total: 172009 ns
[2020-12-03T01:44:58.772+0000][68452][safepoint   ] Safepoint "Cleanup", Time since last: 8021598045 ns, Reaching safepoint: 191248 ns, At safepoint: 21383 ns, Total: 212631 ns
[2020-12-03T01:46:20.095+0000][68452][safepoint   ] Safepoint "Cleanup", Time since last: 81321561060 ns, Reaching safepoint: 312497 ns, At safepoint: 29374 ns, Total: 341871 ns
[2020-12-03T01:46:28.142+0000][68452][safepoint   ] Safepoint "Cleanup", Time since last: 8047149420 ns, Reaching safepoint: 85367 ns, At safepoint: 31831 ns, Total: 117198 ns
[2020-12-03T01:47:32.509+0000][68452][safepoint   ] Safepoint "Cleanup", Time since last: 64365469717 ns, Reaching safepoint: 198844 ns, At safepoint: 8883 ns, Total: 207727 ns
[2020-12-03T01:49:18.242+0000][68452][safepoint   ] Safepoint "Cleanup", Time since last: 105731777469 ns, Reaching safepoint: 113347 ns, At safepoint: 16447 ns, Total: 129794 ns
[2020-12-03T01:50:33.725+0000][68452][safepoint   ] Safepoint "Cleanup", Time since last: 75482117616 ns, Reaching safepoint: 190900 ns, At safepoint: 10284 ns, Total: 201184 ns
[2020-12-03T01:54:43.335+0000][68452][safepoint   ] Safepoint "Cleanup", Time since last: 249614534807 ns, Reaching safepoint: 106847 ns, At safepoint: 76283 ns, Total: 183130 ns
[2020-12-03T01:57:06.684+0000][68452][safepoint   ] Safepoint "Cleanup", Time since last: 141995517757 ns, Reaching safepoint: 257519 ns, At safepoint: 39025 ns, Total: 296544 ns
[2020-12-03T01:57:07.695+0000][68452][safepoint   ] Safepoint "Cleanup", Time since last: 1010905001 ns, Reaching safepoint: 278445 ns, At safepoint: 67462 ns, Total: 345907 ns
[2020-12-03T01:59:36.969+0000][68452][safepoint   ] Safepoint "Cleanup", Time since last: 51686034380 ns, Reaching safepoint: 80046 ns, At safepoint: 49253 ns, Total: 129299 ns
[2020-12-03T02:01:07.273+0000][68452][safepoint   ] Safepoint "Cleanup", Time since last: 90302467054 ns, Reaching safepoint: 166633 ns, At safepoint: 65758 ns, Total: 232391 ns
[2020-12-03T02:03:49.361+0000][68452][gc,start    ] GC(10) Pause Young (Normal) (G1 Evacuation Pause)
[2020-12-03T02:03:49.362+0000][68452][gc,task     ] GC(10) Using 13 workers of 13 for evacuation
[2020-12-03T02:03:49.365+0000][68452][gc,age      ] GC(10) Desired survivor size 40370176 bytes, new threshold 15 (max threshold 15)
[2020-12-03T02:03:49.426+0000][68452][gc,age      ] GC(10) Age table with threshold 15 (max threshold 15)
[2020-12-03T02:03:49.426+0000][68452][gc,age      ] GC(10) - age   1:      75736 bytes,      75736 total
[2020-12-03T02:03:49.426+0000][68452][gc,age      ] GC(10) - age   2:   12607864 bytes,   12683600 total
[2020-12-03T02:03:49.426+0000][68452][gc,age      ] GC(10) - age   3:   10901952 bytes,   23585552 total
[2020-12-03T02:03:49.426+0000][68452][gc,phases   ] GC(10)   Pre Evacuate Collection Set: 5.3ms
[2020-12-03T02:03:49.426+0000][68452][gc,phases   ] GC(10)   Merge Heap Roots: 3.9ms
[2020-12-03T02:03:49.426+0000][68452][gc,phases   ] GC(10)   Evacuate Collection Set: 50.1ms
[2020-12-03T02:03:49.426+0000][68452][gc,phases   ] GC(10)   Post Evacuate Collection Set: 2.5ms
[2020-12-03T02:03:49.426+0000][68452][gc,phases   ] GC(10)   Other: 3.6ms
[2020-12-03T02:03:49.426+0000][68452][gc,heap     ] GC(10) Eden regions: 587->0(589)
[2020-12-03T02:03:49.426+0000][68452][gc,heap     ] GC(10) Survivor regions: 27->25(77)
[2020-12-03T02:03:49.426+0000][68452][gc,heap     ] GC(10) Old regions: 48->48
[2020-12-03T02:03:49.426+0000][68452][gc,heap     ] GC(10) Archive regions: 2->2
[2020-12-03T02:03:49.426+0000][68452][gc,heap     ] GC(10) Humongous regions: 7->7
[2020-12-03T02:03:49.426+0000][68452][gc,metaspace] GC(10) Metaspace: 91579K(96560K)->91579K(96560K) NonClass: 79270K(83120K)->79270K(83120K) Class: 12308K(13440K)->12308K(13440K)
[2020-12-03T02:03:49.426+0000][68452][gc          ] GC(10) Pause Young (Normal) (G1 Evacuation Pause) 668M->79M(1024M) 64.675ms
[2020-12-03T02:03:49.426+0000][68452][gc,cpu      ] GC(10) User=0.11s Sys=0.25s Real=0.06s
[2020-12-03T02:03:49.426+0000][68452][safepoint   ] Safepoint "G1CollectForAllocation", Time since last: 162081543589 ns, Reaching safepoint: 3280964 ns, At safepoint: 65481870 ns, Total: 68762834 ns
[2020-12-03T02:13:36.685+0000][68452][safepoint   ] Safepoint "Cleanup", Time since last: 587248956857 ns, Reaching safepoint: 2506275 ns, At safepoint: 41681 ns, Total: 2547956 ns
[2020-12-03T02:17:07.424+0000][68452][safepoint   ] Safepoint "Cleanup", Time since last: 210735990752 ns, Reaching safepoint: 153493 ns, At safepoint: 60049 ns, Total: 213542 ns
[2020-12-03T02:18:04.619+0000][68452][safepoint   ] Safepoint "Cleanup", Time since last: 57194037365 ns, Reaching safepoint: 87575 ns, At safepoint: 8409 ns, Total: 95984 ns
[2020-12-03T02:18:07.629+0000][68452][safepoint   ] Safepoint "Cleanup", Time since last: 3009248212 ns, Reaching safepoint: 93116 ns, At safepoint: 11480 ns, Total: 104596 ns
[2020-12-03T02:19:07.835+0000][68452][safepoint   ] Safepoint "Cleanup", Time since last: 60205426315 ns, Reaching safepoint: 190723 ns, At safepoint: 75232 ns, Total: 265955 ns
[2020-12-03T02:21:37.342+0000][68452][safepoint   ] Safepoint "Cleanup", Time since last: 149503897003 ns, Reaching safepoint: 509339 ns, At safepoint: 28721 ns, Total: 538060 ns
[2020-12-03T02:27:07.800+0000][68452][safepoint   ] Safepoint "Cleanup", Time since last: 330454098844 ns, Reaching safepoint: 180632 ns, At safepoint: 19075 ns, Total: 199707 ns
[2020-12-03T02:28:23.255+0000][68452][safepoint   ] Safepoint "Cleanup", Time since last: 75453627343 ns, Reaching safepoint: 249278 ns, At safepoint: 25600 ns, Total: 274878 ns
[2020-12-03T02:28:36.353+0000][68452][safepoint   ] Safepoint "Cleanup", Time since last: 13097762572 ns, Reaching safepoint: 198785 ns, At safepoint: 21332 ns, Total: 220117 ns
[2020-12-03T02:29:37.745+0000][68452][safepoint   ] Safepoint "Cleanup", Time since last: 61390145832 ns, Reaching safepoint: 110341 ns, At safepoint: 7570 ns, Total: 117911 ns
[2020-12-03T02:34:37.643+0000][68452][safepoint   ] Safepoint "Cleanup", Time since last: 299894388550 ns, Reaching safepoint: 108486 ns, At safepoint: 13320 ns, Total: 121806 ns
[2020-12-03T02:41:49.509+0000][68452][gc,start    ] GC(11) Pause Young (Normal) (G1 Evacuation Pause)
[2020-12-03T02:41:49.509+0000][68452][gc,task     ] GC(11) Using 13 workers of 13 for evacuation
[2020-12-03T02:41:49.510+0000][68452][gc,age      ] GC(11) Desired survivor size 40370176 bytes, new threshold 15 (max threshold 15)
[2020-12-03T02:41:49.674+0000][68452][gc,age      ] GC(11) Age table with threshold 15 (max threshold 15)
[2020-12-03T02:41:49.674+0000][68452][gc,age      ] GC(11) - age   1:      11440 bytes,      11440 total
[2020-12-03T02:41:49.674+0000][68452][gc,age      ] GC(11) - age   2:      64656 bytes,      76096 total
[2020-12-03T02:41:49.674+0000][68452][gc,age      ] GC(11) - age   3:   10904528 bytes,   10980624 total
[2020-12-03T02:41:49.675+0000][68452][gc,age      ] GC(11) - age   4:   10400456 bytes,   21381080 total
[2020-12-03T02:41:49.675+0000][68452][gc,phases   ] GC(11)   Pre Evacuate Collection Set: 4.0ms
[2020-12-03T02:41:49.675+0000][68452][gc,phases   ] GC(11)   Merge Heap Roots: 3.0ms
[2020-12-03T02:41:49.675+0000][68452][gc,phases   ] GC(11)   Evacuate Collection Set: 151.8ms
[2020-12-03T02:41:49.675+0000][68452][gc,phases   ] GC(11)   Post Evacuate Collection Set: 4.5ms
[2020-12-03T02:41:49.675+0000][68452][gc,phases   ] GC(11)   Other: 2.6ms
[2020-12-03T02:41:49.675+0000][68452][gc,heap     ] GC(11) Eden regions: 589->0(591)
[2020-12-03T02:41:49.675+0000][68452][gc,heap     ] GC(11) Survivor regions: 25->23(77)
[2020-12-03T02:41:49.675+0000][68452][gc,heap     ] GC(11) Old regions: 48->48
[2020-12-03T02:41:49.675+0000][68452][gc,heap     ] GC(11) Archive regions: 2->2
[2020-12-03T02:41:49.675+0000][68452][gc,heap     ] GC(11) Humongous regions: 7->7
[2020-12-03T02:41:49.675+0000][68452][gc,metaspace] GC(11) Metaspace: 91645K(96560K)->91645K(96560K) NonClass: 79336K(83120K)->79336K(83120K) Class: 12308K(13440K)->12308K(13440K)
[2020-12-03T02:41:49.675+0000][68452][gc          ] GC(11) Pause Young (Normal) (G1 Evacuation Pause) 668M->77M(1024M) 165.937ms
[2020-12-03T02:41:49.675+0000][68452][gc,cpu      ] GC(11) User=0.13s Sys=0.67s Real=0.17s
[2020-12-03T02:41:49.675+0000][68452][safepoint   ] Safepoint "G1CollectForAllocation", Time since last: 431868281404 ns, Reaching safepoint: 831866 ns, At safepoint: 166146438 ns, Total: 166978304 ns
[2020-12-03T02:41:50.680+0000][68452][safepoint   ] Safepoint "Cleanup", Time since last: 1004766753 ns, Reaching safepoint: 76213 ns, At safepoint: 44703 ns, Total: 120916 ns
[2020-12-03T02:43:37.082+0000][68452][safepoint   ] Safepoint "Cleanup", Time since last: 106400586083 ns, Reaching safepoint: 213529 ns, At safepoint: 44493 ns, Total: 258022 ns
[2020-12-03T02:46:15.635+0000][68452][safepoint   ] Safepoint "Cleanup", Time since last: 158550015608 ns, Reaching safepoint: 89392 ns, At safepoint: 26724 ns, Total: 116116 ns
[2020-12-03T02:53:38.181+0000][68452][safepoint   ] Safepoint "Cleanup", Time since last: 442538000216 ns, Reaching safepoint: 713216 ns, At safepoint: 59707 ns, Total: 772923 ns
[2020-12-03T02:58:37.231+0000][68452][safepoint   ] Safepoint "Cleanup", Time since last: 299044716557 ns, Reaching safepoint: 129793 ns, At safepoint: 50075 ns, Total: 179868 ns
[2020-12-03T02:59:34.446+0000][68452][safepoint   ] Safepoint "Cleanup", Time since last: 57213802351 ns, Reaching safepoint: 165548 ns, At safepoint: 15795 ns, Total: 181343 ns
[2020-12-03T03:00:05.558+0000][68452][safepoint   ] Safepoint "Cleanup", Time since last: 31111129019 ns, Reaching safepoint: 203108 ns, At safepoint: 21239 ns, Total: 224347 ns
[2020-12-03T03:01:37.890+0000][68452][safepoint   ] Safepoint "Cleanup", Time since last: 92330216072 ns, Reaching safepoint: 137648 ns, At safepoint: 17062 ns, Total: 154710 ns
[2020-12-03T03:03:16.221+0000][68452][safepoint   ] Safepoint "Cleanup", Time since last: 98329146477 ns, Reaching safepoint: 145156 ns, At safepoint: 58249 ns, Total: 203405 ns
[2020-12-03T03:03:34.292+0000][68452][safepoint   ] Safepoint "Cleanup", Time since last: 18070006978 ns, Reaching safepoint: 96246 ns, At safepoint: 51708 ns, Total: 147954 ns
[2020-12-03T03:04:08.413+0000][68452][safepoint   ] Safepoint "Cleanup", Time since last: 34120209559 ns, Reaching safepoint: 149579 ns, At safepoint: 96851 ns, Total: 246430 ns
[2020-12-03T03:04:37.517+0000][68452][safepoint   ] Safepoint "Cleanup", Time since last: 29104120633 ns, Reaching safepoint: 130665 ns, At safepoint: 16010 ns, Total: 146675 ns
[2020-12-03T03:08:08.248+0000][68452][safepoint   ] Safepoint "Cleanup", Time since last: 210726381015 ns, Reaching safepoint: 189477 ns, At safepoint: 42510 ns, Total: 231987 ns
[2020-12-03T03:09:08.458+0000][68452][safepoint   ] Safepoint "Cleanup", Time since last: 60208760093 ns, Reaching safepoint: 101266 ns, At safepoint: 37850 ns, Total: 139116 ns
[2020-12-03T03:11:37.975+0000][68452][safepoint   ] Safepoint "Cleanup", Time since last: 149514479582 ns, Reaching safepoint: 211495 ns, At safepoint: 33208 ns, Total: 244703 ns
[2020-12-03T03:13:36.415+0000][68452][safepoint   ] Safepoint "Cleanup", Time since last: 118437625949 ns, Reaching safepoint: 147714 ns, At safepoint: 16222 ns, Total: 163936 ns
[2020-12-03T03:16:07.965+0000][68452][safepoint   ] Safepoint "Cleanup", Time since last: 151567292067 ns, Reaching safepoint: 163629 ns, At safepoint: 62964 ns, Total: 226593 ns
[2020-12-03T03:20:03.894+0000][68452][gc,start    ] GC(12) Pause Young (Normal) (G1 Evacuation Pause)
[2020-12-03T03:20:03.895+0000][68452][gc,task     ] GC(12) Using 13 workers of 13 for evacuation
[2020-12-03T03:20:03.896+0000][68452][gc,age      ] GC(12) Desired survivor size 40370176 bytes, new threshold 15 (max threshold 15)
[2020-12-03T03:20:04.004+0000][68452][gc,age      ] GC(12) Age table with threshold 15 (max threshold 15)
[2020-12-03T03:20:04.004+0000][68452][gc,age      ] GC(12) - age   1:      12480 bytes,      12480 total
[2020-12-03T03:20:04.004+0000][68452][gc,age      ] GC(12) - age   2:       2560 bytes,      15040 total
[2020-12-03T03:20:04.004+0000][68452][gc,age      ] GC(12) - age   3:      64288 bytes,      79328 total
[2020-12-03T03:20:04.004+0000][68452][gc,age      ] GC(12) - age   4:   10904040 bytes,   10983368 total
[2020-12-03T03:20:04.004+0000][68452][gc,age      ] GC(12) - age   5:   10400456 bytes,   21383824 total
[2020-12-03T03:20:04.004+0000][68452][gc,phases   ] GC(12)   Pre Evacuate Collection Set: 1.0ms
[2020-12-03T03:20:04.004+0000][68452][gc,phases   ] GC(12)   Merge Heap Roots: 1.2ms
[2020-12-03T03:20:04.004+0000][68452][gc,phases   ] GC(12)   Evacuate Collection Set: 102.7ms
[2020-12-03T03:20:04.004+0000][68452][gc,phases   ] GC(12)   Post Evacuate Collection Set: 3.1ms
[2020-12-03T03:20:04.004+0000][68452][gc,phases   ] GC(12)   Other: 1.5ms
[2020-12-03T03:20:04.004+0000][68452][gc,heap     ] GC(12) Eden regions: 591->0(591)
[2020-12-03T03:20:04.004+0000][68452][gc,heap     ] GC(12) Survivor regions: 23->23(77)
[2020-12-03T03:20:04.004+0000][68452][gc,heap     ] GC(12) Old regions: 48->48
[2020-12-03T03:20:04.004+0000][68452][gc,heap     ] GC(12) Archive regions: 2->2
[2020-12-03T03:20:04.004+0000][68452][gc,heap     ] GC(12) Humongous regions: 7->7
[2020-12-03T03:20:04.004+0000][68452][gc,metaspace] GC(12) Metaspace: 91712K(96560K)->91712K(96560K) NonClass: 79401K(83120K)->79401K(83120K) Class: 12310K(13440K)->12310K(13440K)
[2020-12-03T03:20:04.004+0000][68452][gc          ] GC(12) Pause Young (Normal) (G1 Evacuation Pause) 668M->77M(1024M) 109.490ms
[2020-12-03T03:20:04.004+0000][68452][gc,cpu      ] GC(12) User=0.11s Sys=0.54s Real=0.11s
[2020-12-03T03:20:04.004+0000][68452][safepoint   ] Safepoint "G1CollectForAllocation", Time since last: 235924262818 ns, Reaching safepoint: 221767 ns, At safepoint: 109684924 ns, Total: 109906691 ns
[2020-12-03T03:20:08.021+0000][68452][safepoint   ] Safepoint "Cleanup", Time since last: 4016754681 ns, Reaching safepoint: 159344 ns, At safepoint: 69523 ns, Total: 228867 ns
[2020-12-03T03:22:08.468+0000][68452][safepoint   ] Safepoint "Cleanup", Time since last: 120444333982 ns, Reaching safepoint: 106501 ns, At safepoint: 10502 ns, Total: 117003 ns
[2020-12-03T03:26:29.764+0000][68452][safepoint   ] Safepoint "Cleanup", Time since last: 261290747964 ns, Reaching safepoint: 137790 ns, At safepoint: 54101 ns, Total: 191891 ns
[2020-12-03T03:26:37.796+0000][68452][safepoint   ] Safepoint "Cleanup", Time since last: 8031940578 ns, Reaching safepoint: 132123 ns, At safepoint: 48184 ns, Total: 180307 ns
[2020-12-03T03:28:37.218+0000][68452][safepoint   ] Safepoint "Cleanup", Time since last: 119419495994 ns, Reaching safepoint: 132790 ns, At safepoint: 53126 ns, Total: 185916 ns
[2020-12-03T03:40:37.977+0000][68452][safepoint   ] Safepoint "Cleanup", Time since last: 720744150658 ns, Reaching safepoint: 87719 ns, At safepoint: 54097 ns, Total: 141816 ns
[2020-12-03T03:43:41.653+0000][68452][safepoint   ] Safepoint "Cleanup", Time since last: 183675242980 ns, Reaching safepoint: 149345 ns, At safepoint: 37572 ns, Total: 186917 ns
[2020-12-03T03:47:46.497+0000][68452][safepoint   ] Safepoint "Cleanup", Time since last: 244838156079 ns, Reaching safepoint: 100287 ns, At safepoint: 51621 ns, Total: 151908 ns
[2020-12-03T03:51:46.316+0000][68452][safepoint   ] Safepoint "Cleanup", Time since last: 239812338658 ns, Reaching safepoint: 137148 ns, At safepoint: 66968 ns, Total: 204116 ns
[2020-12-03T03:58:17.030+0000][68452][gc,start    ] GC(13) Pause Young (Normal) (G1 Evacuation Pause)
[2020-12-03T03:58:17.030+0000][68452][gc,task     ] GC(13) Using 13 workers of 13 for evacuation
[2020-12-03T03:58:17.030+0000][68452][gc,age      ] GC(13) Desired survivor size 40370176 bytes, new threshold 15 (max threshold 15)
[2020-12-03T03:58:17.041+0000][68452][gc,age      ] GC(13) Age table with threshold 15 (max threshold 15)
[2020-12-03T03:58:17.042+0000][68452][gc,age      ] GC(13) - age   1:      11736 bytes,      11736 total
[2020-12-03T03:58:17.042+0000][68452][gc,age      ] GC(13) - age   2:       3528 bytes,      15264 total
[2020-12-03T03:58:17.042+0000][68452][gc,age      ] GC(13) - age   3:       2032 bytes,      17296 total
[2020-12-03T03:58:17.042+0000][68452][gc,age      ] GC(13) - age   4:      64288 bytes,      81584 total
[2020-12-03T03:58:17.042+0000][68452][gc,age      ] GC(13) - age   5:   10903512 bytes,   10985096 total
[2020-12-03T03:58:17.042+0000][68452][gc,age      ] GC(13) - age   6:   10400456 bytes,   21385552 total
[2020-12-03T03:58:17.042+0000][68452][gc,phases   ] GC(13)   Pre Evacuate Collection Set: 0.2ms
[2020-12-03T03:58:17.042+0000][68452][gc,phases   ] GC(13)   Merge Heap Roots: 0.1ms
[2020-12-03T03:58:17.042+0000][68452][gc,phases   ] GC(13)   Evacuate Collection Set: 9.5ms
[2020-12-03T03:58:17.042+0000][68452][gc,phases   ] GC(13)   Post Evacuate Collection Set: 1.3ms
[2020-12-03T03:58:17.042+0000][68452][gc,phases   ] GC(13)   Other: 0.8ms
[2020-12-03T03:58:17.042+0000][68452][gc,heap     ] GC(13) Eden regions: 591->0(591)
[2020-12-03T03:58:17.042+0000][68452][gc,heap     ] GC(13) Survivor regions: 23->23(77)
[2020-12-03T03:58:17.042+0000][68452][gc,heap     ] GC(13) Old regions: 48->48
[2020-12-03T03:58:17.042+0000][68452][gc,heap     ] GC(13) Archive regions: 2->2
[2020-12-03T03:58:17.042+0000][68452][gc,heap     ] GC(13) Humongous regions: 7->7
[2020-12-03T03:58:17.042+0000][68452][gc,metaspace] GC(13) Metaspace: 91754K(96560K)->91754K(96560K) NonClass: 79444K(83120K)->79444K(83120K) Class: 12310K(13440K)->12310K(13440K)
[2020-12-03T03:58:17.042+0000][68452][gc          ] GC(13) Pause Young (Normal) (G1 Evacuation Pause) 668M->77M(1024M) 12.075ms
[2020-12-03T03:58:17.042+0000][68452][gc,cpu      ] GC(13) User=0.09s Sys=0.01s Real=0.01s
[2020-12-03T03:58:17.043+0000][68452][safepoint   ] Safepoint "G1CollectForAllocation", Time since last: 390701470705 ns, Reaching safepoint: 2066336 ns, At safepoint: 12903945 ns, Total: 14970281 ns
[2020-12-03T04:13:37.105+0000][68452][safepoint   ] Safepoint "Cleanup", Time since last: 920056116425 ns, Reaching safepoint: 1151254 ns, At safepoint: 29061 ns, Total: 1180315 ns
[2020-12-03T09:05:51.774+0000][68452][safepoint   ] Safepoint "Cleanup", Time since last: 418551811211 ns, Reaching safepoint: 269737 ns, At safepoint: 20059 ns, Total: 289796 ns
[2020-12-03T09:06:51.954+0000][68452][safepoint   ] Safepoint "Cleanup", Time since last: 60177689375 ns, Reaching safepoint: 2459001 ns, At safepoint: 55788 ns, Total: 2514789 ns
[2020-12-03T09:09:52.446+0000][68452][safepoint   ] Safepoint "Cleanup", Time since last: 180489921074 ns, Reaching safepoint: 194920 ns, At safepoint: 28648 ns, Total: 223568 ns
[2020-12-03T09:10:51.623+0000][68452][safepoint   ] Safepoint "Cleanup", Time since last: 59174021973 ns, Reaching safepoint: 2180821 ns, At safepoint: 56359 ns, Total: 2237180 ns
[2020-12-03T09:18:21.968+0000][68452][safepoint   ] Safepoint "Cleanup", Time since last: 450340401255 ns, Reaching safepoint: 771318 ns, At safepoint: 55627 ns, Total: 826945 ns
[2020-12-03T09:24:17.669+0000][68452][gc,start    ] GC(14) Pause Young (Normal) (G1 Evacuation Pause)
[2020-12-03T09:24:17.669+0000][68452][gc,task     ] GC(14) Using 13 workers of 13 for evacuation
[2020-12-03T09:24:17.672+0000][68452][gc,age      ] GC(14) Desired survivor size 40370176 bytes, new threshold 15 (max threshold 15)
[2020-12-03T09:24:17.792+0000][68452][gc,age      ] GC(14) Age table with threshold 15 (max threshold 15)
[2020-12-03T09:24:17.792+0000][68452][gc,age      ] GC(14) - age   1:      10168 bytes,      10168 total
[2020-12-03T09:24:17.792+0000][68452][gc,age      ] GC(14) - age   2:       2704 bytes,      12872 total
[2020-12-03T09:24:17.792+0000][68452][gc,age      ] GC(14) - age   3:       3120 bytes,      15992 total
[2020-12-03T09:24:17.792+0000][68452][gc,age      ] GC(14) - age   4:       2032 bytes,      18024 total
[2020-12-03T09:24:17.792+0000][68452][gc,age      ] GC(14) - age   5:      64288 bytes,      82312 total
[2020-12-03T09:24:17.792+0000][68452][gc,age      ] GC(14) - age   6:   10903472 bytes,   10985784 total
[2020-12-03T09:24:17.792+0000][68452][gc,age      ] GC(14) - age   7:   10400456 bytes,   21386240 total
[2020-12-03T09:24:17.792+0000][68452][gc,phases   ] GC(14)   Pre Evacuate Collection Set: 4.4ms
[2020-12-03T09:24:17.792+0000][68452][gc,phases   ] GC(14)   Merge Heap Roots: 2.9ms
[2020-12-03T09:24:17.792+0000][68452][gc,phases   ] GC(14)   Evacuate Collection Set: 103.3ms
[2020-12-03T09:24:17.792+0000][68452][gc,phases   ] GC(14)   Post Evacuate Collection Set: 6.7ms
[2020-12-03T09:24:17.793+0000][68452][gc,phases   ] GC(14)   Other: 8.7ms
[2020-12-03T09:24:17.793+0000][68452][gc,heap     ] GC(14) Eden regions: 591->0(591)
[2020-12-03T09:24:17.793+0000][68452][gc,heap     ] GC(14) Survivor regions: 23->23(77)
[2020-12-03T09:24:17.793+0000][68452][gc,heap     ] GC(14) Old regions: 48->48
[2020-12-03T09:24:17.793+0000][68452][gc,heap     ] GC(14) Archive regions: 2->2
[2020-12-03T09:24:17.793+0000][68452][gc,heap     ] GC(14) Humongous regions: 7->7
[2020-12-03T09:24:17.793+0000][68452][gc,metaspace] GC(14) Metaspace: 91829K(96816K)->91829K(96816K) NonClass: 79518K(83376K)->79518K(83376K) Class: 12310K(13440K)->12310K(13440K)
[2020-12-03T09:24:17.793+0000][68452][gc          ] GC(14) Pause Young (Normal) (G1 Evacuation Pause) 668M->77M(1024M) 124.136ms
[2020-12-03T09:24:17.793+0000][68452][gc,cpu      ] GC(14) User=0.11s Sys=0.50s Real=0.13s
[2020-12-03T09:24:17.793+0000][68452][safepoint   ] Safepoint "G1CollectForAllocation", Time since last: 355689467455 ns, Reaching safepoint: 5916316 ns, At safepoint: 126714498 ns, Total: 132630814 ns
[2020-12-03T09:28:28.586+0000][68452][safepoint   ] Safepoint "Cleanup", Time since last: 250790604044 ns, Reaching safepoint: 195224 ns, At safepoint: 52578 ns, Total: 247802 ns
[2020-12-03T09:30:21.943+0000][68452][safepoint   ] Safepoint "Cleanup", Time since last: 113356444091 ns, Reaching safepoint: 88239 ns, At safepoint: 9215 ns, Total: 97454 ns
[2020-12-03T10:57:18.097+0000][68452][safepoint   ] Safepoint "Cleanup", Time since last: 969561740970 ns, Reaching safepoint: 2636836 ns, At safepoint: 20485 ns, Total: 2657321 ns
[2020-12-03T16:27:16.180+0000][68452][safepoint   ] Safepoint "Cleanup", Time since last: 162525985404 ns, Reaching safepoint: 2253079 ns, At safepoint: 63888 ns, Total: 2316967 ns
[2020-12-03T18:15:22.682+0000][68452][safepoint   ] Safepoint "Cleanup", Time since last: 68289731118 ns, Reaching safepoint: 1121215 ns, At safepoint: 12215 ns, Total: 1133430 ns
[2020-12-04T01:58:45.385+0000][68452][safepoint   ] Safepoint "Cleanup", Time since last: 157473678753 ns, Reaching safepoint: 10453890 ns, At safepoint: 30019 ns, Total: 10483909 ns
[2020-12-04T02:07:14.992+0000][68452][safepoint   ] Safepoint "Cleanup", Time since last: 509490213587 ns, Reaching safepoint: 105859 ns, At safepoint: 15602 ns, Total: 121461 ns
[2020-12-04T02:08:45.247+0000][68452][safepoint   ] Safepoint "Cleanup", Time since last: 90252892766 ns, Reaching safepoint: 821916 ns, At safepoint: 29208 ns, Total: 851124 ns
[2020-12-04T02:12:35.980+0000][68452][gc,start    ] GC(15) Pause Young (Normal) (G1 Evacuation Pause)
[2020-12-04T02:12:35.981+0000][68452][gc,task     ] GC(15) Using 13 workers of 13 for evacuation
[2020-12-04T02:12:35.984+0000][68452][gc,age      ] GC(15) Desired survivor size 40370176 bytes, new threshold 15 (max threshold 15)
[2020-12-04T02:12:36.091+0000][68452][gc,age      ] GC(15) Age table with threshold 15 (max threshold 15)
[2020-12-04T02:12:36.091+0000][68452][gc,age      ] GC(15) - age   1:       8352 bytes,       8352 total
[2020-12-04T02:12:36.091+0000][68452][gc,age      ] GC(15) - age   2:       2184 bytes,      10536 total
[2020-12-04T02:12:36.091+0000][68452][gc,age      ] GC(15) - age   3:       1760 bytes,      12296 total
[2020-12-04T02:12:36.091+0000][68452][gc,age      ] GC(15) - age   4:       2776 bytes,      15072 total
[2020-12-04T02:12:36.091+0000][68452][gc,age      ] GC(15) - age   5:       2032 bytes,      17104 total
[2020-12-04T02:12:36.091+0000][68452][gc,age      ] GC(15) - age   6:      64288 bytes,      81392 total
[2020-12-04T02:12:36.091+0000][68452][gc,age      ] GC(15) - age   7:   10589464 bytes,   10670856 total
[2020-12-04T02:12:36.091+0000][68452][gc,age      ] GC(15) - age   8:   10400456 bytes,   21071312 total
[2020-12-04T02:12:36.092+0000][68452][gc,phases   ] GC(15)   Pre Evacuate Collection Set: 2.8ms
[2020-12-04T02:12:36.092+0000][68452][gc,phases   ] GC(15)   Merge Heap Roots: 0.8ms
[2020-12-04T02:12:36.092+0000][68452][gc,phases   ] GC(15)   Evacuate Collection Set: 97.6ms
[2020-12-04T02:12:36.092+0000][68452][gc,phases   ] GC(15)   Post Evacuate Collection Set: 4.5ms
[2020-12-04T02:12:36.093+0000][68452][gc,phases   ] GC(15)   Other: 9.7ms
[2020-12-04T02:12:36.093+0000][68452][gc,heap     ] GC(15) Eden regions: 591->0(592)
[2020-12-04T02:12:36.093+0000][68452][gc,heap     ] GC(15) Survivor regions: 23->22(77)
[2020-12-04T02:12:36.093+0000][68452][gc,heap     ] GC(15) Old regions: 48->48
[2020-12-04T02:12:36.093+0000][68452][gc,heap     ] GC(15) Archive regions: 2->2
[2020-12-04T02:12:36.093+0000][68452][gc,heap     ] GC(15) Humongous regions: 7->7
[2020-12-04T02:12:36.093+0000][68452][gc,metaspace] GC(15) Metaspace: 91844K(96816K)->91844K(96816K) NonClass: 79534K(83376K)->79534K(83376K) Class: 12310K(13440K)->12310K(13440K)
[2020-12-04T02:12:36.093+0000][68452][gc          ] GC(15) Pause Young (Normal) (G1 Evacuation Pause) 668M->76M(1024M) 113.710ms
[2020-12-04T02:12:36.093+0000][68452][gc,cpu      ] GC(15) User=0.11s Sys=0.52s Real=0.11s
[2020-12-04T02:12:36.093+0000][68452][safepoint   ] Safepoint "G1CollectForAllocation", Time since last: 230724947120 ns, Reaching safepoint: 289177 ns, At safepoint: 119728894 ns, Total: 120018071 ns
[2020-12-04T02:14:41.500+0000][68452][safepoint   ] Safepoint "Cleanup", Time since last: 125405208921 ns, Reaching safepoint: 86092 ns, At safepoint: 13421 ns, Total: 99513 ns
[2020-12-04T02:18:44.958+0000][68452][safepoint   ] Safepoint "Cleanup", Time since last: 243456015647 ns, Reaching safepoint: 164875 ns, At safepoint: 40721 ns, Total: 205596 ns
[2020-12-04T02:21:45.520+0000][68452][safepoint   ] Safepoint "Cleanup", Time since last: 180557593600 ns, Reaching safepoint: 159872 ns, At safepoint: 12963 ns, Total: 172835 ns
[2020-12-04T02:23:44.891+0000][68452][safepoint   ] Safepoint "Cleanup", Time since last: 119369209792 ns, Reaching safepoint: 142113 ns, At safepoint: 59307 ns, Total: 201420 ns
[2020-12-04T02:27:45.453+0000][68452][safepoint   ] Safepoint "Cleanup", Time since last: 240558589302 ns, Reaching safepoint: 97608 ns, At safepoint: 12401 ns, Total: 110009 ns
[2020-12-04T02:34:39.231+0000][68452][safepoint   ] Safepoint "Cleanup", Time since last: 413772289868 ns, Reaching safepoint: 138269 ns, At safepoint: 25943 ns, Total: 164212 ns
[2020-12-04T02:37:39.778+0000][68452][safepoint   ] Safepoint "Cleanup", Time since last: 180543798118 ns, Reaching safepoint: 102234 ns, At safepoint: 24515 ns, Total: 126749 ns
[2020-12-04T02:37:45.797+0000][68452][safepoint   ] Safepoint "Cleanup", Time since last: 6019308425 ns, Reaching safepoint: 142123 ns, At safepoint: 25073 ns, Total: 167196 ns
[2020-12-04T02:51:00.350+0000][68452][gc,start    ] GC(16) Pause Young (Normal) (G1 Evacuation Pause)
[2020-12-04T02:51:00.350+0000][68452][gc,task     ] GC(16) Using 13 workers of 13 for evacuation
[2020-12-04T02:51:00.350+0000][68452][gc,age      ] GC(16) Desired survivor size 40370176 bytes, new threshold 15 (max threshold 15)
[2020-12-04T02:51:00.365+0000][68452][gc,age      ] GC(16) Age table with threshold 15 (max threshold 15)
[2020-12-04T02:51:00.365+0000][68452][gc,age      ] GC(16) - age   1:       8048 bytes,       8048 total
[2020-12-04T02:51:00.365+0000][68452][gc,age      ] GC(16) - age   2:        440 bytes,       8488 total
[2020-12-04T02:51:00.365+0000][68452][gc,age      ] GC(16) - age   3:       2184 bytes,      10672 total
[2020-12-04T02:51:00.365+0000][68452][gc,age      ] GC(16) - age   4:       1760 bytes,      12432 total
[2020-12-04T02:51:00.365+0000][68452][gc,age      ] GC(16) - age   5:       2776 bytes,      15208 total
[2020-12-04T02:51:00.365+0000][68452][gc,age      ] GC(16) - age   6:       2032 bytes,      17240 total
[2020-12-04T02:51:00.365+0000][68452][gc,age      ] GC(16) - age   7:      64288 bytes,      81528 total
[2020-12-04T02:51:00.365+0000][68452][gc,age      ] GC(16) - age   8:   10588024 bytes,   10669552 total
[2020-12-04T02:51:00.365+0000][68452][gc,age      ] GC(16) - age   9:   10400456 bytes,   21070008 total
[2020-12-04T02:51:00.365+0000][68452][gc,phases   ] GC(16)   Pre Evacuate Collection Set: 1.1ms
[2020-12-04T02:51:00.365+0000][68452][gc,phases   ] GC(16)   Merge Heap Roots: 0.1ms
[2020-12-04T02:51:00.365+0000][68452][gc,phases   ] GC(16)   Evacuate Collection Set: 12.1ms
[2020-12-04T02:51:00.365+0000][68452][gc,phases   ] GC(16)   Post Evacuate Collection Set: 1.6ms
[2020-12-04T02:51:00.365+0000][68452][gc,phases   ] GC(16)   Other: 0.8ms
[2020-12-04T02:51:00.365+0000][68452][gc,heap     ] GC(16) Eden regions: 592->0(592)
[2020-12-04T02:51:00.365+0000][68452][gc,heap     ] GC(16) Survivor regions: 22->22(77)
[2020-12-04T02:51:00.365+0000][68452][gc,heap     ] GC(16) Old regions: 48->48
[2020-12-04T02:51:00.365+0000][68452][gc,heap     ] GC(16) Archive regions: 2->2
[2020-12-04T02:51:00.365+0000][68452][gc,heap     ] GC(16) Humongous regions: 7->7
[2020-12-04T02:51:00.365+0000][68452][gc,metaspace] GC(16) Metaspace: 91901K(96816K)->91901K(96816K) NonClass: 79591K(83376K)->79591K(83376K) Class: 12310K(13440K)->12310K(13440K)
[2020-12-04T02:51:00.365+0000][68452][gc          ] GC(16) Pause Young (Normal) (G1 Evacuation Pause) 668M->76M(1024M) 15.782ms
[2020-12-04T02:51:00.365+0000][68452][gc,cpu      ] GC(16) User=0.09s Sys=0.02s Real=0.01s
[2020-12-04T02:51:00.365+0000][68452][safepoint   ] Safepoint "G1CollectForAllocation", Time since last: 794541955042 ns, Reaching safepoint: 74545 ns, At safepoint: 15903634 ns, Total: 15978179 ns
[2020-12-04T02:58:16.058+0000][68452][safepoint   ] Safepoint "Cleanup", Time since last: 435686172013 ns, Reaching safepoint: 187762 ns, At safepoint: 21009 ns, Total: 208771 ns
[2020-12-04T03:16:45.852+0000][68452][safepoint   ] Safepoint "Cleanup", Time since last: 1109760391582 ns, Reaching safepoint: 1975427 ns, At safepoint: 27054 ns, Total: 2002481 ns
[2020-12-04T03:17:46.044+0000][68452][safepoint   ] Safepoint "Cleanup", Time since last: 60190543849 ns, Reaching safepoint: 238125 ns, At safepoint: 51602 ns, Total: 289727 ns
[2020-12-04T03:18:09.125+0000][68452][safepoint   ] Safepoint "Cleanup", Time since last: 23082890362 ns, Reaching safepoint: 1088704 ns, At safepoint: 4745 ns, Total: 1093449 ns
[2020-12-04T03:20:09.475+0000][68452][safepoint   ] Safepoint "Cleanup", Time since last: 120358362624 ns, Reaching safepoint: 1415635 ns, At safepoint: 44576 ns, Total: 1460211 ns
[2020-12-04T03:20:57.620+0000][68452][safepoint   ] Safepoint "Cleanup", Time since last: 48144038401 ns, Reaching safepoint: 118570 ns, At safepoint: 58367 ns, Total: 176937 ns
[2020-12-04T03:29:15.511+0000][68452][safepoint   ] Safepoint "Cleanup", Time since last: 497875939036 ns, Reaching safepoint: 129482 ns, At safepoint: 50471 ns, Total: 179953 ns
[2020-12-04T03:29:19.259+0000][68452][gc,start    ] GC(17) Pause Young (Normal) (G1 Evacuation Pause)
[2020-12-04T03:29:19.259+0000][68452][gc,task     ] GC(17) Using 13 workers of 13 for evacuation
[2020-12-04T03:29:19.259+0000][68452][gc,age      ] GC(17) Desired survivor size 40370176 bytes, new threshold 15 (max threshold 15)
[2020-12-04T03:29:19.367+0000][68452][gc,age      ] GC(17) Age table with threshold 15 (max threshold 15)
[2020-12-04T03:29:19.367+0000][68452][gc,age      ] GC(17) - age   1:       7864 bytes,       7864 total
[2020-12-04T03:29:19.367+0000][68452][gc,age      ] GC(17) - age   2:       1952 bytes,       9816 total
[2020-12-04T03:29:19.367+0000][68452][gc,age      ] GC(17) - age   3:        440 bytes,      10256 total
[2020-12-04T03:29:19.367+0000][68452][gc,age      ] GC(17) - age   4:       2184 bytes,      12440 total
[2020-12-04T03:29:19.367+0000][68452][gc,age      ] GC(17) - age   5:       1760 bytes,      14200 total
[2020-12-04T03:29:19.367+0000][68452][gc,age      ] GC(17) - age   6:       2776 bytes,      16976 total
[2020-12-04T03:29:19.367+0000][68452][gc,age      ] GC(17) - age   7:       2032 bytes,      19008 total
[2020-12-04T03:29:19.367+0000][68452][gc,age      ] GC(17) - age   8:      64288 bytes,      83296 total
[2020-12-04T03:29:19.367+0000][68452][gc,age      ] GC(17) - age   9:   10588024 bytes,   10671320 total
[2020-12-04T03:29:19.367+0000][68452][gc,age      ] GC(17) - age  10:   10400456 bytes,   21071776 total
[2020-12-04T03:29:19.368+0000][68452][gc,phases   ] GC(17)   Pre Evacuate Collection Set: 0.5ms
[2020-12-04T03:29:19.368+0000][68452][gc,phases   ] GC(17)   Merge Heap Roots: 1.0ms
[2020-12-04T03:29:19.368+0000][68452][gc,phases   ] GC(17)   Evacuate Collection Set: 101.8ms
[2020-12-04T03:29:19.368+0000][68452][gc,phases   ] GC(17)   Post Evacuate Collection Set: 4.2ms
[2020-12-04T03:29:19.368+0000][68452][gc,phases   ] GC(17)   Other: 1.2ms
[2020-12-04T03:29:19.368+0000][68452][gc,heap     ] GC(17) Eden regions: 592->0(591)
[2020-12-04T03:29:19.368+0000][68452][gc,heap     ] GC(17) Survivor regions: 22->23(77)
[2020-12-04T03:29:19.368+0000][68452][gc,heap     ] GC(17) Old regions: 48->48
[2020-12-04T03:29:19.368+0000][68452][gc,heap     ] GC(17) Archive regions: 2->2
[2020-12-04T03:29:19.368+0000][68452][gc,heap     ] GC(17) Humongous regions: 7->7
[2020-12-04T03:29:19.368+0000][68452][gc,metaspace] GC(17) Metaspace: 91901K(96816K)->91901K(96816K) NonClass: 79591K(83376K)->79591K(83376K) Class: 12310K(13440K)->12310K(13440K)
[2020-12-04T03:29:19.368+0000][68452][gc          ] GC(17) Pause Young (Normal) (G1 Evacuation Pause) 668M->77M(1024M) 108.644ms
[2020-12-04T03:29:19.368+0000][68452][gc,cpu      ] GC(17) User=0.11s Sys=0.53s Real=0.11s
[2020-12-04T03:29:19.368+0000][68452][safepoint   ] Safepoint "G1CollectForAllocation", Time since last: 3746953991 ns, Reaching safepoint: 692331 ns, At safepoint: 108803982 ns, Total: 109496313 ns
[2020-12-04T03:34:45.551+0000][68452][safepoint   ] Safepoint "Cleanup", Time since last: 326173643906 ns, Reaching safepoint: 97495 ns, At safepoint: 12752 ns, Total: 110247 ns
[2020-12-04T03:38:15.953+0000][68452][safepoint   ] Safepoint "Cleanup", Time since last: 210395215063 ns, Reaching safepoint: 165294 ns, At safepoint: 25002 ns, Total: 190296 ns
[2020-12-04T04:05:46.035+0000][68452][safepoint   ] Safepoint "Cleanup", Time since last: 1650064119201 ns, Reaching safepoint: 186255 ns, At safepoint: 31015 ns, Total: 217270 ns
[2020-12-04T04:07:38.480+0000][68452][gc,start    ] GC(18) Pause Young (Normal) (G1 Evacuation Pause)
[2020-12-04T04:07:38.480+0000][68452][gc,task     ] GC(18) Using 13 workers of 13 for evacuation
[2020-12-04T04:07:38.480+0000][68452][gc,age      ] GC(18) Desired survivor size 40370176 bytes, new threshold 15 (max threshold 15)
[2020-12-04T04:07:38.497+0000][68452][gc,age      ] GC(18) Age table with threshold 15 (max threshold 15)
[2020-12-04T04:07:38.497+0000][68452][gc,age      ] GC(18) - age   1:       8136 bytes,       8136 total
[2020-12-04T04:07:38.497+0000][68452][gc,age      ] GC(18) - age   3:       1952 bytes,      10088 total
[2020-12-04T04:07:38.497+0000][68452][gc,age      ] GC(18) - age   4:        440 bytes,      10528 total
[2020-12-04T04:07:38.497+0000][68452][gc,age      ] GC(18) - age   5:       2184 bytes,      12712 total
[2020-12-04T04:07:38.497+0000][68452][gc,age      ] GC(18) - age   6:       1760 bytes,      14472 total
[2020-12-04T04:07:38.497+0000][68452][gc,age      ] GC(18) - age   7:       2776 bytes,      17248 total
[2020-12-04T04:07:38.497+0000][68452][gc,age      ] GC(18) - age   8:       2032 bytes,      19280 total
[2020-12-04T04:07:38.497+0000][68452][gc,age      ] GC(18) - age   9:      64288 bytes,      83568 total
[2020-12-04T04:07:38.497+0000][68452][gc,age      ] GC(18) - age  10:   10588024 bytes,   10671592 total
[2020-12-04T04:07:38.497+0000][68452][gc,age      ] GC(18) - age  11:   10400456 bytes,   21072048 total
[2020-12-04T04:07:38.497+0000][68452][gc,phases   ] GC(18)   Pre Evacuate Collection Set: 0.1ms
[2020-12-04T04:07:38.497+0000][68452][gc,phases   ] GC(18)   Merge Heap Roots: 1.9ms
[2020-12-04T04:07:38.497+0000][68452][gc,phases   ] GC(18)   Evacuate Collection Set: 13.6ms
[2020-12-04T04:07:38.497+0000][68452][gc,phases   ] GC(18)   Post Evacuate Collection Set: 1.3ms
[2020-12-04T04:07:38.497+0000][68452][gc,phases   ] GC(18)   Other: 0.7ms
[2020-12-04T04:07:38.497+0000][68452][gc,heap     ] GC(18) Eden regions: 591->0(592)
[2020-12-04T04:07:38.497+0000][68452][gc,heap     ] GC(18) Survivor regions: 23->22(77)
[2020-12-04T04:07:38.497+0000][68452][gc,heap     ] GC(18) Old regions: 48->48
[2020-12-04T04:07:38.497+0000][68452][gc,heap     ] GC(18) Archive regions: 2->2
[2020-12-04T04:07:38.497+0000][68452][gc,heap     ] GC(18) Humongous regions: 7->7
[2020-12-04T04:07:38.497+0000][68452][gc,metaspace] GC(18) Metaspace: 91901K(96816K)->91901K(96816K) NonClass: 79591K(83376K)->79591K(83376K) Class: 12310K(13440K)->12310K(13440K)
[2020-12-04T04:07:38.497+0000][68452][gc          ] GC(18) Pause Young (Normal) (G1 Evacuation Pause) 668M->76M(1024M) 17.693ms
[2020-12-04T04:07:38.497+0000][68452][gc,cpu      ] GC(18) User=0.09s Sys=0.02s Real=0.01s
[2020-12-04T04:07:38.497+0000][68452][safepoint   ] Safepoint "G1CollectForAllocation", Time since last: 112440310713 ns, Reaching safepoint: 1120092 ns, At safepoint: 17829591 ns, Total: 18949683 ns
[2020-12-04T04:34:09.592+0000][68452][safepoint   ] Safepoint "Cleanup", Time since last: 1591081989321 ns, Reaching safepoint: 111333 ns, At safepoint: 4611 ns, Total: 115944 ns
[2020-12-04T04:35:35.843+0000][68452][safepoint   ] Safepoint "Cleanup", Time since last: 86247574528 ns, Reaching safepoint: 84831 ns, At safepoint: 13204 ns, Total: 98035 ns
[2020-12-04T04:35:46.877+0000][68452][safepoint   ] Safepoint "Cleanup", Time since last: 11033707115 ns, Reaching safepoint: 89223 ns, At safepoint: 4240 ns, Total: 93463 ns
[2020-12-04T04:41:17.156+0000][68452][safepoint   ] Safepoint "Cleanup", Time since last: 330269665559 ns, Reaching safepoint: 84395 ns, At safepoint: 6835 ns, Total: 91230 ns
[2020-12-04T04:46:01.297+0000][68452][gc,start    ] GC(19) Pause Young (Normal) (G1 Evacuation Pause)
[2020-12-04T04:46:01.297+0000][68452][gc,task     ] GC(19) Using 13 workers of 13 for evacuation
[2020-12-04T04:46:01.297+0000][68452][gc,age      ] GC(19) Desired survivor size 40370176 bytes, new threshold 15 (max threshold 15)
[2020-12-04T04:46:01.325+0000][68452][gc,age      ] GC(19) Age table with threshold 15 (max threshold 15)
[2020-12-04T04:46:01.325+0000][68452][gc,age      ] GC(19) - age   1:       7888 bytes,       7888 total
[2020-12-04T04:46:01.325+0000][68452][gc,age      ] GC(19) - age   2:        224 bytes,       8112 total
[2020-12-04T04:46:01.325+0000][68452][gc,age      ] GC(19) - age   4:       1952 bytes,      10064 total
[2020-12-04T04:46:01.325+0000][68452][gc,age      ] GC(19) - age   5:        440 bytes,      10504 total
[2020-12-04T04:46:01.325+0000][68452][gc,age      ] GC(19) - age   6:       2184 bytes,      12688 total
[2020-12-04T04:46:01.325+0000][68452][gc,age      ] GC(19) - age   7:       1760 bytes,      14448 total
[2020-12-04T04:46:01.325+0000][68452][gc,age      ] GC(19) - age   8:       2776 bytes,      17224 total
[2020-12-04T04:46:01.325+0000][68452][gc,age      ] GC(19) - age   9:       2032 bytes,      19256 total
[2020-12-04T04:46:01.325+0000][68452][gc,age      ] GC(19) - age  10:      64288 bytes,      83544 total
[2020-12-04T04:46:01.325+0000][68452][gc,age      ] GC(19) - age  11:   10588024 bytes,   10671568 total
[2020-12-04T04:46:01.325+0000][68452][gc,age      ] GC(19) - age  12:   10400456 bytes,   21072024 total
[2020-12-04T04:46:01.325+0000][68452][gc,phases   ] GC(19)   Pre Evacuate Collection Set: 0.1ms
[2020-12-04T04:46:01.325+0000][68452][gc,phases   ] GC(19)   Merge Heap Roots: 0.1ms
[2020-12-04T04:46:01.325+0000][68452][gc,phases   ] GC(19)   Evacuate Collection Set: 25.8ms
[2020-12-04T04:46:01.325+0000][68452][gc,phases   ] GC(19)   Post Evacuate Collection Set: 1.1ms
[2020-12-04T04:46:01.325+0000][68452][gc,phases   ] GC(19)   Other: 0.6ms
[2020-12-04T04:46:01.325+0000][68452][gc,heap     ] GC(19) Eden regions: 592->0(592)
[2020-12-04T04:46:01.325+0000][68452][gc,heap     ] GC(19) Survivor regions: 22->22(77)
[2020-12-04T04:46:01.325+0000][68452][gc,heap     ] GC(19) Old regions: 48->48
[2020-12-04T04:46:01.325+0000][68452][gc,heap     ] GC(19) Archive regions: 2->2
[2020-12-04T04:46:01.325+0000][68452][gc,heap     ] GC(19) Humongous regions: 7->7
[2020-12-04T04:46:01.325+0000][68452][gc,metaspace] GC(19) Metaspace: 91901K(96816K)->91901K(96816K) NonClass: 79591K(83376K)->79591K(83376K) Class: 12310K(13440K)->12310K(13440K)
[2020-12-04T04:46:01.325+0000][68452][gc          ] GC(19) Pause Young (Normal) (G1 Evacuation Pause) 668M->76M(1024M) 27.829ms
[2020-12-04T04:46:01.325+0000][68452][gc,cpu      ] GC(19) User=0.10s Sys=0.02s Real=0.03s
[2020-12-04T04:46:01.325+0000][68452][safepoint   ] Safepoint "G1CollectForAllocation", Time since last: 284147229070 ns, Reaching safepoint: 92406 ns, At safepoint: 27941198 ns, Total: 28033604 ns
[2020-12-04T04:53:22.699+0000][68452][safepoint   ] Safepoint "Cleanup", Time since last: 441360485783 ns, Reaching safepoint: 136625 ns, At safepoint: 63044 ns, Total: 199669 ns
[2020-12-04T05:14:16.969+0000][68452][safepoint   ] Safepoint "Cleanup", Time since last: 1254256689891 ns, Reaching safepoint: 191685 ns, At safepoint: 39701 ns, Total: 231386 ns
[2020-12-04T05:24:20.585+0000][68452][gc,start    ] GC(20) Pause Young (Normal) (G1 Evacuation Pause)
[2020-12-04T05:24:20.586+0000][68452][gc,task     ] GC(20) Using 13 workers of 13 for evacuation
[2020-12-04T05:24:20.586+0000][68452][gc,age      ] GC(20) Desired survivor size 40370176 bytes, new threshold 15 (max threshold 15)
[2020-12-04T05:24:20.605+0000][68452][gc,age      ] GC(20) Age table with threshold 15 (max threshold 15)
[2020-12-04T05:24:20.605+0000][68452][gc,age      ] GC(20) - age   1:       6224 bytes,       6224 total
[2020-12-04T05:24:20.605+0000][68452][gc,age      ] GC(20) - age   3:        224 bytes,       6448 total
[2020-12-04T05:24:20.605+0000][68452][gc,age      ] GC(20) - age   5:       1952 bytes,       8400 total
[2020-12-04T05:24:20.605+0000][68452][gc,age      ] GC(20) - age   6:        440 bytes,       8840 total
[2020-12-04T05:24:20.605+0000][68452][gc,age      ] GC(20) - age   7:       2184 bytes,      11024 total
[2020-12-04T05:24:20.605+0000][68452][gc,age      ] GC(20) - age   8:       1760 bytes,      12784 total
[2020-12-04T05:24:20.605+0000][68452][gc,age      ] GC(20) - age   9:       2776 bytes,      15560 total
[2020-12-04T05:24:20.605+0000][68452][gc,age      ] GC(20) - age  10:       2032 bytes,      17592 total
[2020-12-04T05:24:20.605+0000][68452][gc,age      ] GC(20) - age  11:      64288 bytes,      81880 total
[2020-12-04T05:24:20.605+0000][68452][gc,age      ] GC(20) - age  12:   10588024 bytes,   10669904 total
[2020-12-04T05:24:20.605+0000][68452][gc,age      ] GC(20) - age  13:   10400456 bytes,   21070360 total
[2020-12-04T05:24:20.605+0000][68452][gc,phases   ] GC(20)   Pre Evacuate Collection Set: 0.8ms
[2020-12-04T05:24:20.605+0000][68452][gc,phases   ] GC(20)   Merge Heap Roots: 0.2ms
[2020-12-04T05:24:20.605+0000][68452][gc,phases   ] GC(20)   Evacuate Collection Set: 15.5ms
[2020-12-04T05:24:20.605+0000][68452][gc,phases   ] GC(20)   Post Evacuate Collection Set: 2.3ms
[2020-12-04T05:24:20.605+0000][68452][gc,phases   ] GC(20)   Other: 0.9ms
[2020-12-04T05:24:20.605+0000][68452][gc,heap     ] GC(20) Eden regions: 592->0(592)
[2020-12-04T05:24:20.605+0000][68452][gc,heap     ] GC(20) Survivor regions: 22->22(77)
[2020-12-04T05:24:20.605+0000][68452][gc,heap     ] GC(20) Old regions: 48->48
[2020-12-04T05:24:20.605+0000][68452][gc,heap     ] GC(20) Archive regions: 2->2
[2020-12-04T05:24:20.605+0000][68452][gc,heap     ] GC(20) Humongous regions: 7->7
[2020-12-04T05:24:20.605+0000][68452][gc,metaspace] GC(20) Metaspace: 91901K(96816K)->91901K(96816K) NonClass: 79591K(83376K)->79591K(83376K) Class: 12310K(13440K)->12310K(13440K)
[2020-12-04T05:24:20.605+0000][68452][gc          ] GC(20) Pause Young (Normal) (G1 Evacuation Pause) 668M->76M(1024M) 19.975ms
[2020-12-04T05:24:20.605+0000][68452][gc,cpu      ] GC(20) User=0.09s Sys=0.04s Real=0.02s
[2020-12-04T05:24:20.606+0000][68452][safepoint   ] Safepoint "G1CollectForAllocation", Time since last: 603610830403 ns, Reaching safepoint: 1076542 ns, At safepoint: 20253327 ns, Total: 21329869 ns
[2020-12-04T05:45:06.667+0000][68452][safepoint   ] Safepoint "Cleanup", Time since last: 412747832044 ns, Reaching safepoint: 1921185 ns, At safepoint: 10371 ns, Total: 1931556 ns
[2020-12-04T05:48:16.225+0000][68452][safepoint   ] Safepoint "Cleanup", Time since last: 189553327033 ns, Reaching safepoint: 312986 ns, At safepoint: 46024 ns, Total: 359010 ns
[2020-12-04T07:33:05.815+0000][68452][gc,start    ] GC(21) Pause Young (Normal) (G1 Evacuation Pause)
[2020-12-04T07:33:05.815+0000][68452][gc,task     ] GC(21) Using 13 workers of 13 for evacuation
[2020-12-04T07:33:05.816+0000][68452][gc,age      ] GC(21) Desired survivor size 40370176 bytes, new threshold 15 (max threshold 15)
[2020-12-04T07:33:06.046+0000][68452][gc,age      ] GC(21) Age table with threshold 15 (max threshold 15)
[2020-12-04T07:33:06.046+0000][68452][gc,age      ] GC(21) - age   1:      11960 bytes,      11960 total
[2020-12-04T07:33:06.046+0000][68452][gc,age      ] GC(21) - age   2:        104 bytes,      12064 total
[2020-12-04T07:33:06.046+0000][68452][gc,age      ] GC(21) - age   4:        224 bytes,      12288 total
[2020-12-04T07:33:06.046+0000][68452][gc,age      ] GC(21) - age   6:       1952 bytes,      14240 total
[2020-12-04T07:33:06.046+0000][68452][gc,age      ] GC(21) - age   7:        440 bytes,      14680 total
[2020-12-04T07:33:06.046+0000][68452][gc,age      ] GC(21) - age   8:       2184 bytes,      16864 total
[2020-12-04T07:33:06.046+0000][68452][gc,age      ] GC(21) - age   9:       1760 bytes,      18624 total
[2020-12-04T07:33:06.046+0000][68452][gc,age      ] GC(21) - age  10:       2776 bytes,      21400 total
[2020-12-04T07:33:06.046+0000][68452][gc,age      ] GC(21) - age  11:       2032 bytes,      23432 total
[2020-12-04T07:33:06.046+0000][68452][gc,age      ] GC(21) - age  12:      64288 bytes,      87720 total
[2020-12-04T07:33:06.046+0000][68452][gc,age      ] GC(21) - age  13:   10588024 bytes,   10675744 total
[2020-12-04T07:33:06.046+0000][68452][gc,age      ] GC(21) - age  14:   10400456 bytes,   21076200 total
[2020-12-04T07:33:06.046+0000][68452][gc,mmu      ] GC(21) MMU target violated: 201.0ms (200.0ms/201.0ms)
[2020-12-04T07:33:06.047+0000][68452][gc,phases   ] GC(21)   Pre Evacuate Collection Set: 2.0ms
[2020-12-04T07:33:06.047+0000][68452][gc,phases   ] GC(21)   Merge Heap Roots: 2.9ms
[2020-12-04T07:33:06.047+0000][68452][gc,phases   ] GC(21)   Evacuate Collection Set: 215.2ms
[2020-12-04T07:33:06.047+0000][68452][gc,phases   ] GC(21)   Post Evacuate Collection Set: 10.8ms
[2020-12-04T07:33:06.047+0000][68452][gc,phases   ] GC(21)   Other: 1.3ms
[2020-12-04T07:33:06.047+0000][68452][gc,heap     ] GC(21) Eden regions: 592->0(592)
[2020-12-04T07:33:06.047+0000][68452][gc,heap     ] GC(21) Survivor regions: 22->22(77)
[2020-12-04T07:33:06.047+0000][68452][gc,heap     ] GC(21) Old regions: 48->48
[2020-12-04T07:33:06.047+0000][68452][gc,heap     ] GC(21) Archive regions: 2->2
[2020-12-04T07:33:06.047+0000][68452][gc,heap     ] GC(21) Humongous regions: 7->7
[2020-12-04T07:33:06.047+0000][68452][gc,metaspace] GC(21) Metaspace: 91901K(96816K)->91901K(96816K) NonClass: 79591K(83376K)->79591K(83376K) Class: 12310K(13440K)->12310K(13440K)
[2020-12-04T07:33:06.047+0000][68452][gc          ] GC(21) Pause Young (Normal) (G1 Evacuation Pause) 668M->76M(1024M) 232.938ms
[2020-12-04T07:33:06.047+0000][68452][gc,cpu      ] GC(21) User=0.12s Sys=0.69s Real=0.23s
[2020-12-04T07:33:06.047+0000][68452][safepoint   ] Safepoint "G1CollectForAllocation", Time since last: 1789809112901 ns, Reaching safepoint: 3173664 ns, At safepoint: 233155671 ns, Total: 236329335 ns
[2020-12-04T07:47:05.652+0000][68452][safepoint   ] Safepoint "Cleanup", Time since last: 839598215789 ns, Reaching safepoint: 149263 ns, At safepoint: 28682 ns, Total: 177945 ns
[2020-12-04T08:11:30.852+0000][68452][gc,start    ] GC(22) Pause Young (Normal) (G1 Evacuation Pause)
[2020-12-04T08:11:30.853+0000][68452][gc,task     ] GC(22) Using 13 workers of 13 for evacuation
[2020-12-04T08:11:30.853+0000][68452][gc,age      ] GC(22) Desired survivor size 40370176 bytes, new threshold 15 (max threshold 15)
[2020-12-04T08:11:30.971+0000][68452][gc,age      ] GC(22) Age table with threshold 15 (max threshold 15)
[2020-12-04T08:11:30.971+0000][68452][gc,age      ] GC(22) - age   1:       6840 bytes,       6840 total
[2020-12-04T08:11:30.971+0000][68452][gc,age      ] GC(22) - age   2:       4128 bytes,      10968 total
[2020-12-04T08:11:30.971+0000][68452][gc,age      ] GC(22) - age   3:        104 bytes,      11072 total
[2020-12-04T08:11:30.971+0000][68452][gc,age      ] GC(22) - age   5:        224 bytes,      11296 total
[2020-12-04T08:11:30.971+0000][68452][gc,age      ] GC(22) - age   7:       1952 bytes,      13248 total
[2020-12-04T08:11:30.971+0000][68452][gc,age      ] GC(22) - age   8:        440 bytes,      13688 total
[2020-12-04T08:11:30.971+0000][68452][gc,age      ] GC(22) - age   9:       2184 bytes,      15872 total
[2020-12-04T08:11:30.971+0000][68452][gc,age      ] GC(22) - age  10:       1760 bytes,      17632 total
[2020-12-04T08:11:30.971+0000][68452][gc,age      ] GC(22) - age  11:       2776 bytes,      20408 total
[2020-12-04T08:11:30.971+0000][68452][gc,age      ] GC(22) - age  12:       2032 bytes,      22440 total
[2020-12-04T08:11:30.971+0000][68452][gc,age      ] GC(22) - age  13:      64288 bytes,      86728 total
[2020-12-04T08:11:30.971+0000][68452][gc,age      ] GC(22) - age  14:   10588024 bytes,   10674752 total
[2020-12-04T08:11:30.971+0000][68452][gc,age      ] GC(22) - age  15:   10400456 bytes,   21075208 total
[2020-12-04T08:11:30.971+0000][68452][gc,phases   ] GC(22)   Pre Evacuate Collection Set: 2.1ms
[2020-12-04T08:11:30.971+0000][68452][gc,phases   ] GC(22)   Merge Heap Roots: 2.9ms
[2020-12-04T08:11:30.971+0000][68452][gc,phases   ] GC(22)   Evacuate Collection Set: 96.8ms
[2020-12-04T08:11:30.971+0000][68452][gc,phases   ] GC(22)   Post Evacuate Collection Set: 15.4ms
[2020-12-04T08:11:30.971+0000][68452][gc,phases   ] GC(22)   Other: 2.0ms
[2020-12-04T08:11:30.971+0000][68452][gc,heap     ] GC(22) Eden regions: 592->0(592)
[2020-12-04T08:11:30.971+0000][68452][gc,heap     ] GC(22) Survivor regions: 22->22(77)
[2020-12-04T08:11:30.971+0000][68452][gc,heap     ] GC(22) Old regions: 48->48
[2020-12-04T08:11:30.971+0000][68452][gc,heap     ] GC(22) Archive regions: 2->2
[2020-12-04T08:11:30.971+0000][68452][gc,heap     ] GC(22) Humongous regions: 7->7
[2020-12-04T08:11:30.971+0000][68452][gc,metaspace] GC(22) Metaspace: 91908K(96816K)->91908K(96816K) NonClass: 79598K(83376K)->79598K(83376K) Class: 12310K(13440K)->12310K(13440K)
[2020-12-04T08:11:30.971+0000][68452][gc          ] GC(22) Pause Young (Normal) (G1 Evacuation Pause) 668M->76M(1024M) 119.144ms
[2020-12-04T08:11:30.971+0000][68452][gc,cpu      ] GC(22) User=0.10s Sys=0.51s Real=0.12s
[2020-12-04T08:11:30.971+0000][68452][safepoint   ] Safepoint "G1CollectForAllocation", Time since last: 1465173279025 ns, Reaching safepoint: 2049883 ns, At safepoint: 119359452 ns, Total: 121409335 ns
[2020-12-04T08:37:07.027+0000][68452][safepoint   ] Safepoint "Cleanup", Time since last: 1536035479509 ns, Reaching safepoint: 2655826 ns, At safepoint: 24615 ns, Total: 2680441 ns
[2020-12-04T08:37:08.049+0000][68452][gc,heap,exit] Heap
[2020-12-04T08:37:08.049+0000][68452][gc,heap,exit]  garbage-first heap   total 1048576K, used 501720K [0x00000007c0000000, 0x0000000800000000)
[2020-12-04T08:37:08.049+0000][68452][gc,heap,exit]   region size 1024K, 436 young (446464K), 22 survivors (22528K)
[2020-12-04T08:37:08.049+0000][68452][gc,heap,exit]  Metaspace       used 92117K, capacity 95566K, committed 97072K, reserved 1132544K
[2020-12-04T08:37:08.049+0000][68452][gc,heap,exit]   class space    used 12346K, capacity 13411K, committed 13440K, reserved 1048576K
