[2020-12-07T08:49:19.509+0000][12575][gc] Using G1
[2020-12-07T08:49:20.463+0000][12575][gc,init] Version: 15.0.1+9 (release)
[2020-12-07T08:49:20.463+0000][12575][gc,init] CPUs: 16 total, 16 available
[2020-12-07T08:49:20.463+0000][12575][gc,init] Memory: 16384M
[2020-12-07T08:49:20.463+0000][12575][gc,init] Large Page Support: Disabled
[2020-12-07T08:49:20.463+0000][12575][gc,init] NUMA Support: Disabled
[2020-12-07T08:49:20.463+0000][12575][gc,init] Compressed Oops: Enabled (Zero based)
[2020-12-07T08:49:20.463+0000][12575][gc,init] Heap Region Size: 1M
[2020-12-07T08:49:20.463+0000][12575][gc,init] Heap Min Capacity: 1G
[2020-12-07T08:49:20.463+0000][12575][gc,init] Heap Initial Capacity: 1G
[2020-12-07T08:49:20.463+0000][12575][gc,init] Heap Max Capacity: 1G
[2020-12-07T08:49:20.463+0000][12575][gc,init] Pre-touch: Enabled
[2020-12-07T08:49:20.463+0000][12575][gc,init] Parallel Workers: 13
[2020-12-07T08:49:20.463+0000][12575][gc,init] Concurrent Workers: 3
[2020-12-07T08:49:20.463+0000][12575][gc,init] Concurrent Refinement Workers: 13
[2020-12-07T08:49:20.463+0000][12575][gc,init] Periodic GC: Disabled
[2020-12-07T08:49:20.463+0000][12575][gc,cds ] Mark closed archive regions in map: [0x00000007fff00000, 0x00000007fff78ff8]
[2020-12-07T08:49:20.464+0000][12575][gc,cds ] Mark open archive regions in map: [0x00000007ffe00000, 0x00000007ffe50ff8]
[2020-12-07T08:49:20.464+0000][12575][gc,metaspace] CDS archive(s) mapped at: [0x0000000800000000-0x0000000800b2d000-0x0000000800b2d000), size 11718656, SharedBaseAddress: 0x0000000800000000, ArchiveRelocationMode: 0.
[2020-12-07T08:49:20.464+0000][12575][gc,metaspace] Compressed class space mapped at: 0x0000000800b30000-0x0000000840b30000, size: 1073741824
[2020-12-07T08:49:20.464+0000][12575][gc,metaspace] Narrow klass base: 0x0000000800000000, Narrow klass shift: 3, Narrow klass range: 0x100000000
[2020-12-07T08:49:20.693+0000][12575][safepoint   ] Safepoint "ICBufferFull", Time since last: 222571248 ns, Reaching safepoint: 85695 ns, At safepoint: 46618 ns, Total: 132313 ns
[2020-12-07T08:49:21.137+0000][12575][safepoint   ] Safepoint "ICBufferFull", Time since last: 443888791 ns, Reaching safepoint: 123813 ns, At safepoint: 28331 ns, Total: 152144 ns
[2020-12-07T08:49:21.730+0000][12575][safepoint   ] Safepoint "ICBufferFull", Time since last: 592748711 ns, Reaching safepoint: 150861 ns, At safepoint: 64986 ns, Total: 215847 ns
[2020-12-07T08:49:21.769+0000][12575][gc,start    ] GC(0) Pause Young (Normal) (G1 Evacuation Pause)
[2020-12-07T08:49:21.771+0000][12575][gc,task     ] GC(0) Using 13 workers of 13 for evacuation
[2020-12-07T08:49:21.771+0000][12575][gc,age      ] GC(0) Desired survivor size 3670016 bytes, new threshold 15 (max threshold 15)
[2020-12-07T08:49:21.776+0000][12575][gc,age      ] GC(0) Age table with threshold 15 (max threshold 15)
[2020-12-07T08:49:21.776+0000][12575][gc,age      ] GC(0) - age   1:    6257872 bytes,    6257872 total
[2020-12-07T08:49:21.776+0000][12575][gc,phases   ] GC(0)   Pre Evacuate Collection Set: 0.1ms
[2020-12-07T08:49:21.776+0000][12575][gc,phases   ] GC(0)   Merge Heap Roots: 0.2ms
[2020-12-07T08:49:21.776+0000][12575][gc,phases   ] GC(0)   Evacuate Collection Set: 3.0ms
[2020-12-07T08:49:21.776+0000][12575][gc,phases   ] GC(0)   Post Evacuate Collection Set: 1.1ms
[2020-12-07T08:49:21.776+0000][12575][gc,phases   ] GC(0)   Other: 2.1ms
[2020-12-07T08:49:21.776+0000][12575][gc,heap     ] GC(0) Eden regions: 51->0(54)
[2020-12-07T08:49:21.776+0000][12575][gc,heap     ] GC(0) Survivor regions: 0->7(7)
[2020-12-07T08:49:21.776+0000][12575][gc,heap     ] GC(0) Old regions: 0->0
[2020-12-07T08:49:21.776+0000][12575][gc,heap     ] GC(0) Archive regions: 2->2
[2020-12-07T08:49:21.776+0000][12575][gc,heap     ] GC(0) Humongous regions: 1->1
[2020-12-07T08:49:21.776+0000][12575][gc,metaspace] GC(0) Metaspace: 13988K(14336K)->13988K(14336K) NonClass: 12331K(12544K)->12331K(12544K) Class: 1656K(1792K)->1656K(1792K)
[2020-12-07T08:49:21.776+0000][12575][gc          ] GC(0) Pause Young (Normal) (G1 Evacuation Pause) 52M->7M(1024M) 6.695ms
[2020-12-07T08:49:21.776+0000][12575][gc,cpu      ] GC(0) User=0.03s Sys=0.01s Real=0.01s
[2020-12-07T08:49:21.776+0000][12575][safepoint   ] Safepoint "G1CollectForAllocation", Time since last: 39000002 ns, Reaching safepoint: 105894 ns, At safepoint: 6954855 ns, Total: 7060749 ns
[2020-12-07T08:49:22.033+0000][12575][gc,start    ] GC(1) Pause Young (Normal) (G1 Evacuation Pause)
[2020-12-07T08:49:22.033+0000][12575][gc,task     ] GC(1) Using 13 workers of 13 for evacuation
[2020-12-07T08:49:22.033+0000][12575][gc,age      ] GC(1) Desired survivor size 4194304 bytes, new threshold 1 (max threshold 15)
[2020-12-07T08:49:22.036+0000][12575][gc,age      ] GC(1) Age table with threshold 1 (max threshold 15)
[2020-12-07T08:49:22.036+0000][12575][gc,age      ] GC(1) - age   1:    2889888 bytes,    2889888 total
[2020-12-07T08:49:22.036+0000][12575][gc,phases   ] GC(1)   Pre Evacuate Collection Set: 0.1ms
[2020-12-07T08:49:22.036+0000][12575][gc,phases   ] GC(1)   Merge Heap Roots: 0.1ms
[2020-12-07T08:49:22.036+0000][12575][gc,phases   ] GC(1)   Evacuate Collection Set: 2.5ms
[2020-12-07T08:49:22.036+0000][12575][gc,phases   ] GC(1)   Post Evacuate Collection Set: 0.5ms
[2020-12-07T08:49:22.036+0000][12575][gc,phases   ] GC(1)   Other: 0.1ms
[2020-12-07T08:49:22.036+0000][12575][gc,heap     ] GC(1) Eden regions: 54->0(610)
[2020-12-07T08:49:22.036+0000][12575][gc,heap     ] GC(1) Survivor regions: 7->4(8)
[2020-12-07T08:49:22.036+0000][12575][gc,heap     ] GC(1) Old regions: 0->6
[2020-12-07T08:49:22.036+0000][12575][gc,heap     ] GC(1) Archive regions: 2->2
[2020-12-07T08:49:22.036+0000][12575][gc,heap     ] GC(1) Humongous regions: 1->1
[2020-12-07T08:49:22.036+0000][12575][gc,metaspace] GC(1) Metaspace: 14855K(15232K)->14855K(15232K) NonClass: 13128K(13312K)->13128K(13312K) Class: 1726K(1920K)->1726K(1920K)
[2020-12-07T08:49:22.036+0000][12575][gc          ] GC(1) Pause Young (Normal) (G1 Evacuation Pause) 61M->10M(1024M) 3.366ms
[2020-12-07T08:49:22.036+0000][12575][gc,cpu      ] GC(1) User=0.03s Sys=0.00s Real=0.00s
[2020-12-07T08:49:22.036+0000][12575][safepoint   ] Safepoint "G1CollectForAllocation", Time since last: 256666814 ns, Reaching safepoint: 155679 ns, At safepoint: 3484400 ns, Total: 3640079 ns
[2020-12-07T08:49:22.098+0000][12575][safepoint   ] Safepoint "ICBufferFull", Time since last: 61488104 ns, Reaching safepoint: 56511 ns, At safepoint: 32513 ns, Total: 89024 ns
[2020-12-07T08:49:22.101+0000][12575][safepoint   ] Safepoint "ICBufferFull", Time since last: 3059846 ns, Reaching safepoint: 49091 ns, At safepoint: 2704 ns, Total: 51795 ns
[2020-12-07T08:49:22.103+0000][12575][safepoint   ] Safepoint "ICBufferFull", Time since last: 1926169 ns, Reaching safepoint: 79014 ns, At safepoint: 11420 ns, Total: 90434 ns
[2020-12-07T08:49:22.105+0000][12575][safepoint   ] Safepoint "ICBufferFull", Time since last: 2085965 ns, Reaching safepoint: 58054 ns, At safepoint: 52250 ns, Total: 110304 ns
[2020-12-07T08:49:22.108+0000][12575][safepoint   ] Safepoint "ICBufferFull", Time since last: 2557439 ns, Reaching safepoint: 67757 ns, At safepoint: 24617 ns, Total: 92374 ns
[2020-12-07T08:49:22.110+0000][12575][safepoint   ] Safepoint "ICBufferFull", Time since last: 1923365 ns, Reaching safepoint: 93941 ns, At safepoint: 25421 ns, Total: 119362 ns
[2020-12-07T08:49:22.113+0000][12575][safepoint   ] Safepoint "ICBufferFull", Time since last: 3199135 ns, Reaching safepoint: 67307 ns, At safepoint: 27014 ns, Total: 94321 ns
[2020-12-07T08:49:22.116+0000][12575][safepoint   ] Safepoint "ICBufferFull", Time since last: 2079469 ns, Reaching safepoint: 94613 ns, At safepoint: 36167 ns, Total: 130780 ns
[2020-12-07T08:49:22.118+0000][12575][safepoint   ] Safepoint "ICBufferFull", Time since last: 2706609 ns, Reaching safepoint: 63187 ns, At safepoint: 45478 ns, Total: 108665 ns
[2020-12-07T08:49:22.122+0000][12575][safepoint   ] Safepoint "ICBufferFull", Time since last: 3513374 ns, Reaching safepoint: 64723 ns, At safepoint: 66176 ns, Total: 130899 ns
[2020-12-07T08:49:22.124+0000][12575][safepoint   ] Safepoint "ICBufferFull", Time since last: 1599880 ns, Reaching safepoint: 72044 ns, At safepoint: 53067 ns, Total: 125111 ns
[2020-12-07T08:49:22.126+0000][12575][safepoint   ] Safepoint "ICBufferFull", Time since last: 1961662 ns, Reaching safepoint: 65535 ns, At safepoint: 28355 ns, Total: 93890 ns
[2020-12-07T08:49:22.128+0000][12575][safepoint   ] Safepoint "ICBufferFull", Time since last: 1812469 ns, Reaching safepoint: 72697 ns, At safepoint: 48842 ns, Total: 121539 ns
[2020-12-07T08:49:22.130+0000][12575][safepoint   ] Safepoint "ICBufferFull", Time since last: 2327888 ns, Reaching safepoint: 72245 ns, At safepoint: 25066 ns, Total: 97311 ns
[2020-12-07T08:49:22.132+0000][12575][safepoint   ] Safepoint "ICBufferFull", Time since last: 2129469 ns, Reaching safepoint: 62722 ns, At safepoint: 5161 ns, Total: 67883 ns
[2020-12-07T08:49:22.134+0000][12575][safepoint   ] Safepoint "ICBufferFull", Time since last: 1866895 ns, Reaching safepoint: 78683 ns, At safepoint: 44862 ns, Total: 123545 ns
[2020-12-07T08:49:22.137+0000][12575][safepoint   ] Safepoint "ICBufferFull", Time since last: 2083769 ns, Reaching safepoint: 65405 ns, At safepoint: 21596 ns, Total: 87001 ns
[2020-12-07T08:49:22.140+0000][12575][safepoint   ] Safepoint "ICBufferFull", Time since last: 3644195 ns, Reaching safepoint: 62463 ns, At safepoint: 27586 ns, Total: 90049 ns
[2020-12-07T08:49:22.145+0000][12575][safepoint   ] Safepoint "ICBufferFull", Time since last: 4353110 ns, Reaching safepoint: 48116 ns, At safepoint: 5194 ns, Total: 53310 ns
[2020-12-07T08:49:22.145+0000][12575][safepoint   ] Safepoint "ICBufferFull", Time since last: 511546 ns, Reaching safepoint: 63695 ns, At safepoint: 91744 ns, Total: 155439 ns
[2020-12-07T08:49:22.146+0000][12575][safepoint   ] Safepoint "ICBufferFull", Time since last: 482217 ns, Reaching safepoint: 92462 ns, At safepoint: 28035 ns, Total: 120497 ns
[2020-12-07T08:49:22.146+0000][12575][safepoint   ] Safepoint "ICBufferFull", Time since last: 433386 ns, Reaching safepoint: 29913 ns, At safepoint: 27943 ns, Total: 57856 ns
[2020-12-07T08:49:22.147+0000][12575][safepoint   ] Safepoint "ICBufferFull", Time since last: 482761 ns, Reaching safepoint: 62082 ns, At safepoint: 1616 ns, Total: 63698 ns
[2020-12-07T08:49:22.148+0000][12575][safepoint   ] Safepoint "ICBufferFull", Time since last: 466290 ns, Reaching safepoint: 66122 ns, At safepoint: 26261 ns, Total: 92383 ns
[2020-12-07T08:49:22.148+0000][12575][safepoint   ] Safepoint "ICBufferFull", Time since last: 415340 ns, Reaching safepoint: 30357 ns, At safepoint: 25918 ns, Total: 56275 ns
[2020-12-07T08:49:22.149+0000][12575][safepoint   ] Safepoint "ICBufferFull", Time since last: 466760 ns, Reaching safepoint: 58906 ns, At safepoint: 2080 ns, Total: 60986 ns
[2020-12-07T08:49:22.149+0000][12575][safepoint   ] Safepoint "ICBufferFull", Time since last: 462662 ns, Reaching safepoint: 73356 ns, At safepoint: 22975 ns, Total: 96331 ns
[2020-12-07T08:49:22.150+0000][12575][safepoint   ] Safepoint "ICBufferFull", Time since last: 429765 ns, Reaching safepoint: 26282 ns, At safepoint: 42894 ns, Total: 69176 ns
[2020-12-07T08:49:22.150+0000][12575][safepoint   ] Safepoint "ICBufferFull", Time since last: 486561 ns, Reaching safepoint: 63373 ns, At safepoint: 2731 ns, Total: 66104 ns
[2020-12-07T08:49:22.151+0000][12575][safepoint   ] Safepoint "ICBufferFull", Time since last: 481321 ns, Reaching safepoint: 58316 ns, At safepoint: 61575 ns, Total: 119891 ns
[2020-12-07T08:49:22.151+0000][12575][safepoint   ] Safepoint "ICBufferFull", Time since last: 603892 ns, Reaching safepoint: 83881 ns, At safepoint: 19174 ns, Total: 103055 ns
[2020-12-07T08:49:22.152+0000][12575][safepoint   ] Safepoint "ICBufferFull", Time since last: 454591 ns, Reaching safepoint: 32818 ns, At safepoint: 11028 ns, Total: 43846 ns
[2020-12-07T08:49:22.152+0000][12575][safepoint   ] Safepoint "ICBufferFull", Time since last: 428741 ns, Reaching safepoint: 33345 ns, At safepoint: 5343 ns, Total: 38688 ns
[2020-12-07T08:49:22.153+0000][12575][safepoint   ] Safepoint "ICBufferFull", Time since last: 500105 ns, Reaching safepoint: 24189 ns, At safepoint: 14805 ns, Total: 38994 ns
[2020-12-07T08:49:22.154+0000][12575][safepoint   ] Safepoint "ICBufferFull", Time since last: 502333 ns, Reaching safepoint: 52711 ns, At safepoint: 47250 ns, Total: 99961 ns
[2020-12-07T08:49:22.154+0000][12575][safepoint   ] Safepoint "ICBufferFull", Time since last: 499052 ns, Reaching safepoint: 62234 ns, At safepoint: 90823 ns, Total: 153057 ns
[2020-12-07T08:49:22.158+0000][12575][safepoint   ] Safepoint "ICBufferFull", Time since last: 3416206 ns, Reaching safepoint: 29855 ns, At safepoint: 4303 ns, Total: 34158 ns
[2020-12-07T08:49:22.161+0000][12575][safepoint   ] Safepoint "ICBufferFull", Time since last: 3678814 ns, Reaching safepoint: 77919 ns, At safepoint: 15132 ns, Total: 93051 ns
[2020-12-07T08:49:22.162+0000][12575][safepoint   ] Safepoint "ICBufferFull", Time since last: 757601 ns, Reaching safepoint: 58419 ns, At safepoint: 2355 ns, Total: 60774 ns
[2020-12-07T08:49:22.184+0000][12575][safepoint   ] Safepoint "ICBufferFull", Time since last: 21421500 ns, Reaching safepoint: 62197 ns, At safepoint: 16118 ns, Total: 78315 ns
[2020-12-07T08:49:22.185+0000][12575][safepoint   ] Safepoint "ICBufferFull", Time since last: 1003027 ns, Reaching safepoint: 34125 ns, At safepoint: 9446 ns, Total: 43571 ns
[2020-12-07T08:49:22.185+0000][12575][safepoint   ] Safepoint "ICBufferFull", Time since last: 513294 ns, Reaching safepoint: 85135 ns, At safepoint: 35948 ns, Total: 121083 ns
[2020-12-07T08:49:22.186+0000][12575][safepoint   ] Safepoint "ICBufferFull", Time since last: 526473 ns, Reaching safepoint: 43040 ns, At safepoint: 10892 ns, Total: 53932 ns
[2020-12-07T08:49:22.187+0000][12575][safepoint   ] Safepoint "ICBufferFull", Time since last: 649955 ns, Reaching safepoint: 63114 ns, At safepoint: 54415 ns, Total: 117529 ns
[2020-12-07T08:49:22.187+0000][12575][safepoint   ] Safepoint "ICBufferFull", Time since last: 447117 ns, Reaching safepoint: 62330 ns, At safepoint: 51209 ns, Total: 113539 ns
[2020-12-07T08:49:22.188+0000][12575][safepoint   ] Safepoint "ICBufferFull", Time since last: 417179 ns, Reaching safepoint: 64721 ns, At safepoint: 9812 ns, Total: 74533 ns
[2020-12-07T08:49:22.188+0000][12575][safepoint   ] Safepoint "ICBufferFull", Time since last: 507528 ns, Reaching safepoint: 110997 ns, At safepoint: 5579 ns, Total: 116576 ns
[2020-12-07T08:49:22.189+0000][12575][safepoint   ] Safepoint "ICBufferFull", Time since last: 419537 ns, Reaching safepoint: 62558 ns, At safepoint: 6350 ns, Total: 68908 ns
[2020-12-07T08:49:22.190+0000][12575][safepoint   ] Safepoint "ICBufferFull", Time since last: 563205 ns, Reaching safepoint: 74919 ns, At safepoint: 27379 ns, Total: 102298 ns
[2020-12-07T08:49:22.190+0000][12575][safepoint   ] Safepoint "ICBufferFull", Time since last: 449286 ns, Reaching safepoint: 78582 ns, At safepoint: 24469 ns, Total: 103051 ns
[2020-12-07T08:49:22.191+0000][12575][safepoint   ] Safepoint "ICBufferFull", Time since last: 421221 ns, Reaching safepoint: 66019 ns, At safepoint: 69009 ns, Total: 135028 ns
[2020-12-07T08:49:22.191+0000][12575][safepoint   ] Safepoint "ICBufferFull", Time since last: 384165 ns, Reaching safepoint: 22682 ns, At safepoint: 4085 ns, Total: 26767 ns
[2020-12-07T08:49:22.192+0000][12575][safepoint   ] Safepoint "ICBufferFull", Time since last: 411981 ns, Reaching safepoint: 23381 ns, At safepoint: 32445 ns, Total: 55826 ns
[2020-12-07T08:49:22.192+0000][12575][safepoint   ] Safepoint "ICBufferFull", Time since last: 427879 ns, Reaching safepoint: 25873 ns, At safepoint: 32114 ns, Total: 57987 ns
[2020-12-07T08:49:22.193+0000][12575][safepoint   ] Safepoint "ICBufferFull", Time since last: 466138 ns, Reaching safepoint: 52810 ns, At safepoint: 2104 ns, Total: 54914 ns
[2020-12-07T08:49:22.193+0000][12575][safepoint   ] Safepoint "ICBufferFull", Time since last: 415303 ns, Reaching safepoint: 51454 ns, At safepoint: 5829 ns, Total: 57283 ns
[2020-12-07T08:49:22.194+0000][12575][safepoint   ] Safepoint "ICBufferFull", Time since last: 412979 ns, Reaching safepoint: 59356 ns, At safepoint: 2762 ns, Total: 62118 ns
[2020-12-07T08:49:22.194+0000][12575][safepoint   ] Safepoint "ICBufferFull", Time since last: 721353 ns, Reaching safepoint: 63661 ns, At safepoint: 72237 ns, Total: 135898 ns
[2020-12-07T08:49:22.195+0000][12575][safepoint   ] Safepoint "ICBufferFull", Time since last: 442300 ns, Reaching safepoint: 25812 ns, At safepoint: 40402 ns, Total: 66214 ns
[2020-12-07T08:49:22.425+0000][12575][safepoint   ] Safepoint "ICBufferFull", Time since last: 229661154 ns, Reaching safepoint: 127126 ns, At safepoint: 30312 ns, Total: 157438 ns
[2020-12-07T08:49:23.074+0000][12575][gc,start    ] GC(2) Pause Young (Normal) (G1 Evacuation Pause)
[2020-12-07T08:49:23.074+0000][12575][gc,task     ] GC(2) Using 13 workers of 13 for evacuation
[2020-12-07T08:49:23.074+0000][12575][gc,age      ] GC(2) Desired survivor size 40370176 bytes, new threshold 15 (max threshold 15)
[2020-12-07T08:49:23.077+0000][12575][gc,age      ] GC(2) Age table with threshold 15 (max threshold 15)
[2020-12-07T08:49:23.077+0000][12575][gc,age      ] GC(2) - age   1:    8103344 bytes,    8103344 total
[2020-12-07T08:49:23.077+0000][12575][gc,age      ] GC(2) - age   2:     973904 bytes,    9077248 total
[2020-12-07T08:49:23.077+0000][12575][gc,phases   ] GC(2)   Pre Evacuate Collection Set: 0.1ms
[2020-12-07T08:49:23.077+0000][12575][gc,phases   ] GC(2)   Merge Heap Roots: 0.1ms
[2020-12-07T08:49:23.077+0000][12575][gc,phases   ] GC(2)   Evacuate Collection Set: 2.0ms
[2020-12-07T08:49:23.077+0000][12575][gc,phases   ] GC(2)   Post Evacuate Collection Set: 0.7ms
[2020-12-07T08:49:23.077+0000][12575][gc,phases   ] GC(2)   Other: 0.3ms
[2020-12-07T08:49:23.077+0000][12575][gc,heap     ] GC(2) Eden regions: 610->0(604)
[2020-12-07T08:49:23.077+0000][12575][gc,heap     ] GC(2) Survivor regions: 4->10(77)
[2020-12-07T08:49:23.077+0000][12575][gc,heap     ] GC(2) Old regions: 6->6
[2020-12-07T08:49:23.077+0000][12575][gc,heap     ] GC(2) Archive regions: 2->2
[2020-12-07T08:49:23.077+0000][12575][gc,heap     ] GC(2) Humongous regions: 2->1
[2020-12-07T08:49:23.077+0000][12575][gc,metaspace] GC(2) Metaspace: 19425K(20480K)->19425K(20480K) NonClass: 17072K(17920K)->17072K(17920K) Class: 2352K(2560K)->2352K(2560K)
[2020-12-07T08:49:23.077+0000][12575][gc          ] GC(2) Pause Young (Normal) (G1 Evacuation Pause) 621M->16M(1024M) 3.253ms
[2020-12-07T08:49:23.077+0000][12575][gc,cpu      ] GC(2) User=0.03s Sys=0.00s Real=0.00s
[2020-12-07T08:49:23.077+0000][12575][safepoint   ] Safepoint "G1CollectForAllocation", Time since last: 648629135 ns, Reaching safepoint: 106072 ns, At safepoint: 3327465 ns, Total: 3433537 ns
[2020-12-07T08:49:23.542+0000][12575][gc,start    ] GC(3) Pause Young (Concurrent Start) (Metadata GC Threshold)
[2020-12-07T08:49:23.542+0000][12575][gc,task     ] GC(3) Using 13 workers of 13 for evacuation
[2020-12-07T08:49:23.542+0000][12575][gc,age      ] GC(3) Desired survivor size 40370176 bytes, new threshold 15 (max threshold 15)
[2020-12-07T08:49:23.545+0000][12575][gc,age      ] GC(3) Age table with threshold 15 (max threshold 15)
[2020-12-07T08:49:23.545+0000][12575][gc,age      ] GC(3) - age   1:    2450664 bytes,    2450664 total
[2020-12-07T08:49:23.545+0000][12575][gc,age      ] GC(3) - age   2:    7509424 bytes,    9960088 total
[2020-12-07T08:49:23.545+0000][12575][gc,age      ] GC(3) - age   3:     973904 bytes,   10933992 total
[2020-12-07T08:49:23.545+0000][12575][gc,phases   ] GC(3)   Pre Evacuate Collection Set: 0.1ms
[2020-12-07T08:49:23.545+0000][12575][gc,phases   ] GC(3)   Merge Heap Roots: 0.1ms
[2020-12-07T08:49:23.545+0000][12575][gc,phases   ] GC(3)   Evacuate Collection Set: 2.1ms
[2020-12-07T08:49:23.545+0000][12575][gc,phases   ] GC(3)   Post Evacuate Collection Set: 0.5ms
[2020-12-07T08:49:23.545+0000][12575][gc,phases   ] GC(3)   Other: 0.4ms
[2020-12-07T08:49:23.545+0000][12575][gc,heap     ] GC(3) Eden regions: 430->0(602)
[2020-12-07T08:49:23.545+0000][12575][gc,heap     ] GC(3) Survivor regions: 10->12(77)
[2020-12-07T08:49:23.545+0000][12575][gc,heap     ] GC(3) Old regions: 6->6
[2020-12-07T08:49:23.545+0000][12575][gc,heap     ] GC(3) Archive regions: 2->2
[2020-12-07T08:49:23.545+0000][12575][gc,heap     ] GC(3) Humongous regions: 1->1
[2020-12-07T08:49:23.545+0000][12575][gc,metaspace] GC(3) Metaspace: 20132K(21296K)->20132K(21296K) NonClass: 17669K(18608K)->17669K(18608K) Class: 2463K(2688K)->2463K(2688K)
[2020-12-07T08:49:23.545+0000][12575][gc          ] GC(3) Pause Young (Concurrent Start) (Metadata GC Threshold) 446M->19M(1024M) 3.287ms
[2020-12-07T08:49:23.545+0000][12575][gc,cpu      ] GC(3) User=0.03s Sys=0.00s Real=0.00s
[2020-12-07T08:49:23.545+0000][12575][gc          ] GC(4) Concurrent Cycle
[2020-12-07T08:49:23.545+0000][12575][gc,marking  ] GC(4) Concurrent Clear Claimed Marks
[2020-12-07T08:49:23.545+0000][12575][gc,marking  ] GC(4) Concurrent Clear Claimed Marks 0.017ms
[2020-12-07T08:49:23.545+0000][12575][gc,marking  ] GC(4) Concurrent Scan Root Regions
[2020-12-07T08:49:23.546+0000][12575][safepoint   ] Safepoint "CollectForMetadataAllocation", Time since last: 465131771 ns, Reaching safepoint: 73560 ns, At safepoint: 3470108 ns, Total: 3543668 ns
[2020-12-07T08:49:23.547+0000][12575][gc,marking  ] GC(4) Concurrent Scan Root Regions 1.404ms
[2020-12-07T08:49:23.547+0000][12575][gc,marking  ] GC(4) Concurrent Mark (4.046s)
[2020-12-07T08:49:23.547+0000][12575][gc,marking  ] GC(4) Concurrent Mark From Roots
[2020-12-07T08:49:23.547+0000][12575][gc,task     ] GC(4) Using 3 workers of 3 for marking
[2020-12-07T08:49:23.550+0000][12575][gc,marking  ] GC(4) Concurrent Mark From Roots 2.889ms
[2020-12-07T08:49:23.550+0000][12575][gc,marking  ] GC(4) Concurrent Preclean
[2020-12-07T08:49:23.550+0000][12575][gc,marking  ] GC(4) Concurrent Preclean 0.068ms
[2020-12-07T08:49:23.550+0000][12575][gc,marking  ] GC(4) Concurrent Mark (4.046s, 4.049s) 3.007ms
[2020-12-07T08:49:23.550+0000][12575][gc,start    ] GC(4) Pause Remark
[2020-12-07T08:49:23.551+0000][12575][gc          ] GC(4) Pause Remark 20M->20M(1024M) 1.057ms
[2020-12-07T08:49:23.551+0000][12575][gc,cpu      ] GC(4) User=0.00s Sys=0.00s Real=0.00s
[2020-12-07T08:49:23.551+0000][12575][safepoint   ] Safepoint "G1Concurrent", Time since last: 4434091 ns, Reaching safepoint: 122620 ns, At safepoint: 1182974 ns, Total: 1305594 ns
[2020-12-07T08:49:23.551+0000][12575][gc,marking  ] GC(4) Concurrent Rebuild Remembered Sets
[2020-12-07T08:49:23.553+0000][12575][gc,marking  ] GC(4) Concurrent Rebuild Remembered Sets 2.171ms
[2020-12-07T08:49:23.554+0000][12575][gc,start    ] GC(4) Pause Cleanup
[2020-12-07T08:49:23.554+0000][12575][gc          ] GC(4) Pause Cleanup 24M->24M(1024M) 0.127ms
[2020-12-07T08:49:23.554+0000][12575][gc,cpu      ] GC(4) User=0.01s Sys=0.00s Real=0.00s
[2020-12-07T08:49:23.554+0000][12575][safepoint   ] Safepoint "G1Concurrent", Time since last: 2244906 ns, Reaching safepoint: 375685 ns, At safepoint: 239058 ns, Total: 614743 ns
[2020-12-07T08:49:23.554+0000][12575][gc,marking  ] GC(4) Concurrent Cleanup for Next Mark
[2020-12-07T08:49:23.556+0000][12575][gc,marking  ] GC(4) Concurrent Cleanup for Next Mark 1.443ms
[2020-12-07T08:49:23.556+0000][12575][gc          ] GC(4) Concurrent Cycle 10.182ms
[2020-12-07T08:49:24.254+0000][12575][safepoint   ] Safepoint "ICBufferFull", Time since last: 699518739 ns, Reaching safepoint: 143541 ns, At safepoint: 29137 ns, Total: 172678 ns
[2020-12-07T08:49:24.919+0000][12575][safepoint   ] Safepoint "ICBufferFull", Time since last: 665007161 ns, Reaching safepoint: 195554 ns, At safepoint: 28891 ns, Total: 224445 ns
[2020-12-07T08:49:25.446+0000][12575][gc,start    ] GC(5) Pause Young (Concurrent Start) (Metadata GC Threshold)
[2020-12-07T08:49:25.446+0000][12575][gc,task     ] GC(5) Using 13 workers of 13 for evacuation
[2020-12-07T08:49:25.446+0000][12575][gc,age      ] GC(5) Desired survivor size 40370176 bytes, new threshold 15 (max threshold 15)
[2020-12-07T08:49:25.457+0000][12575][gc,age      ] GC(5) Age table with threshold 15 (max threshold 15)
[2020-12-07T08:49:25.457+0000][12575][gc,age      ] GC(5) - age   1:   32509592 bytes,   32509592 total
[2020-12-07T08:49:25.457+0000][12575][gc,age      ] GC(5) - age   2:    2397680 bytes,   34907272 total
[2020-12-07T08:49:25.457+0000][12575][gc,age      ] GC(5) - age   3:    7438496 bytes,   42345768 total
[2020-12-07T08:49:25.457+0000][12575][gc,age      ] GC(5) - age   4:     945296 bytes,   43291064 total
[2020-12-07T08:49:25.457+0000][12575][gc,phases   ] GC(5)   Pre Evacuate Collection Set: 0.2ms
[2020-12-07T08:49:25.457+0000][12575][gc,phases   ] GC(5)   Merge Heap Roots: 0.1ms
[2020-12-07T08:49:25.457+0000][12575][gc,phases   ] GC(5)   Evacuate Collection Set: 8.9ms
[2020-12-07T08:49:25.457+0000][12575][gc,phases   ] GC(5)   Post Evacuate Collection Set: 1.3ms
[2020-12-07T08:49:25.457+0000][12575][gc,phases   ] GC(5)   Other: 0.3ms
[2020-12-07T08:49:25.457+0000][12575][gc,heap     ] GC(5) Eden regions: 554->0(572)
[2020-12-07T08:49:25.457+0000][12575][gc,heap     ] GC(5) Survivor regions: 12->42(77)
[2020-12-07T08:49:25.457+0000][12575][gc,heap     ] GC(5) Old regions: 6->6
[2020-12-07T08:49:25.457+0000][12575][gc,heap     ] GC(5) Archive regions: 2->2
[2020-12-07T08:49:25.457+0000][12575][gc,heap     ] GC(5) Humongous regions: 1->1
[2020-12-07T08:49:25.457+0000][12575][gc,metaspace] GC(5) Metaspace: 33746K(35888K)->33746K(35888K) NonClass: 29383K(30896K)->29383K(30896K) Class: 4363K(4992K)->4363K(4992K)
[2020-12-07T08:49:25.457+0000][12575][gc          ] GC(5) Pause Young (Concurrent Start) (Metadata GC Threshold) 573M->49M(1024M) 10.771ms
[2020-12-07T08:49:25.457+0000][12575][gc,cpu      ] GC(5) User=0.12s Sys=0.00s Real=0.01s
[2020-12-07T08:49:25.457+0000][12575][gc          ] GC(6) Concurrent Cycle
[2020-12-07T08:49:25.457+0000][12575][gc,marking  ] GC(6) Concurrent Clear Claimed Marks
[2020-12-07T08:49:25.457+0000][12575][gc,marking  ] GC(6) Concurrent Clear Claimed Marks 0.035ms
[2020-12-07T08:49:25.457+0000][12575][gc,marking  ] GC(6) Concurrent Scan Root Regions
[2020-12-07T08:49:25.457+0000][12575][safepoint   ] Safepoint "CollectForMetadataAllocation", Time since last: 526841610 ns, Reaching safepoint: 151555 ns, At safepoint: 10981984 ns, Total: 11133539 ns
[2020-12-07T08:49:25.465+0000][12575][gc,marking  ] GC(6) Concurrent Scan Root Regions 7.613ms
[2020-12-07T08:49:25.465+0000][12575][gc,marking  ] GC(6) Concurrent Mark (5.963s)
[2020-12-07T08:49:25.465+0000][12575][gc,marking  ] GC(6) Concurrent Mark From Roots
[2020-12-07T08:49:25.465+0000][12575][gc,task     ] GC(6) Using 3 workers of 3 for marking
[2020-12-07T08:49:25.465+0000][12575][safepoint   ] Safepoint "CollectForMetadataAllocation", Time since last: 7785346 ns, Reaching safepoint: 57016 ns, At safepoint: 146692 ns, Total: 203708 ns
[2020-12-07T08:49:25.468+0000][12575][gc,marking  ] GC(6) Concurrent Mark From Roots 2.999ms
[2020-12-07T08:49:25.468+0000][12575][gc,marking  ] GC(6) Concurrent Preclean
[2020-12-07T08:49:25.468+0000][12575][gc,marking  ] GC(6) Concurrent Preclean 0.039ms
[2020-12-07T08:49:25.468+0000][12575][gc,marking  ] GC(6) Concurrent Mark (5.963s, 5.966s) 3.069ms
[2020-12-07T08:49:25.468+0000][12575][gc,start    ] GC(6) Pause Remark
[2020-12-07T08:49:25.469+0000][12575][gc          ] GC(6) Pause Remark 50M->50M(1024M) 1.132ms
[2020-12-07T08:49:25.469+0000][12575][gc,cpu      ] GC(6) User=0.01s Sys=0.00s Real=0.00s
[2020-12-07T08:49:25.469+0000][12575][safepoint   ] Safepoint "G1Concurrent", Time since last: 2705151 ns, Reaching safepoint: 84370 ns, At safepoint: 1229602 ns, Total: 1313972 ns
[2020-12-07T08:49:25.469+0000][12575][gc,marking  ] GC(6) Concurrent Rebuild Remembered Sets
[2020-12-07T08:49:25.471+0000][12575][gc,marking  ] GC(6) Concurrent Rebuild Remembered Sets 1.878ms
[2020-12-07T08:49:25.471+0000][12575][gc,start    ] GC(6) Pause Cleanup
[2020-12-07T08:49:25.471+0000][12575][gc          ] GC(6) Pause Cleanup 51M->51M(1024M) 0.115ms
[2020-12-07T08:49:25.471+0000][12575][gc,cpu      ] GC(6) User=0.00s Sys=0.00s Real=0.00s
[2020-12-07T08:49:25.471+0000][12575][safepoint   ] Safepoint "G1Concurrent", Time since last: 1925572 ns, Reaching safepoint: 197283 ns, At safepoint: 199114 ns, Total: 396397 ns
[2020-12-07T08:49:25.471+0000][12575][gc,marking  ] GC(6) Concurrent Cleanup for Next Mark
[2020-12-07T08:49:25.473+0000][12575][gc,marking  ] GC(6) Concurrent Cleanup for Next Mark 1.203ms
[2020-12-07T08:49:25.473+0000][12575][gc          ] GC(6) Concurrent Cycle 15.686ms
[2020-12-07T08:49:25.887+0000][12575][safepoint   ] Safepoint "ICBufferFull", Time since last: 415565842 ns, Reaching safepoint: 166207 ns, At safepoint: 52416 ns, Total: 218623 ns
[2020-12-07T08:49:26.416+0000][12575][safepoint   ] Safepoint "ICBufferFull", Time since last: 528608031 ns, Reaching safepoint: 202709 ns, At safepoint: 23876 ns, Total: 226585 ns
[2020-12-07T08:49:27.261+0000][12575][gc,start    ] GC(7) Pause Young (Concurrent Start) (Metadata GC Threshold)
[2020-12-07T08:49:27.261+0000][12575][gc,task     ] GC(7) Using 13 workers of 13 for evacuation
[2020-12-07T08:49:27.261+0000][12575][gc,age      ] GC(7) Desired survivor size 40370176 bytes, new threshold 3 (max threshold 15)
[2020-12-07T08:49:27.274+0000][12575][gc,age      ] GC(7) Age table with threshold 3 (max threshold 15)
[2020-12-07T08:49:27.274+0000][12575][gc,age      ] GC(7) - age   1:   11528816 bytes,   11528816 total
[2020-12-07T08:49:27.274+0000][12575][gc,age      ] GC(7) - age   2:   32140816 bytes,   43669632 total
[2020-12-07T08:49:27.274+0000][12575][gc,age      ] GC(7) - age   3:    2372776 bytes,   46042408 total
[2020-12-07T08:49:27.274+0000][12575][gc,phases   ] GC(7)   Pre Evacuate Collection Set: 0.1ms
[2020-12-07T08:49:27.274+0000][12575][gc,phases   ] GC(7)   Merge Heap Roots: 0.1ms
[2020-12-07T08:49:27.274+0000][12575][gc,phases   ] GC(7)   Evacuate Collection Set: 11.7ms
[2020-12-07T08:49:27.274+0000][12575][gc,phases   ] GC(7)   Post Evacuate Collection Set: 1.1ms
[2020-12-07T08:49:27.274+0000][12575][gc,phases   ] GC(7)   Other: 0.2ms
[2020-12-07T08:49:27.274+0000][12575][gc,heap     ] GC(7) Eden regions: 259->0(567)
[2020-12-07T08:49:27.274+0000][12575][gc,heap     ] GC(7) Survivor regions: 42->47(77)
[2020-12-07T08:49:27.274+0000][12575][gc,heap     ] GC(7) Old regions: 6->14
[2020-12-07T08:49:27.274+0000][12575][gc,heap     ] GC(7) Archive regions: 2->2
[2020-12-07T08:49:27.274+0000][12575][gc,heap     ] GC(7) Humongous regions: 1->1
[2020-12-07T08:49:27.274+0000][12575][gc,metaspace] GC(7) Metaspace: 57744K(60668K)->57744K(60668K) NonClass: 50090K(52092K)->50090K(52092K) Class: 7654K(8576K)->7654K(8576K)
[2020-12-07T08:49:27.274+0000][12575][gc          ] GC(7) Pause Young (Concurrent Start) (Metadata GC Threshold) 307M->62M(1024M) 13.230ms
[2020-12-07T08:49:27.274+0000][12575][gc,cpu      ] GC(7) User=0.17s Sys=0.00s Real=0.01s
[2020-12-07T08:49:27.274+0000][12575][gc          ] GC(8) Concurrent Cycle
[2020-12-07T08:49:27.274+0000][12575][gc,marking  ] GC(8) Concurrent Clear Claimed Marks
[2020-12-07T08:49:27.274+0000][12575][gc,marking  ] GC(8) Concurrent Clear Claimed Marks 0.042ms
[2020-12-07T08:49:27.274+0000][12575][gc,marking  ] GC(8) Concurrent Scan Root Regions
[2020-12-07T08:49:27.274+0000][12575][safepoint   ] Safepoint "CollectForMetadataAllocation", Time since last: 844689932 ns, Reaching safepoint: 131171 ns, At safepoint: 13449569 ns, Total: 13580740 ns
[2020-12-07T08:49:27.285+0000][12575][gc,marking  ] GC(8) Concurrent Scan Root Regions 10.318ms
[2020-12-07T08:49:27.285+0000][12575][gc,marking  ] GC(8) Concurrent Mark (7.783s)
[2020-12-07T08:49:27.285+0000][12575][gc,marking  ] GC(8) Concurrent Mark From Roots
[2020-12-07T08:49:27.285+0000][12575][gc,task     ] GC(8) Using 3 workers of 3 for marking
[2020-12-07T08:49:27.287+0000][12575][gc,marking  ] GC(8) Concurrent Mark From Roots 2.846ms
[2020-12-07T08:49:27.287+0000][12575][gc,marking  ] GC(8) Concurrent Preclean
[2020-12-07T08:49:27.288+0000][12575][gc,marking  ] GC(8) Concurrent Preclean 0.055ms
[2020-12-07T08:49:27.288+0000][12575][gc,marking  ] GC(8) Concurrent Mark (7.783s, 7.786s) 2.953ms
[2020-12-07T08:49:27.288+0000][12575][gc,start    ] GC(8) Pause Remark
[2020-12-07T08:49:27.289+0000][12575][gc          ] GC(8) Pause Remark 64M->64M(1024M) 1.189ms
[2020-12-07T08:49:27.289+0000][12575][gc,cpu      ] GC(8) User=0.01s Sys=0.00s Real=0.00s
[2020-12-07T08:49:27.289+0000][12575][safepoint   ] Safepoint "G1Concurrent", Time since last: 13262554 ns, Reaching safepoint: 99114 ns, At safepoint: 1284225 ns, Total: 1383339 ns
[2020-12-07T08:49:27.289+0000][12575][gc,marking  ] GC(8) Concurrent Rebuild Remembered Sets
[2020-12-07T08:49:27.292+0000][12575][gc,marking  ] GC(8) Concurrent Rebuild Remembered Sets 3.086ms
[2020-12-07T08:49:27.293+0000][12575][gc,start    ] GC(8) Pause Cleanup
[2020-12-07T08:49:27.293+0000][12575][gc          ] GC(8) Pause Cleanup 64M->64M(1024M) 0.132ms
[2020-12-07T08:49:27.293+0000][12575][gc,cpu      ] GC(8) User=0.00s Sys=0.00s Real=0.00s
[2020-12-07T08:49:27.293+0000][12575][safepoint   ] Safepoint "G1Concurrent", Time since last: 3139035 ns, Reaching safepoint: 427789 ns, At safepoint: 180794 ns, Total: 608583 ns
[2020-12-07T08:49:27.293+0000][12575][gc,marking  ] GC(8) Concurrent Cleanup for Next Mark
[2020-12-07T08:49:27.294+0000][12575][gc,marking  ] GC(8) Concurrent Cleanup for Next Mark 1.066ms
[2020-12-07T08:49:27.294+0000][12575][gc          ] GC(8) Concurrent Cycle 19.627ms
[2020-12-07T08:49:27.976+0000][12575][safepoint   ] Safepoint "ICBufferFull", Time since last: 682872974 ns, Reaching safepoint: 548430 ns, At safepoint: 31877 ns, Total: 580307 ns
[2020-12-07T08:49:28.565+0000][12575][safepoint   ] Safepoint "ICBufferFull", Time since last: 588857274 ns, Reaching safepoint: 142808 ns, At safepoint: 49093 ns, Total: 191901 ns
[2020-12-07T08:49:29.061+0000][12575][safepoint   ] Safepoint "ICBufferFull", Time since last: 495613014 ns, Reaching safepoint: 212013 ns, At safepoint: 64302 ns, Total: 276315 ns
[2020-12-07T08:49:30.065+0000][12575][safepoint   ] Safepoint "Cleanup", Time since last: 1003598476 ns, Reaching safepoint: 222721 ns, At safepoint: 38435 ns, Total: 261156 ns
[2020-12-07T08:49:33.070+0000][12575][safepoint   ] Safepoint "Cleanup", Time since last: 3005140256 ns, Reaching safepoint: 118227 ns, At safepoint: 2226 ns, Total: 120453 ns
[2020-12-07T08:49:34.072+0000][12575][safepoint   ] Safepoint "Cleanup", Time since last: 1001808256 ns, Reaching safepoint: 71729 ns, At safepoint: 44449 ns, Total: 116178 ns
[2020-12-07T08:49:35.076+0000][12575][safepoint   ] Safepoint "Cleanup", Time since last: 1003473310 ns, Reaching safepoint: 165982 ns, At safepoint: 63247 ns, Total: 229229 ns
[2020-12-07T08:49:36.080+0000][12575][safepoint   ] Safepoint "Cleanup", Time since last: 1003965012 ns, Reaching safepoint: 205805 ns, At safepoint: 12147 ns, Total: 217952 ns
[2020-12-07T08:49:37.085+0000][12575][safepoint   ] Safepoint "Cleanup", Time since last: 1004982886 ns, Reaching safepoint: 155010 ns, At safepoint: 42769 ns, Total: 197779 ns
[2020-12-07T08:49:42.096+0000][12575][safepoint   ] Safepoint "Cleanup", Time since last: 5010256713 ns, Reaching safepoint: 153792 ns, At safepoint: 56313 ns, Total: 210105 ns
[2020-12-07T08:49:44.104+0000][12575][safepoint   ] Safepoint "Cleanup", Time since last: 2008056964 ns, Reaching safepoint: 119642 ns, At safepoint: 17675 ns, Total: 137317 ns
[2020-12-07T08:49:46.107+0000][12575][safepoint   ] Safepoint "Cleanup", Time since last: 2002892495 ns, Reaching safepoint: 106513 ns, At safepoint: 7733 ns, Total: 114246 ns
[2020-12-07T08:49:47.109+0000][12575][safepoint   ] Safepoint "Cleanup", Time since last: 1001191427 ns, Reaching safepoint: 120314 ns, At safepoint: 28852 ns, Total: 149166 ns
[2020-12-07T08:49:50.122+0000][12575][safepoint   ] Safepoint "Cleanup", Time since last: 3012889835 ns, Reaching safepoint: 196181 ns, At safepoint: 20500 ns, Total: 216681 ns
[2020-12-07T08:49:52.124+0000][12575][safepoint   ] Safepoint "Cleanup", Time since last: 2002277304 ns, Reaching safepoint: 129973 ns, At safepoint: 37696 ns, Total: 167669 ns
[2020-12-07T08:49:54.130+0000][12575][safepoint   ] Safepoint "Cleanup", Time since last: 2005756211 ns, Reaching safepoint: 94104 ns, At safepoint: 53898 ns, Total: 148002 ns
[2020-12-07T08:49:56.138+0000][12575][safepoint   ] Safepoint "Cleanup", Time since last: 2007258165 ns, Reaching safepoint: 188443 ns, At safepoint: 20658 ns, Total: 209101 ns
[2020-12-07T08:49:57.138+0000][12575][safepoint   ] Safepoint "Cleanup", Time since last: 1000158627 ns, Reaching safepoint: 146034 ns, At safepoint: 19839 ns, Total: 165873 ns
[2020-12-07T08:49:58.141+0000][12575][safepoint   ] Safepoint "Cleanup", Time since last: 1003177504 ns, Reaching safepoint: 103653 ns, At safepoint: 12516 ns, Total: 116169 ns
[2020-12-07T08:49:59.146+0000][12575][safepoint   ] Safepoint "Cleanup", Time since last: 1004034835 ns, Reaching safepoint: 161839 ns, At safepoint: 54166 ns, Total: 216005 ns
[2020-12-07T08:50:02.154+0000][12575][safepoint   ] Safepoint "Cleanup", Time since last: 3007834038 ns, Reaching safepoint: 200738 ns, At safepoint: 25742 ns, Total: 226480 ns
[2020-12-07T08:50:12.187+0000][12575][safepoint   ] Safepoint "Cleanup", Time since last: 10032845543 ns, Reaching safepoint: 154267 ns, At safepoint: 4997 ns, Total: 159264 ns
[2020-12-07T08:50:13.190+0000][12575][safepoint   ] Safepoint "Cleanup", Time since last: 1002676950 ns, Reaching safepoint: 136012 ns, At safepoint: 9267 ns, Total: 145279 ns
[2020-12-07T08:50:14.195+0000][12575][safepoint   ] Safepoint "Cleanup", Time since last: 1005051096 ns, Reaching safepoint: 72401 ns, At safepoint: 3945 ns, Total: 76346 ns
[2020-12-07T08:50:15.197+0000][12575][safepoint   ] Safepoint "Cleanup", Time since last: 1001419265 ns, Reaching safepoint: 169105 ns, At safepoint: 57886 ns, Total: 226991 ns
[2020-12-07T08:50:18.208+0000][12575][safepoint   ] Safepoint "Cleanup", Time since last: 3010831330 ns, Reaching safepoint: 190612 ns, At safepoint: 42764 ns, Total: 233376 ns
[2020-12-07T08:50:20.213+0000][12575][safepoint   ] Safepoint "Cleanup", Time since last: 2004752240 ns, Reaching safepoint: 179637 ns, At safepoint: 17872 ns, Total: 197509 ns
[2020-12-07T08:50:21.217+0000][12575][safepoint   ] Safepoint "Cleanup", Time since last: 1003970292 ns, Reaching safepoint: 177970 ns, At safepoint: 33031 ns, Total: 211001 ns
[2020-12-07T08:50:24.224+0000][12575][safepoint   ] Safepoint "Cleanup", Time since last: 3006776084 ns, Reaching safepoint: 118432 ns, At safepoint: 55320 ns, Total: 173752 ns
[2020-12-07T08:50:25.228+0000][12575][safepoint   ] Safepoint "Cleanup", Time since last: 1003812223 ns, Reaching safepoint: 118209 ns, At safepoint: 5900 ns, Total: 124109 ns
[2020-12-07T08:50:29.235+0000][12575][safepoint   ] Safepoint "Cleanup", Time since last: 4007325733 ns, Reaching safepoint: 154889 ns, At safepoint: 26049 ns, Total: 180938 ns
[2020-12-07T08:50:30.239+0000][12575][safepoint   ] Safepoint "Cleanup", Time since last: 1003680229 ns, Reaching safepoint: 169561 ns, At safepoint: 73310 ns, Total: 242871 ns
[2020-12-07T08:50:34.254+0000][12575][safepoint   ] Safepoint "Cleanup", Time since last: 4014772640 ns, Reaching safepoint: 110178 ns, At safepoint: 12673 ns, Total: 122851 ns
[2020-12-07T08:50:35.259+0000][12575][safepoint   ] Safepoint "Cleanup", Time since last: 1004865992 ns, Reaching safepoint: 124174 ns, At safepoint: 89543 ns, Total: 213717 ns
[2020-12-07T08:50:37.264+0000][12575][safepoint   ] Safepoint "Cleanup", Time since last: 2003940709 ns, Reaching safepoint: 67592 ns, At safepoint: 2597 ns, Total: 70189 ns
[2020-12-07T08:50:39.270+0000][12575][safepoint   ] Safepoint "Cleanup", Time since last: 2005988200 ns, Reaching safepoint: 165039 ns, At safepoint: 82319 ns, Total: 247358 ns
[2020-12-07T08:50:42.212+0000][12575][safepoint   ] Safepoint "Cleanup", Time since last: 2942262947 ns, Reaching safepoint: 80713 ns, At safepoint: 25512 ns, Total: 106225 ns
[2020-12-07T08:50:43.252+0000][12575][safepoint   ] Safepoint "Cleanup", Time since last: 1039425784 ns, Reaching safepoint: 355201 ns, At safepoint: 65128 ns, Total: 420329 ns
[2020-12-07T08:50:47.254+0000][12575][safepoint   ] Safepoint "Cleanup", Time since last: 4002179899 ns, Reaching safepoint: 59388 ns, At safepoint: 7816 ns, Total: 67204 ns
[2020-12-07T08:50:51.259+0000][12575][safepoint   ] Safepoint "Cleanup", Time since last: 4004510028 ns, Reaching safepoint: 130531 ns, At safepoint: 36975 ns, Total: 167506 ns
[2020-12-07T08:50:53.267+0000][12575][safepoint   ] Safepoint "Cleanup", Time since last: 2007504693 ns, Reaching safepoint: 193836 ns, At safepoint: 28965 ns, Total: 222801 ns
[2020-12-07T08:50:54.271+0000][12575][safepoint   ] Safepoint "Cleanup", Time since last: 1003995587 ns, Reaching safepoint: 189454 ns, At safepoint: 21952 ns, Total: 211406 ns
[2020-12-07T08:50:58.286+0000][12575][safepoint   ] Safepoint "Cleanup", Time since last: 4014540908 ns, Reaching safepoint: 226675 ns, At safepoint: 28077 ns, Total: 254752 ns
[2020-12-07T08:50:59.288+0000][12575][safepoint   ] Safepoint "Cleanup", Time since last: 1001677565 ns, Reaching safepoint: 178213 ns, At safepoint: 31388 ns, Total: 209601 ns
[2020-12-07T08:51:01.295+0000][12575][safepoint   ] Safepoint "Cleanup", Time since last: 2006473567 ns, Reaching safepoint: 75519 ns, At safepoint: 3182 ns, Total: 78701 ns
[2020-12-07T08:51:08.320+0000][12575][safepoint   ] Safepoint "Cleanup", Time since last: 7025011141 ns, Reaching safepoint: 164735 ns, At safepoint: 24184 ns, Total: 188919 ns
[2020-12-07T08:51:12.336+0000][12575][safepoint   ] Safepoint "Cleanup", Time since last: 4016045848 ns, Reaching safepoint: 173883 ns, At safepoint: 55463 ns, Total: 229346 ns
[2020-12-07T08:51:19.357+0000][12575][safepoint   ] Safepoint "Cleanup", Time since last: 7020043599 ns, Reaching safepoint: 104445 ns, At safepoint: 8731 ns, Total: 113176 ns
[2020-12-07T08:51:20.360+0000][12575][safepoint   ] Safepoint "Cleanup", Time since last: 1003103756 ns, Reaching safepoint: 167885 ns, At safepoint: 32009 ns, Total: 199894 ns
[2020-12-07T08:51:29.389+0000][12575][safepoint   ] Safepoint "Cleanup", Time since last: 9029181660 ns, Reaching safepoint: 77915 ns, At safepoint: 5325 ns, Total: 83240 ns
[2020-12-07T08:51:34.399+0000][12575][safepoint   ] Safepoint "Cleanup", Time since last: 5009394200 ns, Reaching safepoint: 101920 ns, At safepoint: 10370 ns, Total: 112290 ns
[2020-12-07T08:51:35.403+0000][12575][safepoint   ] Safepoint "Cleanup", Time since last: 1003813664 ns, Reaching safepoint: 123955 ns, At safepoint: 18616 ns, Total: 142571 ns
[2020-12-07T08:51:55.470+0000][12575][safepoint   ] Safepoint "Cleanup", Time since last: 20066134852 ns, Reaching safepoint: 168504 ns, At safepoint: 40898 ns, Total: 209402 ns
[2020-12-07T08:51:57.476+0000][12575][safepoint   ] Safepoint "Cleanup", Time since last: 2006571018 ns, Reaching safepoint: 164362 ns, At safepoint: 35741 ns, Total: 200103 ns
[2020-12-07T08:51:59.483+0000][12575][safepoint   ] Safepoint "Cleanup", Time since last: 2006395550 ns, Reaching safepoint: 129600 ns, At safepoint: 58782 ns, Total: 188382 ns
[2020-12-07T08:52:05.491+0000][12575][safepoint   ] Safepoint "Cleanup", Time since last: 6008011316 ns, Reaching safepoint: 131032 ns, At safepoint: 18181 ns, Total: 149213 ns
[2020-12-07T08:52:08.504+0000][12575][safepoint   ] Safepoint "Cleanup", Time since last: 3012019051 ns, Reaching safepoint: 266580 ns, At safepoint: 50456 ns, Total: 317036 ns
[2020-12-07T08:52:09.508+0000][12575][safepoint   ] Safepoint "Cleanup", Time since last: 1003714929 ns, Reaching safepoint: 172777 ns, At safepoint: 20739 ns, Total: 193516 ns
[2020-12-07T08:52:19.543+0000][12575][safepoint   ] Safepoint "Cleanup", Time since last: 10034984938 ns, Reaching safepoint: 133895 ns, At safepoint: 32173 ns, Total: 166068 ns
[2020-12-07T08:52:29.569+0000][12575][safepoint   ] Safepoint "Cleanup", Time since last: 10025800431 ns, Reaching safepoint: 78434 ns, At safepoint: 2391 ns, Total: 80825 ns
[2020-12-07T08:52:39.599+0000][12575][safepoint   ] Safepoint "Cleanup", Time since last: 10029436360 ns, Reaching safepoint: 83507 ns, At safepoint: 14735 ns, Total: 98242 ns
[2020-12-07T08:52:44.612+0000][12575][safepoint   ] Safepoint "Cleanup", Time since last: 5013065333 ns, Reaching safepoint: 175496 ns, At safepoint: 33831 ns, Total: 209327 ns
[2020-12-07T08:52:49.630+0000][12575][safepoint   ] Safepoint "Cleanup", Time since last: 5017683515 ns, Reaching safepoint: 162829 ns, At safepoint: 70870 ns, Total: 233699 ns
[2020-12-07T08:52:59.655+0000][12575][safepoint   ] Safepoint "Cleanup", Time since last: 10024403561 ns, Reaching safepoint: 81820 ns, At safepoint: 21686 ns, Total: 103506 ns
[2020-12-07T08:53:06.680+0000][12575][safepoint   ] Safepoint "Cleanup", Time since last: 7024562858 ns, Reaching safepoint: 165625 ns, At safepoint: 24610 ns, Total: 190235 ns
[2020-12-07T08:53:28.741+0000][12575][safepoint   ] Safepoint "Cleanup", Time since last: 22060218767 ns, Reaching safepoint: 163228 ns, At safepoint: 50847 ns, Total: 214075 ns
[2020-12-07T08:54:15.879+0000][12575][safepoint   ] Safepoint "Cleanup", Time since last: 47137445642 ns, Reaching safepoint: 177820 ns, At safepoint: 54871 ns, Total: 232691 ns
[2020-12-07T08:54:41.953+0000][12575][safepoint   ] Safepoint "Cleanup", Time since last: 26073216899 ns, Reaching safepoint: 189696 ns, At safepoint: 67966 ns, Total: 257662 ns
[2020-12-07T08:54:51.986+0000][12575][safepoint   ] Safepoint "Cleanup", Time since last: 10032705317 ns, Reaching safepoint: 174187 ns, At safepoint: 56340 ns, Total: 230527 ns
[2020-12-07T08:55:00.007+0000][12575][safepoint   ] Safepoint "Cleanup", Time since last: 8020385590 ns, Reaching safepoint: 254361 ns, At safepoint: 56754 ns, Total: 311115 ns
[2020-12-07T08:55:29.102+0000][12575][safepoint   ] Safepoint "Cleanup", Time since last: 29094188918 ns, Reaching safepoint: 97531 ns, At safepoint: 12681 ns, Total: 110212 ns
[2020-12-07T08:55:43.153+0000][12575][safepoint   ] Safepoint "Cleanup", Time since last: 14050046056 ns, Reaching safepoint: 200822 ns, At safepoint: 6364 ns, Total: 207186 ns
[2020-12-07T08:55:47.167+0000][12575][safepoint   ] Safepoint "Cleanup", Time since last: 4014122258 ns, Reaching safepoint: 80038 ns, At safepoint: 22615 ns, Total: 102653 ns
[2020-12-07T08:56:03.225+0000][12575][safepoint   ] Safepoint "Cleanup", Time since last: 16057157696 ns, Reaching safepoint: 198819 ns, At safepoint: 21818 ns, Total: 220637 ns
[2020-12-07T08:58:08.609+0000][12575][safepoint   ] Safepoint "Cleanup", Time since last: 125381637050 ns, Reaching safepoint: 186950 ns, At safepoint: 23027 ns, Total: 209977 ns
[2020-12-07T08:58:09.613+0000][12575][safepoint   ] Safepoint "Cleanup", Time since last: 1003954338 ns, Reaching safepoint: 184256 ns, At safepoint: 7159 ns, Total: 191415 ns
[2020-12-07T08:58:12.626+0000][12575][safepoint   ] Safepoint "Cleanup", Time since last: 3012790567 ns, Reaching safepoint: 175004 ns, At safepoint: 43335 ns, Total: 218339 ns
[2020-12-07T08:58:41.710+0000][12575][safepoint   ] Safepoint "Cleanup", Time since last: 29082638923 ns, Reaching safepoint: 171840 ns, At safepoint: 56751 ns, Total: 228591 ns
[2020-12-07T08:58:54.748+0000][12575][safepoint   ] Safepoint "Cleanup", Time since last: 13037813482 ns, Reaching safepoint: 178932 ns, At safepoint: 3767 ns, Total: 182699 ns
[2020-12-07T08:58:59.755+0000][12575][safepoint   ] Safepoint "Cleanup", Time since last: 5006655721 ns, Reaching safepoint: 132524 ns, At safepoint: 14197 ns, Total: 146721 ns
[2020-12-07T08:59:11.789+0000][12575][safepoint   ] Safepoint "Cleanup", Time since last: 12036387871 ns, Reaching safepoint: 155624 ns, At safepoint: 26530 ns, Total: 182154 ns
[2020-12-07T08:59:29.827+0000][12575][safepoint   ] Safepoint "Cleanup", Time since last: 18053482627 ns, Reaching safepoint: 175984 ns, At safepoint: 56086 ns, Total: 232070 ns
[2020-12-07T08:59:47.893+0000][12575][safepoint   ] Safepoint "Cleanup", Time since last: 18070703344 ns, Reaching safepoint: 77386 ns, At safepoint: 12010 ns, Total: 89396 ns
[2020-12-07T08:59:51.899+0000][12575][safepoint   ] Safepoint "Cleanup", Time since last: 4006420189 ns, Reaching safepoint: 75256 ns, At safepoint: 5160 ns, Total: 80416 ns
[2020-12-07T09:01:23.176+0000][12575][safepoint   ] Safepoint "Cleanup", Time since last: 91277376150 ns, Reaching safepoint: 756580 ns, At safepoint: 26726 ns, Total: 783306 ns
[2020-12-07T09:01:27.186+0000][12575][safepoint   ] Safepoint "Cleanup", Time since last: 4008900139 ns, Reaching safepoint: 133149 ns, At safepoint: 27220 ns, Total: 160369 ns
[2020-12-07T09:01:40.214+0000][12575][safepoint   ] Safepoint "Cleanup", Time since last: 13028112595 ns, Reaching safepoint: 152487 ns, At safepoint: 27805 ns, Total: 180292 ns
[2020-12-07T09:02:59.422+0000][12575][safepoint   ] Safepoint "Cleanup", Time since last: 79206792204 ns, Reaching safepoint: 191986 ns, At safepoint: 37353 ns, Total: 229339 ns
[2020-12-07T09:04:15.673+0000][12575][safepoint   ] Safepoint "Cleanup", Time since last: 76248734942 ns, Reaching safepoint: 196222 ns, At safepoint: 74088 ns, Total: 270310 ns
[2020-12-07T09:04:29.715+0000][12575][safepoint   ] Safepoint "Cleanup", Time since last: 14042366860 ns, Reaching safepoint: 178944 ns, At safepoint: 16838 ns, Total: 195782 ns
[2020-12-07T09:04:59.809+0000][12575][safepoint   ] Safepoint "Cleanup", Time since last: 30092890622 ns, Reaching safepoint: 197786 ns, At safepoint: 22958 ns, Total: 220744 ns
[2020-12-07T09:05:23.883+0000][12575][safepoint   ] Safepoint "Cleanup", Time since last: 24073540813 ns, Reaching safepoint: 101312 ns, At safepoint: 7613 ns, Total: 108925 ns
[2020-12-07T09:05:29.900+0000][12575][safepoint   ] Safepoint "Cleanup", Time since last: 6016142483 ns, Reaching safepoint: 193645 ns, At safepoint: 36339 ns, Total: 229984 ns
[2020-12-07T09:05:59.985+0000][12575][safepoint   ] Safepoint "Cleanup", Time since last: 30084334259 ns, Reaching safepoint: 258864 ns, At safepoint: 23213 ns, Total: 282077 ns
[2020-12-07T09:06:12.012+0000][12575][safepoint   ] Safepoint "Cleanup", Time since last: 12026746523 ns, Reaching safepoint: 179782 ns, At safepoint: 26265 ns, Total: 206047 ns
[2020-12-07T09:06:30.064+0000][12575][safepoint   ] Safepoint "Cleanup", Time since last: 18051716304 ns, Reaching safepoint: 197870 ns, At safepoint: 55600 ns, Total: 253470 ns
[2020-12-07T09:07:07.161+0000][12575][safepoint   ] Safepoint "Cleanup", Time since last: 37095357150 ns, Reaching safepoint: 637318 ns, At safepoint: 29308 ns, Total: 666626 ns
[2020-12-07T09:07:29.222+0000][12575][safepoint   ] Safepoint "Cleanup", Time since last: 22060762911 ns, Reaching safepoint: 90591 ns, At safepoint: 44551 ns, Total: 135142 ns
[2020-12-07T09:07:32.233+0000][12575][safepoint   ] Safepoint "Cleanup", Time since last: 3010864353 ns, Reaching safepoint: 202816 ns, At safepoint: 34898 ns, Total: 237714 ns
[2020-12-07T09:07:34.237+0000][12575][safepoint   ] Safepoint "Cleanup", Time since last: 2003275552 ns, Reaching safepoint: 151368 ns, At safepoint: 27813 ns, Total: 179181 ns
[2020-12-07T09:08:01.328+0000][12575][safepoint   ] Safepoint "Cleanup", Time since last: 27090882066 ns, Reaching safepoint: 160172 ns, At safepoint: 61514 ns, Total: 221686 ns
[2020-12-07T09:08:03.336+0000][12575][safepoint   ] Safepoint "Cleanup", Time since last: 2007756296 ns, Reaching safepoint: 90322 ns, At safepoint: 11778 ns, Total: 102100 ns
[2020-12-07T09:08:44.483+0000][12575][safepoint   ] Safepoint "Cleanup", Time since last: 41146197679 ns, Reaching safepoint: 161339 ns, At safepoint: 79176 ns, Total: 240515 ns
[2020-12-07T09:09:17.599+0000][12575][safepoint   ] Safepoint "Cleanup", Time since last: 33114671036 ns, Reaching safepoint: 143029 ns, At safepoint: 11925 ns, Total: 154954 ns
[2020-12-07T09:09:29.647+0000][12575][safepoint   ] Safepoint "Cleanup", Time since last: 12047851379 ns, Reaching safepoint: 184773 ns, At safepoint: 66822 ns, Total: 251595 ns
[2020-12-07T09:10:25.823+0000][12575][safepoint   ] Safepoint "Cleanup", Time since last: 56174557092 ns, Reaching safepoint: 173990 ns, At safepoint: 33581 ns, Total: 207571 ns
[2020-12-07T09:10:48.868+0000][12575][safepoint   ] Safepoint "Cleanup", Time since last: 23044884185 ns, Reaching safepoint: 91422 ns, At safepoint: 27064 ns, Total: 118486 ns
[2020-12-07T09:11:59.075+0000][12575][safepoint   ] Safepoint "Cleanup", Time since last: 70206060282 ns, Reaching safepoint: 89116 ns, At safepoint: 8933 ns, Total: 98049 ns
[2020-12-07T09:13:50.424+0000][12575][safepoint   ] Safepoint "Cleanup", Time since last: 111347130881 ns, Reaching safepoint: 212519 ns, At safepoint: 37622 ns, Total: 250141 ns
[2020-12-07T09:13:51.136+0000][12575][safepoint   ] Safepoint "ICBufferFull", Time since last: 710708399 ns, Reaching safepoint: 668484 ns, At safepoint: 21085 ns, Total: 689569 ns
[2020-12-07T09:13:51.796+0000][12575][safepoint   ] Safepoint "ICBufferFull", Time since last: 659730257 ns, Reaching safepoint: 173719 ns, At safepoint: 28998 ns, Total: 202717 ns
[2020-12-07T09:13:52.946+0000][12575][safepoint   ] Safepoint "Cleanup", Time since last: 1150279335 ns, Reaching safepoint: 340153 ns, At safepoint: 48190 ns, Total: 388343 ns
[2020-12-07T09:13:53.949+0000][12575][safepoint   ] Safepoint "Cleanup", Time since last: 1002001537 ns, Reaching safepoint: 205506 ns, At safepoint: 11841 ns, Total: 217347 ns
[2020-12-07T09:13:57.956+0000][12575][safepoint   ] Safepoint "Cleanup", Time since last: 4006972145 ns, Reaching safepoint: 74618 ns, At safepoint: 9782 ns, Total: 84400 ns
[2020-12-07T09:13:58.957+0000][12575][safepoint   ] Safepoint "Cleanup", Time since last: 1000681422 ns, Reaching safepoint: 108874 ns, At safepoint: 19070 ns, Total: 127944 ns
[2020-12-07T09:13:59.960+0000][12575][safepoint   ] Safepoint "Cleanup", Time since last: 1003597360 ns, Reaching safepoint: 188709 ns, At safepoint: 22816 ns, Total: 211525 ns
[2020-12-07T09:14:01.967+0000][12575][safepoint   ] Safepoint "Cleanup", Time since last: 2006816061 ns, Reaching safepoint: 97259 ns, At safepoint: 48184 ns, Total: 145443 ns
[2020-12-07T09:14:07.987+0000][12575][safepoint   ] Safepoint "Cleanup", Time since last: 6019573222 ns, Reaching safepoint: 81981 ns, At safepoint: 16601 ns, Total: 98582 ns
[2020-12-07T09:14:17.016+0000][12575][safepoint   ] Safepoint "Cleanup", Time since last: 9028168878 ns, Reaching safepoint: 141371 ns, At safepoint: 7067 ns, Total: 148438 ns
[2020-12-07T09:14:21.244+0000][12575][gc,start    ] GC(9) Pause Young (Normal) (G1 Evacuation Pause)
[2020-12-07T09:14:21.244+0000][12575][gc,task     ] GC(9) Using 13 workers of 13 for evacuation
[2020-12-07T09:14:21.245+0000][12575][gc,age      ] GC(9) Desired survivor size 40370176 bytes, new threshold 2 (max threshold 15)
[2020-12-07T09:14:21.365+0000][12575][gc,age      ] GC(9) Age table with threshold 2 (max threshold 15)
[2020-12-07T09:14:21.365+0000][12575][gc,age      ] GC(9) - age   1:   12828152 bytes,   12828152 total
[2020-12-07T09:14:21.365+0000][12575][gc,age      ] GC(9) - age   2:   10975584 bytes,   23803736 total
[2020-12-07T09:14:21.365+0000][12575][gc,phases   ] GC(9)   Pre Evacuate Collection Set: 2.1ms
[2020-12-07T09:14:21.365+0000][12575][gc,phases   ] GC(9)   Merge Heap Roots: 0.2ms
[2020-12-07T09:14:21.365+0000][12575][gc,phases   ] GC(9)   Evacuate Collection Set: 116.0ms
[2020-12-07T09:14:21.365+0000][12575][gc,phases   ] GC(9)   Post Evacuate Collection Set: 2.5ms
[2020-12-07T09:14:21.365+0000][12575][gc,phases   ] GC(9)   Other: 0.3ms
[2020-12-07T09:14:21.365+0000][12575][gc,heap     ] GC(9) Eden regions: 567->0(588)
[2020-12-07T09:14:21.365+0000][12575][gc,heap     ] GC(9) Survivor regions: 47->26(77)
[2020-12-07T09:14:21.365+0000][12575][gc,heap     ] GC(9) Old regions: 14->48
[2020-12-07T09:14:21.365+0000][12575][gc,heap     ] GC(9) Archive regions: 2->2
[2020-12-07T09:14:21.365+0000][12575][gc,heap     ] GC(9) Humongous regions: 7->7
[2020-12-07T09:14:21.365+0000][12575][gc,metaspace] GC(9) Metaspace: 92521K(96252K)->92521K(96252K) NonClass: 79972K(82556K)->79972K(82556K) Class: 12549K(13696K)->12549K(13696K)
[2020-12-07T09:14:21.365+0000][12575][gc          ] GC(9) Pause Young (Normal) (G1 Evacuation Pause) 635M->80M(1024M) 121.804ms
[2020-12-07T09:14:21.365+0000][12575][gc,cpu      ] GC(9) User=0.25s Sys=0.80s Real=0.12s
[2020-12-07T09:14:21.365+0000][12575][safepoint   ] Safepoint "G1CollectForAllocation", Time since last: 4227472028 ns, Reaching safepoint: 279931 ns, At safepoint: 121924894 ns, Total: 122204825 ns
[2020-12-07T09:14:22.403+0000][12575][safepoint   ] Safepoint "Cleanup", Time since last: 1037873345 ns, Reaching safepoint: 117886 ns, At safepoint: 11380 ns, Total: 129266 ns
[2020-12-07T09:14:29.421+0000][12575][safepoint   ] Safepoint "Cleanup", Time since last: 7017563142 ns, Reaching safepoint: 190553 ns, At safepoint: 11050 ns, Total: 201603 ns
[2020-12-07T09:14:56.508+0000][12575][safepoint   ] Safepoint "Cleanup", Time since last: 27085776556 ns, Reaching safepoint: 163279 ns, At safepoint: 25318 ns, Total: 188597 ns
[2020-12-07T09:15:11.549+0000][12575][safepoint   ] Safepoint "Cleanup", Time since last: 15041186752 ns, Reaching safepoint: 209276 ns, At safepoint: 35179 ns, Total: 244455 ns
[2020-12-07T09:15:12.553+0000][12575][safepoint   ] Safepoint "Cleanup", Time since last: 1003468394 ns, Reaching safepoint: 173100 ns, At safepoint: 46201 ns, Total: 219301 ns
[2020-12-07T09:15:16.564+0000][12575][safepoint   ] Safepoint "Cleanup", Time since last: 4010515255 ns, Reaching safepoint: 156036 ns, At safepoint: 26875 ns, Total: 182911 ns
[2020-12-07T09:15:18.573+0000][12575][safepoint   ] Safepoint "Cleanup", Time since last: 2008794278 ns, Reaching safepoint: 138982 ns, At safepoint: 5225 ns, Total: 144207 ns
[2020-12-07T09:15:21.581+0000][12575][safepoint   ] Safepoint "Cleanup", Time since last: 3008114227 ns, Reaching safepoint: 162957 ns, At safepoint: 19018 ns, Total: 181975 ns
[2020-12-07T09:15:29.603+0000][12575][safepoint   ] Safepoint "Cleanup", Time since last: 8021211093 ns, Reaching safepoint: 157537 ns, At safepoint: 52387 ns, Total: 209924 ns
[2020-12-07T09:15:49.655+0000][12575][safepoint   ] Safepoint "Cleanup", Time since last: 20052139626 ns, Reaching safepoint: 155870 ns, At safepoint: 50775 ns, Total: 206645 ns
[2020-12-07T09:15:51.657+0000][12575][safepoint   ] Safepoint "Cleanup", Time since last: 2000968371 ns, Reaching safepoint: 73592 ns, At safepoint: 12883 ns, Total: 86475 ns
[2020-12-07T09:15:52.662+0000][12575][safepoint   ] Safepoint "Cleanup", Time since last: 1005361751 ns, Reaching safepoint: 216086 ns, At safepoint: 34836 ns, Total: 250922 ns
[2020-12-07T09:15:54.669+0000][12575][safepoint   ] Safepoint "Cleanup", Time since last: 2006504418 ns, Reaching safepoint: 155586 ns, At safepoint: 30003 ns, Total: 185589 ns
[2020-12-07T09:15:57.680+0000][12575][safepoint   ] Safepoint "Cleanup", Time since last: 3011123509 ns, Reaching safepoint: 149165 ns, At safepoint: 43323 ns, Total: 192488 ns
[2020-12-07T09:15:59.681+0000][12575][safepoint   ] Safepoint "Cleanup", Time since last: 2000896444 ns, Reaching safepoint: 122683 ns, At safepoint: 6245 ns, Total: 128928 ns
[2020-12-07T09:16:01.687+0000][12575][safepoint   ] Safepoint "Cleanup", Time since last: 2005840482 ns, Reaching safepoint: 98015 ns, At safepoint: 23526 ns, Total: 121541 ns
[2020-12-07T09:16:11.724+0000][12575][safepoint   ] Safepoint "Cleanup", Time since last: 10036330426 ns, Reaching safepoint: 115558 ns, At safepoint: 39227 ns, Total: 154785 ns
[2020-12-07T09:16:21.756+0000][12575][safepoint   ] Safepoint "Cleanup", Time since last: 10032124093 ns, Reaching safepoint: 91977 ns, At safepoint: 72777 ns, Total: 164754 ns
[2020-12-07T09:16:22.761+0000][12575][safepoint   ] Safepoint "Cleanup", Time since last: 1004639777 ns, Reaching safepoint: 67740 ns, At safepoint: 7667 ns, Total: 75407 ns
[2020-12-07T09:16:27.775+0000][12575][safepoint   ] Safepoint "Cleanup", Time since last: 5013881953 ns, Reaching safepoint: 110337 ns, At safepoint: 46352 ns, Total: 156689 ns
[2020-12-07T09:16:28.779+0000][12575][safepoint   ] Safepoint "Cleanup", Time since last: 1003542254 ns, Reaching safepoint: 155971 ns, At safepoint: 49494 ns, Total: 205465 ns
[2020-12-07T09:16:38.466+0000][12575][safepoint   ] Safepoint "Cleanup", Time since last: 9686436481 ns, Reaching safepoint: 678294 ns, At safepoint: 64307 ns, Total: 742601 ns
[2020-12-07T09:16:59.292+0000][12575][safepoint   ] Safepoint "Cleanup", Time since last: 20823753692 ns, Reaching safepoint: 1647172 ns, At safepoint: 47345 ns, Total: 1694517 ns
[2020-12-07T09:17:15.342+0000][12575][safepoint   ] Safepoint "Cleanup", Time since last: 16049117186 ns, Reaching safepoint: 63826 ns, At safepoint: 17905 ns, Total: 81731 ns
[2020-12-07T09:17:47.434+0000][12575][safepoint   ] Safepoint "Cleanup", Time since last: 32092172409 ns, Reaching safepoint: 87512 ns, At safepoint: 69533 ns, Total: 157045 ns
[2020-12-07T09:17:49.437+0000][12575][safepoint   ] Safepoint "Cleanup", Time since last: 2002611522 ns, Reaching safepoint: 79435 ns, At safepoint: 8352 ns, Total: 87787 ns
[2020-12-07T09:17:51.443+0000][12575][safepoint   ] Safepoint "Cleanup", Time since last: 2005847369 ns, Reaching safepoint: 73643 ns, At safepoint: 5319 ns, Total: 78962 ns
[2020-12-07T09:17:53.448+0000][12575][safepoint   ] Safepoint "Cleanup", Time since last: 2004973315 ns, Reaching safepoint: 71345 ns, At safepoint: 15764 ns, Total: 87109 ns
[2020-12-07T09:18:09.497+0000][12575][safepoint   ] Safepoint "Cleanup", Time since last: 16048366386 ns, Reaching safepoint: 68902 ns, At safepoint: 19608 ns, Total: 88510 ns
[2020-12-07T09:18:21.525+0000][12575][safepoint   ] Safepoint "Cleanup", Time since last: 12028000135 ns, Reaching safepoint: 150944 ns, At safepoint: 11058 ns, Total: 162002 ns
[2020-12-07T09:18:29.550+0000][12575][safepoint   ] Safepoint "Cleanup", Time since last: 8023820522 ns, Reaching safepoint: 177055 ns, At safepoint: 43030 ns, Total: 220085 ns
[2020-12-07T09:18:58.631+0000][12575][safepoint   ] Safepoint "Cleanup", Time since last: 29080941646 ns, Reaching safepoint: 75544 ns, At safepoint: 34193 ns, Total: 109737 ns
[2020-12-07T09:19:17.947+0000][12575][safepoint   ] Safepoint "Cleanup", Time since last: 19315647775 ns, Reaching safepoint: 183943 ns, At safepoint: 90050 ns, Total: 273993 ns
[2020-12-07T09:19:23.963+0000][12575][safepoint   ] Safepoint "Cleanup", Time since last: 6015633881 ns, Reaching safepoint: 134818 ns, At safepoint: 30840 ns, Total: 165658 ns
[2020-12-07T09:19:29.979+0000][12575][safepoint   ] Safepoint "Cleanup", Time since last: 6015725671 ns, Reaching safepoint: 141536 ns, At safepoint: 52074 ns, Total: 193610 ns
[2020-12-07T09:19:52.028+0000][12575][safepoint   ] Safepoint "Cleanup", Time since last: 22048557440 ns, Reaching safepoint: 90771 ns, At safepoint: 38301 ns, Total: 129072 ns
[2020-12-07T09:20:00.051+0000][12575][safepoint   ] Safepoint "Cleanup", Time since last: 8022745017 ns, Reaching safepoint: 148821 ns, At safepoint: 64582 ns, Total: 213403 ns
[2020-12-07T09:20:07.079+0000][12575][safepoint   ] Safepoint "Cleanup", Time since last: 7027530553 ns, Reaching safepoint: 98540 ns, At safepoint: 20984 ns, Total: 119524 ns
[2020-12-07T09:20:30.155+0000][12575][safepoint   ] Safepoint "Cleanup", Time since last: 23074901766 ns, Reaching safepoint: 154307 ns, At safepoint: 62608 ns, Total: 216915 ns
[2020-12-07T09:21:03.261+0000][12575][safepoint   ] Safepoint "Cleanup", Time since last: 33106001157 ns, Reaching safepoint: 141285 ns, At safepoint: 92209 ns, Total: 233494 ns
[2020-12-07T09:21:21.317+0000][12575][safepoint   ] Safepoint "Cleanup", Time since last: 18055151203 ns, Reaching safepoint: 211922 ns, At safepoint: 29467 ns, Total: 241389 ns
[2020-12-07T09:21:51.386+0000][12575][safepoint   ] Safepoint "Cleanup", Time since last: 30067755161 ns, Reaching safepoint: 200260 ns, At safepoint: 8186 ns, Total: 208446 ns
[2020-12-07T09:21:59.410+0000][12575][safepoint   ] Safepoint "Cleanup", Time since last: 8023736186 ns, Reaching safepoint: 171664 ns, At safepoint: 42616 ns, Total: 214280 ns
[2020-12-07T09:22:36.523+0000][12575][safepoint   ] Safepoint "Cleanup", Time since last: 37112905751 ns, Reaching safepoint: 173963 ns, At safepoint: 41319 ns, Total: 215282 ns
[2020-12-07T09:22:51.557+0000][12575][safepoint   ] Safepoint "Cleanup", Time since last: 15032827982 ns, Reaching safepoint: 197758 ns, At safepoint: 5374 ns, Total: 203132 ns
[2020-12-07T09:23:20.633+0000][12575][safepoint   ] Safepoint "Cleanup", Time since last: 29075580993 ns, Reaching safepoint: 151298 ns, At safepoint: 31884 ns, Total: 183182 ns
[2020-12-07T09:23:21.633+0000][12575][safepoint   ] Safepoint "Cleanup", Time since last: 1000195551 ns, Reaching safepoint: 163185 ns, At safepoint: 10875 ns, Total: 174060 ns
[2020-12-07T09:23:51.713+0000][12575][safepoint   ] Safepoint "Cleanup", Time since last: 30079363576 ns, Reaching safepoint: 173169 ns, At safepoint: 40514 ns, Total: 213683 ns
[2020-12-07T09:24:03.753+0000][12575][safepoint   ] Safepoint "Cleanup", Time since last: 12038938645 ns, Reaching safepoint: 157554 ns, At safepoint: 83971 ns, Total: 241525 ns
[2020-12-07T09:24:04.757+0000][12575][safepoint   ] Safepoint "Cleanup", Time since last: 1004581999 ns, Reaching safepoint: 167907 ns, At safepoint: 46796 ns, Total: 214703 ns
[2020-12-07T09:24:06.762+0000][12575][safepoint   ] Safepoint "Cleanup", Time since last: 2004279677 ns, Reaching safepoint: 114465 ns, At safepoint: 3556 ns, Total: 118021 ns
[2020-12-07T09:24:07.764+0000][12575][safepoint   ] Safepoint "Cleanup", Time since last: 1002242289 ns, Reaching safepoint: 168617 ns, At safepoint: 26162 ns, Total: 194779 ns
[2020-12-07T09:24:21.817+0000][12575][safepoint   ] Safepoint "Cleanup", Time since last: 14051852417 ns, Reaching safepoint: 238772 ns, At safepoint: 33252 ns, Total: 272024 ns
[2020-12-07T09:24:29.835+0000][12575][safepoint   ] Safepoint "Cleanup", Time since last: 8018182057 ns, Reaching safepoint: 190867 ns, At safepoint: 60835 ns, Total: 251702 ns
[2020-12-07T09:24:32.841+0000][12575][safepoint   ] Safepoint "Cleanup", Time since last: 3005981308 ns, Reaching safepoint: 176733 ns, At safepoint: 5441 ns, Total: 182174 ns
[2020-12-07T09:24:51.891+0000][12575][safepoint   ] Safepoint "Cleanup", Time since last: 19049476083 ns, Reaching safepoint: 77524 ns, At safepoint: 28598 ns, Total: 106122 ns
[2020-12-07T09:25:06.936+0000][12575][safepoint   ] Safepoint "Cleanup", Time since last: 15044332588 ns, Reaching safepoint: 195146 ns, At safepoint: 50399 ns, Total: 245545 ns
[2020-12-07T09:25:21.982+0000][12575][safepoint   ] Safepoint "Cleanup", Time since last: 15045645451 ns, Reaching safepoint: 171543 ns, At safepoint: 10236 ns, Total: 181779 ns
[2020-12-07T09:26:25.182+0000][12575][safepoint   ] Safepoint "Cleanup", Time since last: 63198799640 ns, Reaching safepoint: 73901 ns, At safepoint: 12614 ns, Total: 86515 ns
[2020-12-07T09:26:37.222+0000][12575][safepoint   ] Safepoint "Cleanup", Time since last: 12039487666 ns, Reaching safepoint: 93706 ns, At safepoint: 15900 ns, Total: 109606 ns
[2020-12-07T09:27:00.286+0000][12575][safepoint   ] Safepoint "Cleanup", Time since last: 23063031004 ns, Reaching safepoint: 148162 ns, At safepoint: 22891 ns, Total: 171053 ns
[2020-12-07T09:28:39.564+0000][12575][safepoint   ] Safepoint "Cleanup", Time since last: 99276394409 ns, Reaching safepoint: 230989 ns, At safepoint: 16343 ns, Total: 247332 ns
[2020-12-07T09:28:59.627+0000][12575][safepoint   ] Safepoint "Cleanup", Time since last: 20062251872 ns, Reaching safepoint: 182613 ns, At safepoint: 55746 ns, Total: 238359 ns
[2020-12-07T09:30:28.926+0000][12575][safepoint   ] Safepoint "Cleanup", Time since last: 89297756348 ns, Reaching safepoint: 230117 ns, At safepoint: 23548 ns, Total: 253665 ns
[2020-12-07T09:31:00.073+0000][12575][safepoint   ] Safepoint "Cleanup", Time since last: 31146556639 ns, Reaching safepoint: 110833 ns, At safepoint: 46522 ns, Total: 157355 ns
[2020-12-07T09:31:30.233+0000][12575][safepoint   ] Safepoint "Cleanup", Time since last: 30159353070 ns, Reaching safepoint: 147456 ns, At safepoint: 7175 ns, Total: 154631 ns
[2020-12-07T09:31:52.368+0000][12575][safepoint   ] Safepoint "Cleanup", Time since last: 22133785741 ns, Reaching safepoint: 889284 ns, At safepoint: 9340 ns, Total: 898624 ns
[2020-12-07T09:32:18.550+0000][12575][safepoint   ] Safepoint "Cleanup", Time since last: 26177842593 ns, Reaching safepoint: 2875322 ns, At safepoint: 50601 ns, Total: 2925923 ns
[2020-12-07T09:32:19.554+0000][12575][safepoint   ] Safepoint "Cleanup", Time since last: 1004271008 ns, Reaching safepoint: 180556 ns, At safepoint: 24854 ns, Total: 205410 ns
[2020-12-07T09:32:21.569+0000][12575][safepoint   ] Safepoint "Cleanup", Time since last: 2014321173 ns, Reaching safepoint: 186813 ns, At safepoint: 46406 ns, Total: 233219 ns
[2020-12-07T09:33:21.947+0000][12575][safepoint   ] Safepoint "Cleanup", Time since last: 60377261806 ns, Reaching safepoint: 170871 ns, At safepoint: 67333 ns, Total: 238204 ns
[2020-12-07T09:33:29.983+0000][12575][safepoint   ] Safepoint "Cleanup", Time since last: 8034723853 ns, Reaching safepoint: 1261960 ns, At safepoint: 59677 ns, Total: 1321637 ns
[2020-12-07T09:33:52.115+0000][12575][safepoint   ] Safepoint "Cleanup", Time since last: 22131526161 ns, Reaching safepoint: 214959 ns, At safepoint: 36684 ns, Total: 251643 ns
[2020-12-07T09:34:21.309+0000][12575][safepoint   ] Safepoint "Cleanup", Time since last: 29192867329 ns, Reaching safepoint: 124130 ns, At safepoint: 36799 ns, Total: 160929 ns
[2020-12-07T09:34:22.317+0000][12575][safepoint   ] Safepoint "Cleanup", Time since last: 1007912744 ns, Reaching safepoint: 181949 ns, At safepoint: 55313 ns, Total: 237262 ns
[2020-12-07T09:34:30.374+0000][12575][safepoint   ] Safepoint "Cleanup", Time since last: 8056585288 ns, Reaching safepoint: 106819 ns, At safepoint: 14282 ns, Total: 121101 ns
[2020-12-07T09:34:51.514+0000][12575][safepoint   ] Safepoint "Cleanup", Time since last: 21139585130 ns, Reaching safepoint: 180924 ns, At safepoint: 63282 ns, Total: 244206 ns
[2020-12-07T09:35:14.606+0000][12575][safepoint   ] Safepoint "Cleanup", Time since last: 23098047121 ns, Reaching safepoint: 183258 ns, At safepoint: 22657 ns, Total: 205915 ns
[2020-12-07T09:35:21.644+0000][12575][safepoint   ] Safepoint "Cleanup", Time since last: 7039530980 ns, Reaching safepoint: 213804 ns, At safepoint: 32674 ns, Total: 246478 ns
[2020-12-07T09:35:34.703+0000][12575][safepoint   ] Safepoint "Cleanup", Time since last: 13061199589 ns, Reaching safepoint: 176271 ns, At safepoint: 29192 ns, Total: 205463 ns
[2020-12-07T10:13:56.179+0000][12575][safepoint   ] Safepoint "Cleanup", Time since last: 109822850274 ns, Reaching safepoint: 227956 ns, At safepoint: 31682 ns, Total: 259638 ns
[2020-12-07T12:10:15.681+0000][12575][safepoint   ] Safepoint "Cleanup", Time since last: 159783695095 ns, Reaching safepoint: 132601 ns, At safepoint: 8648 ns, Total: 141249 ns
[2020-12-07T12:11:09.843+0000][12575][safepoint   ] Safepoint "Cleanup", Time since last: 54148477367 ns, Reaching safepoint: 741486 ns, At safepoint: 8840 ns, Total: 750326 ns
[2020-12-07T12:11:25.887+0000][12575][safepoint   ] Safepoint "Cleanup", Time since last: 16043249337 ns, Reaching safepoint: 269496 ns, At safepoint: 67381 ns, Total: 336877 ns
[2020-12-07T12:11:58.988+0000][12575][safepoint   ] Safepoint "Cleanup", Time since last: 33101218164 ns, Reaching safepoint: 174063 ns, At safepoint: 23599 ns, Total: 197662 ns
[2020-12-07T12:12:23.061+0000][12575][safepoint   ] Safepoint "Cleanup", Time since last: 24072156660 ns, Reaching safepoint: 238883 ns, At safepoint: 30457 ns, Total: 269340 ns
[2020-12-07T12:12:42.114+0000][12575][safepoint   ] Safepoint "Cleanup", Time since last: 19052629697 ns, Reaching safepoint: 88334 ns, At safepoint: 5956 ns, Total: 94290 ns
[2020-12-07T12:13:15.220+0000][12575][safepoint   ] Safepoint "Cleanup", Time since last: 33105836366 ns, Reaching safepoint: 186148 ns, At safepoint: 60076 ns, Total: 246224 ns
[2020-12-07T12:13:37.296+0000][12575][safepoint   ] Safepoint "Cleanup", Time since last: 22075960285 ns, Reaching safepoint: 229981 ns, At safepoint: 59655 ns, Total: 289636 ns
[2020-12-07T12:13:39.305+0000][12575][safepoint   ] Safepoint "Cleanup", Time since last: 2007837670 ns, Reaching safepoint: 186034 ns, At safepoint: 20522 ns, Total: 206556 ns
[2020-12-07T12:13:45.326+0000][12575][safepoint   ] Safepoint "Cleanup", Time since last: 6021628485 ns, Reaching safepoint: 176610 ns, At safepoint: 69017 ns, Total: 245627 ns
[2020-12-07T12:14:15.416+0000][12575][safepoint   ] Safepoint "Cleanup", Time since last: 30089484369 ns, Reaching safepoint: 94950 ns, At safepoint: 30530 ns, Total: 125480 ns
[2020-12-07T12:14:44.512+0000][12575][safepoint   ] Safepoint "Cleanup", Time since last: 29095873217 ns, Reaching safepoint: 112724 ns, At safepoint: 59510 ns, Total: 172234 ns
[2020-12-07T12:14:45.516+0000][12575][safepoint   ] Safepoint "Cleanup", Time since last: 1003865917 ns, Reaching safepoint: 81266 ns, At safepoint: 10873 ns, Total: 92139 ns
[2020-12-07T12:14:56.558+0000][12575][safepoint   ] Safepoint "Cleanup", Time since last: 11041566496 ns, Reaching safepoint: 84621 ns, At safepoint: 11337 ns, Total: 95958 ns
[2020-12-07T12:15:09.602+0000][12575][safepoint   ] Safepoint "Cleanup", Time since last: 13043387608 ns, Reaching safepoint: 212982 ns, At safepoint: 65314 ns, Total: 278296 ns
[2020-12-07T12:15:11.610+0000][12575][safepoint   ] Safepoint "Cleanup", Time since last: 2008336634 ns, Reaching safepoint: 231522 ns, At safepoint: 60276 ns, Total: 291798 ns
[2020-12-07T12:15:14.618+0000][12575][safepoint   ] Safepoint "Cleanup", Time since last: 3007041135 ns, Reaching safepoint: 198220 ns, At safepoint: 31199 ns, Total: 229419 ns
[2020-12-07T12:15:45.727+0000][12575][safepoint   ] Safepoint "Cleanup", Time since last: 31108484067 ns, Reaching safepoint: 219960 ns, At safepoint: 57749 ns, Total: 277709 ns
[2020-12-07T12:15:46.727+0000][12575][safepoint   ] Safepoint "Cleanup", Time since last: 1000473864 ns, Reaching safepoint: 108580 ns, At safepoint: 13810 ns, Total: 122390 ns
[2020-12-07T12:16:45.896+0000][12575][safepoint   ] Safepoint "Cleanup", Time since last: 59168063778 ns, Reaching safepoint: 252441 ns, At safepoint: 34168 ns, Total: 286609 ns
[2020-12-07T12:17:41.073+0000][12575][safepoint   ] Safepoint "Cleanup", Time since last: 55176237218 ns, Reaching safepoint: 192562 ns, At safepoint: 33223 ns, Total: 225785 ns
[2020-12-07T12:19:15.358+0000][12575][safepoint   ] Safepoint "Cleanup", Time since last: 94284279854 ns, Reaching safepoint: 196286 ns, At safepoint: 23046 ns, Total: 219332 ns
[2020-12-07T12:19:41.440+0000][12575][safepoint   ] Safepoint "Cleanup", Time since last: 26081548498 ns, Reaching safepoint: 188947 ns, At safepoint: 74131 ns, Total: 263078 ns
[2020-12-07T12:20:45.604+0000][12575][safepoint   ] Safepoint "Cleanup", Time since last: 64164270976 ns, Reaching safepoint: 129051 ns, At safepoint: 17764 ns, Total: 146815 ns
[2020-12-07T12:20:48.610+0000][12575][safepoint   ] Safepoint "Cleanup", Time since last: 3004975417 ns, Reaching safepoint: 267806 ns, At safepoint: 34423 ns, Total: 302229 ns
[2020-12-07T12:21:45.777+0000][12575][safepoint   ] Safepoint "Cleanup", Time since last: 57167144671 ns, Reaching safepoint: 199773 ns, At safepoint: 28153 ns, Total: 227926 ns
[2020-12-07T12:22:15.876+0000][12575][safepoint   ] Safepoint "Cleanup", Time since last: 30098074354 ns, Reaching safepoint: 90439 ns, At safepoint: 52974 ns, Total: 143413 ns
[2020-12-07T12:22:40.954+0000][12575][safepoint   ] Safepoint "Cleanup", Time since last: 25078079436 ns, Reaching safepoint: 212806 ns, At safepoint: 66657 ns, Total: 279463 ns
[2020-12-07T12:24:34.303+0000][12575][safepoint   ] Safepoint "Cleanup", Time since last: 113347878772 ns, Reaching safepoint: 128972 ns, At safepoint: 61608 ns, Total: 190580 ns
[2020-12-07T12:24:45.332+0000][12575][safepoint   ] Safepoint "Cleanup", Time since last: 11029017878 ns, Reaching safepoint: 182587 ns, At safepoint: 68223 ns, Total: 250810 ns
[2020-12-07T12:26:45.688+0000][12575][safepoint   ] Safepoint "Cleanup", Time since last: 120354766078 ns, Reaching safepoint: 174417 ns, At safepoint: 64710 ns, Total: 239127 ns
[2020-12-07T12:27:15.790+0000][12575][safepoint   ] Safepoint "Cleanup", Time since last: 30101605923 ns, Reaching safepoint: 116531 ns, At safepoint: 19320 ns, Total: 135851 ns
[2020-12-07T12:27:45.885+0000][12575][safepoint   ] Safepoint "Cleanup", Time since last: 30095262101 ns, Reaching safepoint: 217550 ns, At safepoint: 72130 ns, Total: 289680 ns
[2020-12-07T12:27:51.426+0000][12575][gc,start    ] GC(10) Pause Young (Normal) (G1 Evacuation Pause)
[2020-12-07T12:27:51.426+0000][12575][gc,task     ] GC(10) Using 13 workers of 13 for evacuation
[2020-12-07T12:27:51.432+0000][12575][gc,age      ] GC(10) Desired survivor size 40370176 bytes, new threshold 15 (max threshold 15)
[2020-12-07T12:27:51.543+0000][12575][gc,age      ] GC(10) Age table with threshold 15 (max threshold 15)
[2020-12-07T12:27:51.543+0000][12575][gc,age      ] GC(10) - age   1:    1065984 bytes,    1065984 total
[2020-12-07T12:27:51.543+0000][12575][gc,age      ] GC(10) - age   2:   11247384 bytes,   12313368 total
[2020-12-07T12:27:51.543+0000][12575][gc,age      ] GC(10) - age   3:   10467824 bytes,   22781192 total
[2020-12-07T12:27:51.543+0000][12575][gc,phases   ] GC(10)   Pre Evacuate Collection Set: 8.8ms
[2020-12-07T12:27:51.543+0000][12575][gc,phases   ] GC(10)   Merge Heap Roots: 3.8ms
[2020-12-07T12:27:51.543+0000][12575][gc,phases   ] GC(10)   Evacuate Collection Set: 99.2ms
[2020-12-07T12:27:51.543+0000][12575][gc,phases   ] GC(10)   Post Evacuate Collection Set: 4.1ms
[2020-12-07T12:27:51.543+0000][12575][gc,phases   ] GC(10)   Other: 4.3ms
[2020-12-07T12:27:51.543+0000][12575][gc,heap     ] GC(10) Eden regions: 588->0(589)
[2020-12-07T12:27:51.544+0000][12575][gc,heap     ] GC(10) Survivor regions: 26->25(77)
[2020-12-07T12:27:51.544+0000][12575][gc,heap     ] GC(10) Old regions: 48->48
[2020-12-07T12:27:51.544+0000][12575][gc,heap     ] GC(10) Archive regions: 2->2
[2020-12-07T12:27:51.544+0000][12575][gc,heap     ] GC(10) Humongous regions: 7->7
[2020-12-07T12:27:51.544+0000][12575][gc,metaspace] GC(10) Metaspace: 93964K(97660K)->93964K(97660K) NonClass: 81283K(83836K)->81283K(83836K) Class: 12680K(13824K)->12680K(13824K)
[2020-12-07T12:27:51.544+0000][12575][gc          ] GC(10) Pause Young (Normal) (G1 Evacuation Pause) 668M->79M(1024M) 117.938ms
[2020-12-07T12:27:51.544+0000][12575][gc,cpu      ] GC(10) User=0.09s Sys=0.41s Real=0.12s
[2020-12-07T12:27:51.544+0000][12575][safepoint   ] Safepoint "G1CollectForAllocation", Time since last: 5536960318 ns, Reaching safepoint: 1029922 ns, At safepoint: 120340422 ns, Total: 121370344 ns
[2020-12-07T12:28:15.613+0000][12575][safepoint   ] Safepoint "Cleanup", Time since last: 24068758573 ns, Reaching safepoint: 140485 ns, At safepoint: 31372 ns, Total: 171857 ns
[2020-12-07T12:31:16.164+0000][12575][safepoint   ] Safepoint "Cleanup", Time since last: 180549745529 ns, Reaching safepoint: 207850 ns, At safepoint: 62668 ns, Total: 270518 ns
[2020-12-07T12:31:17.165+0000][12575][safepoint   ] Safepoint "Cleanup", Time since last: 1001374889 ns, Reaching safepoint: 178115 ns, At safepoint: 42414 ns, Total: 220529 ns
[2020-12-07T12:32:32.404+0000][12575][safepoint   ] Safepoint "Cleanup", Time since last: 75238201671 ns, Reaching safepoint: 107636 ns, At safepoint: 31340 ns, Total: 138976 ns
[2020-12-07T12:34:40.786+0000][12575][safepoint   ] Safepoint "Cleanup", Time since last: 128380862252 ns, Reaching safepoint: 116971 ns, At safepoint: 31217 ns, Total: 148188 ns
[2020-12-07T12:34:45.802+0000][12575][safepoint   ] Safepoint "Cleanup", Time since last: 5015756656 ns, Reaching safepoint: 134771 ns, At safepoint: 44942 ns, Total: 179713 ns
[2020-12-07T12:34:46.802+0000][12575][safepoint   ] Safepoint "Cleanup", Time since last: 1000257908 ns, Reaching safepoint: 136277 ns, At safepoint: 5006 ns, Total: 141283 ns
[2020-12-07T12:34:47.817+0000][12575][safepoint   ] Safepoint "Cleanup", Time since last: 1014821303 ns, Reaching safepoint: 272621 ns, At safepoint: 41338 ns, Total: 313959 ns
[2020-12-07T12:34:48.821+0000][12575][safepoint   ] Safepoint "Cleanup", Time since last: 1004059291 ns, Reaching safepoint: 227718 ns, At safepoint: 66938 ns, Total: 294656 ns
[2020-12-07T12:34:49.826+0000][12575][safepoint   ] Safepoint "Cleanup", Time since last: 1004409717 ns, Reaching safepoint: 216107 ns, At safepoint: 40416 ns, Total: 256523 ns
[2020-12-07T12:34:50.830+0000][12575][safepoint   ] Safepoint "Cleanup", Time since last: 1004113600 ns, Reaching safepoint: 100252 ns, At safepoint: 38533 ns, Total: 138785 ns
[2020-12-07T12:34:51.831+0000][12575][safepoint   ] Safepoint "Cleanup", Time since last: 1000908795 ns, Reaching safepoint: 111705 ns, At safepoint: 28253 ns, Total: 139958 ns
[2020-12-07T12:34:52.845+0000][12575][safepoint   ] Safepoint "Cleanup", Time since last: 1013513171 ns, Reaching safepoint: 168511 ns, At safepoint: 27057 ns, Total: 195568 ns
[2020-12-07T12:34:53.850+0000][12575][safepoint   ] Safepoint "Cleanup", Time since last: 1005138412 ns, Reaching safepoint: 228139 ns, At safepoint: 4435 ns, Total: 232574 ns
[2020-12-07T12:34:54.862+0000][12575][safepoint   ] Safepoint "Cleanup", Time since last: 1011034775 ns, Reaching safepoint: 262569 ns, At safepoint: 26295 ns, Total: 288864 ns
[2020-12-07T12:34:55.863+0000][12575][safepoint   ] Safepoint "Cleanup", Time since last: 1001347306 ns, Reaching safepoint: 169848 ns, At safepoint: 11277 ns, Total: 181125 ns
[2020-12-07T12:34:56.867+0000][12575][safepoint   ] Safepoint "Cleanup", Time since last: 1003563264 ns, Reaching safepoint: 225948 ns, At safepoint: 37792 ns, Total: 263740 ns
[2020-12-07T12:34:57.868+0000][12575][safepoint   ] Safepoint "Cleanup", Time since last: 1000992556 ns, Reaching safepoint: 174692 ns, At safepoint: 68479 ns, Total: 243171 ns
[2020-12-07T12:34:58.885+0000][12575][safepoint   ] Safepoint "Cleanup", Time since last: 1016418666 ns, Reaching safepoint: 156407 ns, At safepoint: 10260 ns, Total: 166667 ns
[2020-12-07T12:34:59.886+0000][12575][safepoint   ] Safepoint "Cleanup", Time since last: 1000367332 ns, Reaching safepoint: 196150 ns, At safepoint: 3130 ns, Total: 199280 ns
[2020-12-07T12:35:00.887+0000][12575][safepoint   ] Safepoint "Cleanup", Time since last: 1001571315 ns, Reaching safepoint: 187952 ns, At safepoint: 9954 ns, Total: 197906 ns
[2020-12-07T12:35:01.889+0000][12575][safepoint   ] Safepoint "Cleanup", Time since last: 1001369246 ns, Reaching safepoint: 90689 ns, At safepoint: 6776 ns, Total: 97465 ns
[2020-12-07T12:35:02.891+0000][12575][safepoint   ] Safepoint "Cleanup", Time since last: 1002097104 ns, Reaching safepoint: 291044 ns, At safepoint: 76749 ns, Total: 367793 ns
[2020-12-07T12:35:03.897+0000][12575][safepoint   ] Safepoint "Cleanup", Time since last: 1005500215 ns, Reaching safepoint: 192500 ns, At safepoint: 31746 ns, Total: 224246 ns
[2020-12-07T12:35:04.911+0000][12575][safepoint   ] Safepoint "Cleanup", Time since last: 1013670716 ns, Reaching safepoint: 233815 ns, At safepoint: 41164 ns, Total: 274979 ns
[2020-12-07T12:35:05.919+0000][12575][safepoint   ] Safepoint "Cleanup", Time since last: 1007677748 ns, Reaching safepoint: 145062 ns, At safepoint: 36440 ns, Total: 181502 ns
[2020-12-07T12:35:06.937+0000][12575][safepoint   ] Safepoint "Cleanup", Time since last: 1017603347 ns, Reaching safepoint: 195700 ns, At safepoint: 37391 ns, Total: 233091 ns
[2020-12-07T12:35:07.942+0000][12575][safepoint   ] Safepoint "Cleanup", Time since last: 1005512551 ns, Reaching safepoint: 195767 ns, At safepoint: 27852 ns, Total: 223619 ns
[2020-12-07T12:35:08.957+0000][12575][safepoint   ] Safepoint "Cleanup", Time since last: 1013838925 ns, Reaching safepoint: 208666 ns, At safepoint: 10674 ns, Total: 219340 ns
[2020-12-07T12:35:09.958+0000][12575][safepoint   ] Safepoint "Cleanup", Time since last: 1001221114 ns, Reaching safepoint: 140457 ns, At safepoint: 84315 ns, Total: 224772 ns
[2020-12-07T12:35:10.961+0000][12575][safepoint   ] Safepoint "Cleanup", Time since last: 1002819196 ns, Reaching safepoint: 183089 ns, At safepoint: 23711 ns, Total: 206800 ns
[2020-12-07T12:35:11.972+0000][12575][safepoint   ] Safepoint "Cleanup", Time since last: 1010433838 ns, Reaching safepoint: 112548 ns, At safepoint: 23837 ns, Total: 136385 ns
[2020-12-07T12:35:12.976+0000][12575][safepoint   ] Safepoint "Cleanup", Time since last: 1004753716 ns, Reaching safepoint: 81679 ns, At safepoint: 3295 ns, Total: 84974 ns
[2020-12-07T12:35:13.979+0000][12575][safepoint   ] Safepoint "Cleanup", Time since last: 1002247430 ns, Reaching safepoint: 240103 ns, At safepoint: 39068 ns, Total: 279171 ns
[2020-12-07T12:35:14.985+0000][12575][safepoint   ] Safepoint "Cleanup", Time since last: 1005979084 ns, Reaching safepoint: 128703 ns, At safepoint: 7781 ns, Total: 136484 ns
[2020-12-07T12:35:15.987+0000][12575][safepoint   ] Safepoint "Cleanup", Time since last: 1002122298 ns, Reaching safepoint: 120165 ns, At safepoint: 4255 ns, Total: 124420 ns
[2020-12-07T12:35:16.991+0000][12575][safepoint   ] Safepoint "Cleanup", Time since last: 1003477725 ns, Reaching safepoint: 99623 ns, At safepoint: 33548 ns, Total: 133171 ns
[2020-12-07T12:35:17.995+0000][12575][safepoint   ] Safepoint "Cleanup", Time since last: 1004160815 ns, Reaching safepoint: 192705 ns, At safepoint: 10715 ns, Total: 203420 ns
[2020-12-07T12:35:18.996+0000][12575][safepoint   ] Safepoint "Cleanup", Time since last: 1000808918 ns, Reaching safepoint: 164360 ns, At safepoint: 15708 ns, Total: 180068 ns
[2020-12-07T12:35:20.001+0000][12575][safepoint   ] Safepoint "Cleanup", Time since last: 1004103953 ns, Reaching safepoint: 70440 ns, At safepoint: 54650 ns, Total: 125090 ns
[2020-12-07T12:35:21.023+0000][12575][safepoint   ] Safepoint "Cleanup", Time since last: 1022679561 ns, Reaching safepoint: 103856 ns, At safepoint: 43531 ns, Total: 147387 ns
[2020-12-07T12:35:22.038+0000][12575][safepoint   ] Safepoint "Cleanup", Time since last: 1014586361 ns, Reaching safepoint: 135829 ns, At safepoint: 21693 ns, Total: 157522 ns
[2020-12-07T12:35:23.043+0000][12575][safepoint   ] Safepoint "Cleanup", Time since last: 1004216228 ns, Reaching safepoint: 185314 ns, At safepoint: 7714 ns, Total: 193028 ns
[2020-12-07T12:35:24.066+0000][12575][safepoint   ] Safepoint "Cleanup", Time since last: 1023395763 ns, Reaching safepoint: 223078 ns, At safepoint: 58633 ns, Total: 281711 ns
[2020-12-07T12:35:26.070+0000][12575][safepoint   ] Safepoint "Cleanup", Time since last: 2003227147 ns, Reaching safepoint: 161692 ns, At safepoint: 20272 ns, Total: 181964 ns
[2020-12-07T12:35:27.070+0000][12575][safepoint   ] Safepoint "Cleanup", Time since last: 1000553034 ns, Reaching safepoint: 128050 ns, At safepoint: 5750 ns, Total: 133800 ns
[2020-12-07T12:35:28.075+0000][12575][safepoint   ] Safepoint "Cleanup", Time since last: 1004840277 ns, Reaching safepoint: 164986 ns, At safepoint: 9592 ns, Total: 174578 ns
[2020-12-07T12:35:30.084+0000][12575][safepoint   ] Safepoint "Cleanup", Time since last: 2008286978 ns, Reaching safepoint: 110895 ns, At safepoint: 64827 ns, Total: 175722 ns
[2020-12-07T12:35:34.114+0000][12575][safepoint   ] Safepoint "Cleanup", Time since last: 4029432639 ns, Reaching safepoint: 190448 ns, At safepoint: 6696 ns, Total: 197144 ns
[2020-12-07T12:35:35.121+0000][12575][safepoint   ] Safepoint "Cleanup", Time since last: 1006607617 ns, Reaching safepoint: 189770 ns, At safepoint: 6136 ns, Total: 195906 ns
[2020-12-07T12:35:36.128+0000][12575][safepoint   ] Safepoint "Cleanup", Time since last: 1005791273 ns, Reaching safepoint: 104956 ns, At safepoint: 4083 ns, Total: 109039 ns
[2020-12-07T12:35:37.129+0000][12575][safepoint   ] Safepoint "Cleanup", Time since last: 1001036037 ns, Reaching safepoint: 142871 ns, At safepoint: 6140 ns, Total: 149011 ns
[2020-12-07T12:35:38.054+0000][12575][safepoint   ] Safepoint "ICBufferFull", Time since last: 923292185 ns, Reaching safepoint: 154883 ns, At safepoint: 33995 ns, Total: 188878 ns
[2020-12-07T12:35:39.057+0000][12575][safepoint   ] Safepoint "Cleanup", Time since last: 1003052409 ns, Reaching safepoint: 169841 ns, At safepoint: 53340 ns, Total: 223181 ns
[2020-12-07T12:35:40.061+0000][12575][safepoint   ] Safepoint "Cleanup", Time since last: 1002558481 ns, Reaching safepoint: 87277 ns, At safepoint: 4816 ns, Total: 92093 ns
[2020-12-07T12:35:41.064+0000][12575][safepoint   ] Safepoint "Cleanup", Time since last: 1003321324 ns, Reaching safepoint: 82974 ns, At safepoint: 9226 ns, Total: 92200 ns
[2020-12-07T12:35:42.082+0000][12575][safepoint   ] Safepoint "Cleanup", Time since last: 1017192858 ns, Reaching safepoint: 157391 ns, At safepoint: 20752 ns, Total: 178143 ns
[2020-12-07T12:35:43.084+0000][12575][safepoint   ] Safepoint "Cleanup", Time since last: 1000682079 ns, Reaching safepoint: 72153 ns, At safepoint: 21270 ns, Total: 93423 ns
[2020-12-07T12:35:44.085+0000][12575][safepoint   ] Safepoint "Cleanup", Time since last: 1000255789 ns, Reaching safepoint: 260107 ns, At safepoint: 47845 ns, Total: 307952 ns
[2020-12-07T12:35:46.093+0000][12575][safepoint   ] Safepoint "Cleanup", Time since last: 2007142628 ns, Reaching safepoint: 144721 ns, At safepoint: 58882 ns, Total: 203603 ns
[2020-12-07T12:35:47.096+0000][12575][safepoint   ] Safepoint "Cleanup", Time since last: 1002657735 ns, Reaching safepoint: 97903 ns, At safepoint: 8661 ns, Total: 106564 ns
[2020-12-07T12:35:48.098+0000][12575][safepoint   ] Safepoint "Cleanup", Time since last: 1001831558 ns, Reaching safepoint: 97732 ns, At safepoint: 5057 ns, Total: 102789 ns
[2020-12-07T12:35:49.099+0000][12575][safepoint   ] Safepoint "Cleanup", Time since last: 1000357526 ns, Reaching safepoint: 177885 ns, At safepoint: 48453 ns, Total: 226338 ns
[2020-12-07T12:35:51.108+0000][12575][safepoint   ] Safepoint "Cleanup", Time since last: 2008381006 ns, Reaching safepoint: 97302 ns, At safepoint: 4088 ns, Total: 101390 ns
[2020-12-07T12:35:52.112+0000][12575][safepoint   ] Safepoint "Cleanup", Time since last: 1003259898 ns, Reaching safepoint: 115917 ns, At safepoint: 5838 ns, Total: 121755 ns
[2020-12-07T12:35:56.122+0000][12575][safepoint   ] Safepoint "Cleanup", Time since last: 4009264247 ns, Reaching safepoint: 124221 ns, At safepoint: 17328 ns, Total: 141549 ns
[2020-12-07T12:35:58.126+0000][12575][safepoint   ] Safepoint "Cleanup", Time since last: 2004142265 ns, Reaching safepoint: 119202 ns, At safepoint: 6310 ns, Total: 125512 ns
[2020-12-07T12:35:59.132+0000][12575][safepoint   ] Safepoint "Cleanup", Time since last: 1005191653 ns, Reaching safepoint: 154381 ns, At safepoint: 7011 ns, Total: 161392 ns
[2020-12-07T12:36:00.153+0000][12575][safepoint   ] Safepoint "Cleanup", Time since last: 1020538578 ns, Reaching safepoint: 93675 ns, At safepoint: 39483 ns, Total: 133158 ns
[2020-12-07T12:36:01.156+0000][12575][safepoint   ] Safepoint "Cleanup", Time since last: 1002980476 ns, Reaching safepoint: 137069 ns, At safepoint: 10869 ns, Total: 147938 ns
[2020-12-07T12:36:02.159+0000][12575][safepoint   ] Safepoint "Cleanup", Time since last: 1002843968 ns, Reaching safepoint: 125664 ns, At safepoint: 3532 ns, Total: 129196 ns
[2020-12-07T12:36:03.176+0000][12575][safepoint   ] Safepoint "Cleanup", Time since last: 1016754684 ns, Reaching safepoint: 77321 ns, At safepoint: 3168 ns, Total: 80489 ns
[2020-12-07T12:36:04.201+0000][12575][safepoint   ] Safepoint "Cleanup", Time since last: 1024294140 ns, Reaching safepoint: 68496 ns, At safepoint: 27593 ns, Total: 96089 ns
[2020-12-07T12:36:05.221+0000][12575][safepoint   ] Safepoint "Cleanup", Time since last: 1020200098 ns, Reaching safepoint: 72218 ns, At safepoint: 28675 ns, Total: 100893 ns
[2020-12-07T12:36:08.233+0000][12575][safepoint   ] Safepoint "Cleanup", Time since last: 3011293445 ns, Reaching safepoint: 125160 ns, At safepoint: 6629 ns, Total: 131789 ns
[2020-12-07T12:36:09.248+0000][12575][safepoint   ] Safepoint "Cleanup", Time since last: 1015048023 ns, Reaching safepoint: 161971 ns, At safepoint: 6534 ns, Total: 168505 ns
[2020-12-07T12:36:11.264+0000][12575][safepoint   ] Safepoint "Cleanup", Time since last: 2015833297 ns, Reaching safepoint: 104052 ns, At safepoint: 9384 ns, Total: 113436 ns
[2020-12-07T12:36:12.268+0000][12575][safepoint   ] Safepoint "Cleanup", Time since last: 1003682310 ns, Reaching safepoint: 147278 ns, At safepoint: 2148 ns, Total: 149426 ns
[2020-12-07T12:36:14.278+0000][12575][safepoint   ] Safepoint "Cleanup", Time since last: 2009580505 ns, Reaching safepoint: 125790 ns, At safepoint: 44855 ns, Total: 170645 ns
[2020-12-07T12:36:15.282+0000][12575][safepoint   ] Safepoint "Cleanup", Time since last: 1003248312 ns, Reaching safepoint: 171792 ns, At safepoint: 19224 ns, Total: 191016 ns
[2020-12-07T12:36:17.307+0000][12575][safepoint   ] Safepoint "Cleanup", Time since last: 2025250236 ns, Reaching safepoint: 103170 ns, At safepoint: 15202 ns, Total: 118372 ns
[2020-12-07T12:36:18.314+0000][12575][safepoint   ] Safepoint "Cleanup", Time since last: 1006780940 ns, Reaching safepoint: 136103 ns, At safepoint: 21612 ns, Total: 157715 ns
[2020-12-07T12:36:19.316+0000][12575][safepoint   ] Safepoint "Cleanup", Time since last: 1001242763 ns, Reaching safepoint: 135123 ns, At safepoint: 14201 ns, Total: 149324 ns
[2020-12-07T12:36:20.337+0000][12575][safepoint   ] Safepoint "Cleanup", Time since last: 1021330048 ns, Reaching safepoint: 160167 ns, At safepoint: 60677 ns, Total: 220844 ns
[2020-12-07T12:36:22.346+0000][12575][safepoint   ] Safepoint "Cleanup", Time since last: 2008799667 ns, Reaching safepoint: 175055 ns, At safepoint: 96543 ns, Total: 271598 ns
[2020-12-07T12:36:26.362+0000][12575][safepoint   ] Safepoint "Cleanup", Time since last: 4015396111 ns, Reaching safepoint: 160116 ns, At safepoint: 7081 ns, Total: 167197 ns
[2020-12-07T12:36:31.373+0000][12575][safepoint   ] Safepoint "Cleanup", Time since last: 5010393851 ns, Reaching safepoint: 184684 ns, At safepoint: 11719 ns, Total: 196403 ns
[2020-12-07T12:36:33.388+0000][12575][safepoint   ] Safepoint "Cleanup", Time since last: 2014697416 ns, Reaching safepoint: 77412 ns, At safepoint: 8498 ns, Total: 85910 ns
[2020-12-07T12:36:34.391+0000][12575][safepoint   ] Safepoint "Cleanup", Time since last: 1003748771 ns, Reaching safepoint: 72012 ns, At safepoint: 4701 ns, Total: 76713 ns
[2020-12-07T12:36:35.394+0000][12575][safepoint   ] Safepoint "Cleanup", Time since last: 1002545734 ns, Reaching safepoint: 193278 ns, At safepoint: 51281 ns, Total: 244559 ns
[2020-12-07T12:36:36.399+0000][12575][safepoint   ] Safepoint "Cleanup", Time since last: 1004182015 ns, Reaching safepoint: 176302 ns, At safepoint: 18123 ns, Total: 194425 ns
[2020-12-07T12:36:37.422+0000][12575][safepoint   ] Safepoint "Cleanup", Time since last: 1023466612 ns, Reaching safepoint: 226771 ns, At safepoint: 21958 ns, Total: 248729 ns
[2020-12-07T12:36:38.427+0000][12575][safepoint   ] Safepoint "Cleanup", Time since last: 1003916470 ns, Reaching safepoint: 178327 ns, At safepoint: 3410 ns, Total: 181737 ns
[2020-12-07T12:36:39.431+0000][12575][safepoint   ] Safepoint "Cleanup", Time since last: 1004270732 ns, Reaching safepoint: 217587 ns, At safepoint: 48740 ns, Total: 266327 ns
[2020-12-07T12:36:40.435+0000][12575][safepoint   ] Safepoint "Cleanup", Time since last: 1003880683 ns, Reaching safepoint: 133780 ns, At safepoint: 7749 ns, Total: 141529 ns
[2020-12-07T12:36:41.440+0000][12575][safepoint   ] Safepoint "Cleanup", Time since last: 1004303458 ns, Reaching safepoint: 203080 ns, At safepoint: 46706 ns, Total: 249786 ns
[2020-12-07T12:36:42.461+0000][12575][safepoint   ] Safepoint "Cleanup", Time since last: 1021248054 ns, Reaching safepoint: 78198 ns, At safepoint: 12474 ns, Total: 90672 ns
[2020-12-07T12:36:43.465+0000][12575][safepoint   ] Safepoint "Cleanup", Time since last: 1003918651 ns, Reaching safepoint: 179841 ns, At safepoint: 18704 ns, Total: 198545 ns
[2020-12-07T12:36:44.490+0000][12575][safepoint   ] Safepoint "Cleanup", Time since last: 1025036895 ns, Reaching safepoint: 158801 ns, At safepoint: 52460 ns, Total: 211261 ns
[2020-12-07T12:36:45.494+0000][12575][safepoint   ] Safepoint "Cleanup", Time since last: 1003517856 ns, Reaching safepoint: 132004 ns, At safepoint: 6157 ns, Total: 138161 ns
[2020-12-07T12:36:48.498+0000][12575][safepoint   ] Safepoint "Cleanup", Time since last: 3003830228 ns, Reaching safepoint: 126398 ns, At safepoint: 56244 ns, Total: 182642 ns
[2020-12-07T12:36:50.507+0000][12575][safepoint   ] Safepoint "Cleanup", Time since last: 2008709878 ns, Reaching safepoint: 165998 ns, At safepoint: 10812 ns, Total: 176810 ns
[2020-12-07T12:36:52.516+0000][12575][safepoint   ] Safepoint "Cleanup", Time since last: 2007712543 ns, Reaching safepoint: 768903 ns, At safepoint: 92614 ns, Total: 861517 ns
[2020-12-07T12:36:55.528+0000][12575][safepoint   ] Safepoint "Cleanup", Time since last: 3011926052 ns, Reaching safepoint: 176584 ns, At safepoint: 36034 ns, Total: 212618 ns
[2020-12-07T12:36:57.531+0000][12575][safepoint   ] Safepoint "Cleanup", Time since last: 2002846077 ns, Reaching safepoint: 180270 ns, At safepoint: 38932 ns, Total: 219202 ns
[2020-12-07T12:36:58.536+0000][12575][safepoint   ] Safepoint "Cleanup", Time since last: 1004204829 ns, Reaching safepoint: 201635 ns, At safepoint: 49459 ns, Total: 251094 ns
[2020-12-07T12:37:00.552+0000][12575][safepoint   ] Safepoint "Cleanup", Time since last: 2015475991 ns, Reaching safepoint: 415839 ns, At safepoint: 77397 ns, Total: 493236 ns
[2020-12-07T12:37:01.554+0000][12575][safepoint   ] Safepoint "Cleanup", Time since last: 1002445356 ns, Reaching safepoint: 197017 ns, At safepoint: 9306 ns, Total: 206323 ns
[2020-12-07T12:37:02.571+0000][12575][safepoint   ] Safepoint "Cleanup", Time since last: 1016635508 ns, Reaching safepoint: 74171 ns, At safepoint: 30194 ns, Total: 104365 ns
[2020-12-07T12:37:03.573+0000][12575][safepoint   ] Safepoint "Cleanup", Time since last: 1001644945 ns, Reaching safepoint: 92494 ns, At safepoint: 61648 ns, Total: 154142 ns
[2020-12-07T12:37:04.573+0000][12575][safepoint   ] Safepoint "Cleanup", Time since last: 1000370185 ns, Reaching safepoint: 124972 ns, At safepoint: 8782 ns, Total: 133754 ns
[2020-12-07T12:37:05.581+0000][12575][safepoint   ] Safepoint "Cleanup", Time since last: 1007277771 ns, Reaching safepoint: 119526 ns, At safepoint: 4703 ns, Total: 124229 ns
[2020-12-07T12:37:06.584+0000][12575][safepoint   ] Safepoint "Cleanup", Time since last: 1003584011 ns, Reaching safepoint: 183052 ns, At safepoint: 7828 ns, Total: 190880 ns
[2020-12-07T12:37:14.609+0000][12575][safepoint   ] Safepoint "Cleanup", Time since last: 8023953073 ns, Reaching safepoint: 175297 ns, At safepoint: 23183 ns, Total: 198480 ns
[2020-12-07T12:37:15.613+0000][12575][safepoint   ] Safepoint "Cleanup", Time since last: 1003980242 ns, Reaching safepoint: 165076 ns, At safepoint: 4455 ns, Total: 169531 ns
[2020-12-07T12:37:17.623+0000][12575][safepoint   ] Safepoint "Cleanup", Time since last: 2009517426 ns, Reaching safepoint: 183042 ns, At safepoint: 26302 ns, Total: 209344 ns
[2020-12-07T12:37:19.631+0000][12575][safepoint   ] Safepoint "Cleanup", Time since last: 2007867245 ns, Reaching safepoint: 219116 ns, At safepoint: 37742 ns, Total: 256858 ns
[2020-12-07T12:37:20.643+0000][12575][safepoint   ] Safepoint "Cleanup", Time since last: 1012106970 ns, Reaching safepoint: 218561 ns, At safepoint: 39165 ns, Total: 257726 ns
[2020-12-07T12:37:27.683+0000][12575][safepoint   ] Safepoint "Cleanup", Time since last: 7039196286 ns, Reaching safepoint: 110017 ns, At safepoint: 4059 ns, Total: 114076 ns
[2020-12-07T12:37:28.686+0000][12575][safepoint   ] Safepoint "Cleanup", Time since last: 1003672874 ns, Reaching safepoint: 166345 ns, At safepoint: 5341 ns, Total: 171686 ns
[2020-12-07T12:37:44.037+0000][12575][gc,start    ] GC(11) Pause Young (Normal) (G1 Evacuation Pause)
[2020-12-07T12:37:44.037+0000][12575][gc,task     ] GC(11) Using 13 workers of 13 for evacuation
[2020-12-07T12:37:44.037+0000][12575][gc,age      ] GC(11) Desired survivor size 40370176 bytes, new threshold 15 (max threshold 15)
[2020-12-07T12:37:44.050+0000][12575][gc,age      ] GC(11) Age table with threshold 15 (max threshold 15)
[2020-12-07T12:37:44.050+0000][12575][gc,age      ] GC(11) - age   1:    3247800 bytes,    3247800 total
[2020-12-07T12:37:44.050+0000][12575][gc,age      ] GC(11) - age   2:     804192 bytes,    4051992 total
[2020-12-07T12:37:44.050+0000][12575][gc,age      ] GC(11) - age   3:   11033880 bytes,   15085872 total
[2020-12-07T12:37:44.050+0000][12575][gc,age      ] GC(11) - age   4:   10467624 bytes,   25553496 total
[2020-12-07T12:37:44.050+0000][12575][gc,phases   ] GC(11)   Pre Evacuate Collection Set: 0.1ms
[2020-12-07T12:37:44.050+0000][12575][gc,phases   ] GC(11)   Merge Heap Roots: 0.1ms
[2020-12-07T12:37:44.050+0000][12575][gc,phases   ] GC(11)   Evacuate Collection Set: 11.3ms
[2020-12-07T12:37:44.050+0000][12575][gc,phases   ] GC(11)   Post Evacuate Collection Set: 1.3ms
[2020-12-07T12:37:44.050+0000][12575][gc,phases   ] GC(11)   Other: 0.3ms
[2020-12-07T12:37:44.050+0000][12575][gc,heap     ] GC(11) Eden regions: 589->0(587)
[2020-12-07T12:37:44.050+0000][12575][gc,heap     ] GC(11) Survivor regions: 25->27(77)
[2020-12-07T12:37:44.050+0000][12575][gc,heap     ] GC(11) Old regions: 48->48
[2020-12-07T12:37:44.050+0000][12575][gc,heap     ] GC(11) Archive regions: 2->2
[2020-12-07T12:37:44.050+0000][12575][gc,heap     ] GC(11) Humongous regions: 7->7
[2020-12-07T12:37:44.050+0000][12575][gc,metaspace] GC(11) Metaspace: 95949K(99452K)->95949K(99452K) NonClass: 83201K(85628K)->83201K(85628K) Class: 12748K(13824K)->12748K(13824K)
[2020-12-07T12:37:44.050+0000][12575][gc          ] GC(11) Pause Young (Normal) (G1 Evacuation Pause) 668M->81M(1024M) 13.307ms
[2020-12-07T12:37:44.050+0000][12575][gc,cpu      ] GC(11) User=0.08s Sys=0.03s Real=0.02s
[2020-12-07T12:37:44.050+0000][12575][safepoint   ] Safepoint "G1CollectForAllocation", Time since last: 15350219273 ns, Reaching safepoint: 87334 ns, At safepoint: 13439531 ns, Total: 13526865 ns
[2020-12-07T12:37:47.059+0000][12575][safepoint   ] Safepoint "Cleanup", Time since last: 3008834823 ns, Reaching safepoint: 68031 ns, At safepoint: 3465 ns, Total: 71496 ns
[2020-12-07T12:37:54.077+0000][12575][safepoint   ] Safepoint "Cleanup", Time since last: 7017249776 ns, Reaching safepoint: 93717 ns, At safepoint: 45441 ns, Total: 139158 ns
[2020-12-07T12:37:56.086+0000][12575][safepoint   ] Safepoint "Cleanup", Time since last: 2009621933 ns, Reaching safepoint: 73177 ns, At safepoint: 6195 ns, Total: 79372 ns
[2020-12-07T12:38:06.124+0000][12575][safepoint   ] Safepoint "Cleanup", Time since last: 10036914048 ns, Reaching safepoint: 120881 ns, At safepoint: 23258 ns, Total: 144139 ns
[2020-12-07T12:38:12.134+0000][12575][safepoint   ] Safepoint "Cleanup", Time since last: 6010384920 ns, Reaching safepoint: 121939 ns, At safepoint: 7939 ns, Total: 129878 ns
[2020-12-07T12:38:14.157+0000][12575][safepoint   ] Safepoint "Cleanup", Time since last: 2022861721 ns, Reaching safepoint: 91555 ns, At safepoint: 14972 ns, Total: 106527 ns
[2020-12-07T12:38:16.164+0000][12575][safepoint   ] Safepoint "Cleanup", Time since last: 2006317932 ns, Reaching safepoint: 133143 ns, At safepoint: 5190 ns, Total: 138333 ns
[2020-12-07T12:38:17.165+0000][12575][safepoint   ] Safepoint "Cleanup", Time since last: 1001589031 ns, Reaching safepoint: 116269 ns, At safepoint: 43805 ns, Total: 160074 ns
[2020-12-07T12:38:18.186+0000][12575][safepoint   ] Safepoint "Cleanup", Time since last: 1020052181 ns, Reaching safepoint: 71229 ns, At safepoint: 2258 ns, Total: 73487 ns
[2020-12-07T12:38:20.195+0000][12575][safepoint   ] Safepoint "Cleanup", Time since last: 2008954829 ns, Reaching safepoint: 124001 ns, At safepoint: 50981 ns, Total: 174982 ns
[2020-12-07T12:38:23.202+0000][12575][safepoint   ] Safepoint "Cleanup", Time since last: 3007335202 ns, Reaching safepoint: 134897 ns, At safepoint: 5619 ns, Total: 140516 ns
[2020-12-07T12:38:25.205+0000][12575][safepoint   ] Safepoint "Cleanup", Time since last: 2002658888 ns, Reaching safepoint: 186905 ns, At safepoint: 21151 ns, Total: 208056 ns
[2020-12-07T12:38:26.208+0000][12575][safepoint   ] Safepoint "Cleanup", Time since last: 1003199409 ns, Reaching safepoint: 66984 ns, At safepoint: 14345 ns, Total: 81329 ns
[2020-12-07T12:38:28.223+0000][12575][safepoint   ] Safepoint "Cleanup", Time since last: 2014845529 ns, Reaching safepoint: 90733 ns, At safepoint: 4029 ns, Total: 94762 ns
[2020-12-07T12:38:29.227+0000][12575][safepoint   ] Safepoint "Cleanup", Time since last: 1003794340 ns, Reaching safepoint: 127791 ns, At safepoint: 8668 ns, Total: 136459 ns
[2020-12-07T12:38:30.232+0000][12575][safepoint   ] Safepoint "Cleanup", Time since last: 1004029634 ns, Reaching safepoint: 121070 ns, At safepoint: 12138 ns, Total: 133208 ns
[2020-12-07T12:38:31.237+0000][12575][safepoint   ] Safepoint "Cleanup", Time since last: 1004905942 ns, Reaching safepoint: 167295 ns, At safepoint: 43594 ns, Total: 210889 ns
[2020-12-07T12:38:32.252+0000][12575][safepoint   ] Safepoint "Cleanup", Time since last: 1015471010 ns, Reaching safepoint: 154480 ns, At safepoint: 10423 ns, Total: 164903 ns
[2020-12-07T12:38:34.261+0000][12575][safepoint   ] Safepoint "Cleanup", Time since last: 2008264294 ns, Reaching safepoint: 160224 ns, At safepoint: 14198 ns, Total: 174422 ns
[2020-12-07T12:38:35.264+0000][12575][safepoint   ] Safepoint "Cleanup", Time since last: 1003543879 ns, Reaching safepoint: 126798 ns, At safepoint: 7993 ns, Total: 134791 ns
[2020-12-07T12:38:45.307+0000][12575][safepoint   ] Safepoint "Cleanup", Time since last: 10042463566 ns, Reaching safepoint: 74258 ns, At safepoint: 4065 ns, Total: 78323 ns
[2020-12-07T12:38:53.343+0000][12575][safepoint   ] Safepoint "Cleanup", Time since last: 8035252979 ns, Reaching safepoint: 191271 ns, At safepoint: 13320 ns, Total: 204591 ns
[2020-12-07T12:39:03.390+0000][12575][safepoint   ] Safepoint "Cleanup", Time since last: 10047323268 ns, Reaching safepoint: 91888 ns, At safepoint: 37629 ns, Total: 129517 ns
[2020-12-07T12:39:04.408+0000][12575][safepoint   ] Safepoint "Cleanup", Time since last: 1017325894 ns, Reaching safepoint: 187931 ns, At safepoint: 55580 ns, Total: 243511 ns
[2020-12-07T12:39:06.415+0000][12575][safepoint   ] Safepoint "Cleanup", Time since last: 2006644409 ns, Reaching safepoint: 132074 ns, At safepoint: 6176 ns, Total: 138250 ns
[2020-12-07T12:39:10.421+0000][12575][safepoint   ] Safepoint "Cleanup", Time since last: 4005912595 ns, Reaching safepoint: 172489 ns, At safepoint: 44410 ns, Total: 216899 ns
[2020-12-07T12:39:11.422+0000][12575][safepoint   ] Safepoint "Cleanup", Time since last: 1000494629 ns, Reaching safepoint: 192240 ns, At safepoint: 65827 ns, Total: 258067 ns
[2020-12-07T12:39:12.440+0000][12575][safepoint   ] Safepoint "Cleanup", Time since last: 1018378054 ns, Reaching safepoint: 166605 ns, At safepoint: 11661 ns, Total: 178266 ns
[2020-12-07T12:39:13.445+0000][12575][safepoint   ] Safepoint "Cleanup", Time since last: 1004173474 ns, Reaching safepoint: 183329 ns, At safepoint: 12320 ns, Total: 195649 ns
[2020-12-07T12:39:15.453+0000][12575][safepoint   ] Safepoint "Cleanup", Time since last: 2008319330 ns, Reaching safepoint: 98469 ns, At safepoint: 24476 ns, Total: 122945 ns
[2020-12-07T12:39:16.479+0000][12575][safepoint   ] Safepoint "Cleanup", Time since last: 1025746739 ns, Reaching safepoint: 75614 ns, At safepoint: 3016 ns, Total: 78630 ns
[2020-12-07T12:39:18.484+0000][12575][safepoint   ] Safepoint "Cleanup", Time since last: 2004690241 ns, Reaching safepoint: 86160 ns, At safepoint: 7778 ns, Total: 93938 ns
[2020-12-07T12:39:21.499+0000][12575][safepoint   ] Safepoint "Cleanup", Time since last: 3015202597 ns, Reaching safepoint: 199817 ns, At safepoint: 57338 ns, Total: 257155 ns
[2020-12-07T12:39:45.562+0000][12575][safepoint   ] Safepoint "Cleanup", Time since last: 24062385689 ns, Reaching safepoint: 164558 ns, At safepoint: 68303 ns, Total: 232861 ns
[2020-12-07T12:40:15.687+0000][12575][safepoint   ] Safepoint "Cleanup", Time since last: 30124008752 ns, Reaching safepoint: 210443 ns, At safepoint: 34134 ns, Total: 244577 ns
[2020-12-07T12:40:46.799+0000][12575][safepoint   ] Safepoint "Cleanup", Time since last: 31111596270 ns, Reaching safepoint: 225558 ns, At safepoint: 55836 ns, Total: 281394 ns
[2020-12-07T12:40:57.828+0000][12575][safepoint   ] Safepoint "Cleanup", Time since last: 11028806055 ns, Reaching safepoint: 130681 ns, At safepoint: 5299 ns, Total: 135980 ns
[2020-12-07T12:41:08.439+0000][12575][gc,start    ] GC(12) Pause Young (Normal) (G1 Evacuation Pause)
[2020-12-07T12:41:08.439+0000][12575][gc,task     ] GC(12) Using 13 workers of 13 for evacuation
[2020-12-07T12:41:08.439+0000][12575][gc,age      ] GC(12) Desired survivor size 40370176 bytes, new threshold 15 (max threshold 15)
[2020-12-07T12:41:08.459+0000][12575][gc,age      ] GC(12) Age table with threshold 15 (max threshold 15)
[2020-12-07T12:41:08.459+0000][12575][gc,age      ] GC(12) - age   1:    2244736 bytes,    2244736 total
[2020-12-07T12:41:08.459+0000][12575][gc,age      ] GC(12) - age   2:    2455824 bytes,    4700560 total
[2020-12-07T12:41:08.459+0000][12575][gc,age      ] GC(12) - age   3:     803872 bytes,    5504432 total
[2020-12-07T12:41:08.459+0000][12575][gc,age      ] GC(12) - age   4:   11033024 bytes,   16537456 total
[2020-12-07T12:41:08.459+0000][12575][gc,age      ] GC(12) - age   5:   10467624 bytes,   27005080 total
[2020-12-07T12:41:08.459+0000][12575][gc,phases   ] GC(12)   Pre Evacuate Collection Set: 0.2ms
[2020-12-07T12:41:08.459+0000][12575][gc,phases   ] GC(12)   Merge Heap Roots: 0.2ms
[2020-12-07T12:41:08.459+0000][12575][gc,phases   ] GC(12)   Evacuate Collection Set: 18.1ms
[2020-12-07T12:41:08.459+0000][12575][gc,phases   ] GC(12)   Post Evacuate Collection Set: 1.4ms
[2020-12-07T12:41:08.459+0000][12575][gc,phases   ] GC(12)   Other: 0.4ms
[2020-12-07T12:41:08.459+0000][12575][gc,heap     ] GC(12) Eden regions: 587->0(586)
[2020-12-07T12:41:08.459+0000][12575][gc,heap     ] GC(12) Survivor regions: 27->28(77)
[2020-12-07T12:41:08.459+0000][12575][gc,heap     ] GC(12) Old regions: 48->48
[2020-12-07T12:41:08.459+0000][12575][gc,heap     ] GC(12) Archive regions: 2->2
[2020-12-07T12:41:08.459+0000][12575][gc,heap     ] GC(12) Humongous regions: 7->7
[2020-12-07T12:41:08.459+0000][12575][gc,metaspace] GC(12) Metaspace: 95973K(99452K)->95973K(99452K) NonClass: 83221K(85628K)->83221K(85628K) Class: 12752K(13824K)->12752K(13824K)
[2020-12-07T12:41:08.459+0000][12575][gc          ] GC(12) Pause Young (Normal) (G1 Evacuation Pause) 668M->82M(1024M) 20.316ms
[2020-12-07T12:41:08.459+0000][12575][gc,cpu      ] GC(12) User=0.11s Sys=0.03s Real=0.02s
[2020-12-07T12:41:08.459+0000][12575][safepoint   ] Safepoint "G1CollectForAllocation", Time since last: 10610337417 ns, Reaching safepoint: 133012 ns, At safepoint: 20437652 ns, Total: 20570664 ns
[2020-12-07T12:41:28.517+0000][12575][safepoint   ] Safepoint "Cleanup", Time since last: 20057781460 ns, Reaching safepoint: 234497 ns, At safepoint: 8033 ns, Total: 242530 ns
[2020-12-07T12:41:41.555+0000][12575][safepoint   ] Safepoint "Cleanup", Time since last: 13037722279 ns, Reaching safepoint: 173377 ns, At safepoint: 52012 ns, Total: 225389 ns
[2020-12-07T12:41:45.577+0000][12575][safepoint   ] Safepoint "Cleanup", Time since last: 4021854344 ns, Reaching safepoint: 125520 ns, At safepoint: 13004 ns, Total: 138524 ns
[2020-12-07T12:41:58.622+0000][12575][safepoint   ] Safepoint "Cleanup", Time since last: 13044166422 ns, Reaching safepoint: 177566 ns, At safepoint: 64591 ns, Total: 242157 ns
[2020-12-07T12:42:40.781+0000][12575][safepoint   ] Safepoint "Cleanup", Time since last: 42158530149 ns, Reaching safepoint: 214803 ns, At safepoint: 45716 ns, Total: 260519 ns
[2020-12-07T12:42:42.790+0000][12575][safepoint   ] Safepoint "Cleanup", Time since last: 2009142167 ns, Reaching safepoint: 125469 ns, At safepoint: 5113 ns, Total: 130582 ns
[2020-12-07T12:43:15.892+0000][12575][safepoint   ] Safepoint "Cleanup", Time since last: 33101402509 ns, Reaching safepoint: 158595 ns, At safepoint: 53921 ns, Total: 212516 ns
[2020-12-07T12:43:22.917+0000][12575][safepoint   ] Safepoint "Cleanup", Time since last: 7024527525 ns, Reaching safepoint: 184657 ns, At safepoint: 12214 ns, Total: 196871 ns
[2020-12-07T12:43:51.994+0000][12575][safepoint   ] Safepoint "Cleanup", Time since last: 29076306782 ns, Reaching safepoint: 84312 ns, At safepoint: 8315 ns, Total: 92627 ns
[2020-12-07T12:44:16.068+0000][12575][safepoint   ] Safepoint "Cleanup", Time since last: 24073508794 ns, Reaching safepoint: 102463 ns, At safepoint: 2588 ns, Total: 105051 ns
[2020-12-07T12:44:33.393+0000][12575][gc,start    ] GC(13) Pause Young (Normal) (G1 Evacuation Pause)
[2020-12-07T12:44:33.393+0000][12575][gc,task     ] GC(13) Using 13 workers of 13 for evacuation
[2020-12-07T12:44:33.393+0000][12575][gc,age      ] GC(13) Desired survivor size 40370176 bytes, new threshold 15 (max threshold 15)
[2020-12-07T12:44:33.405+0000][12575][gc,age      ] GC(13) Age table with threshold 15 (max threshold 15)
[2020-12-07T12:44:33.405+0000][12575][gc,age      ] GC(13) - age   1:    2433608 bytes,    2433608 total
[2020-12-07T12:44:33.405+0000][12575][gc,age      ] GC(13) - age   2:    1061408 bytes,    3495016 total
[2020-12-07T12:44:33.405+0000][12575][gc,age      ] GC(13) - age   3:    2453944 bytes,    5948960 total
[2020-12-07T12:44:33.405+0000][12575][gc,age      ] GC(13) - age   4:     803280 bytes,    6752240 total
[2020-12-07T12:44:33.405+0000][12575][gc,age      ] GC(13) - age   5:   11032944 bytes,   17785184 total
[2020-12-07T12:44:33.405+0000][12575][gc,age      ] GC(13) - age   6:   10467624 bytes,   28252808 total
[2020-12-07T12:44:33.405+0000][12575][gc,phases   ] GC(13)   Pre Evacuate Collection Set: 0.2ms
[2020-12-07T12:44:33.405+0000][12575][gc,phases   ] GC(13)   Merge Heap Roots: 0.1ms
[2020-12-07T12:44:33.405+0000][12575][gc,phases   ] GC(13)   Evacuate Collection Set: 9.8ms
[2020-12-07T12:44:33.405+0000][12575][gc,phases   ] GC(13)   Post Evacuate Collection Set: 1.5ms
[2020-12-07T12:44:33.405+0000][12575][gc,phases   ] GC(13)   Other: 0.4ms
[2020-12-07T12:44:33.405+0000][12575][gc,heap     ] GC(13) Eden regions: 586->0(584)
[2020-12-07T12:44:33.405+0000][12575][gc,heap     ] GC(13) Survivor regions: 28->30(77)
[2020-12-07T12:44:33.405+0000][12575][gc,heap     ] GC(13) Old regions: 48->48
[2020-12-07T12:44:33.405+0000][12575][gc,heap     ] GC(13) Archive regions: 2->2
[2020-12-07T12:44:33.405+0000][12575][gc,heap     ] GC(13) Humongous regions: 7->7
[2020-12-07T12:44:33.405+0000][12575][gc,metaspace] GC(13) Metaspace: 96025K(99708K)->96025K(99708K) NonClass: 83272K(85884K)->83272K(85884K) Class: 12752K(13824K)->12752K(13824K)
[2020-12-07T12:44:33.405+0000][12575][gc          ] GC(13) Pause Young (Normal) (G1 Evacuation Pause) 668M->84M(1024M) 12.122ms
[2020-12-07T12:44:33.406+0000][12575][gc,cpu      ] GC(13) User=0.11s Sys=0.02s Real=0.01s
[2020-12-07T12:44:33.406+0000][12575][safepoint   ] Safepoint "G1CollectForAllocation", Time since last: 17325124296 ns, Reaching safepoint: 109748 ns, At safepoint: 12274046 ns, Total: 12383794 ns
[2020-12-07T12:45:06.509+0000][12575][safepoint   ] Safepoint "Cleanup", Time since last: 33103286973 ns, Reaching safepoint: 161699 ns, At safepoint: 8824 ns, Total: 170523 ns
[2020-12-07T12:45:11.531+0000][12575][safepoint   ] Safepoint "Cleanup", Time since last: 5020929134 ns, Reaching safepoint: 185186 ns, At safepoint: 24898 ns, Total: 210084 ns
[2020-12-07T12:45:15.547+0000][12575][safepoint   ] Safepoint "Cleanup", Time since last: 4016086825 ns, Reaching safepoint: 220706 ns, At safepoint: 8456 ns, Total: 229162 ns
[2020-12-07T12:46:00.709+0000][12575][safepoint   ] Safepoint "Cleanup", Time since last: 45161552804 ns, Reaching safepoint: 139245 ns, At safepoint: 4929 ns, Total: 144174 ns
[2020-12-07T12:46:08.734+0000][12575][safepoint   ] Safepoint "Cleanup", Time since last: 8024015189 ns, Reaching safepoint: 422534 ns, At safepoint: 72040 ns, Total: 494574 ns
[2020-12-07T12:46:09.735+0000][12575][safepoint   ] Safepoint "Cleanup", Time since last: 1000639048 ns, Reaching safepoint: 191192 ns, At safepoint: 38002 ns, Total: 229194 ns
[2020-12-07T12:46:10.756+0000][12575][safepoint   ] Safepoint "Cleanup", Time since last: 1021664868 ns, Reaching safepoint: 98916 ns, At safepoint: 10397 ns, Total: 109313 ns
[2020-12-07T12:46:12.762+0000][12575][safepoint   ] Safepoint "Cleanup", Time since last: 2004874733 ns, Reaching safepoint: 152510 ns, At safepoint: 43666 ns, Total: 196176 ns
[2020-12-07T12:46:13.765+0000][12575][safepoint   ] Safepoint "Cleanup", Time since last: 1003261620 ns, Reaching safepoint: 78415 ns, At safepoint: 9690 ns, Total: 88105 ns
[2020-12-07T12:46:14.769+0000][12575][safepoint   ] Safepoint "Cleanup", Time since last: 1004270634 ns, Reaching safepoint: 81797 ns, At safepoint: 28268 ns, Total: 110065 ns
[2020-12-07T12:46:15.785+0000][12575][safepoint   ] Safepoint "Cleanup", Time since last: 1015875244 ns, Reaching safepoint: 156181 ns, At safepoint: 15499 ns, Total: 171680 ns
[2020-12-07T12:46:17.655+0000][12575][safepoint   ] Safepoint "Cleanup", Time since last: 1867696595 ns, Reaching safepoint: 1685951 ns, At safepoint: 25948 ns, Total: 1711899 ns
[2020-12-07T12:46:17.889+0000][12575][safepoint   ] Safepoint "ICBufferFull", Time since last: 234123489 ns, Reaching safepoint: 228190 ns, At safepoint: 60271 ns, Total: 288461 ns
[2020-12-07T12:46:18.155+0000][12575][safepoint   ] Safepoint "ICBufferFull", Time since last: 265364863 ns, Reaching safepoint: 145386 ns, At safepoint: 55333 ns, Total: 200719 ns
[2020-12-07T12:46:19.159+0000][12575][safepoint   ] Safepoint "Cleanup", Time since last: 1003707273 ns, Reaching safepoint: 183557 ns, At safepoint: 38128 ns, Total: 221685 ns
[2020-12-07T12:46:20.164+0000][12575][safepoint   ] Safepoint "Cleanup", Time since last: 1005075951 ns, Reaching safepoint: 133277 ns, At safepoint: 32117 ns, Total: 165394 ns
[2020-12-07T12:46:21.183+0000][12575][safepoint   ] Safepoint "Cleanup", Time since last: 1018889552 ns, Reaching safepoint: 205387 ns, At safepoint: 64837 ns, Total: 270224 ns
[2020-12-07T12:46:22.186+0000][12575][safepoint   ] Safepoint "Cleanup", Time since last: 1002235547 ns, Reaching safepoint: 142875 ns, At safepoint: 59215 ns, Total: 202090 ns
[2020-12-07T12:46:23.191+0000][12575][safepoint   ] Safepoint "Cleanup", Time since last: 1004785223 ns, Reaching safepoint: 186689 ns, At safepoint: 23856 ns, Total: 210545 ns
[2020-12-07T12:46:24.197+0000][12575][safepoint   ] Safepoint "Cleanup", Time since last: 1006682606 ns, Reaching safepoint: 93510 ns, At safepoint: 8310 ns, Total: 101820 ns
[2020-12-07T12:46:25.200+0000][12575][safepoint   ] Safepoint "Cleanup", Time since last: 1002287104 ns, Reaching safepoint: 155899 ns, At safepoint: 76245 ns, Total: 232144 ns
[2020-12-07T12:46:26.204+0000][12575][safepoint   ] Safepoint "Cleanup", Time since last: 1003839538 ns, Reaching safepoint: 245890 ns, At safepoint: 33937 ns, Total: 279827 ns
[2020-12-07T12:46:27.221+0000][12575][safepoint   ] Safepoint "Cleanup", Time since last: 1017120668 ns, Reaching safepoint: 203034 ns, At safepoint: 56841 ns, Total: 259875 ns
[2020-12-07T12:46:28.226+0000][12575][safepoint   ] Safepoint "Cleanup", Time since last: 1004368879 ns, Reaching safepoint: 148519 ns, At safepoint: 47351 ns, Total: 195870 ns
[2020-12-07T12:46:29.231+0000][12575][safepoint   ] Safepoint "Cleanup", Time since last: 1004322101 ns, Reaching safepoint: 219336 ns, At safepoint: 2433 ns, Total: 221769 ns
[2020-12-07T12:46:30.255+0000][12575][safepoint   ] Safepoint "Cleanup", Time since last: 1024665813 ns, Reaching safepoint: 149128 ns, At safepoint: 62930 ns, Total: 212058 ns
[2020-12-07T12:46:31.274+0000][12575][safepoint   ] Safepoint "Cleanup", Time since last: 1018218288 ns, Reaching safepoint: 245836 ns, At safepoint: 34869 ns, Total: 280705 ns
[2020-12-07T12:46:32.284+0000][12575][safepoint   ] Safepoint "Cleanup", Time since last: 1009624033 ns, Reaching safepoint: 160910 ns, At safepoint: 43751 ns, Total: 204661 ns
[2020-12-07T12:46:34.314+0000][12575][safepoint   ] Safepoint "Cleanup", Time since last: 2029573543 ns, Reaching safepoint: 121701 ns, At safepoint: 9983 ns, Total: 131684 ns
[2020-12-07T12:46:35.315+0000][12575][safepoint   ] Safepoint "Cleanup", Time since last: 1001179708 ns, Reaching safepoint: 127971 ns, At safepoint: 12552 ns, Total: 140523 ns
[2020-12-07T12:46:36.324+0000][12575][safepoint   ] Safepoint "Cleanup", Time since last: 1009097952 ns, Reaching safepoint: 74377 ns, At safepoint: 12510 ns, Total: 86887 ns
[2020-12-07T12:46:37.328+0000][12575][safepoint   ] Safepoint "Cleanup", Time since last: 1003431366 ns, Reaching safepoint: 204563 ns, At safepoint: 52118 ns, Total: 256681 ns
[2020-12-07T12:46:38.332+0000][12575][safepoint   ] Safepoint "Cleanup", Time since last: 1004305307 ns, Reaching safepoint: 160676 ns, At safepoint: 44674 ns, Total: 205350 ns
[2020-12-07T12:46:39.337+0000][12575][safepoint   ] Safepoint "Cleanup", Time since last: 1004616113 ns, Reaching safepoint: 182607 ns, At safepoint: 29260 ns, Total: 211867 ns
[2020-12-07T12:46:40.901+0000][12575][safepoint   ] Safepoint "Cleanup", Time since last: 1563919498 ns, Reaching safepoint: 192051 ns, At safepoint: 29171 ns, Total: 221222 ns
[2020-12-07T12:46:41.877+0000][12575][gc,start    ] GC(14) Pause Young (Normal) (G1 Evacuation Pause)
[2020-12-07T12:46:41.877+0000][12575][gc,task     ] GC(14) Using 13 workers of 13 for evacuation
[2020-12-07T12:46:41.877+0000][12575][gc,age      ] GC(14) Desired survivor size 40370176 bytes, new threshold 15 (max threshold 15)
[2020-12-07T12:46:41.887+0000][12575][gc,age      ] GC(14) Age table with threshold 15 (max threshold 15)
[2020-12-07T12:46:41.887+0000][12575][gc,age      ] GC(14) - age   1:    1602000 bytes,    1602000 total
[2020-12-07T12:46:41.888+0000][12575][gc,age      ] GC(14) - age   2:       7656 bytes,    1609656 total
[2020-12-07T12:46:41.888+0000][12575][gc,age      ] GC(14) - age   3:      32216 bytes,    1641872 total
[2020-12-07T12:46:41.888+0000][12575][gc,age      ] GC(14) - age   4:     728512 bytes,    2370384 total
[2020-12-07T12:46:41.888+0000][12575][gc,age      ] GC(14) - age   5:     800136 bytes,    3170520 total
[2020-12-07T12:46:41.888+0000][12575][gc,age      ] GC(14) - age   6:   11013824 bytes,   14184344 total
[2020-12-07T12:46:41.888+0000][12575][gc,age      ] GC(14) - age   7:   10380368 bytes,   24564712 total
[2020-12-07T12:46:41.888+0000][12575][gc,phases   ] GC(14)   Pre Evacuate Collection Set: 0.2ms
[2020-12-07T12:46:41.888+0000][12575][gc,phases   ] GC(14)   Merge Heap Roots: 0.1ms
[2020-12-07T12:46:41.888+0000][12575][gc,phases   ] GC(14)   Evacuate Collection Set: 8.6ms
[2020-12-07T12:46:41.888+0000][12575][gc,phases   ] GC(14)   Post Evacuate Collection Set: 1.4ms
[2020-12-07T12:46:41.888+0000][12575][gc,phases   ] GC(14)   Other: 0.3ms
[2020-12-07T12:46:41.888+0000][12575][gc,heap     ] GC(14) Eden regions: 584->0(588)
[2020-12-07T12:46:41.888+0000][12575][gc,heap     ] GC(14) Survivor regions: 30->26(77)
[2020-12-07T12:46:41.888+0000][12575][gc,heap     ] GC(14) Old regions: 48->48
[2020-12-07T12:46:41.888+0000][12575][gc,heap     ] GC(14) Archive regions: 2->2
[2020-12-07T12:46:41.888+0000][12575][gc,heap     ] GC(14) Humongous regions: 7->7
[2020-12-07T12:46:41.888+0000][12575][gc,metaspace] GC(14) Metaspace: 97858K(101500K)->97858K(101500K) NonClass: 84929K(87420K)->84929K(87420K) Class: 12929K(14080K)->12929K(14080K)
[2020-12-07T12:46:41.888+0000][12575][gc          ] GC(14) Pause Young (Normal) (G1 Evacuation Pause) 668M->80M(1024M) 10.730ms
[2020-12-07T12:46:41.888+0000][12575][gc,cpu      ] GC(14) User=0.09s Sys=0.01s Real=0.01s
[2020-12-07T12:46:41.888+0000][12575][safepoint   ] Safepoint "G1CollectForAllocation", Time since last: 975533031 ns, Reaching safepoint: 128441 ns, At safepoint: 10861766 ns, Total: 10990207 ns
[2020-12-07T12:46:42.890+0000][12575][safepoint   ] Safepoint "Cleanup", Time since last: 1001660435 ns, Reaching safepoint: 228377 ns, At safepoint: 30895 ns, Total: 259272 ns
[2020-12-07T12:46:43.891+0000][12575][safepoint   ] Safepoint "Cleanup", Time since last: 1001238133 ns, Reaching safepoint: 185102 ns, At safepoint: 26749 ns, Total: 211851 ns
[2020-12-07T12:46:44.892+0000][12575][safepoint   ] Safepoint "Cleanup", Time since last: 1001073480 ns, Reaching safepoint: 125843 ns, At safepoint: 49409 ns, Total: 175252 ns
[2020-12-07T12:46:45.897+0000][12575][safepoint   ] Safepoint "Cleanup", Time since last: 1004115021 ns, Reaching safepoint: 75503 ns, At safepoint: 9925 ns, Total: 85428 ns
[2020-12-07T12:46:46.917+0000][12575][safepoint   ] Safepoint "Cleanup", Time since last: 1019688906 ns, Reaching safepoint: 223498 ns, At safepoint: 23566 ns, Total: 247064 ns
[2020-12-07T12:46:47.923+0000][12575][safepoint   ] Safepoint "Cleanup", Time since last: 1006570583 ns, Reaching safepoint: 111740 ns, At safepoint: 55452 ns, Total: 167192 ns
[2020-12-07T12:46:48.929+0000][12575][safepoint   ] Safepoint "Cleanup", Time since last: 1005294334 ns, Reaching safepoint: 268700 ns, At safepoint: 12288 ns, Total: 280988 ns
[2020-12-07T12:46:49.931+0000][12575][safepoint   ] Safepoint "Cleanup", Time since last: 1002271570 ns, Reaching safepoint: 204728 ns, At safepoint: 19500 ns, Total: 224228 ns
[2020-12-07T12:46:51.942+0000][12575][safepoint   ] Safepoint "Cleanup", Time since last: 2010371840 ns, Reaching safepoint: 116144 ns, At safepoint: 44917 ns, Total: 161061 ns
[2020-12-07T12:46:52.943+0000][12575][safepoint   ] Safepoint "Cleanup", Time since last: 1001248089 ns, Reaching safepoint: 145986 ns, At safepoint: 29317 ns, Total: 175303 ns
[2020-12-07T12:46:54.952+0000][12575][safepoint   ] Safepoint "Cleanup", Time since last: 2008813416 ns, Reaching safepoint: 95087 ns, At safepoint: 4927 ns, Total: 100014 ns
[2020-12-07T12:46:54.997+0000][12575][gc,start    ] GC(15) Pause Young (Concurrent Start) (Metadata GC Threshold)
[2020-12-07T12:46:54.997+0000][12575][gc,task     ] GC(15) Using 13 workers of 13 for evacuation
[2020-12-07T12:46:54.997+0000][12575][gc,age      ] GC(15) Desired survivor size 40370176 bytes, new threshold 15 (max threshold 15)
[2020-12-07T12:46:55.011+0000][12575][gc,age      ] GC(15) Age table with threshold 15 (max threshold 15)
[2020-12-07T12:46:55.020+0000][12575][gc,age      ] GC(15) - age   1:    1155360 bytes,    1155360 total
[2020-12-07T12:46:55.020+0000][12575][gc,age      ] GC(15) - age   2:     790304 bytes,    1945664 total
[2020-12-07T12:46:55.020+0000][12575][gc,age      ] GC(15) - age   3:       7656 bytes,    1953320 total
[2020-12-07T12:46:55.020+0000][12575][gc,age      ] GC(15) - age   4:      32216 bytes,    1985536 total
[2020-12-07T12:46:55.020+0000][12575][gc,age      ] GC(15) - age   5:     728384 bytes,    2713920 total
[2020-12-07T12:46:55.020+0000][12575][gc,age      ] GC(15) - age   6:     750144 bytes,    3464064 total
[2020-12-07T12:46:55.020+0000][12575][gc,age      ] GC(15) - age   7:   11013824 bytes,   14477888 total
[2020-12-07T12:46:55.020+0000][12575][gc,age      ] GC(15) - age   8:   10380352 bytes,   24858240 total
[2020-12-07T12:46:55.020+0000][12575][gc,phases   ] GC(15)   Pre Evacuate Collection Set: 0.3ms
[2020-12-07T12:46:55.020+0000][12575][gc,phases   ] GC(15)   Merge Heap Roots: 0.1ms
[2020-12-07T12:46:55.020+0000][12575][gc,phases   ] GC(15)   Evacuate Collection Set: 11.1ms
[2020-12-07T12:46:55.020+0000][12575][gc,phases   ] GC(15)   Post Evacuate Collection Set: 1.1ms
[2020-12-07T12:46:55.020+0000][12575][gc,phases   ] GC(15)   Other: 10.5ms
[2020-12-07T12:46:55.020+0000][12575][gc,heap     ] GC(15) Eden regions: 132->0(588)
[2020-12-07T12:46:55.020+0000][12575][gc,heap     ] GC(15) Survivor regions: 26->26(77)
[2020-12-07T12:46:55.020+0000][12575][gc,heap     ] GC(15) Old regions: 48->48
[2020-12-07T12:46:55.020+0000][12575][gc,heap     ] GC(15) Archive regions: 2->2
[2020-12-07T12:46:55.020+0000][12575][gc,heap     ] GC(15) Humongous regions: 7->7
[2020-12-07T12:46:55.020+0000][12575][gc,metaspace] GC(15) Metaspace: 98009K(101500K)->98009K(101500K) NonClass: 85070K(87420K)->85070K(87420K) Class: 12938K(14080K)->12938K(14080K)
[2020-12-07T12:46:55.020+0000][12575][gc          ] GC(15) Pause Young (Concurrent Start) (Metadata GC Threshold) 212M->80M(1024M) 23.252ms
[2020-12-07T12:46:55.020+0000][12575][gc,cpu      ] GC(15) User=0.08s Sys=0.01s Real=0.03s
[2020-12-07T12:46:55.020+0000][12575][gc          ] GC(16) Concurrent Cycle
[2020-12-07T12:46:55.020+0000][12575][gc,marking  ] GC(16) Concurrent Clear Claimed Marks
[2020-12-07T12:46:55.021+0000][12575][gc,marking  ] GC(16) Concurrent Clear Claimed Marks 0.064ms
[2020-12-07T12:46:55.021+0000][12575][gc,marking  ] GC(16) Concurrent Scan Root Regions
[2020-12-07T12:46:55.021+0000][12575][safepoint   ] Safepoint "CollectForMetadataAllocation", Time since last: 43967746 ns, Reaching safepoint: 697769 ns, At safepoint: 23523018 ns, Total: 24220787 ns
[2020-12-07T12:46:55.057+0000][12575][gc,marking  ] GC(16) Concurrent Scan Root Regions 36.772ms
[2020-12-07T12:46:55.057+0000][12575][gc,marking  ] GC(16) Concurrent Mark (5244.136s)
[2020-12-07T12:46:55.057+0000][12575][gc,marking  ] GC(16) Concurrent Mark From Roots
[2020-12-07T12:46:55.057+0000][12575][gc,task     ] GC(16) Using 3 workers of 3 for marking
[2020-12-07T12:46:55.151+0000][12575][gc,marking  ] GC(16) Concurrent Mark From Roots 93.699ms
[2020-12-07T12:46:55.151+0000][12575][gc,marking  ] GC(16) Concurrent Preclean
[2020-12-07T12:46:55.151+0000][12575][gc,marking  ] GC(16) Concurrent Preclean 0.265ms
[2020-12-07T12:46:55.151+0000][12575][gc,marking  ] GC(16) Concurrent Mark (5244.136s, 5244.230s) 94.032ms
[2020-12-07T12:46:55.152+0000][12575][gc,start    ] GC(16) Pause Remark
[2020-12-07T12:46:55.255+0000][12575][gc          ] GC(16) Pause Remark 84M->84M(1024M) 103.072ms
[2020-12-07T12:46:55.255+0000][12575][gc,cpu      ] GC(16) User=0.05s Sys=0.31s Real=0.10s
[2020-12-07T12:46:55.255+0000][12575][safepoint   ] Safepoint "G1Concurrent", Time since last: 130830525 ns, Reaching safepoint: 91958 ns, At safepoint: 103178363 ns, Total: 103270321 ns
[2020-12-07T12:46:55.255+0000][12575][gc,marking  ] GC(16) Concurrent Rebuild Remembered Sets
[2020-12-07T12:46:55.270+0000][12575][gc,marking  ] GC(16) Concurrent Rebuild Remembered Sets 15.501ms
[2020-12-07T12:46:55.273+0000][12575][gc,start    ] GC(16) Pause Cleanup
[2020-12-07T12:46:55.273+0000][12575][gc          ] GC(16) Pause Cleanup 84M->84M(1024M) 0.134ms
[2020-12-07T12:46:55.273+0000][12575][gc,cpu      ] GC(16) User=0.00s Sys=0.00s Real=0.00s
[2020-12-07T12:46:55.273+0000][12575][safepoint   ] Safepoint "G1Concurrent", Time since last: 15584005 ns, Reaching safepoint: 2807297 ns, At safepoint: 244215 ns, Total: 3051512 ns
[2020-12-07T12:46:55.273+0000][12575][gc,marking  ] GC(16) Concurrent Cleanup for Next Mark
[2020-12-07T12:46:55.280+0000][12575][gc,marking  ] GC(16) Concurrent Cleanup for Next Mark 6.255ms
[2020-12-07T12:46:55.280+0000][12575][gc          ] GC(16) Concurrent Cycle 259.195ms
[2020-12-07T12:46:55.711+0000][12575][safepoint   ] Safepoint "ICBufferFull", Time since last: 437497766 ns, Reaching safepoint: 163480 ns, At safepoint: 14053 ns, Total: 177533 ns
[2020-12-07T12:46:56.711+0000][12575][safepoint   ] Safepoint "Cleanup", Time since last: 1000205254 ns, Reaching safepoint: 104808 ns, At safepoint: 53199 ns, Total: 158007 ns
[2020-12-07T12:46:57.716+0000][12575][safepoint   ] Safepoint "Cleanup", Time since last: 1004290128 ns, Reaching safepoint: 189607 ns, At safepoint: 25563 ns, Total: 215170 ns
[2020-12-07T12:46:58.025+0000][12575][safepoint   ] Safepoint "ICBufferFull", Time since last: 309006596 ns, Reaching safepoint: 185034 ns, At safepoint: 13707 ns, Total: 198741 ns
[2020-12-07T12:46:59.028+0000][12575][safepoint   ] Safepoint "Cleanup", Time since last: 1002364471 ns, Reaching safepoint: 209371 ns, At safepoint: 32944 ns, Total: 242315 ns
[2020-12-07T12:47:00.032+0000][12575][safepoint   ] Safepoint "Cleanup", Time since last: 1003938855 ns, Reaching safepoint: 101578 ns, At safepoint: 5973 ns, Total: 107551 ns
[2020-12-07T12:47:01.036+0000][12575][safepoint   ] Safepoint "Cleanup", Time since last: 1004344348 ns, Reaching safepoint: 170633 ns, At safepoint: 39855 ns, Total: 210488 ns
[2020-12-07T12:47:02.038+0000][12575][safepoint   ] Safepoint "Cleanup", Time since last: 1000923550 ns, Reaching safepoint: 162912 ns, At safepoint: 53940 ns, Total: 216852 ns
[2020-12-07T12:47:03.044+0000][12575][safepoint   ] Safepoint "Cleanup", Time since last: 1006681255 ns, Reaching safepoint: 207448 ns, At safepoint: 30786 ns, Total: 238234 ns
[2020-12-07T12:47:04.049+0000][12575][safepoint   ] Safepoint "Cleanup", Time since last: 1004497035 ns, Reaching safepoint: 70822 ns, At safepoint: 43972 ns, Total: 114794 ns
[2020-12-07T12:47:05.053+0000][12575][safepoint   ] Safepoint "Cleanup", Time since last: 1004197846 ns, Reaching safepoint: 133704 ns, At safepoint: 4410 ns, Total: 138114 ns
[2020-12-07T12:47:06.079+0000][12575][safepoint   ] Safepoint "Cleanup", Time since last: 1025108666 ns, Reaching safepoint: 80810 ns, At safepoint: 19088 ns, Total: 99898 ns
[2020-12-07T12:47:07.082+0000][12575][safepoint   ] Safepoint "Cleanup", Time since last: 1003308787 ns, Reaching safepoint: 186058 ns, At safepoint: 25783 ns, Total: 211841 ns
[2020-12-07T12:47:08.091+0000][12575][safepoint   ] Safepoint "Cleanup", Time since last: 1008638904 ns, Reaching safepoint: 218839 ns, At safepoint: 28751 ns, Total: 247590 ns
[2020-12-07T12:47:09.093+0000][12575][safepoint   ] Safepoint "Cleanup", Time since last: 1001263196 ns, Reaching safepoint: 175403 ns, At safepoint: 48746 ns, Total: 224149 ns
[2020-12-07T12:47:10.093+0000][12575][safepoint   ] Safepoint "Cleanup", Time since last: 1000129967 ns, Reaching safepoint: 243370 ns, At safepoint: 16148 ns, Total: 259518 ns
[2020-12-07T12:47:12.101+0000][12575][safepoint   ] Safepoint "Cleanup", Time since last: 2007628625 ns, Reaching safepoint: 268063 ns, At safepoint: 71498 ns, Total: 339561 ns
[2020-12-07T12:47:13.116+0000][12575][safepoint   ] Safepoint "Cleanup", Time since last: 1014936385 ns, Reaching safepoint: 191270 ns, At safepoint: 62760 ns, Total: 254030 ns
[2020-12-07T12:47:14.126+0000][12575][safepoint   ] Safepoint "Cleanup", Time since last: 1009783699 ns, Reaching safepoint: 186686 ns, At safepoint: 11042 ns, Total: 197728 ns
[2020-12-07T12:47:15.131+0000][12575][safepoint   ] Safepoint "Cleanup", Time since last: 1004677487 ns, Reaching safepoint: 145292 ns, At safepoint: 9278 ns, Total: 154570 ns
[2020-12-07T12:47:16.135+0000][12575][safepoint   ] Safepoint "Cleanup", Time since last: 1004310621 ns, Reaching safepoint: 84799 ns, At safepoint: 39315 ns, Total: 124114 ns
[2020-12-07T12:47:17.138+0000][12575][safepoint   ] Safepoint "Cleanup", Time since last: 1001985346 ns, Reaching safepoint: 78315 ns, At safepoint: 9238 ns, Total: 87553 ns
[2020-12-07T12:47:18.150+0000][12575][safepoint   ] Safepoint "Cleanup", Time since last: 1011882715 ns, Reaching safepoint: 149528 ns, At safepoint: 32904 ns, Total: 182432 ns
[2020-12-07T12:47:19.174+0000][12575][safepoint   ] Safepoint "Cleanup", Time since last: 1023747133 ns, Reaching safepoint: 119742 ns, At safepoint: 50396 ns, Total: 170138 ns
[2020-12-07T12:47:20.179+0000][12575][safepoint   ] Safepoint "Cleanup", Time since last: 1005381325 ns, Reaching safepoint: 234323 ns, At safepoint: 50907 ns, Total: 285230 ns
[2020-12-07T12:47:22.192+0000][12575][safepoint   ] Safepoint "Cleanup", Time since last: 2012083088 ns, Reaching safepoint: 181854 ns, At safepoint: 22264 ns, Total: 204118 ns
[2020-12-07T12:47:23.199+0000][12575][safepoint   ] Safepoint "Cleanup", Time since last: 1007257540 ns, Reaching safepoint: 78929 ns, At safepoint: 7064 ns, Total: 85993 ns
[2020-12-07T12:47:24.201+0000][12575][safepoint   ] Safepoint "Cleanup", Time since last: 1001561423 ns, Reaching safepoint: 204084 ns, At safepoint: 88512 ns, Total: 292596 ns
[2020-12-07T12:47:25.206+0000][12575][safepoint   ] Safepoint "Cleanup", Time since last: 1005238726 ns, Reaching safepoint: 182317 ns, At safepoint: 37784 ns, Total: 220101 ns
[2020-12-07T12:47:27.211+0000][12575][safepoint   ] Safepoint "Cleanup", Time since last: 2004250961 ns, Reaching safepoint: 103169 ns, At safepoint: 19595 ns, Total: 122764 ns
[2020-12-07T12:47:28.212+0000][12575][safepoint   ] Safepoint "Cleanup", Time since last: 1001365187 ns, Reaching safepoint: 196558 ns, At safepoint: 75346 ns, Total: 271904 ns
[2020-12-07T12:47:29.214+0000][12575][safepoint   ] Safepoint "Cleanup", Time since last: 1001634676 ns, Reaching safepoint: 84719 ns, At safepoint: 59139 ns, Total: 143858 ns
[2020-12-07T12:47:31.260+0000][12575][safepoint   ] Safepoint "Cleanup", Time since last: 2045403744 ns, Reaching safepoint: 194794 ns, At safepoint: 67005 ns, Total: 261799 ns
[2020-12-07T12:47:32.263+0000][12575][safepoint   ] Safepoint "Cleanup", Time since last: 1003317264 ns, Reaching safepoint: 191759 ns, At safepoint: 40178 ns, Total: 231937 ns
[2020-12-07T12:47:33.266+0000][12575][safepoint   ] Safepoint "Cleanup", Time since last: 1002611825 ns, Reaching safepoint: 197269 ns, At safepoint: 45140 ns, Total: 242409 ns
[2020-12-07T12:47:34.271+0000][12575][safepoint   ] Safepoint "Cleanup", Time since last: 1004676265 ns, Reaching safepoint: 217780 ns, At safepoint: 50168 ns, Total: 267948 ns
[2020-12-07T12:47:35.275+0000][12575][safepoint   ] Safepoint "Cleanup", Time since last: 1003204160 ns, Reaching safepoint: 167774 ns, At safepoint: 56707 ns, Total: 224481 ns
[2020-12-07T12:47:36.279+0000][12575][safepoint   ] Safepoint "Cleanup", Time since last: 1004200042 ns, Reaching safepoint: 109576 ns, At safepoint: 15586 ns, Total: 125162 ns
[2020-12-07T12:47:37.322+0000][12575][safepoint   ] Safepoint "Cleanup", Time since last: 1042742227 ns, Reaching safepoint: 82050 ns, At safepoint: 38695 ns, Total: 120745 ns
[2020-12-07T12:47:38.326+0000][12575][safepoint   ] Safepoint "Cleanup", Time since last: 1004225204 ns, Reaching safepoint: 272201 ns, At safepoint: 79405 ns, Total: 351606 ns
[2020-12-07T12:47:39.331+0000][12575][safepoint   ] Safepoint "Cleanup", Time since last: 1004384378 ns, Reaching safepoint: 149791 ns, At safepoint: 19118 ns, Total: 168909 ns
[2020-12-07T12:47:40.335+0000][12575][safepoint   ] Safepoint "Cleanup", Time since last: 1003510034 ns, Reaching safepoint: 207260 ns, At safepoint: 48427 ns, Total: 255687 ns
[2020-12-07T12:47:41.336+0000][12575][safepoint   ] Safepoint "Cleanup", Time since last: 1000608807 ns, Reaching safepoint: 194996 ns, At safepoint: 67163 ns, Total: 262159 ns
[2020-12-07T12:47:42.337+0000][12575][safepoint   ] Safepoint "Cleanup", Time since last: 1000817399 ns, Reaching safepoint: 129459 ns, At safepoint: 54948 ns, Total: 184407 ns
[2020-12-07T12:47:45.346+0000][12575][safepoint   ] Safepoint "Cleanup", Time since last: 3009533900 ns, Reaching safepoint: 171013 ns, At safepoint: 44303 ns, Total: 215316 ns
[2020-12-07T12:47:46.350+0000][12575][safepoint   ] Safepoint "Cleanup", Time since last: 1003874105 ns, Reaching safepoint: 153185 ns, At safepoint: 51316 ns, Total: 204501 ns
[2020-12-07T12:47:47.355+0000][12575][safepoint   ] Safepoint "Cleanup", Time since last: 1004017593 ns, Reaching safepoint: 148041 ns, At safepoint: 7756 ns, Total: 155797 ns
[2020-12-07T12:47:48.361+0000][12575][safepoint   ] Safepoint "Cleanup", Time since last: 1006259240 ns, Reaching safepoint: 139165 ns, At safepoint: 69080 ns, Total: 208245 ns
[2020-12-07T12:47:49.364+0000][12575][safepoint   ] Safepoint "Cleanup", Time since last: 1002192392 ns, Reaching safepoint: 189836 ns, At safepoint: 45496 ns, Total: 235332 ns
[2020-12-07T12:47:49.666+0000][12575][gc,start    ] GC(17) Pause Young (Normal) (G1 Evacuation Pause)
[2020-12-07T12:47:49.666+0000][12575][gc,task     ] GC(17) Using 13 workers of 13 for evacuation
[2020-12-07T12:47:49.666+0000][12575][gc,age      ] GC(17) Desired survivor size 40370176 bytes, new threshold 15 (max threshold 15)
[2020-12-07T12:47:49.675+0000][12575][gc,age      ] GC(17) Age table with threshold 15 (max threshold 15)
[2020-12-07T12:47:49.675+0000][12575][gc,age      ] GC(17) - age   1:    1340928 bytes,    1340928 total
[2020-12-07T12:47:49.675+0000][12575][gc,age      ] GC(17) - age   2:      70904 bytes,    1411832 total
[2020-12-07T12:47:49.675+0000][12575][gc,age      ] GC(17) - age   3:     780328 bytes,    2192160 total
[2020-12-07T12:47:49.675+0000][12575][gc,age      ] GC(17) - age   4:       7376 bytes,    2199536 total
[2020-12-07T12:47:49.675+0000][12575][gc,age      ] GC(17) - age   5:      32216 bytes,    2231752 total
[2020-12-07T12:47:49.675+0000][12575][gc,age      ] GC(17) - age   6:     728200 bytes,    2959952 total
[2020-12-07T12:47:49.675+0000][12575][gc,age      ] GC(17) - age   7:     749680 bytes,    3709632 total
[2020-12-07T12:47:49.675+0000][12575][gc,age      ] GC(17) - age   8:   10847384 bytes,   14557016 total
[2020-12-07T12:47:49.675+0000][12575][gc,age      ] GC(17) - age   9:   10337816 bytes,   24894832 total
[2020-12-07T12:47:49.675+0000][12575][gc,phases   ] GC(17)   Pre Evacuate Collection Set: 0.1ms
[2020-12-07T12:47:49.675+0000][12575][gc,phases   ] GC(17)   Merge Heap Roots: 0.1ms
[2020-12-07T12:47:49.675+0000][12575][gc,phases   ] GC(17)   Evacuate Collection Set: 7.6ms
[2020-12-07T12:47:49.675+0000][12575][gc,phases   ] GC(17)   Post Evacuate Collection Set: 1.3ms
[2020-12-07T12:47:49.675+0000][12575][gc,phases   ] GC(17)   Other: 0.3ms
[2020-12-07T12:47:49.675+0000][12575][gc,heap     ] GC(17) Eden regions: 588->0(588)
[2020-12-07T12:47:49.675+0000][12575][gc,heap     ] GC(17) Survivor regions: 26->26(77)
[2020-12-07T12:47:49.675+0000][12575][gc,heap     ] GC(17) Old regions: 48->48
[2020-12-07T12:47:49.675+0000][12575][gc,heap     ] GC(17) Archive regions: 2->2
[2020-12-07T12:47:49.675+0000][12575][gc,heap     ] GC(17) Humongous regions: 7->7
[2020-12-07T12:47:49.675+0000][12575][gc,metaspace] GC(17) Metaspace: 98808K(102524K)->98808K(102524K) NonClass: 85827K(88444K)->85827K(88444K) Class: 12981K(14080K)->12981K(14080K)
[2020-12-07T12:47:49.675+0000][12575][gc          ] GC(17) Pause Young (Normal) (G1 Evacuation Pause) 668M->80M(1024M) 9.503ms
[2020-12-07T12:47:49.675+0000][12575][gc,cpu      ] GC(17) User=0.09s Sys=0.00s Real=0.01s
[2020-12-07T12:47:49.675+0000][12575][safepoint   ] Safepoint "G1CollectForAllocation", Time since last: 302200851 ns, Reaching safepoint: 89131 ns, At safepoint: 9603543 ns, Total: 9692674 ns
[2020-12-07T12:47:51.679+0000][12575][safepoint   ] Safepoint "Cleanup", Time since last: 2002945630 ns, Reaching safepoint: 259887 ns, At safepoint: 33456 ns, Total: 293343 ns
[2020-12-07T12:47:52.681+0000][12575][safepoint   ] Safepoint "Cleanup", Time since last: 1001703330 ns, Reaching safepoint: 195924 ns, At safepoint: 23000 ns, Total: 218924 ns
[2020-12-07T12:47:53.682+0000][12575][safepoint   ] Safepoint "Cleanup", Time since last: 1001564460 ns, Reaching safepoint: 194937 ns, At safepoint: 27193 ns, Total: 222130 ns
[2020-12-07T12:47:54.694+0000][12575][safepoint   ] Safepoint "Cleanup", Time since last: 1011673515 ns, Reaching safepoint: 206320 ns, At safepoint: 77363 ns, Total: 283683 ns
[2020-12-07T12:47:55.699+0000][12575][safepoint   ] Safepoint "Cleanup", Time since last: 1004110992 ns, Reaching safepoint: 200893 ns, At safepoint: 48444 ns, Total: 249337 ns
[2020-12-07T12:47:56.718+0000][12575][safepoint   ] Safepoint "Cleanup", Time since last: 1019399710 ns, Reaching safepoint: 154404 ns, At safepoint: 50152 ns, Total: 204556 ns
[2020-12-07T12:48:06.750+0000][12575][safepoint   ] Safepoint "Cleanup", Time since last: 10030836570 ns, Reaching safepoint: 167903 ns, At safepoint: 66947 ns, Total: 234850 ns
[2020-12-07T12:48:07.751+0000][12575][safepoint   ] Safepoint "Cleanup", Time since last: 1000640965 ns, Reaching safepoint: 199610 ns, At safepoint: 70290 ns, Total: 269900 ns
[2020-12-07T12:48:09.753+0000][12575][safepoint   ] Safepoint "Cleanup", Time since last: 2002743024 ns, Reaching safepoint: 113209 ns, At safepoint: 51574 ns, Total: 164783 ns
[2020-12-07T12:48:10.757+0000][12575][safepoint   ] Safepoint "Cleanup", Time since last: 1003024917 ns, Reaching safepoint: 334770 ns, At safepoint: 16151 ns, Total: 350921 ns
[2020-12-07T12:48:15.734+0000][12575][safepoint   ] Safepoint "Cleanup", Time since last: 4976394652 ns, Reaching safepoint: 137229 ns, At safepoint: 54657 ns, Total: 191886 ns
[2020-12-07T12:48:17.740+0000][12575][safepoint   ] Safepoint "Cleanup", Time since last: 2006245599 ns, Reaching safepoint: 154126 ns, At safepoint: 90617 ns, Total: 244743 ns
[2020-12-07T12:48:18.743+0000][12575][safepoint   ] Safepoint "Cleanup", Time since last: 1002390509 ns, Reaching safepoint: 92421 ns, At safepoint: 17464 ns, Total: 109885 ns
[2020-12-07T12:48:20.749+0000][12575][safepoint   ] Safepoint "Cleanup", Time since last: 2005870854 ns, Reaching safepoint: 218617 ns, At safepoint: 37549 ns, Total: 256166 ns
[2020-12-07T12:48:24.756+0000][12575][safepoint   ] Safepoint "Cleanup", Time since last: 4006694006 ns, Reaching safepoint: 192230 ns, At safepoint: 26955 ns, Total: 219185 ns
[2020-12-07T12:48:45.835+0000][12575][safepoint   ] Safepoint "Cleanup", Time since last: 21078519599 ns, Reaching safepoint: 204007 ns, At safepoint: 60772 ns, Total: 264779 ns
[2020-12-07T12:49:23.980+0000][12575][safepoint   ] Safepoint "Cleanup", Time since last: 38144221619 ns, Reaching safepoint: 189182 ns, At safepoint: 57364 ns, Total: 246546 ns
[2020-12-07T12:49:41.041+0000][12575][safepoint   ] Safepoint "Cleanup", Time since last: 17060592525 ns, Reaching safepoint: 220818 ns, At safepoint: 47744 ns, Total: 268562 ns
[2020-12-07T12:49:44.053+0000][12575][safepoint   ] Safepoint "Cleanup", Time since last: 3011998568 ns, Reaching safepoint: 187004 ns, At safepoint: 54727 ns, Total: 241731 ns
[2020-12-07T12:49:45.057+0000][12575][safepoint   ] Safepoint "Cleanup", Time since last: 1003697356 ns, Reaching safepoint: 209778 ns, At safepoint: 90135 ns, Total: 299913 ns
[2020-12-07T12:49:46.062+0000][12575][safepoint   ] Safepoint "Cleanup", Time since last: 1005287033 ns, Reaching safepoint: 203127 ns, At safepoint: 54231 ns, Total: 257358 ns
[2020-12-07T12:50:01.103+0000][12575][safepoint   ] Safepoint "Cleanup", Time since last: 15039926733 ns, Reaching safepoint: 140762 ns, At safepoint: 61905 ns, Total: 202667 ns
[2020-12-07T12:50:16.156+0000][12575][safepoint   ] Safepoint "Cleanup", Time since last: 15052791855 ns, Reaching safepoint: 122391 ns, At safepoint: 36100 ns, Total: 158491 ns
[2020-12-07T12:50:48.907+0000][12575][gc,start    ] GC(18) Pause Young (Normal) (G1 Evacuation Pause)
[2020-12-07T12:50:48.907+0000][12575][gc,task     ] GC(18) Using 13 workers of 13 for evacuation
[2020-12-07T12:50:48.907+0000][12575][gc,age      ] GC(18) Desired survivor size 40370176 bytes, new threshold 15 (max threshold 15)
[2020-12-07T12:50:48.920+0000][12575][gc,age      ] GC(18) Age table with threshold 15 (max threshold 15)
[2020-12-07T12:50:48.920+0000][12575][gc,age      ] GC(18) - age   1:    2817008 bytes,    2817008 total
[2020-12-07T12:50:48.920+0000][12575][gc,age      ] GC(18) - age   2:     466616 bytes,    3283624 total
[2020-12-07T12:50:48.920+0000][12575][gc,age      ] GC(18) - age   3:      70272 bytes,    3353896 total
[2020-12-07T12:50:48.920+0000][12575][gc,age      ] GC(18) - age   4:     780056 bytes,    4133952 total
[2020-12-07T12:50:48.920+0000][12575][gc,age      ] GC(18) - age   5:       6968 bytes,    4140920 total
[2020-12-07T12:50:48.920+0000][12575][gc,age      ] GC(18) - age   6:      32088 bytes,    4173008 total
[2020-12-07T12:50:48.920+0000][12575][gc,age      ] GC(18) - age   7:     727504 bytes,    4900512 total
[2020-12-07T12:50:48.920+0000][12575][gc,age      ] GC(18) - age   8:     749400 bytes,    5649912 total
[2020-12-07T12:50:48.920+0000][12575][gc,age      ] GC(18) - age   9:   10847200 bytes,   16497112 total
[2020-12-07T12:50:48.920+0000][12575][gc,age      ] GC(18) - age  10:   10337816 bytes,   26834928 total
[2020-12-07T12:50:48.920+0000][12575][gc,phases   ] GC(18)   Pre Evacuate Collection Set: 0.3ms
[2020-12-07T12:50:48.920+0000][12575][gc,phases   ] GC(18)   Merge Heap Roots: 0.2ms
[2020-12-07T12:50:48.920+0000][12575][gc,phases   ] GC(18)   Evacuate Collection Set: 10.1ms
[2020-12-07T12:50:48.920+0000][12575][gc,phases   ] GC(18)   Post Evacuate Collection Set: 1.5ms
[2020-12-07T12:50:48.920+0000][12575][gc,phases   ] GC(18)   Other: 1.0ms
[2020-12-07T12:50:48.920+0000][12575][gc,heap     ] GC(18) Eden regions: 588->0(586)
[2020-12-07T12:50:48.920+0000][12575][gc,heap     ] GC(18) Survivor regions: 26->28(77)
[2020-12-07T12:50:48.920+0000][12575][gc,heap     ] GC(18) Old regions: 48->48
[2020-12-07T12:50:48.920+0000][12575][gc,heap     ] GC(18) Archive regions: 2->2
[2020-12-07T12:50:48.920+0000][12575][gc,heap     ] GC(18) Humongous regions: 7->7
[2020-12-07T12:50:48.920+0000][12575][gc,metaspace] GC(18) Metaspace: 98844K(102524K)->98844K(102524K) NonClass: 85862K(88444K)->85862K(88444K) Class: 12981K(14080K)->12981K(14080K)
[2020-12-07T12:50:48.920+0000][12575][gc          ] GC(18) Pause Young (Normal) (G1 Evacuation Pause) 668M->82M(1024M) 13.219ms
[2020-12-07T12:50:48.920+0000][12575][gc,cpu      ] GC(18) User=0.12s Sys=0.01s Real=0.02s
[2020-12-07T12:50:48.920+0000][12575][safepoint   ] Safepoint "G1CollectForAllocation", Time since last: 32750073067 ns, Reaching safepoint: 234052 ns, At safepoint: 13390310 ns, Total: 13624362 ns
[2020-12-07T12:51:46.060+0000][12575][safepoint   ] Safepoint "Cleanup", Time since last: 57139621391 ns, Reaching safepoint: 184863 ns, At safepoint: 64390 ns, Total: 249253 ns
[2020-12-07T12:51:55.091+0000][12575][safepoint   ] Safepoint "Cleanup", Time since last: 9030687264 ns, Reaching safepoint: 101553 ns, At safepoint: 9860 ns, Total: 111413 ns
[2020-12-07T12:52:14.153+0000][12575][safepoint   ] Safepoint "Cleanup", Time since last: 19061499695 ns, Reaching safepoint: 180752 ns, At safepoint: 38740 ns, Total: 219492 ns
[2020-12-07T12:52:15.159+0000][12575][safepoint   ] Safepoint "Cleanup", Time since last: 1005714503 ns, Reaching safepoint: 243774 ns, At safepoint: 65687 ns, Total: 309461 ns
[2020-12-07T12:52:17.165+0000][12575][safepoint   ] Safepoint "Cleanup", Time since last: 2005321748 ns, Reaching safepoint: 114434 ns, At safepoint: 39823 ns, Total: 154257 ns
[2020-12-07T12:52:19.172+0000][12575][safepoint   ] Safepoint "Cleanup", Time since last: 2006561675 ns, Reaching safepoint: 189488 ns, At safepoint: 27421 ns, Total: 216909 ns
[2020-12-07T12:52:20.186+0000][12575][safepoint   ] Safepoint "Cleanup", Time since last: 1014480796 ns, Reaching safepoint: 195063 ns, At safepoint: 28584 ns, Total: 223647 ns
[2020-12-07T12:52:51.291+0000][12575][safepoint   ] Safepoint "Cleanup", Time since last: 31103954708 ns, Reaching safepoint: 251933 ns, At safepoint: 57950 ns, Total: 309883 ns
[2020-12-07T12:52:57.312+0000][12575][safepoint   ] Safepoint "Cleanup", Time since last: 6020384855 ns, Reaching safepoint: 98320 ns, At safepoint: 12672 ns, Total: 110992 ns
[2020-12-07T12:53:46.473+0000][12575][safepoint   ] Safepoint "Cleanup", Time since last: 49160794612 ns, Reaching safepoint: 186306 ns, At safepoint: 22420 ns, Total: 208726 ns
[2020-12-07T12:54:13.588+0000][12575][gc,start    ] GC(19) Pause Young (Normal) (G1 Evacuation Pause)
[2020-12-07T12:54:13.589+0000][12575][gc,task     ] GC(19) Using 13 workers of 13 for evacuation
[2020-12-07T12:54:13.589+0000][12575][gc,age      ] GC(19) Desired survivor size 40370176 bytes, new threshold 15 (max threshold 15)
[2020-12-07T12:54:13.600+0000][12575][gc,age      ] GC(19) Age table with threshold 15 (max threshold 15)
[2020-12-07T12:54:13.600+0000][12575][gc,age      ] GC(19) - age   1:    2243112 bytes,    2243112 total
[2020-12-07T12:54:13.600+0000][12575][gc,age      ] GC(19) - age   2:    2029480 bytes,    4272592 total
[2020-12-07T12:54:13.600+0000][12575][gc,age      ] GC(19) - age   3:     465656 bytes,    4738248 total
[2020-12-07T12:54:13.600+0000][12575][gc,age      ] GC(19) - age   4:      70272 bytes,    4808520 total
[2020-12-07T12:54:13.600+0000][12575][gc,age      ] GC(19) - age   5:     776216 bytes,    5584736 total
[2020-12-07T12:54:13.600+0000][12575][gc,age      ] GC(19) - age   6:       6360 bytes,    5591096 total
[2020-12-07T12:54:13.600+0000][12575][gc,age      ] GC(19) - age   7:      31880 bytes,    5622976 total
[2020-12-07T12:54:13.600+0000][12575][gc,age      ] GC(19) - age   8:     726672 bytes,    6349648 total
[2020-12-07T12:54:13.600+0000][12575][gc,age      ] GC(19) - age   9:     749360 bytes,    7099008 total
[2020-12-07T12:54:13.600+0000][12575][gc,age      ] GC(19) - age  10:   10847120 bytes,   17946128 total
[2020-12-07T12:54:13.600+0000][12575][gc,age      ] GC(19) - age  11:   10337816 bytes,   28283944 total
[2020-12-07T12:54:13.600+0000][12575][gc,phases   ] GC(19)   Pre Evacuate Collection Set: 0.2ms
[2020-12-07T12:54:13.600+0000][12575][gc,phases   ] GC(19)   Merge Heap Roots: 0.1ms
[2020-12-07T12:54:13.600+0000][12575][gc,phases   ] GC(19)   Evacuate Collection Set: 9.3ms
[2020-12-07T12:54:13.600+0000][12575][gc,phases   ] GC(19)   Post Evacuate Collection Set: 1.4ms
[2020-12-07T12:54:13.600+0000][12575][gc,phases   ] GC(19)   Other: 1.1ms
[2020-12-07T12:54:13.600+0000][12575][gc,heap     ] GC(19) Eden regions: 586->0(585)
[2020-12-07T12:54:13.600+0000][12575][gc,heap     ] GC(19) Survivor regions: 28->29(77)
[2020-12-07T12:54:13.600+0000][12575][gc,heap     ] GC(19) Old regions: 48->48
[2020-12-07T12:54:13.600+0000][12575][gc,heap     ] GC(19) Archive regions: 2->2
[2020-12-07T12:54:13.600+0000][12575][gc,heap     ] GC(19) Humongous regions: 7->7
[2020-12-07T12:54:13.600+0000][12575][gc,metaspace] GC(19) Metaspace: 98887K(102524K)->98887K(102524K) NonClass: 85906K(88444K)->85906K(88444K) Class: 12981K(14080K)->12981K(14080K)
[2020-12-07T12:54:13.600+0000][12575][gc          ] GC(19) Pause Young (Normal) (G1 Evacuation Pause) 668M->83M(1024M) 12.252ms
[2020-12-07T12:54:13.600+0000][12575][gc,cpu      ] GC(19) User=0.11s Sys=0.01s Real=0.02s
[2020-12-07T12:54:13.600+0000][12575][safepoint   ] Safepoint "G1CollectForAllocation", Time since last: 27114265019 ns, Reaching safepoint: 205446 ns, At safepoint: 12410340 ns, Total: 12615786 ns
[2020-12-07T12:54:44.686+0000][12575][safepoint   ] Safepoint "Cleanup", Time since last: 31084801483 ns, Reaching safepoint: 193406 ns, At safepoint: 20150 ns, Total: 213556 ns
[2020-12-07T12:54:45.710+0000][12575][safepoint   ] Safepoint "Cleanup", Time since last: 1024303207 ns, Reaching safepoint: 96963 ns, At safepoint: 48556 ns, Total: 145519 ns
[2020-12-07T12:54:46.712+0000][12575][safepoint   ] Safepoint "Cleanup", Time since last: 1001678762 ns, Reaching safepoint: 73166 ns, At safepoint: 51312 ns, Total: 124478 ns
[2020-12-07T12:54:47.717+0000][12575][safepoint   ] Safepoint "Cleanup", Time since last: 1004575073 ns, Reaching safepoint: 101377 ns, At safepoint: 17767 ns, Total: 119144 ns
[2020-12-07T12:54:49.728+0000][12575][safepoint   ] Safepoint "Cleanup", Time since last: 2011166003 ns, Reaching safepoint: 202846 ns, At safepoint: 71468 ns, Total: 274314 ns
[2020-12-07T12:54:50.732+0000][12575][safepoint   ] Safepoint "Cleanup", Time since last: 1003903451 ns, Reaching safepoint: 125044 ns, At safepoint: 12519 ns, Total: 137563 ns
[2020-12-07T12:54:51.734+0000][12575][safepoint   ] Safepoint "Cleanup", Time since last: 1001804920 ns, Reaching safepoint: 161321 ns, At safepoint: 25835 ns, Total: 187156 ns
[2020-12-07T12:54:52.738+0000][12575][safepoint   ] Safepoint "Cleanup", Time since last: 1003284825 ns, Reaching safepoint: 77468 ns, At safepoint: 41440 ns, Total: 118908 ns
[2020-12-07T12:54:55.750+0000][12575][safepoint   ] Safepoint "Cleanup", Time since last: 3012268133 ns, Reaching safepoint: 193803 ns, At safepoint: 40714 ns, Total: 234517 ns
[2020-12-07T12:54:59.762+0000][12575][safepoint   ] Safepoint "Cleanup", Time since last: 4011507046 ns, Reaching safepoint: 286490 ns, At safepoint: 78428 ns, Total: 364918 ns
[2020-12-07T12:55:00.780+0000][12575][safepoint   ] Safepoint "Cleanup", Time since last: 1017456403 ns, Reaching safepoint: 105978 ns, At safepoint: 75720 ns, Total: 181698 ns
[2020-12-07T12:55:01.795+0000][12575][safepoint   ] Safepoint "Cleanup", Time since last: 1015140811 ns, Reaching safepoint: 107693 ns, At safepoint: 44770 ns, Total: 152463 ns
[2020-12-07T12:55:02.798+0000][12575][safepoint   ] Safepoint "Cleanup", Time since last: 1002866650 ns, Reaching safepoint: 123868 ns, At safepoint: 26884 ns, Total: 150752 ns
[2020-12-07T12:55:04.802+0000][12575][safepoint   ] Safepoint "Cleanup", Time since last: 2003945197 ns, Reaching safepoint: 186398 ns, At safepoint: 36646 ns, Total: 223044 ns
[2020-12-07T12:55:06.807+0000][12575][safepoint   ] Safepoint "Cleanup", Time since last: 2004798670 ns, Reaching safepoint: 106143 ns, At safepoint: 43653 ns, Total: 149796 ns
[2020-12-07T12:55:09.818+0000][12575][safepoint   ] Safepoint "Cleanup", Time since last: 3010273280 ns, Reaching safepoint: 250506 ns, At safepoint: 56952 ns, Total: 307458 ns
[2020-12-07T12:55:10.819+0000][12575][safepoint   ] Safepoint "Cleanup", Time since last: 1000904311 ns, Reaching safepoint: 162971 ns, At safepoint: 38793 ns, Total: 201764 ns
[2020-12-07T12:55:11.821+0000][12575][safepoint   ] Safepoint "Cleanup", Time since last: 1001485895 ns, Reaching safepoint: 158067 ns, At safepoint: 62525 ns, Total: 220592 ns
[2020-12-07T12:55:14.832+0000][12575][safepoint   ] Safepoint "Cleanup", Time since last: 3010961234 ns, Reaching safepoint: 176560 ns, At safepoint: 15457 ns, Total: 192017 ns
[2020-12-07T12:55:16.840+0000][12575][safepoint   ] Safepoint "Cleanup", Time since last: 2007799697 ns, Reaching safepoint: 180845 ns, At safepoint: 82698 ns, Total: 263543 ns
[2020-12-07T12:55:22.860+0000][12575][safepoint   ] Safepoint "Cleanup", Time since last: 6019981687 ns, Reaching safepoint: 97133 ns, At safepoint: 49147 ns, Total: 146280 ns
[2020-12-07T12:55:30.897+0000][12575][gc,start    ] GC(20) Pause Young (Normal) (G1 Evacuation Pause)
[2020-12-07T12:55:30.897+0000][12575][gc,task     ] GC(20) Using 13 workers of 13 for evacuation
[2020-12-07T12:55:30.897+0000][12575][gc,age      ] GC(20) Desired survivor size 40370176 bytes, new threshold 15 (max threshold 15)
[2020-12-07T12:55:30.909+0000][12575][gc,age      ] GC(20) Age table with threshold 15 (max threshold 15)
[2020-12-07T12:55:30.909+0000][12575][gc,age      ] GC(20) - age   1:    1207384 bytes,    1207384 total
[2020-12-07T12:55:30.909+0000][12575][gc,age      ] GC(20) - age   2:      46032 bytes,    1253416 total
[2020-12-07T12:55:30.909+0000][12575][gc,age      ] GC(20) - age   3:       3440 bytes,    1256856 total
[2020-12-07T12:55:30.909+0000][12575][gc,age      ] GC(20) - age   4:     464248 bytes,    1721104 total
[2020-12-07T12:55:30.909+0000][12575][gc,age      ] GC(20) - age   5:      70272 bytes,    1791376 total
[2020-12-07T12:55:30.909+0000][12575][gc,age      ] GC(20) - age   6:     776056 bytes,    2567432 total
[2020-12-07T12:55:30.909+0000][12575][gc,age      ] GC(20) - age   7:       6360 bytes,    2573792 total
[2020-12-07T12:55:30.909+0000][12575][gc,age      ] GC(20) - age   8:      19688 bytes,    2593480 total
[2020-12-07T12:55:30.909+0000][12575][gc,age      ] GC(20) - age   9:     726672 bytes,    3320152 total
[2020-12-07T12:55:30.909+0000][12575][gc,age      ] GC(20) - age  10:     749360 bytes,    4069512 total
[2020-12-07T12:55:30.909+0000][12575][gc,age      ] GC(20) - age  11:   10847120 bytes,   14916632 total
[2020-12-07T12:55:30.909+0000][12575][gc,age      ] GC(20) - age  12:   10337816 bytes,   25254448 total
[2020-12-07T12:55:30.909+0000][12575][gc,phases   ] GC(20)   Pre Evacuate Collection Set: 0.2ms
[2020-12-07T12:55:30.909+0000][12575][gc,phases   ] GC(20)   Merge Heap Roots: 0.1ms
[2020-12-07T12:55:30.909+0000][12575][gc,phases   ] GC(20)   Evacuate Collection Set: 9.3ms
[2020-12-07T12:55:30.909+0000][12575][gc,phases   ] GC(20)   Post Evacuate Collection Set: 1.6ms
[2020-12-07T12:55:30.909+0000][12575][gc,phases   ] GC(20)   Other: 0.9ms
[2020-12-07T12:55:30.909+0000][12575][gc,heap     ] GC(20) Eden regions: 585->0(587)
[2020-12-07T12:55:30.909+0000][12575][gc,heap     ] GC(20) Survivor regions: 29->27(77)
[2020-12-07T12:55:30.909+0000][12575][gc,heap     ] GC(20) Old regions: 48->48
[2020-12-07T12:55:30.909+0000][12575][gc,heap     ] GC(20) Archive regions: 2->2
[2020-12-07T12:55:30.909+0000][12575][gc,heap     ] GC(20) Humongous regions: 7->7
[2020-12-07T12:55:30.909+0000][12575][gc,metaspace] GC(20) Metaspace: 99040K(102780K)->99040K(102780K) NonClass: 86058K(88700K)->86058K(88700K) Class: 12982K(14080K)->12982K(14080K)
[2020-12-07T12:55:30.909+0000][12575][gc          ] GC(20) Pause Young (Normal) (G1 Evacuation Pause) 668M->81M(1024M) 12.310ms
[2020-12-07T12:55:30.909+0000][12575][gc,cpu      ] GC(20) User=0.11s Sys=0.01s Real=0.01s
[2020-12-07T12:55:30.909+0000][12575][safepoint   ] Safepoint "G1CollectForAllocation", Time since last: 8036235383 ns, Reaching safepoint: 142724 ns, At safepoint: 12466637 ns, Total: 12609361 ns
[2020-12-07T12:55:40.937+0000][12575][safepoint   ] Safepoint "Cleanup", Time since last: 10027166058 ns, Reaching safepoint: 210087 ns, At safepoint: 20694 ns, Total: 230781 ns
[2020-12-07T12:55:43.948+0000][12575][safepoint   ] Safepoint "Cleanup", Time since last: 3011626266 ns, Reaching safepoint: 102327 ns, At safepoint: 9799 ns, Total: 112126 ns
[2020-12-07T12:55:44.955+0000][12575][safepoint   ] Safepoint "Cleanup", Time since last: 1006732952 ns, Reaching safepoint: 85044 ns, At safepoint: 9118 ns, Total: 94162 ns
[2020-12-07T12:55:45.958+0000][12575][safepoint   ] Safepoint "Cleanup", Time since last: 1002419107 ns, Reaching safepoint: 88066 ns, At safepoint: 12974 ns, Total: 101040 ns
[2020-12-07T12:55:48.971+0000][12575][safepoint   ] Safepoint "Cleanup", Time since last: 3012803813 ns, Reaching safepoint: 196469 ns, At safepoint: 60500 ns, Total: 256969 ns
[2020-12-07T12:56:16.069+0000][12575][safepoint   ] Safepoint "Cleanup", Time since last: 27098006744 ns, Reaching safepoint: 142911 ns, At safepoint: 28413 ns, Total: 171324 ns
[2020-12-07T12:56:46.165+0000][12575][safepoint   ] Safepoint "Cleanup", Time since last: 30094877212 ns, Reaching safepoint: 107548 ns, At safepoint: 49424 ns, Total: 156972 ns
[2020-12-07T12:57:09.238+0000][12575][safepoint   ] Safepoint "Cleanup", Time since last: 23072669642 ns, Reaching safepoint: 122295 ns, At safepoint: 14756 ns, Total: 137051 ns
[2020-12-07T12:57:11.246+0000][12575][safepoint   ] Safepoint "Cleanup", Time since last: 2008395229 ns, Reaching safepoint: 202869 ns, At safepoint: 43333 ns, Total: 246202 ns
[2020-12-07T12:57:12.248+0000][12575][safepoint   ] Safepoint "Cleanup", Time since last: 1001303818 ns, Reaching safepoint: 203596 ns, At safepoint: 56768 ns, Total: 260364 ns
[2020-12-07T12:58:07.434+0000][12575][safepoint   ] Safepoint "Cleanup", Time since last: 55184694197 ns, Reaching safepoint: 198935 ns, At safepoint: 65446 ns, Total: 264381 ns
[2020-12-07T12:58:16.457+0000][12575][safepoint   ] Safepoint "Cleanup", Time since last: 9023049871 ns, Reaching safepoint: 200936 ns, At safepoint: 77619 ns, Total: 278555 ns
[2020-12-07T13:00:49.952+0000][12575][safepoint   ] Safepoint "Cleanup", Time since last: 153493138745 ns, Reaching safepoint: 236649 ns, At safepoint: 47171 ns, Total: 283820 ns
[2020-12-07T13:01:16.040+0000][12575][safepoint   ] Safepoint "Cleanup", Time since last: 26087052171 ns, Reaching safepoint: 180565 ns, At safepoint: 35961 ns, Total: 216526 ns
[2020-12-07T13:02:16.216+0000][12575][safepoint   ] Safepoint "Cleanup", Time since last: 60175737609 ns, Reaching safepoint: 198635 ns, At safepoint: 84234 ns, Total: 282869 ns
[2020-12-07T13:04:40.673+0000][12575][safepoint   ] Safepoint "Cleanup", Time since last: 144454405169 ns, Reaching safepoint: 196751 ns, At safepoint: 71706 ns, Total: 268457 ns
[2020-12-07T13:06:13.984+0000][12575][safepoint   ] Safepoint "Cleanup", Time since last: 93310151801 ns, Reaching safepoint: 134952 ns, At safepoint: 67370 ns, Total: 202322 ns
[2020-12-07T13:06:46.086+0000][12575][safepoint   ] Safepoint "Cleanup", Time since last: 32101413544 ns, Reaching safepoint: 203617 ns, At safepoint: 86216 ns, Total: 289833 ns
[2020-12-07T13:08:51.745+0000][12575][safepoint   ] Safepoint "Cleanup", Time since last: 125657562613 ns, Reaching safepoint: 166864 ns, At safepoint: 23565 ns, Total: 190429 ns
[2020-12-07T13:08:52.747+0000][12575][safepoint   ] Safepoint "Cleanup", Time since last: 1001143662 ns, Reaching safepoint: 215991 ns, At safepoint: 24767 ns, Total: 240758 ns
[2020-12-07T13:10:30.016+0000][12575][safepoint   ] Safepoint "Cleanup", Time since last: 97268074625 ns, Reaching safepoint: 70528 ns, At safepoint: 7876 ns, Total: 78404 ns
[2020-12-07T13:10:46.057+0000][12575][safepoint   ] Safepoint "Cleanup", Time since last: 16038687069 ns, Reaching safepoint: 2281331 ns, At safepoint: 51243 ns, Total: 2332574 ns
[2020-12-07T13:11:09.128+0000][12575][safepoint   ] Safepoint "Cleanup", Time since last: 23069971837 ns, Reaching safepoint: 521899 ns, At safepoint: 26566 ns, Total: 548465 ns
[2020-12-07T13:11:25.176+0000][12575][safepoint   ] Safepoint "Cleanup", Time since last: 16047325100 ns, Reaching safepoint: 136135 ns, At safepoint: 51440 ns, Total: 187575 ns
[2020-12-07T13:13:12.770+0000][12575][safepoint   ] Safepoint "Cleanup", Time since last: 107597486323 ns, Reaching safepoint: 92799 ns, At safepoint: 48844 ns, Total: 141643 ns
[2020-12-07T13:13:13.772+0000][12575][safepoint   ] Safepoint "Cleanup", Time since last: 1001847648 ns, Reaching safepoint: 141399 ns, At safepoint: 33408 ns, Total: 174807 ns
[2020-12-07T13:13:15.780+0000][12575][safepoint   ] Safepoint "Cleanup", Time since last: 2007694592 ns, Reaching safepoint: 132941 ns, At safepoint: 17888 ns, Total: 150829 ns
[2020-12-07T13:13:20.797+0000][12575][safepoint   ] Safepoint "Cleanup", Time since last: 5016029990 ns, Reaching safepoint: 183796 ns, At safepoint: 29732 ns, Total: 213528 ns
[2020-12-07T13:13:45.874+0000][12575][safepoint   ] Safepoint "Cleanup", Time since last: 25077268433 ns, Reaching safepoint: 89075 ns, At safepoint: 68236 ns, Total: 157311 ns
[2020-12-07T13:13:51.893+0000][12575][safepoint   ] Safepoint "Cleanup", Time since last: 6018486830 ns, Reaching safepoint: 107364 ns, At safepoint: 33943 ns, Total: 141307 ns
[2020-12-07T13:15:16.136+0000][12575][safepoint   ] Safepoint "Cleanup", Time since last: 84241114380 ns, Reaching safepoint: 112611 ns, At safepoint: 35822 ns, Total: 148433 ns
[2020-12-07T13:15:43.230+0000][12575][safepoint   ] Safepoint "Cleanup", Time since last: 27093751956 ns, Reaching safepoint: 134801 ns, At safepoint: 59649 ns, Total: 194450 ns
[2020-12-07T13:16:16.336+0000][12575][safepoint   ] Safepoint "Cleanup", Time since last: 33104610656 ns, Reaching safepoint: 210702 ns, At safepoint: 44782 ns, Total: 255484 ns
[2020-12-07T13:16:31.384+0000][12575][safepoint   ] Safepoint "Cleanup", Time since last: 15048337399 ns, Reaching safepoint: 105693 ns, At safepoint: 13393 ns, Total: 119086 ns
[2020-12-07T13:16:46.420+0000][12575][safepoint   ] Safepoint "Cleanup", Time since last: 15034741836 ns, Reaching safepoint: 204405 ns, At safepoint: 35120 ns, Total: 239525 ns
[2020-12-07T13:16:50.436+0000][12575][safepoint   ] Safepoint "Cleanup", Time since last: 4015726244 ns, Reaching safepoint: 98479 ns, At safepoint: 10492 ns, Total: 108971 ns
[2020-12-07T13:16:57.451+0000][12575][safepoint   ] Safepoint "Cleanup", Time since last: 7015144112 ns, Reaching safepoint: 130399 ns, At safepoint: 12186 ns, Total: 142585 ns
[2020-12-07T13:17:09.494+0000][12575][safepoint   ] Safepoint "Cleanup", Time since last: 12042422441 ns, Reaching safepoint: 198853 ns, At safepoint: 28435 ns, Total: 227288 ns
[2020-12-07T13:17:19.531+0000][12575][safepoint   ] Safepoint "Cleanup", Time since last: 10036608866 ns, Reaching safepoint: 213196 ns, At safepoint: 28656 ns, Total: 241852 ns
[2020-12-07T13:18:19.723+0000][12575][safepoint   ] Safepoint "Cleanup", Time since last: 60191266500 ns, Reaching safepoint: 191115 ns, At safepoint: 71517 ns, Total: 262632 ns
[2020-12-07T13:18:58.833+0000][12575][safepoint   ] Safepoint "Cleanup", Time since last: 39108287954 ns, Reaching safepoint: 150551 ns, At safepoint: 41402 ns, Total: 191953 ns
[2020-12-07T13:19:15.890+0000][12575][safepoint   ] Safepoint "Cleanup", Time since last: 17057433874 ns, Reaching safepoint: 186577 ns, At safepoint: 67076 ns, Total: 253653 ns
[2020-12-07T13:19:19.905+0000][12575][safepoint   ] Safepoint "Cleanup", Time since last: 4014239458 ns, Reaching safepoint: 72062 ns, At safepoint: 39925 ns, Total: 111987 ns
[2020-12-07T13:19:42.982+0000][12575][safepoint   ] Safepoint "Cleanup", Time since last: 23076204792 ns, Reaching safepoint: 141294 ns, At safepoint: 26551 ns, Total: 167845 ns
[2020-12-07T13:19:45.987+0000][12575][safepoint   ] Safepoint "Cleanup", Time since last: 3005461993 ns, Reaching safepoint: 181836 ns, At safepoint: 26311 ns, Total: 208147 ns
[2020-12-07T13:23:16.604+0000][12575][safepoint   ] Safepoint "Cleanup", Time since last: 210613179533 ns, Reaching safepoint: 182589 ns, At safepoint: 8812 ns, Total: 191401 ns
[2020-12-07T13:28:46.600+0000][12575][safepoint   ] Safepoint "Cleanup", Time since last: 329989299909 ns, Reaching safepoint: 212425 ns, At safepoint: 81650 ns, Total: 294075 ns
[2020-12-07T13:29:37.731+0000][12575][safepoint   ] Safepoint "Cleanup", Time since last: 51130154886 ns, Reaching safepoint: 201370 ns, At safepoint: 21222 ns, Total: 222592 ns
[2020-12-07T13:30:55.966+0000][12575][safepoint   ] Safepoint "Cleanup", Time since last: 78233413481 ns, Reaching safepoint: 78094 ns, At safepoint: 15451 ns, Total: 93545 ns
[2020-12-07T13:32:10.179+0000][12575][safepoint   ] Safepoint "Cleanup", Time since last: 74211890348 ns, Reaching safepoint: 86147 ns, At safepoint: 56558 ns, Total: 142705 ns
[2020-12-07T13:32:16.202+0000][12575][safepoint   ] Safepoint "Cleanup", Time since last: 6022960232 ns, Reaching safepoint: 133884 ns, At safepoint: 68407 ns, Total: 202291 ns
[2020-12-07T13:32:31.250+0000][12575][safepoint   ] Safepoint "Cleanup", Time since last: 15047535116 ns, Reaching safepoint: 132854 ns, At safepoint: 54702 ns, Total: 187556 ns
[2020-12-07T13:32:40.277+0000][12575][safepoint   ] Safepoint "Cleanup", Time since last: 9026951979 ns, Reaching safepoint: 101261 ns, At safepoint: 11180 ns, Total: 112441 ns
[2020-12-07T13:32:45.294+0000][12575][safepoint   ] Safepoint "Cleanup", Time since last: 5016475171 ns, Reaching safepoint: 123188 ns, At safepoint: 78708 ns, Total: 201896 ns
[2020-12-07T13:33:45.411+0000][12575][gc,start    ] GC(21) Pause Young (Normal) (G1 Evacuation Pause)
[2020-12-07T13:33:45.412+0000][12575][gc,task     ] GC(21) Using 13 workers of 13 for evacuation
[2020-12-07T13:33:45.413+0000][12575][gc,age      ] GC(21) Desired survivor size 40370176 bytes, new threshold 15 (max threshold 15)
[2020-12-07T13:33:45.514+0000][12575][gc,age      ] GC(21) Age table with threshold 15 (max threshold 15)
[2020-12-07T13:33:45.514+0000][12575][gc,age      ] GC(21) - age   1:    1961000 bytes,    1961000 total
[2020-12-07T13:33:45.514+0000][12575][gc,age      ] GC(21) - age   2:     432056 bytes,    2393056 total
[2020-12-07T13:33:45.514+0000][12575][gc,age      ] GC(21) - age   3:      35720 bytes,    2428776 total
[2020-12-07T13:33:45.514+0000][12575][gc,age      ] GC(21) - age   4:       2584 bytes,    2431360 total
[2020-12-07T13:33:45.514+0000][12575][gc,age      ] GC(21) - age   5:     462352 bytes,    2893712 total
[2020-12-07T13:33:45.514+0000][12575][gc,age      ] GC(21) - age   6:      20280 bytes,    2913992 total
[2020-12-07T13:33:45.514+0000][12575][gc,age      ] GC(21) - age   7:     755248 bytes,    3669240 total
[2020-12-07T13:33:45.514+0000][12575][gc,age      ] GC(21) - age   8:       6048 bytes,    3675288 total
[2020-12-07T13:33:45.514+0000][12575][gc,age      ] GC(21) - age   9:      19368 bytes,    3694656 total
[2020-12-07T13:33:45.514+0000][12575][gc,age      ] GC(21) - age  10:     722664 bytes,    4417320 total
[2020-12-07T13:33:45.514+0000][12575][gc,age      ] GC(21) - age  11:     747760 bytes,    5165080 total
[2020-12-07T13:33:45.514+0000][12575][gc,age      ] GC(21) - age  12:   10833904 bytes,   15998984 total
[2020-12-07T13:33:45.514+0000][12575][gc,age      ] GC(21) - age  13:   10337704 bytes,   26336688 total
[2020-12-07T13:33:45.514+0000][12575][gc,phases   ] GC(21)   Pre Evacuate Collection Set: 1.6ms
[2020-12-07T13:33:45.514+0000][12575][gc,phases   ] GC(21)   Merge Heap Roots: 0.8ms
[2020-12-07T13:33:45.514+0000][12575][gc,phases   ] GC(21)   Evacuate Collection Set: 97.2ms
[2020-12-07T13:33:45.514+0000][12575][gc,phases   ] GC(21)   Post Evacuate Collection Set: 1.8ms
[2020-12-07T13:33:45.514+0000][12575][gc,phases   ] GC(21)   Other: 1.6ms
[2020-12-07T13:33:45.514+0000][12575][gc,heap     ] GC(21) Eden regions: 587->0(587)
[2020-12-07T13:33:45.514+0000][12575][gc,heap     ] GC(21) Survivor regions: 27->27(77)
[2020-12-07T13:33:45.514+0000][12575][gc,heap     ] GC(21) Old regions: 48->48
[2020-12-07T13:33:45.514+0000][12575][gc,heap     ] GC(21) Archive regions: 2->2
[2020-12-07T13:33:45.514+0000][12575][gc,heap     ] GC(21) Humongous regions: 7->7
[2020-12-07T13:33:45.514+0000][12575][gc,metaspace] GC(21) Metaspace: 99734K(103420K)->99734K(103420K) NonClass: 86698K(89212K)->86698K(89212K) Class: 13035K(14208K)->13035K(14208K)
[2020-12-07T13:33:45.514+0000][12575][gc          ] GC(21) Pause Young (Normal) (G1 Evacuation Pause) 668M->81M(1024M) 103.040ms
[2020-12-07T13:33:45.514+0000][12575][gc,cpu      ] GC(21) User=0.11s Sys=0.52s Real=0.10s
[2020-12-07T13:33:45.514+0000][12575][safepoint   ] Safepoint "G1CollectForAllocation", Time since last: 60115745828 ns, Reaching safepoint: 158973 ns, At safepoint: 103186728 ns, Total: 103345701 ns
[2020-12-07T13:35:18.818+0000][12575][safepoint   ] Safepoint "Cleanup", Time since last: 93302006016 ns, Reaching safepoint: 107636 ns, At safepoint: 24857 ns, Total: 132493 ns
[2020-12-07T13:36:42.073+0000][12575][safepoint   ] Safepoint "Cleanup", Time since last: 83252889710 ns, Reaching safepoint: 151075 ns, At safepoint: 45887 ns, Total: 196962 ns
[2020-12-07T13:37:19.195+0000][12575][safepoint   ] Safepoint "Cleanup", Time since last: 37121177923 ns, Reaching safepoint: 184429 ns, At safepoint: 46722 ns, Total: 231151 ns
[2020-12-07T13:37:35.245+0000][12575][safepoint   ] Safepoint "Cleanup", Time since last: 16050005840 ns, Reaching safepoint: 97169 ns, At safepoint: 50399 ns, Total: 147568 ns
[2020-12-07T13:37:54.309+0000][12575][safepoint   ] Safepoint "Cleanup", Time since last: 19063368516 ns, Reaching safepoint: 82033 ns, At safepoint: 18028 ns, Total: 100061 ns
[2020-12-07T13:38:06.355+0000][12575][safepoint   ] Safepoint "Cleanup", Time since last: 12045832038 ns, Reaching safepoint: 148264 ns, At safepoint: 10106 ns, Total: 158370 ns
[2020-12-07T13:39:06.558+0000][12575][safepoint   ] Safepoint "Cleanup", Time since last: 60201818921 ns, Reaching safepoint: 83002 ns, At safepoint: 9623 ns, Total: 92625 ns
[2020-12-07T13:39:32.642+0000][12575][safepoint   ] Safepoint "Cleanup", Time since last: 26083249648 ns, Reaching safepoint: 139974 ns, At safepoint: 65399 ns, Total: 205373 ns
[2020-12-07T13:42:46.255+0000][12575][safepoint   ] Safepoint "Cleanup", Time since last: 193609177332 ns, Reaching safepoint: 126341 ns, At safepoint: 85562 ns, Total: 211903 ns
[2020-12-07T13:50:48.093+0000][12575][safepoint   ] Safepoint "Cleanup", Time since last: 461356984952 ns, Reaching safepoint: 115324 ns, At safepoint: 9400 ns, Total: 124724 ns
[2020-12-07T13:52:06.720+0000][12575][safepoint   ] Safepoint "Cleanup", Time since last: 77227418836 ns, Reaching safepoint: 1335036 ns, At safepoint: 48791 ns, Total: 1383827 ns
[2020-12-07T13:53:17.923+0000][12575][safepoint   ] Safepoint "Cleanup", Time since last: 71204182690 ns, Reaching safepoint: 167768 ns, At safepoint: 22801 ns, Total: 190569 ns
[2020-12-07T13:53:52.038+0000][12575][safepoint   ] Safepoint "Cleanup", Time since last: 34111819534 ns, Reaching safepoint: 2489157 ns, At safepoint: 63066 ns, Total: 2552223 ns
[2020-12-07T13:54:07.088+0000][12575][safepoint   ] Safepoint "Cleanup", Time since last: 15049733748 ns, Reaching safepoint: 207978 ns, At safepoint: 84923 ns, Total: 292901 ns
[2020-12-07T13:54:15.111+0000][12575][safepoint   ] Safepoint "Cleanup", Time since last: 8022198863 ns, Reaching safepoint: 266581 ns, At safepoint: 87071 ns, Total: 353652 ns
[2020-12-07T13:54:29.160+0000][12575][safepoint   ] Safepoint "Cleanup", Time since last: 14048685320 ns, Reaching safepoint: 185699 ns, At safepoint: 30253 ns, Total: 215952 ns
[2020-12-07T13:56:59.588+0000][12575][safepoint   ] Safepoint "Cleanup", Time since last: 150424648772 ns, Reaching safepoint: 162787 ns, At safepoint: 58324 ns, Total: 221111 ns
[2020-12-07T13:57:29.675+0000][12575][safepoint   ] Safepoint "Cleanup", Time since last: 30085972846 ns, Reaching safepoint: 161580 ns, At safepoint: 24375 ns, Total: 185955 ns
[2020-12-07T14:00:29.400+0000][12575][safepoint   ] Safepoint "Cleanup", Time since last: 179721734477 ns, Reaching safepoint: 99081 ns, At safepoint: 11685 ns, Total: 110766 ns
[2020-12-07T14:38:48.124+0000][12575][safepoint   ] Safepoint "Cleanup", Time since last: 383634784885 ns, Reaching safepoint: 273536 ns, At safepoint: 83366 ns, Total: 356902 ns
[2020-12-07T14:39:14.215+0000][12575][safepoint   ] Safepoint "Cleanup", Time since last: 26087041437 ns, Reaching safepoint: 176150 ns, At safepoint: 60781 ns, Total: 236931 ns
[2020-12-07T14:39:18.232+0000][12575][safepoint   ] Safepoint "Cleanup", Time since last: 4016715078 ns, Reaching safepoint: 140039 ns, At safepoint: 26415 ns, Total: 166454 ns
[2020-12-07T14:39:19.237+0000][12575][safepoint   ] Safepoint "Cleanup", Time since last: 1004284926 ns, Reaching safepoint: 286668 ns, At safepoint: 51701 ns, Total: 338369 ns
[2020-12-07T14:39:31.268+0000][12575][safepoint   ] Safepoint "Cleanup", Time since last: 12030132784 ns, Reaching safepoint: 131775 ns, At safepoint: 15897 ns, Total: 147672 ns
[2020-12-07T14:40:48.480+0000][12575][safepoint   ] Safepoint "Cleanup", Time since last: 77211307966 ns, Reaching safepoint: 278745 ns, At safepoint: 59181 ns, Total: 337926 ns
[2020-12-07T14:41:44.663+0000][12575][safepoint   ] Safepoint "Cleanup", Time since last: 56177972761 ns, Reaching safepoint: 3843263 ns, At safepoint: 46158 ns, Total: 3889421 ns
[2020-12-07T14:41:44.740+0000][12575][safepoint   ] Safepoint "ICBufferFull", Time since last: 76736467 ns, Reaching safepoint: 220382 ns, At safepoint: 38482 ns, Total: 258864 ns
[2020-12-07T14:41:45.746+0000][12575][safepoint   ] Safepoint "Cleanup", Time since last: 1005170315 ns, Reaching safepoint: 520105 ns, At safepoint: 14255 ns, Total: 534360 ns
[2020-12-07T14:41:55.781+0000][12575][safepoint   ] Safepoint "Cleanup", Time since last: 10035548553 ns, Reaching safepoint: 150650 ns, At safepoint: 10486 ns, Total: 161136 ns
[2020-12-07T14:41:57.787+0000][12575][safepoint   ] Safepoint "Cleanup", Time since last: 2005361407 ns, Reaching safepoint: 102442 ns, At safepoint: 64835 ns, Total: 167277 ns
[2020-12-07T14:41:58.792+0000][12575][safepoint   ] Safepoint "Cleanup", Time since last: 1004645793 ns, Reaching safepoint: 102174 ns, At safepoint: 25507 ns, Total: 127681 ns
[2020-12-07T14:47:19.752+0000][12575][safepoint   ] Safepoint "Cleanup", Time since last: 320955053858 ns, Reaching safepoint: 1318826 ns, At safepoint: 37883 ns, Total: 1356709 ns
[2020-12-07T14:48:25.917+0000][12575][safepoint   ] Safepoint "Cleanup", Time since last: 66163822171 ns, Reaching safepoint: 310778 ns, At safepoint: 7690 ns, Total: 318468 ns
[2020-12-07T14:48:26.064+0000][12575][gc,start    ] GC(22) Pause Young (Normal) (G1 Evacuation Pause)
[2020-12-07T14:48:26.064+0000][12575][gc,task     ] GC(22) Using 13 workers of 13 for evacuation
[2020-12-07T14:48:26.065+0000][12575][gc,age      ] GC(22) Desired survivor size 40370176 bytes, new threshold 15 (max threshold 15)
[2020-12-07T14:48:26.161+0000][12575][gc,age      ] GC(22) Age table with threshold 15 (max threshold 15)
[2020-12-07T14:48:26.161+0000][12575][gc,age      ] GC(22) - age   1:     964432 bytes,     964432 total
[2020-12-07T14:48:26.161+0000][12575][gc,age      ] GC(22) - age   2:     557344 bytes,    1521776 total
[2020-12-07T14:48:26.161+0000][12575][gc,age      ] GC(22) - age   3:      22968 bytes,    1544744 total
[2020-12-07T14:48:26.161+0000][12575][gc,age      ] GC(22) - age   4:      33568 bytes,    1578312 total
[2020-12-07T14:48:26.161+0000][12575][gc,age      ] GC(22) - age   5:       2584 bytes,    1580896 total
[2020-12-07T14:48:26.161+0000][12575][gc,age      ] GC(22) - age   6:     412504 bytes,    1993400 total
[2020-12-07T14:48:26.161+0000][12575][gc,age      ] GC(22) - age   7:      18600 bytes,    2012000 total
[2020-12-07T14:48:26.161+0000][12575][gc,age      ] GC(22) - age   8:     619720 bytes,    2631720 total
[2020-12-07T14:48:26.161+0000][12575][gc,age      ] GC(22) - age   9:       6048 bytes,    2637768 total
[2020-12-07T14:48:26.161+0000][12575][gc,age      ] GC(22) - age  10:      19368 bytes,    2657136 total
[2020-12-07T14:48:26.161+0000][12575][gc,age      ] GC(22) - age  11:     449072 bytes,    3106208 total
[2020-12-07T14:48:26.161+0000][12575][gc,age      ] GC(22) - age  12:     692712 bytes,    3798920 total
[2020-12-07T14:48:26.161+0000][12575][gc,age      ] GC(22) - age  13:   10562760 bytes,   14361680 total
[2020-12-07T14:48:26.161+0000][12575][gc,age      ] GC(22) - age  14:   10337416 bytes,   24699096 total
[2020-12-07T14:48:26.161+0000][12575][gc,phases   ] GC(22)   Pre Evacuate Collection Set: 2.2ms
[2020-12-07T14:48:26.161+0000][12575][gc,phases   ] GC(22)   Merge Heap Roots: 0.4ms
[2020-12-07T14:48:26.161+0000][12575][gc,phases   ] GC(22)   Evacuate Collection Set: 91.1ms
[2020-12-07T14:48:26.161+0000][12575][gc,phases   ] GC(22)   Post Evacuate Collection Set: 2.3ms
[2020-12-07T14:48:26.161+0000][12575][gc,phases   ] GC(22)   Other: 0.7ms
[2020-12-07T14:48:26.161+0000][12575][gc,heap     ] GC(22) Eden regions: 587->0(588)
[2020-12-07T14:48:26.161+0000][12575][gc,heap     ] GC(22) Survivor regions: 27->26(77)
[2020-12-07T14:48:26.161+0000][12575][gc,heap     ] GC(22) Old regions: 48->48
[2020-12-07T14:48:26.161+0000][12575][gc,heap     ] GC(22) Archive regions: 2->2
[2020-12-07T14:48:26.161+0000][12575][gc,heap     ] GC(22) Humongous regions: 7->7
[2020-12-07T14:48:26.161+0000][12575][gc,metaspace] GC(22) Metaspace: 100298K(103932K)->100298K(103932K) NonClass: 87215K(89724K)->87215K(89724K) Class: 13082K(14208K)->13082K(14208K)
[2020-12-07T14:48:26.161+0000][12575][gc          ] GC(22) Pause Young (Normal) (G1 Evacuation Pause) 668M->80M(1024M) 96.710ms
[2020-12-07T14:48:26.161+0000][12575][gc,cpu      ] GC(22) User=0.11s Sys=0.48s Real=0.10s
[2020-12-07T14:48:26.161+0000][12575][safepoint   ] Safepoint "G1CollectForAllocation", Time since last: 143027239 ns, Reaching safepoint: 4383097 ns, At safepoint: 96880881 ns, Total: 101263978 ns
[2020-12-07T14:48:27.165+0000][12575][safepoint   ] Safepoint "Cleanup", Time since last: 1003479491 ns, Reaching safepoint: 669180 ns, At safepoint: 42266 ns, Total: 711446 ns
[2020-12-07T14:48:56.243+0000][12575][safepoint   ] Safepoint "Cleanup", Time since last: 29077477302 ns, Reaching safepoint: 123974 ns, At safepoint: 28370 ns, Total: 152344 ns
[2020-12-07T14:49:13.295+0000][12575][safepoint   ] Safepoint "Cleanup", Time since last: 17048238317 ns, Reaching safepoint: 3160441 ns, At safepoint: 55815 ns, Total: 3216256 ns
[2020-12-07T14:49:15.299+0000][12575][safepoint   ] Safepoint "Cleanup", Time since last: 2004533246 ns, Reaching safepoint: 114494 ns, At safepoint: 13717 ns, Total: 128211 ns
[2020-12-07T14:49:17.304+0000][12575][safepoint   ] Safepoint "Cleanup", Time since last: 2004800821 ns, Reaching safepoint: 119100 ns, At safepoint: 40224 ns, Total: 159324 ns
[2020-12-07T14:49:18.307+0000][12575][safepoint   ] Safepoint "Cleanup", Time since last: 1002671289 ns, Reaching safepoint: 188857 ns, At safepoint: 63041 ns, Total: 251898 ns
[2020-12-07T14:49:19.321+0000][12575][safepoint   ] Safepoint "Cleanup", Time since last: 1013120813 ns, Reaching safepoint: 211663 ns, At safepoint: 35312 ns, Total: 246975 ns
[2020-12-07T14:49:23.341+0000][12575][safepoint   ] Safepoint "Cleanup", Time since last: 4020390107 ns, Reaching safepoint: 242199 ns, At safepoint: 70636 ns, Total: 312835 ns
[2020-12-07T14:49:24.346+0000][12575][safepoint   ] Safepoint "Cleanup", Time since last: 1004539241 ns, Reaching safepoint: 233506 ns, At safepoint: 24112 ns, Total: 257618 ns
[2020-12-07T14:49:26.348+0000][12575][safepoint   ] Safepoint "Cleanup", Time since last: 2001248821 ns, Reaching safepoint: 93438 ns, At safepoint: 53846 ns, Total: 147284 ns
[2020-12-07T14:49:29.358+0000][12575][safepoint   ] Safepoint "Cleanup", Time since last: 3010289591 ns, Reaching safepoint: 257256 ns, At safepoint: 39491 ns, Total: 296747 ns
[2020-12-07T14:49:30.376+0000][12575][safepoint   ] Safepoint "Cleanup", Time since last: 1017195762 ns, Reaching safepoint: 97293 ns, At safepoint: 26654 ns, Total: 123947 ns
[2020-12-07T14:49:33.386+0000][12575][safepoint   ] Safepoint "Cleanup", Time since last: 3010590561 ns, Reaching safepoint: 143138 ns, At safepoint: 37846 ns, Total: 180984 ns
[2020-12-07T14:49:34.392+0000][12575][safepoint   ] Safepoint "Cleanup", Time since last: 1005802104 ns, Reaching safepoint: 214995 ns, At safepoint: 29589 ns, Total: 244584 ns
[2020-12-07T14:49:35.403+0000][12575][safepoint   ] Safepoint "Cleanup", Time since last: 1010359059 ns, Reaching safepoint: 93162 ns, At safepoint: 55800 ns, Total: 148962 ns
[2020-12-07T14:49:36.413+0000][12575][safepoint   ] Safepoint "Cleanup", Time since last: 1009878539 ns, Reaching safepoint: 84610 ns, At safepoint: 20761 ns, Total: 105371 ns
[2020-12-07T14:49:37.417+0000][12575][safepoint   ] Safepoint "Cleanup", Time since last: 1004156668 ns, Reaching safepoint: 72963 ns, At safepoint: 4944 ns, Total: 77907 ns
[2020-12-07T14:49:38.418+0000][12575][safepoint   ] Safepoint "Cleanup", Time since last: 1000432694 ns, Reaching safepoint: 93859 ns, At safepoint: 14548 ns, Total: 108407 ns
[2020-12-07T14:49:39.421+0000][12575][safepoint   ] Safepoint "Cleanup", Time since last: 1002922731 ns, Reaching safepoint: 185296 ns, At safepoint: 19437 ns, Total: 204733 ns
[2020-12-07T14:49:40.426+0000][12575][safepoint   ] Safepoint "Cleanup", Time since last: 1005110122 ns, Reaching safepoint: 266483 ns, At safepoint: 47205 ns, Total: 313688 ns
[2020-12-07T14:49:41.428+0000][12575][safepoint   ] Safepoint "Cleanup", Time since last: 1001518229 ns, Reaching safepoint: 228515 ns, At safepoint: 27270 ns, Total: 255785 ns
[2020-12-07T14:49:47.446+0000][12575][safepoint   ] Safepoint "Cleanup", Time since last: 6018027153 ns, Reaching safepoint: 137214 ns, At safepoint: 58386 ns, Total: 195600 ns
[2020-12-07T14:49:50.467+0000][12575][safepoint   ] Safepoint "Cleanup", Time since last: 3020446725 ns, Reaching safepoint: 102866 ns, At safepoint: 9063 ns, Total: 111929 ns
[2020-12-07T14:49:52.474+0000][12575][safepoint   ] Safepoint "Cleanup", Time since last: 2006413870 ns, Reaching safepoint: 194860 ns, At safepoint: 74933 ns, Total: 269793 ns
[2020-12-07T14:49:57.494+0000][12575][safepoint   ] Safepoint "Cleanup", Time since last: 5019613823 ns, Reaching safepoint: 138883 ns, At safepoint: 50227 ns, Total: 189110 ns
[2020-12-07T14:49:58.495+0000][12575][safepoint   ] Safepoint "Cleanup", Time since last: 1001248914 ns, Reaching safepoint: 74221 ns, At safepoint: 3545 ns, Total: 77766 ns
[2020-12-07T14:49:59.500+0000][12575][safepoint   ] Safepoint "Cleanup", Time since last: 1004652986 ns, Reaching safepoint: 136616 ns, At safepoint: 17229 ns, Total: 153845 ns
[2020-12-07T14:50:00.503+0000][12575][safepoint   ] Safepoint "Cleanup", Time since last: 1002980964 ns, Reaching safepoint: 191203 ns, At safepoint: 77554 ns, Total: 268757 ns
[2020-12-07T14:50:19.561+0000][12575][safepoint   ] Safepoint "Cleanup", Time since last: 19057714172 ns, Reaching safepoint: 81939 ns, At safepoint: 9846 ns, Total: 91785 ns
[2020-12-07T14:50:55.687+0000][12575][safepoint   ] Safepoint "Cleanup", Time since last: 36124792642 ns, Reaching safepoint: 328939 ns, At safepoint: 23667 ns, Total: 352606 ns
[2020-12-07T14:51:00.708+0000][12575][safepoint   ] Safepoint "Cleanup", Time since last: 5020766789 ns, Reaching safepoint: 76763 ns, At safepoint: 8864 ns, Total: 85627 ns
[2020-12-07T14:51:01.710+0000][12575][safepoint   ] Safepoint "Cleanup", Time since last: 1002757514 ns, Reaching safepoint: 196634 ns, At safepoint: 17731 ns, Total: 214365 ns
[2020-12-07T14:51:20.711+0000][12575][gc,start    ] GC(23) Pause Young (Normal) (G1 Evacuation Pause)
[2020-12-07T14:51:20.711+0000][12575][gc,task     ] GC(23) Using 13 workers of 13 for evacuation
[2020-12-07T14:51:20.711+0000][12575][gc,age      ] GC(23) Desired survivor size 40370176 bytes, new threshold 15 (max threshold 15)
[2020-12-07T14:51:20.727+0000][12575][gc,age      ] GC(23) Age table with threshold 15 (max threshold 15)
[2020-12-07T14:51:20.727+0000][12575][gc,age      ] GC(23) - age   1:    2691752 bytes,    2691752 total
[2020-12-07T14:51:20.727+0000][12575][gc,age      ] GC(23) - age   2:     757952 bytes,    3449704 total
[2020-12-07T14:51:20.727+0000][12575][gc,age      ] GC(23) - age   3:     284200 bytes,    3733904 total
[2020-12-07T14:51:20.727+0000][12575][gc,age      ] GC(23) - age   4:      14264 bytes,    3748168 total
[2020-12-07T14:51:20.727+0000][12575][gc,age      ] GC(23) - age   5:      33152 bytes,    3781320 total
[2020-12-07T14:51:20.727+0000][12575][gc,age      ] GC(23) - age   6:       2584 bytes,    3783904 total
[2020-12-07T14:51:20.727+0000][12575][gc,age      ] GC(23) - age   7:     370584 bytes,    4154488 total
[2020-12-07T14:51:20.727+0000][12575][gc,age      ] GC(23) - age   8:      18600 bytes,    4173088 total
[2020-12-07T14:51:20.727+0000][12575][gc,age      ] GC(23) - age   9:     501456 bytes,    4674544 total
[2020-12-07T14:51:20.727+0000][12575][gc,age      ] GC(23) - age  10:       5904 bytes,    4680448 total
[2020-12-07T14:51:20.727+0000][12575][gc,age      ] GC(23) - age  11:      19368 bytes,    4699816 total
[2020-12-07T14:51:20.727+0000][12575][gc,age      ] GC(23) - age  12:     448152 bytes,    5147968 total
[2020-12-07T14:51:20.727+0000][12575][gc,age      ] GC(23) - age  13:     692560 bytes,    5840528 total
[2020-12-07T14:51:20.727+0000][12575][gc,age      ] GC(23) - age  14:   10562120 bytes,   16402648 total
[2020-12-07T14:51:20.727+0000][12575][gc,age      ] GC(23) - age  15:   10337296 bytes,   26739944 total
[2020-12-07T14:51:20.727+0000][12575][gc,phases   ] GC(23)   Pre Evacuate Collection Set: 0.1ms
[2020-12-07T14:51:20.727+0000][12575][gc,phases   ] GC(23)   Merge Heap Roots: 0.1ms
[2020-12-07T14:51:20.727+0000][12575][gc,phases   ] GC(23)   Evacuate Collection Set: 14.1ms
[2020-12-07T14:51:20.727+0000][12575][gc,phases   ] GC(23)   Post Evacuate Collection Set: 1.7ms
[2020-12-07T14:51:20.727+0000][12575][gc,phases   ] GC(23)   Other: 0.3ms
[2020-12-07T14:51:20.727+0000][12575][gc,heap     ] GC(23) Eden regions: 588->0(586)
[2020-12-07T14:51:20.727+0000][12575][gc,heap     ] GC(23) Survivor regions: 26->28(77)
[2020-12-07T14:51:20.727+0000][12575][gc,heap     ] GC(23) Old regions: 48->48
[2020-12-07T14:51:20.727+0000][12575][gc,heap     ] GC(23) Archive regions: 2->2
[2020-12-07T14:51:20.727+0000][12575][gc,heap     ] GC(23) Humongous regions: 7->7
[2020-12-07T14:51:20.727+0000][12575][gc,metaspace] GC(23) Metaspace: 100422K(104188K)->100422K(104188K) NonClass: 87333K(89980K)->87333K(89980K) Class: 13088K(14208K)->13088K(14208K)
[2020-12-07T14:51:20.727+0000][12575][gc          ] GC(23) Pause Young (Normal) (G1 Evacuation Pause) 668M->82M(1024M) 16.447ms
[2020-12-07T14:51:20.727+0000][12575][gc,cpu      ] GC(23) User=0.09s Sys=0.03s Real=0.01s
[2020-12-07T14:51:20.727+0000][12575][safepoint   ] Safepoint "G1CollectForAllocation", Time since last: 18993002592 ns, Reaching safepoint: 6794687 ns, At safepoint: 16582118 ns, Total: 23376805 ns
[2020-12-07T14:51:45.808+0000][12575][safepoint   ] Safepoint "Cleanup", Time since last: 25080224576 ns, Reaching safepoint: 198643 ns, At safepoint: 34484 ns, Total: 233127 ns
[2020-12-07T14:52:01.864+0000][12575][safepoint   ] Safepoint "Cleanup", Time since last: 16055772444 ns, Reaching safepoint: 145626 ns, At safepoint: 15170 ns, Total: 160796 ns
[2020-12-07T14:52:09.887+0000][12575][safepoint   ] Safepoint "Cleanup", Time since last: 8022848703 ns, Reaching safepoint: 172943 ns, At safepoint: 82219 ns, Total: 255162 ns
[2020-12-07T14:53:26.124+0000][12575][safepoint   ] Safepoint "Cleanup", Time since last: 76236144175 ns, Reaching safepoint: 132936 ns, At safepoint: 38270 ns, Total: 171206 ns
[2020-12-07T14:53:47.192+0000][12575][safepoint   ] Safepoint "Cleanup", Time since last: 21067338511 ns, Reaching safepoint: 161165 ns, At safepoint: 51841 ns, Total: 213006 ns
[2020-12-07T14:54:31.368+0000][12575][safepoint   ] Safepoint "Cleanup", Time since last: 44175139485 ns, Reaching safepoint: 200098 ns, At safepoint: 56890 ns, Total: 256988 ns
[2020-12-07T14:54:44.360+0000][12575][gc,start    ] GC(24) Pause Young (Normal) (G1 Evacuation Pause)
[2020-12-07T14:54:44.360+0000][12575][gc,task     ] GC(24) Using 13 workers of 13 for evacuation
[2020-12-07T14:54:44.360+0000][12575][gc,age      ] GC(24) Desired survivor size 40370176 bytes, new threshold 15 (max threshold 15)
[2020-12-07T14:54:44.378+0000][12575][gc,age      ] GC(24) Age table with threshold 15 (max threshold 15)
[2020-12-07T14:54:44.378+0000][12575][gc,age      ] GC(24) - age   1:    2402360 bytes,    2402360 total
[2020-12-07T14:54:44.378+0000][12575][gc,age      ] GC(24) - age   2:    2022880 bytes,    4425240 total
[2020-12-07T14:54:44.378+0000][12575][gc,age      ] GC(24) - age   3:     755792 bytes,    5181032 total
[2020-12-07T14:54:44.378+0000][12575][gc,age      ] GC(24) - age   4:     283448 bytes,    5464480 total
[2020-12-07T14:54:44.378+0000][12575][gc,age      ] GC(24) - age   5:      14200 bytes,    5478680 total
[2020-12-07T14:54:44.378+0000][12575][gc,age      ] GC(24) - age   6:      33088 bytes,    5511768 total
[2020-12-07T14:54:44.378+0000][12575][gc,age      ] GC(24) - age   7:       2584 bytes,    5514352 total
[2020-12-07T14:54:44.378+0000][12575][gc,age      ] GC(24) - age   8:     370584 bytes,    5884936 total
[2020-12-07T14:54:44.378+0000][12575][gc,age      ] GC(24) - age   9:      18600 bytes,    5903536 total
[2020-12-07T14:54:44.378+0000][12575][gc,age      ] GC(24) - age  10:     501296 bytes,    6404832 total
[2020-12-07T14:54:44.378+0000][12575][gc,age      ] GC(24) - age  11:       5904 bytes,    6410736 total
[2020-12-07T14:54:44.378+0000][12575][gc,age      ] GC(24) - age  12:      19368 bytes,    6430104 total
[2020-12-07T14:54:44.378+0000][12575][gc,age      ] GC(24) - age  13:     448016 bytes,    6878120 total
[2020-12-07T14:54:44.378+0000][12575][gc,age      ] GC(24) - age  14:     692560 bytes,    7570680 total
[2020-12-07T14:54:44.378+0000][12575][gc,age      ] GC(24) - age  15:   10562120 bytes,   18132800 total
[2020-12-07T14:54:44.378+0000][12575][gc,phases   ] GC(24)   Pre Evacuate Collection Set: 0.1ms
[2020-12-07T14:54:44.378+0000][12575][gc,phases   ] GC(24)   Merge Heap Roots: 0.1ms
[2020-12-07T14:54:44.378+0000][12575][gc,phases   ] GC(24)   Evacuate Collection Set: 16.1ms
[2020-12-07T14:54:44.378+0000][12575][gc,phases   ] GC(24)   Post Evacuate Collection Set: 1.6ms
[2020-12-07T14:54:44.378+0000][12575][gc,phases   ] GC(24)   Other: 0.4ms
[2020-12-07T14:54:44.378+0000][12575][gc,heap     ] GC(24) Eden regions: 586->0(594)
[2020-12-07T14:54:44.378+0000][12575][gc,heap     ] GC(24) Survivor regions: 28->20(77)
[2020-12-07T14:54:44.378+0000][12575][gc,heap     ] GC(24) Old regions: 48->58
[2020-12-07T14:54:44.378+0000][12575][gc,heap     ] GC(24) Archive regions: 2->2
[2020-12-07T14:54:44.378+0000][12575][gc,heap     ] GC(24) Humongous regions: 7->7
[2020-12-07T14:54:44.378+0000][12575][gc,metaspace] GC(24) Metaspace: 100442K(104188K)->100442K(104188K) NonClass: 87353K(89980K)->87353K(89980K) Class: 13088K(14208K)->13088K(14208K)
[2020-12-07T14:54:44.379+0000][12575][gc          ] GC(24) Pause Young (Normal) (G1 Evacuation Pause) 668M->84M(1024M) 18.926ms
[2020-12-07T14:54:44.379+0000][12575][gc,cpu      ] GC(24) User=0.09s Sys=0.06s Real=0.01s
[2020-12-07T14:54:44.379+0000][12575][safepoint   ] Safepoint "G1CollectForAllocation", Time since last: 12991282916 ns, Reaching safepoint: 649610 ns, At safepoint: 19076631 ns, Total: 19726241 ns
[2020-12-07T14:54:56.417+0000][12575][safepoint   ] Safepoint "Cleanup", Time since last: 12037194003 ns, Reaching safepoint: 138171 ns, At safepoint: 34559 ns, Total: 172730 ns
[2020-12-07T14:55:26.498+0000][12575][safepoint   ] Safepoint "Cleanup", Time since last: 30081337989 ns, Reaching safepoint: 109991 ns, At safepoint: 63731 ns, Total: 173722 ns
[2020-12-07T14:56:49.766+0000][12575][safepoint   ] Safepoint "Cleanup", Time since last: 83266111722 ns, Reaching safepoint: 187748 ns, At safepoint: 9899 ns, Total: 197647 ns
[2020-12-07T14:57:25.879+0000][12575][safepoint   ] Safepoint "Cleanup", Time since last: 36113118280 ns, Reaching safepoint: 207605 ns, At safepoint: 29056 ns, Total: 236661 ns
[2020-12-07T14:58:01.991+0000][12575][safepoint   ] Safepoint "Cleanup", Time since last: 36111334395 ns, Reaching safepoint: 171425 ns, At safepoint: 13969 ns, Total: 185394 ns
[2020-12-07T14:58:15.056+0000][12575][gc,start    ] GC(25) Pause Young (Normal) (G1 Evacuation Pause)
[2020-12-07T14:58:15.056+0000][12575][gc,task     ] GC(25) Using 13 workers of 13 for evacuation
[2020-12-07T14:58:15.056+0000][12575][gc,age      ] GC(25) Desired survivor size 40370176 bytes, new threshold 15 (max threshold 15)
[2020-12-07T14:58:15.066+0000][12575][gc,age      ] GC(25) Age table with threshold 15 (max threshold 15)
[2020-12-07T14:58:15.066+0000][12575][gc,age      ] GC(25) - age   1:    2325424 bytes,    2325424 total
[2020-12-07T14:58:15.066+0000][12575][gc,age      ] GC(25) - age   2:    1387576 bytes,    3713000 total
[2020-12-07T14:58:15.066+0000][12575][gc,age      ] GC(25) - age   3:    2022432 bytes,    5735432 total
[2020-12-07T14:58:15.066+0000][12575][gc,age      ] GC(25) - age   4:     755792 bytes,    6491224 total
[2020-12-07T14:58:15.066+0000][12575][gc,age      ] GC(25) - age   5:     283448 bytes,    6774672 total
[2020-12-07T14:58:15.066+0000][12575][gc,age      ] GC(25) - age   6:      14200 bytes,    6788872 total
[2020-12-07T14:58:15.066+0000][12575][gc,age      ] GC(25) - age   7:      33088 bytes,    6821960 total
[2020-12-07T14:58:15.066+0000][12575][gc,age      ] GC(25) - age   8:       2584 bytes,    6824544 total
[2020-12-07T14:58:15.066+0000][12575][gc,age      ] GC(25) - age   9:     370584 bytes,    7195128 total
[2020-12-07T14:58:15.066+0000][12575][gc,age      ] GC(25) - age  10:      18600 bytes,    7213728 total
[2020-12-07T14:58:15.066+0000][12575][gc,age      ] GC(25) - age  11:     501296 bytes,    7715024 total
[2020-12-07T14:58:15.066+0000][12575][gc,age      ] GC(25) - age  12:       5776 bytes,    7720800 total
[2020-12-07T14:58:15.066+0000][12575][gc,age      ] GC(25) - age  13:      19200 bytes,    7740000 total
[2020-12-07T14:58:15.066+0000][12575][gc,age      ] GC(25) - age  14:     448016 bytes,    8188016 total
[2020-12-07T14:58:15.066+0000][12575][gc,age      ] GC(25) - age  15:     692560 bytes,    8880576 total
[2020-12-07T14:58:15.066+0000][12575][gc,phases   ] GC(25)   Pre Evacuate Collection Set: 0.2ms
[2020-12-07T14:58:15.066+0000][12575][gc,phases   ] GC(25)   Merge Heap Roots: 0.1ms
[2020-12-07T14:58:15.066+0000][12575][gc,phases   ] GC(25)   Evacuate Collection Set: 8.3ms
[2020-12-07T14:58:15.066+0000][12575][gc,phases   ] GC(25)   Post Evacuate Collection Set: 1.1ms
[2020-12-07T14:58:15.066+0000][12575][gc,phases   ] GC(25)   Other: 0.5ms
[2020-12-07T14:58:15.066+0000][12575][gc,heap     ] GC(25) Eden regions: 594->0(603)
[2020-12-07T14:58:15.066+0000][12575][gc,heap     ] GC(25) Survivor regions: 20->11(77)
[2020-12-07T14:58:15.066+0000][12575][gc,heap     ] GC(25) Old regions: 58->68
[2020-12-07T14:58:15.066+0000][12575][gc,heap     ] GC(25) Archive regions: 2->2
[2020-12-07T14:58:15.066+0000][12575][gc,heap     ] GC(25) Humongous regions: 7->7
[2020-12-07T14:58:15.066+0000][12575][gc,metaspace] GC(25) Metaspace: 100448K(104188K)->100448K(104188K) NonClass: 87360K(89980K)->87360K(89980K) Class: 13088K(14208K)->13088K(14208K)
[2020-12-07T14:58:15.066+0000][12575][gc          ] GC(25) Pause Young (Normal) (G1 Evacuation Pause) 678M->86M(1024M) 10.289ms
[2020-12-07T14:58:15.066+0000][12575][gc,cpu      ] GC(25) User=0.07s Sys=0.03s Real=0.01s
[2020-12-07T14:58:15.066+0000][12575][safepoint   ] Safepoint "G1CollectForAllocation", Time since last: 13063981932 ns, Reaching safepoint: 114212 ns, At safepoint: 10433805 ns, Total: 10548017 ns
[2020-12-07T15:01:39.048+0000][12575][safepoint   ] Safepoint "Cleanup", Time since last: 203977143774 ns, Reaching safepoint: 2442728 ns, At safepoint: 37743 ns, Total: 2480471 ns
[2020-12-07T15:01:45.104+0000][12575][safepoint   ] Safepoint "Cleanup", Time since last: 6055262370 ns, Reaching safepoint: 239056 ns, At safepoint: 20617 ns, Total: 259673 ns
[2020-12-07T15:01:46.980+0000][12575][gc,start    ] GC(26) Pause Young (Normal) (G1 Evacuation Pause)
[2020-12-07T15:01:46.980+0000][12575][gc,task     ] GC(26) Using 13 workers of 13 for evacuation
[2020-12-07T15:01:46.980+0000][12575][gc,age      ] GC(26) Desired survivor size 40370176 bytes, new threshold 15 (max threshold 15)
[2020-12-07T15:01:46.987+0000][12575][gc,age      ] GC(26) Age table with threshold 15 (max threshold 15)
[2020-12-07T15:01:46.987+0000][12575][gc,age      ] GC(26) - age   1:    2873792 bytes,    2873792 total
[2020-12-07T15:01:46.987+0000][12575][gc,age      ] GC(26) - age   2:     995376 bytes,    3869168 total
[2020-12-07T15:01:46.987+0000][12575][gc,age      ] GC(26) - age   3:    1288264 bytes,    5157432 total
[2020-12-07T15:01:46.987+0000][12575][gc,age      ] GC(26) - age   4:    1996776 bytes,    7154208 total
[2020-12-07T15:01:46.987+0000][12575][gc,age      ] GC(26) - age   5:     755320 bytes,    7909528 total
[2020-12-07T15:01:46.987+0000][12575][gc,age      ] GC(26) - age   6:     283144 bytes,    8192672 total
[2020-12-07T15:01:46.987+0000][12575][gc,age      ] GC(26) - age   7:      14200 bytes,    8206872 total
[2020-12-07T15:01:46.987+0000][12575][gc,age      ] GC(26) - age   8:      33088 bytes,    8239960 total
[2020-12-07T15:01:46.987+0000][12575][gc,age      ] GC(26) - age   9:       2584 bytes,    8242544 total
[2020-12-07T15:01:46.987+0000][12575][gc,age      ] GC(26) - age  10:     370544 bytes,    8613088 total
[2020-12-07T15:01:46.987+0000][12575][gc,age      ] GC(26) - age  11:      18600 bytes,    8631688 total
[2020-12-07T15:01:46.987+0000][12575][gc,age      ] GC(26) - age  12:     501176 bytes,    9132864 total
[2020-12-07T15:01:46.987+0000][12575][gc,age      ] GC(26) - age  13:       5736 bytes,    9138600 total
[2020-12-07T15:01:46.987+0000][12575][gc,age      ] GC(26) - age  14:      19200 bytes,    9157800 total
[2020-12-07T15:01:46.987+0000][12575][gc,age      ] GC(26) - age  15:     447768 bytes,    9605568 total
[2020-12-07T15:01:46.987+0000][12575][gc,phases   ] GC(26)   Pre Evacuate Collection Set: 0.2ms
[2020-12-07T15:01:46.987+0000][12575][gc,phases   ] GC(26)   Merge Heap Roots: 0.1ms
[2020-12-07T15:01:46.987+0000][12575][gc,phases   ] GC(26)   Evacuate Collection Set: 5.3ms
[2020-12-07T15:01:46.987+0000][12575][gc,phases   ] GC(26)   Post Evacuate Collection Set: 1.0ms
[2020-12-07T15:01:46.987+0000][12575][gc,phases   ] GC(26)   Other: 0.5ms
[2020-12-07T15:01:46.987+0000][12575][gc,heap     ] GC(26) Eden regions: 603->0(604)
[2020-12-07T15:01:46.987+0000][12575][gc,heap     ] GC(26) Survivor regions: 11->10(77)
[2020-12-07T15:01:46.987+0000][12575][gc,heap     ] GC(26) Old regions: 68->70
[2020-12-07T15:01:46.987+0000][12575][gc,heap     ] GC(26) Archive regions: 2->2
[2020-12-07T15:01:46.987+0000][12575][gc,heap     ] GC(26) Humongous regions: 7->7
[2020-12-07T15:01:46.987+0000][12575][gc,metaspace] GC(26) Metaspace: 100478K(104188K)->100478K(104188K) NonClass: 87390K(89980K)->87390K(89980K) Class: 13088K(14208K)->13088K(14208K)
[2020-12-07T15:01:46.988+0000][12575][gc          ] GC(26) Pause Young (Normal) (G1 Evacuation Pause) 689M->87M(1024M) 7.915ms
[2020-12-07T15:01:46.988+0000][12575][gc,cpu      ] GC(26) User=0.03s Sys=0.01s Real=0.00s
[2020-12-07T15:01:46.988+0000][12575][safepoint   ] Safepoint "G1CollectForAllocation", Time since last: 1870572589 ns, Reaching safepoint: 6037330 ns, At safepoint: 8118934 ns, Total: 14156264 ns
[2020-12-07T15:01:48.999+0000][12575][safepoint   ] Safepoint "Cleanup", Time since last: 2010684943 ns, Reaching safepoint: 117780 ns, At safepoint: 25034 ns, Total: 142814 ns
[2020-12-07T15:02:01.046+0000][12575][safepoint   ] Safepoint "Cleanup", Time since last: 12047013339 ns, Reaching safepoint: 88269 ns, At safepoint: 19755 ns, Total: 108024 ns
[2020-12-07T15:02:02.070+0000][12575][safepoint   ] Safepoint "Cleanup", Time since last: 1023702499 ns, Reaching safepoint: 139773 ns, At safepoint: 4811 ns, Total: 144584 ns
[2020-12-07T15:02:03.071+0000][12575][safepoint   ] Safepoint "Cleanup", Time since last: 1000279463 ns, Reaching safepoint: 103306 ns, At safepoint: 49291 ns, Total: 152597 ns
[2020-12-07T15:02:11.138+0000][12575][safepoint   ] Safepoint "Cleanup", Time since last: 8062961872 ns, Reaching safepoint: 4086178 ns, At safepoint: 54807 ns, Total: 4140985 ns
[2020-12-07T15:02:12.143+0000][12575][safepoint   ] Safepoint "Cleanup", Time since last: 1005240066 ns, Reaching safepoint: 93906 ns, At safepoint: 9716 ns, Total: 103622 ns
[2020-12-07T15:02:21.172+0000][12575][safepoint   ] Safepoint "Cleanup", Time since last: 9028003115 ns, Reaching safepoint: 141914 ns, At safepoint: 59161 ns, Total: 201075 ns
[2020-12-07T15:02:22.176+0000][12575][safepoint   ] Safepoint "Cleanup", Time since last: 1004424342 ns, Reaching safepoint: 158285 ns, At safepoint: 92076 ns, Total: 250361 ns
[2020-12-07T15:02:29.198+0000][12575][safepoint   ] Safepoint "Cleanup", Time since last: 7021347685 ns, Reaching safepoint: 211411 ns, At safepoint: 68171 ns, Total: 279582 ns
[2020-12-07T15:02:30.208+0000][12575][safepoint   ] Safepoint "Cleanup", Time since last: 1009691256 ns, Reaching safepoint: 213737 ns, At safepoint: 36723 ns, Total: 250460 ns
[2020-12-07T15:02:31.210+0000][12575][safepoint   ] Safepoint "Cleanup", Time since last: 1002005585 ns, Reaching safepoint: 188347 ns, At safepoint: 10695 ns, Total: 199042 ns
[2020-12-07T15:02:33.216+0000][12575][safepoint   ] Safepoint "Cleanup", Time since last: 2005911662 ns, Reaching safepoint: 81535 ns, At safepoint: 8126 ns, Total: 89661 ns
[2020-12-07T15:02:38.244+0000][12575][safepoint   ] Safepoint "Cleanup", Time since last: 5027279166 ns, Reaching safepoint: 253205 ns, At safepoint: 17982 ns, Total: 271187 ns
[2020-12-07T15:02:40.245+0000][12575][safepoint   ] Safepoint "Cleanup", Time since last: 2000919448 ns, Reaching safepoint: 153083 ns, At safepoint: 8656 ns, Total: 161739 ns
[2020-12-07T15:02:41.246+0000][12575][safepoint   ] Safepoint "Cleanup", Time since last: 1000821347 ns, Reaching safepoint: 221333 ns, At safepoint: 13357 ns, Total: 234690 ns
[2020-12-07T15:02:42.248+0000][12575][safepoint   ] Safepoint "Cleanup", Time since last: 1002268710 ns, Reaching safepoint: 80870 ns, At safepoint: 3884 ns, Total: 84754 ns
[2020-12-07T15:02:46.280+0000][12575][safepoint   ] Safepoint "Cleanup", Time since last: 4031244503 ns, Reaching safepoint: 178336 ns, At safepoint: 73590 ns, Total: 251926 ns
[2020-12-07T15:02:49.291+0000][12575][safepoint   ] Safepoint "Cleanup", Time since last: 3010552209 ns, Reaching safepoint: 200005 ns, At safepoint: 9180 ns, Total: 209185 ns
[2020-12-07T15:02:49.798+0000][12575][gc,start    ] GC(27) Pause Young (Normal) (G1 Evacuation Pause)
[2020-12-07T15:02:49.798+0000][12575][gc,task     ] GC(27) Using 13 workers of 13 for evacuation
[2020-12-07T15:02:49.798+0000][12575][gc,age      ] GC(27) Desired survivor size 40370176 bytes, new threshold 15 (max threshold 15)
[2020-12-07T15:02:49.802+0000][12575][gc,age      ] GC(27) Age table with threshold 15 (max threshold 15)
[2020-12-07T15:02:49.802+0000][12575][gc,age      ] GC(27) - age   1:    1573136 bytes,    1573136 total
[2020-12-07T15:02:49.802+0000][12575][gc,age      ] GC(27) - age   2:     127064 bytes,    1700200 total
[2020-12-07T15:02:49.802+0000][12575][gc,age      ] GC(27) - age   3:       1112 bytes,    1701312 total
[2020-12-07T15:02:49.802+0000][12575][gc,age      ] GC(27) - age   4:      11704 bytes,    1713016 total
[2020-12-07T15:02:49.802+0000][12575][gc,age      ] GC(27) - age   5:     555344 bytes,    2268360 total
[2020-12-07T15:02:49.802+0000][12575][gc,age      ] GC(27) - age   6:     754520 bytes,    3022880 total
[2020-12-07T15:02:49.802+0000][12575][gc,age      ] GC(27) - age   7:     282896 bytes,    3305776 total
[2020-12-07T15:02:49.802+0000][12575][gc,age      ] GC(27) - age   8:      14200 bytes,    3319976 total
[2020-12-07T15:02:49.802+0000][12575][gc,age      ] GC(27) - age   9:      33088 bytes,    3353064 total
[2020-12-07T15:02:49.802+0000][12575][gc,age      ] GC(27) - age  10:       2584 bytes,    3355648 total
[2020-12-07T15:02:49.802+0000][12575][gc,age      ] GC(27) - age  11:     370400 bytes,    3726048 total
[2020-12-07T15:02:49.802+0000][12575][gc,age      ] GC(27) - age  12:      18600 bytes,    3744648 total
[2020-12-07T15:02:49.802+0000][12575][gc,age      ] GC(27) - age  13:     501176 bytes,    4245824 total
[2020-12-07T15:02:49.802+0000][12575][gc,age      ] GC(27) - age  14:       5736 bytes,    4251560 total
[2020-12-07T15:02:49.802+0000][12575][gc,age      ] GC(27) - age  15:      19200 bytes,    4270760 total
[2020-12-07T15:02:49.802+0000][12575][gc,phases   ] GC(27)   Pre Evacuate Collection Set: 0.2ms
[2020-12-07T15:02:49.802+0000][12575][gc,phases   ] GC(27)   Merge Heap Roots: 0.2ms
[2020-12-07T15:02:49.802+0000][12575][gc,phases   ] GC(27)   Evacuate Collection Set: 2.5ms
[2020-12-07T15:02:49.802+0000][12575][gc,phases   ] GC(27)   Post Evacuate Collection Set: 0.9ms
[2020-12-07T15:02:49.802+0000][12575][gc,phases   ] GC(27)   Other: 0.6ms
[2020-12-07T15:02:49.802+0000][12575][gc,heap     ] GC(27) Eden regions: 604->0(609)
[2020-12-07T15:02:49.802+0000][12575][gc,heap     ] GC(27) Survivor regions: 10->5(77)
[2020-12-07T15:02:49.803+0000][12575][gc,heap     ] GC(27) Old regions: 70->71
[2020-12-07T15:02:49.803+0000][12575][gc,heap     ] GC(27) Archive regions: 2->2
[2020-12-07T15:02:49.803+0000][12575][gc,heap     ] GC(27) Humongous regions: 7->7
[2020-12-07T15:02:49.803+0000][12575][gc,metaspace] GC(27) Metaspace: 100514K(104188K)->100514K(104188K) NonClass: 87426K(89980K)->87426K(89980K) Class: 13088K(14208K)->13088K(14208K)
[2020-12-07T15:02:49.803+0000][12575][gc          ] GC(27) Pause Young (Normal) (G1 Evacuation Pause) 691M->83M(1024M) 4.470ms
[2020-12-07T15:02:49.803+0000][12575][gc,cpu      ] GC(27) User=0.03s Sys=0.00s Real=0.01s
[2020-12-07T15:02:49.803+0000][12575][safepoint   ] Safepoint "G1CollectForAllocation", Time since last: 504798309 ns, Reaching safepoint: 2567238 ns, At safepoint: 4654374 ns, Total: 7221612 ns
[2020-12-07T15:02:51.808+0000][12575][safepoint   ] Safepoint "Cleanup", Time since last: 2005356953 ns, Reaching safepoint: 135856 ns, At safepoint: 61383 ns, Total: 197239 ns
[2020-12-07T15:02:58.835+0000][12575][safepoint   ] Safepoint "Cleanup", Time since last: 7026455230 ns, Reaching safepoint: 242224 ns, At safepoint: 13752 ns, Total: 255976 ns
[2020-12-07T15:03:06.875+0000][12575][safepoint   ] Safepoint "Cleanup", Time since last: 8039579681 ns, Reaching safepoint: 211447 ns, At safepoint: 47885 ns, Total: 259332 ns
[2020-12-07T15:03:07.878+0000][12575][safepoint   ] Safepoint "Cleanup", Time since last: 1003196542 ns, Reaching safepoint: 198444 ns, At safepoint: 9347 ns, Total: 207791 ns
[2020-12-07T15:03:08.880+0000][12575][safepoint   ] Safepoint "Cleanup", Time since last: 1000877114 ns, Reaching safepoint: 211512 ns, At safepoint: 39603 ns, Total: 251115 ns
[2020-12-07T15:03:17.909+0000][12575][safepoint   ] Safepoint "Cleanup", Time since last: 9026372405 ns, Reaching safepoint: 2769625 ns, At safepoint: 44978 ns, Total: 2814603 ns
[2020-12-07T15:03:18.914+0000][12575][safepoint   ] Safepoint "Cleanup", Time since last: 1004844460 ns, Reaching safepoint: 189898 ns, At safepoint: 7984 ns, Total: 197882 ns
[2020-12-07T15:03:27.956+0000][12575][safepoint   ] Safepoint "Cleanup", Time since last: 9042221232 ns, Reaching safepoint: 152847 ns, At safepoint: 27524 ns, Total: 180371 ns
[2020-12-07T15:03:36.993+0000][12575][safepoint   ] Safepoint "Cleanup", Time since last: 9036000853 ns, Reaching safepoint: 227534 ns, At safepoint: 15341 ns, Total: 242875 ns
[2020-12-07T15:03:38.998+0000][12575][safepoint   ] Safepoint "Cleanup", Time since last: 2004978827 ns, Reaching safepoint: 203208 ns, At safepoint: 39493 ns, Total: 242701 ns
[2020-12-07T15:03:42.006+0000][12575][safepoint   ] Safepoint "Cleanup", Time since last: 3008153148 ns, Reaching safepoint: 138239 ns, At safepoint: 43712 ns, Total: 181951 ns
[2020-12-07T15:03:45.942+0000][12575][gc,start    ] GC(28) Pause Young (Normal) (G1 Evacuation Pause)
[2020-12-07T15:03:45.943+0000][12575][gc,task     ] GC(28) Using 13 workers of 13 for evacuation
[2020-12-07T15:03:45.943+0000][12575][gc,age      ] GC(28) Desired survivor size 40370176 bytes, new threshold 15 (max threshold 15)
[2020-12-07T15:03:45.971+0000][12575][gc,age      ] GC(28) Age table with threshold 15 (max threshold 15)
[2020-12-07T15:03:45.971+0000][12575][gc,age      ] GC(28) - age   1:    1718208 bytes,    1718208 total
[2020-12-07T15:03:45.971+0000][12575][gc,age      ] GC(28) - age   2:     264312 bytes,    1982520 total
[2020-12-07T15:03:45.971+0000][12575][gc,age      ] GC(28) - age   3:     124080 bytes,    2106600 total
[2020-12-07T15:03:45.971+0000][12575][gc,age      ] GC(28) - age   4:       1112 bytes,    2107712 total
[2020-12-07T15:03:45.971+0000][12575][gc,age      ] GC(28) - age   5:       1048 bytes,    2108760 total
[2020-12-07T15:03:45.971+0000][12575][gc,age      ] GC(28) - age   6:     554032 bytes,    2662792 total
[2020-12-07T15:03:45.971+0000][12575][gc,age      ] GC(28) - age   7:     754136 bytes,    3416928 total
[2020-12-07T15:03:45.971+0000][12575][gc,age      ] GC(28) - age   8:     282664 bytes,    3699592 total
[2020-12-07T15:03:45.971+0000][12575][gc,age      ] GC(28) - age   9:      14200 bytes,    3713792 total
[2020-12-07T15:03:45.971+0000][12575][gc,age      ] GC(28) - age  10:      33088 bytes,    3746880 total
[2020-12-07T15:03:45.971+0000][12575][gc,age      ] GC(28) - age  11:       2584 bytes,    3749464 total
[2020-12-07T15:03:45.971+0000][12575][gc,age      ] GC(28) - age  12:     370152 bytes,    4119616 total
[2020-12-07T15:03:45.971+0000][12575][gc,age      ] GC(28) - age  13:      18600 bytes,    4138216 total
[2020-12-07T15:03:45.971+0000][12575][gc,age      ] GC(28) - age  14:     501136 bytes,    4639352 total
[2020-12-07T15:03:45.971+0000][12575][gc,age      ] GC(28) - age  15:       5736 bytes,    4645088 total
[2020-12-07T15:03:45.971+0000][12575][gc,phases   ] GC(28)   Pre Evacuate Collection Set: 0.1ms
[2020-12-07T15:03:45.971+0000][12575][gc,phases   ] GC(28)   Merge Heap Roots: 0.1ms
[2020-12-07T15:03:45.971+0000][12575][gc,phases   ] GC(28)   Evacuate Collection Set: 27.5ms
[2020-12-07T15:03:45.971+0000][12575][gc,phases   ] GC(28)   Post Evacuate Collection Set: 1.0ms
[2020-12-07T15:03:45.971+0000][12575][gc,phases   ] GC(28)   Other: 0.4ms
[2020-12-07T15:03:45.971+0000][12575][gc,heap     ] GC(28) Eden regions: 609->0(609)
[2020-12-07T15:03:45.971+0000][12575][gc,heap     ] GC(28) Survivor regions: 5->5(77)
[2020-12-07T15:03:45.971+0000][12575][gc,heap     ] GC(28) Old regions: 71->71
[2020-12-07T15:03:45.972+0000][12575][gc,heap     ] GC(28) Archive regions: 2->2
[2020-12-07T15:03:45.972+0000][12575][gc,heap     ] GC(28) Humongous regions: 7->7
[2020-12-07T15:03:45.972+0000][12575][gc,metaspace] GC(28) Metaspace: 100620K(104188K)->100620K(104188K) NonClass: 87526K(89980K)->87526K(89980K) Class: 13093K(14208K)->13093K(14208K)
[2020-12-07T15:03:45.973+0000][12575][gc          ] GC(28) Pause Young (Normal) (G1 Evacuation Pause) 692M->83M(1024M) 30.714ms
[2020-12-07T15:03:45.973+0000][12575][gc,cpu      ] GC(28) User=0.04s Sys=0.01s Real=0.03s
[2020-12-07T15:03:45.973+0000][12575][safepoint   ] Safepoint "G1CollectForAllocation", Time since last: 3931021717 ns, Reaching safepoint: 5014596 ns, At safepoint: 30854513 ns, Total: 35869109 ns
[2020-12-07T15:03:46.978+0000][12575][safepoint   ] Safepoint "Cleanup", Time since last: 1004390002 ns, Reaching safepoint: 204992 ns, At safepoint: 65227 ns, Total: 270219 ns
[2020-12-07T15:03:47.980+0000][12575][safepoint   ] Safepoint "Cleanup", Time since last: 1001493075 ns, Reaching safepoint: 199001 ns, At safepoint: 31774 ns, Total: 230775 ns
[2020-12-07T15:03:48.984+0000][12575][safepoint   ] Safepoint "Cleanup", Time since last: 1004154328 ns, Reaching safepoint: 211131 ns, At safepoint: 33573 ns, Total: 244704 ns
[2020-12-07T15:03:50.993+0000][12575][safepoint   ] Safepoint "Cleanup", Time since last: 2008301634 ns, Reaching safepoint: 192303 ns, At safepoint: 14923 ns, Total: 207226 ns
[2020-12-07T15:03:55.004+0000][12575][safepoint   ] Safepoint "Cleanup", Time since last: 4010944749 ns, Reaching safepoint: 151776 ns, At safepoint: 76578 ns, Total: 228354 ns
[2020-12-07T15:03:56.008+0000][12575][safepoint   ] Safepoint "Cleanup", Time since last: 1004004810 ns, Reaching safepoint: 133788 ns, At safepoint: 5119 ns, Total: 138907 ns
[2020-12-07T15:03:57.009+0000][12575][safepoint   ] Safepoint "Cleanup", Time since last: 1001113318 ns, Reaching safepoint: 81997 ns, At safepoint: 25142 ns, Total: 107139 ns
[2020-12-07T15:04:00.015+0000][12575][safepoint   ] Safepoint "Cleanup", Time since last: 3005102895 ns, Reaching safepoint: 231096 ns, At safepoint: 77598 ns, Total: 308694 ns
[2020-12-07T15:04:06.033+0000][12575][safepoint   ] Safepoint "Cleanup", Time since last: 6017826457 ns, Reaching safepoint: 91722 ns, At safepoint: 4326 ns, Total: 96048 ns
[2020-12-07T15:04:11.037+0000][12575][safepoint   ] Safepoint "Cleanup", Time since last: 5004464078 ns, Reaching safepoint: 195613 ns, At safepoint: 75045 ns, Total: 270658 ns
[2020-12-07T15:04:12.042+0000][12575][safepoint   ] Safepoint "Cleanup", Time since last: 1003958148 ns, Reaching safepoint: 213376 ns, At safepoint: 21829 ns, Total: 235205 ns
[2020-12-07T15:04:13.046+0000][12575][safepoint   ] Safepoint "Cleanup", Time since last: 1004039594 ns, Reaching safepoint: 209144 ns, At safepoint: 39009 ns, Total: 248153 ns
[2020-12-07T15:04:15.072+0000][12575][safepoint   ] Safepoint "Cleanup", Time since last: 2025617596 ns, Reaching safepoint: 164108 ns, At safepoint: 9937 ns, Total: 174045 ns
[2020-12-07T15:04:18.079+0000][12575][safepoint   ] Safepoint "Cleanup", Time since last: 3006499055 ns, Reaching safepoint: 171591 ns, At safepoint: 25671 ns, Total: 197262 ns
[2020-12-07T15:04:23.100+0000][12575][safepoint   ] Safepoint "Cleanup", Time since last: 5021522491 ns, Reaching safepoint: 184586 ns, At safepoint: 15637 ns, Total: 200223 ns
[2020-12-07T15:04:24.111+0000][12575][safepoint   ] Safepoint "Cleanup", Time since last: 1010613643 ns, Reaching safepoint: 143605 ns, At safepoint: 31895 ns, Total: 175500 ns
[2020-12-07T15:04:26.119+0000][12575][safepoint   ] Safepoint "Cleanup", Time since last: 2007511838 ns, Reaching safepoint: 99763 ns, At safepoint: 10845 ns, Total: 110608 ns
[2020-12-07T15:04:56.207+0000][12575][safepoint   ] Safepoint "Cleanup", Time since last: 30087726601 ns, Reaching safepoint: 122581 ns, At safepoint: 13058 ns, Total: 135639 ns
[2020-12-07T15:04:58.212+0000][12575][safepoint   ] Safepoint "Cleanup", Time since last: 2004915705 ns, Reaching safepoint: 79508 ns, At safepoint: 11667 ns, Total: 91175 ns
[2020-12-07T15:05:14.299+0000][12575][gc,start    ] GC(29) Pause Young (Normal) (G1 Evacuation Pause)
[2020-12-07T15:05:14.299+0000][12575][gc,task     ] GC(29) Using 13 workers of 13 for evacuation
[2020-12-07T15:05:14.300+0000][12575][gc,age      ] GC(29) Desired survivor size 40370176 bytes, new threshold 15 (max threshold 15)
[2020-12-07T15:05:14.304+0000][12575][gc,age      ] GC(29) Age table with threshold 15 (max threshold 15)
[2020-12-07T15:05:14.304+0000][12575][gc,age      ] GC(29) - age   1:    1757344 bytes,    1757344 total
[2020-12-07T15:05:14.304+0000][12575][gc,age      ] GC(29) - age   2:     322336 bytes,    2079680 total
[2020-12-07T15:05:14.304+0000][12575][gc,age      ] GC(29) - age   3:     262768 bytes,    2342448 total
[2020-12-07T15:05:14.304+0000][12575][gc,age      ] GC(29) - age   4:     122736 bytes,    2465184 total
[2020-12-07T15:05:14.304+0000][12575][gc,age      ] GC(29) - age   5:       1112 bytes,    2466296 total
[2020-12-07T15:05:14.304+0000][12575][gc,age      ] GC(29) - age   6:       1048 bytes,    2467344 total
[2020-12-07T15:05:14.304+0000][12575][gc,age      ] GC(29) - age   7:     553968 bytes,    3021312 total
[2020-12-07T15:05:14.304+0000][12575][gc,age      ] GC(29) - age   8:     753792 bytes,    3775104 total
[2020-12-07T15:05:14.304+0000][12575][gc,age      ] GC(29) - age   9:     282536 bytes,    4057640 total
[2020-12-07T15:05:14.304+0000][12575][gc,age      ] GC(29) - age  10:      14200 bytes,    4071840 total
[2020-12-07T15:05:14.304+0000][12575][gc,age      ] GC(29) - age  11:      33088 bytes,    4104928 total
[2020-12-07T15:05:14.304+0000][12575][gc,age      ] GC(29) - age  12:       2584 bytes,    4107512 total
[2020-12-07T15:05:14.304+0000][12575][gc,age      ] GC(29) - age  13:     370032 bytes,    4477544 total
[2020-12-07T15:05:14.304+0000][12575][gc,age      ] GC(29) - age  14:      18600 bytes,    4496144 total
[2020-12-07T15:05:14.304+0000][12575][gc,age      ] GC(29) - age  15:     501016 bytes,    4997160 total
[2020-12-07T15:05:14.304+0000][12575][gc,phases   ] GC(29)   Pre Evacuate Collection Set: 0.3ms
[2020-12-07T15:05:14.304+0000][12575][gc,phases   ] GC(29)   Merge Heap Roots: 0.2ms
[2020-12-07T15:05:14.304+0000][12575][gc,phases   ] GC(29)   Evacuate Collection Set: 2.6ms
[2020-12-07T15:05:14.304+0000][12575][gc,phases   ] GC(29)   Post Evacuate Collection Set: 1.1ms
[2020-12-07T15:05:14.304+0000][12575][gc,phases   ] GC(29)   Other: 1.1ms
[2020-12-07T15:05:14.304+0000][12575][gc,heap     ] GC(29) Eden regions: 609->0(608)
[2020-12-07T15:05:14.304+0000][12575][gc,heap     ] GC(29) Survivor regions: 5->6(77)
[2020-12-07T15:05:14.304+0000][12575][gc,heap     ] GC(29) Old regions: 71->71
[2020-12-07T15:05:14.304+0000][12575][gc,heap     ] GC(29) Archive regions: 2->2
[2020-12-07T15:05:14.304+0000][12575][gc,heap     ] GC(29) Humongous regions: 7->7
[2020-12-07T15:05:14.304+0000][12575][gc,metaspace] GC(29) Metaspace: 100686K(104188K)->100686K(104188K) NonClass: 87591K(89980K)->87591K(89980K) Class: 13094K(14208K)->13094K(14208K)
[2020-12-07T15:05:14.304+0000][12575][gc          ] GC(29) Pause Young (Normal) (G1 Evacuation Pause) 692M->83M(1024M) 5.382ms
[2020-12-07T15:05:14.304+0000][12575][gc,cpu      ] GC(29) User=0.03s Sys=0.01s Real=0.01s
[2020-12-07T15:05:14.304+0000][12575][safepoint   ] Safepoint "G1CollectForAllocation", Time since last: 16086511941 ns, Reaching safepoint: 211795 ns, At safepoint: 5570331 ns, Total: 5782126 ns
[2020-12-07T15:05:50.409+0000][12575][safepoint   ] Safepoint "Cleanup", Time since last: 36103569186 ns, Reaching safepoint: 96902 ns, At safepoint: 25289 ns, Total: 122191 ns
[2020-12-07T15:05:56.434+0000][12575][safepoint   ] Safepoint "Cleanup", Time since last: 6025126099 ns, Reaching safepoint: 206708 ns, At safepoint: 11292 ns, Total: 218000 ns
[2020-12-07T15:06:26.539+0000][12575][safepoint   ] Safepoint "Cleanup", Time since last: 30104511173 ns, Reaching safepoint: 192631 ns, At safepoint: 9950 ns, Total: 202581 ns
[2020-12-07T15:07:19.729+0000][12575][safepoint   ] Safepoint "Cleanup", Time since last: 53189264936 ns, Reaching safepoint: 234463 ns, At safepoint: 44189 ns, Total: 278652 ns
[2020-12-07T15:07:20.734+0000][12575][safepoint   ] Safepoint "Cleanup", Time since last: 1004861676 ns, Reaching safepoint: 106343 ns, At safepoint: 56970 ns, Total: 163313 ns
[2020-12-07T15:07:24.740+0000][12575][safepoint   ] Safepoint "Cleanup", Time since last: 4005285167 ns, Reaching safepoint: 74727 ns, At safepoint: 10997 ns, Total: 85724 ns
[2020-12-07T15:07:26.749+0000][12575][safepoint   ] Safepoint "Cleanup", Time since last: 2009209064 ns, Reaching safepoint: 137719 ns, At safepoint: 40210 ns, Total: 177929 ns
[2020-12-07T15:07:33.774+0000][12575][safepoint   ] Safepoint "Cleanup", Time since last: 7025190149 ns, Reaching safepoint: 78357 ns, At safepoint: 5151 ns, Total: 83508 ns
[2020-12-07T15:07:36.786+0000][12575][safepoint   ] Safepoint "Cleanup", Time since last: 3011412050 ns, Reaching safepoint: 187649 ns, At safepoint: 41326 ns, Total: 228975 ns
[2020-12-07T15:07:37.853+0000][12575][gc,start    ] GC(30) Pause Young (Normal) (G1 Evacuation Pause)
[2020-12-07T15:07:37.853+0000][12575][gc,task     ] GC(30) Using 13 workers of 13 for evacuation
[2020-12-07T15:07:37.853+0000][12575][gc,age      ] GC(30) Desired survivor size 40370176 bytes, new threshold 15 (max threshold 15)
[2020-12-07T15:07:37.856+0000][12575][gc,age      ] GC(30) Age table with threshold 15 (max threshold 15)
[2020-12-07T15:07:37.856+0000][12575][gc,age      ] GC(30) - age   1:     822376 bytes,     822376 total
[2020-12-07T15:07:37.856+0000][12575][gc,age      ] GC(30) - age   2:     220264 bytes,    1042640 total
[2020-12-07T15:07:37.856+0000][12575][gc,age      ] GC(30) - age   3:     321808 bytes,    1364448 total
[2020-12-07T15:07:37.856+0000][12575][gc,age      ] GC(30) - age   4:     262768 bytes,    1627216 total
[2020-12-07T15:07:37.856+0000][12575][gc,age      ] GC(30) - age   5:     122736 bytes,    1749952 total
[2020-12-07T15:07:37.857+0000][12575][gc,age      ] GC(30) - age   6:       1112 bytes,    1751064 total
[2020-12-07T15:07:37.857+0000][12575][gc,age      ] GC(30) - age   7:        840 bytes,    1751904 total
[2020-12-07T15:07:37.857+0000][12575][gc,age      ] GC(30) - age   8:     469696 bytes,    2221600 total
[2020-12-07T15:07:37.857+0000][12575][gc,age      ] GC(30) - age   9:     639896 bytes,    2861496 total
[2020-12-07T15:07:37.857+0000][12575][gc,age      ] GC(30) - age  10:     248688 bytes,    3110184 total
[2020-12-07T15:07:37.857+0000][12575][gc,age      ] GC(30) - age  11:       6184 bytes,    3116368 total
[2020-12-07T15:07:37.857+0000][12575][gc,age      ] GC(30) - age  12:      15920 bytes,    3132288 total
[2020-12-07T15:07:37.857+0000][12575][gc,age      ] GC(30) - age  13:       2512 bytes,    3134800 total
[2020-12-07T15:07:37.857+0000][12575][gc,age      ] GC(30) - age  14:     369888 bytes,    3504688 total
[2020-12-07T15:07:37.857+0000][12575][gc,age      ] GC(30) - age  15:      18600 bytes,    3523288 total
[2020-12-07T15:07:37.857+0000][12575][gc,phases   ] GC(30)   Pre Evacuate Collection Set: 0.2ms
[2020-12-07T15:07:37.857+0000][12575][gc,phases   ] GC(30)   Merge Heap Roots: 0.1ms
[2020-12-07T15:07:37.857+0000][12575][gc,phases   ] GC(30)   Evacuate Collection Set: 2.0ms
[2020-12-07T15:07:37.857+0000][12575][gc,phases   ] GC(30)   Post Evacuate Collection Set: 0.8ms
[2020-12-07T15:07:37.857+0000][12575][gc,phases   ] GC(30)   Other: 0.5ms
[2020-12-07T15:07:37.857+0000][12575][gc,heap     ] GC(30) Eden regions: 608->0(610)
[2020-12-07T15:07:37.857+0000][12575][gc,heap     ] GC(30) Survivor regions: 6->4(77)
[2020-12-07T15:07:37.857+0000][12575][gc,heap     ] GC(30) Old regions: 71->72
[2020-12-07T15:07:37.857+0000][12575][gc,heap     ] GC(30) Archive regions: 2->2
[2020-12-07T15:07:37.857+0000][12575][gc,heap     ] GC(30) Humongous regions: 7->7
[2020-12-07T15:07:37.857+0000][12575][gc,metaspace] GC(30) Metaspace: 100747K(104444K)->100747K(104444K) NonClass: 87652K(90236K)->87652K(90236K) Class: 13094K(14208K)->13094K(14208K)
[2020-12-07T15:07:37.857+0000][12575][gc          ] GC(30) Pause Young (Normal) (G1 Evacuation Pause) 691M->82M(1024M) 3.779ms
[2020-12-07T15:07:37.857+0000][12575][gc,cpu      ] GC(30) User=0.02s Sys=0.00s Real=0.00s
[2020-12-07T15:07:37.857+0000][12575][safepoint   ] Safepoint "G1CollectForAllocation", Time since last: 1066738726 ns, Reaching safepoint: 213193 ns, At safepoint: 3922280 ns, Total: 4135473 ns
[2020-12-07T15:07:43.875+0000][12575][safepoint   ] Safepoint "Cleanup", Time since last: 6017404033 ns, Reaching safepoint: 139090 ns, At safepoint: 57414 ns, Total: 196504 ns
[2020-12-07T15:07:44.877+0000][12575][safepoint   ] Safepoint "Cleanup", Time since last: 1002673369 ns, Reaching safepoint: 79853 ns, At safepoint: 4489 ns, Total: 84342 ns
[2020-12-07T15:07:52.924+0000][12575][safepoint   ] Safepoint "Cleanup", Time since last: 8046458754 ns, Reaching safepoint: 113578 ns, At safepoint: 26288 ns, Total: 139866 ns
[2020-12-07T15:07:55.937+0000][12575][safepoint   ] Safepoint "Cleanup", Time since last: 3012607884 ns, Reaching safepoint: 120569 ns, At safepoint: 16963 ns, Total: 137532 ns
[2020-12-07T15:09:26.254+0000][12575][safepoint   ] Safepoint "Cleanup", Time since last: 90315786596 ns, Reaching safepoint: 178058 ns, At safepoint: 36691 ns, Total: 214749 ns
[2020-12-07T15:10:26.478+0000][12575][safepoint   ] Safepoint "Cleanup", Time since last: 60223392136 ns, Reaching safepoint: 192470 ns, At safepoint: 41736 ns, Total: 234206 ns
[2020-12-07T15:10:28.488+0000][12575][safepoint   ] Safepoint "Cleanup", Time since last: 2009402853 ns, Reaching safepoint: 171702 ns, At safepoint: 4124 ns, Total: 175826 ns
[2020-12-07T15:10:50.559+0000][12575][safepoint   ] Safepoint "Cleanup", Time since last: 22070335230 ns, Reaching safepoint: 171995 ns, At safepoint: 54873 ns, Total: 226868 ns
[2020-12-07T15:11:19.585+0000][12575][gc,start    ] GC(31) Pause Young (Normal) (G1 Evacuation Pause)
[2020-12-07T15:11:19.585+0000][12575][gc,task     ] GC(31) Using 13 workers of 13 for evacuation
[2020-12-07T15:11:19.586+0000][12575][gc,age      ] GC(31) Desired survivor size 40370176 bytes, new threshold 15 (max threshold 15)
[2020-12-07T15:11:19.589+0000][12575][gc,age      ] GC(31) Age table with threshold 15 (max threshold 15)
[2020-12-07T15:11:19.589+0000][12575][gc,age      ] GC(31) - age   1:    2816896 bytes,    2816896 total
[2020-12-07T15:11:19.589+0000][12575][gc,age      ] GC(31) - age   2:      42584 bytes,    2859480 total
[2020-12-07T15:11:19.589+0000][12575][gc,age      ] GC(31) - age   3:     218424 bytes,    3077904 total
[2020-12-07T15:11:19.589+0000][12575][gc,age      ] GC(31) - age   4:     321808 bytes,    3399712 total
[2020-12-07T15:11:19.589+0000][12575][gc,age      ] GC(31) - age   5:     262768 bytes,    3662480 total
[2020-12-07T15:11:19.589+0000][12575][gc,age      ] GC(31) - age   6:     122416 bytes,    3784896 total
[2020-12-07T15:11:19.589+0000][12575][gc,age      ] GC(31) - age   7:       1112 bytes,    3786008 total
[2020-12-07T15:11:19.589+0000][12575][gc,age      ] GC(31) - age   8:        768 bytes,    3786776 total
[2020-12-07T15:11:19.589+0000][12575][gc,age      ] GC(31) - age   9:     447176 bytes,    4233952 total
[2020-12-07T15:11:19.589+0000][12575][gc,age      ] GC(31) - age  10:     606784 bytes,    4840736 total
[2020-12-07T15:11:19.589+0000][12575][gc,age      ] GC(31) - age  11:     224280 bytes,    5065016 total
[2020-12-07T15:11:19.589+0000][12575][gc,age      ] GC(31) - age  12:       6184 bytes,    5071200 total
[2020-12-07T15:11:19.589+0000][12575][gc,age      ] GC(31) - age  13:      15920 bytes,    5087120 total
[2020-12-07T15:11:19.589+0000][12575][gc,age      ] GC(31) - age  14:       2472 bytes,    5089592 total
[2020-12-07T15:11:19.589+0000][12575][gc,age      ] GC(31) - age  15:     369888 bytes,    5459480 total
[2020-12-07T15:11:19.589+0000][12575][gc,phases   ] GC(31)   Pre Evacuate Collection Set: 0.2ms
[2020-12-07T15:11:19.589+0000][12575][gc,phases   ] GC(31)   Merge Heap Roots: 0.1ms
[2020-12-07T15:11:19.589+0000][12575][gc,phases   ] GC(31)   Evacuate Collection Set: 2.3ms
[2020-12-07T15:11:19.589+0000][12575][gc,phases   ] GC(31)   Post Evacuate Collection Set: 0.8ms
[2020-12-07T15:11:19.589+0000][12575][gc,phases   ] GC(31)   Other: 0.5ms
[2020-12-07T15:11:19.589+0000][12575][gc,heap     ] GC(31) Eden regions: 610->0(608)
[2020-12-07T15:11:19.589+0000][12575][gc,heap     ] GC(31) Survivor regions: 4->6(77)
[2020-12-07T15:11:19.589+0000][12575][gc,heap     ] GC(31) Old regions: 72->72
[2020-12-07T15:11:19.589+0000][12575][gc,heap     ] GC(31) Archive regions: 2->2
[2020-12-07T15:11:19.589+0000][12575][gc,heap     ] GC(31) Humongous regions: 7->7
[2020-12-07T15:11:19.589+0000][12575][gc,metaspace] GC(31) Metaspace: 100758K(104444K)->100758K(104444K) NonClass: 87663K(90236K)->87663K(90236K) Class: 13094K(14208K)->13094K(14208K)
[2020-12-07T15:11:19.589+0000][12575][gc          ] GC(31) Pause Young (Normal) (G1 Evacuation Pause) 692M->84M(1024M) 4.007ms
[2020-12-07T15:11:19.589+0000][12575][gc,cpu      ] GC(31) User=0.02s Sys=0.01s Real=0.00s
[2020-12-07T15:11:19.590+0000][12575][safepoint   ] Safepoint "G1CollectForAllocation", Time since last: 29024438375 ns, Reaching safepoint: 2070742 ns, At safepoint: 4156751 ns, Total: 6227493 ns
[2020-12-07T15:13:36.993+0000][12575][safepoint   ] Safepoint "Cleanup", Time since last: 137420956906 ns, Reaching safepoint: 166027 ns, At safepoint: 53742 ns, Total: 219769 ns
[2020-12-07T15:13:37.997+0000][12575][safepoint   ] Safepoint "Cleanup", Time since last: 1003829777 ns, Reaching safepoint: 99815 ns, At safepoint: 7947 ns, Total: 107762 ns
[2020-12-07T15:14:42.177+0000][12575][safepoint   ] Safepoint "Cleanup", Time since last: 64178821500 ns, Reaching safepoint: 86047 ns, At safepoint: 19695 ns, Total: 105742 ns
[2020-12-07T15:15:33.315+0000][12575][safepoint   ] Safepoint "Cleanup", Time since last: 51137825579 ns, Reaching safepoint: 214872 ns, At safepoint: 50954 ns, Total: 265826 ns
[2020-12-07T15:22:53.587+0000][12575][safepoint   ] Safepoint "Cleanup", Time since last: 440266798233 ns, Reaching safepoint: 203330 ns, At safepoint: 25494 ns, Total: 228824 ns
[2020-12-07T15:26:13.182+0000][12575][safepoint   ] Safepoint "Cleanup", Time since last: 199593243793 ns, Reaching safepoint: 142485 ns, At safepoint: 3133 ns, Total: 145618 ns
[2020-12-07T15:38:20.358+0000][12575][safepoint   ] Safepoint "Cleanup", Time since last: 727156572200 ns, Reaching safepoint: 1823704 ns, At safepoint: 20027 ns, Total: 1843731 ns
[2020-12-07T15:49:50.871+0000][12575][safepoint   ] Safepoint "Cleanup", Time since last: 690501535405 ns, Reaching safepoint: 142125 ns, At safepoint: 12008 ns, Total: 154133 ns
[2020-12-07T17:32:25.227+0000][12575][gc,start    ] GC(32) Pause Young (Normal) (G1 Evacuation Pause)
[2020-12-07T17:32:25.228+0000][12575][gc,task     ] GC(32) Using 13 workers of 13 for evacuation
[2020-12-07T17:32:25.247+0000][12575][gc,age      ] GC(32) Desired survivor size 40370176 bytes, new threshold 15 (max threshold 15)
[2020-12-07T17:32:25.351+0000][12575][gc,age      ] GC(32) Age table with threshold 15 (max threshold 15)
[2020-12-07T17:32:25.351+0000][12575][gc,age      ] GC(32) - age   1:     449064 bytes,     449064 total
[2020-12-07T17:32:25.351+0000][12575][gc,age      ] GC(32) - age   2:     522216 bytes,     971280 total
[2020-12-07T17:32:25.351+0000][12575][gc,age      ] GC(32) - age   3:      41520 bytes,    1012800 total
[2020-12-07T17:32:25.351+0000][12575][gc,age      ] GC(32) - age   4:     217728 bytes,    1230528 total
[2020-12-07T17:32:25.351+0000][12575][gc,age      ] GC(32) - age   5:     321552 bytes,    1552080 total
[2020-12-07T17:32:25.351+0000][12575][gc,age      ] GC(32) - age   6:     262048 bytes,    1814128 total
[2020-12-07T17:32:25.351+0000][12575][gc,age      ] GC(32) - age   7:      99096 bytes,    1913224 total
[2020-12-07T17:32:25.351+0000][12575][gc,age      ] GC(32) - age   8:        552 bytes,    1913776 total
[2020-12-07T17:32:25.351+0000][12575][gc,age      ] GC(32) - age   9:        448 bytes,    1914224 total
[2020-12-07T17:32:25.351+0000][12575][gc,age      ] GC(32) - age  10:     433840 bytes,    2348064 total
[2020-12-07T17:32:25.352+0000][12575][gc,age      ] GC(32) - age  11:     606160 bytes,    2954224 total
[2020-12-07T17:32:25.352+0000][12575][gc,age      ] GC(32) - age  12:     216408 bytes,    3170632 total
[2020-12-07T17:32:25.352+0000][12575][gc,age      ] GC(32) - age  13:       6184 bytes,    3176816 total
[2020-12-07T17:32:25.352+0000][12575][gc,age      ] GC(32) - age  14:      15880 bytes,    3192696 total
[2020-12-07T17:32:25.352+0000][12575][gc,age      ] GC(32) - age  15:       2472 bytes,    3195168 total
[2020-12-07T17:32:25.352+0000][12575][gc,phases   ] GC(32)   Pre Evacuate Collection Set: 22.7ms
[2020-12-07T17:32:25.352+0000][12575][gc,phases   ] GC(32)   Merge Heap Roots: 3.1ms
[2020-12-07T17:32:25.352+0000][12575][gc,phases   ] GC(32)   Evacuate Collection Set: 78.7ms
[2020-12-07T17:32:25.352+0000][12575][gc,phases   ] GC(32)   Post Evacuate Collection Set: 12.5ms
[2020-12-07T17:32:25.352+0000][12575][gc,phases   ] GC(32)   Other: 8.8ms
[2020-12-07T17:32:25.352+0000][12575][gc,heap     ] GC(32) Eden regions: 608->0(610)
[2020-12-07T17:32:25.352+0000][12575][gc,heap     ] GC(32) Survivor regions: 6->4(77)
[2020-12-07T17:32:25.352+0000][12575][gc,heap     ] GC(32) Old regions: 72->72
[2020-12-07T17:32:25.352+0000][12575][gc,heap     ] GC(32) Archive regions: 2->2
[2020-12-07T17:32:25.352+0000][12575][gc,heap     ] GC(32) Humongous regions: 7->7
[2020-12-07T17:32:25.352+0000][12575][gc,metaspace] GC(32) Metaspace: 100781K(104444K)->100781K(104444K) NonClass: 87687K(90236K)->87687K(90236K) Class: 13094K(14208K)->13094K(14208K)
[2020-12-07T17:32:25.352+0000][12575][gc          ] GC(32) Pause Young (Normal) (G1 Evacuation Pause) 692M->82M(1024M) 125.192ms
[2020-12-07T17:32:25.353+0000][12575][gc,cpu      ] GC(32) User=0.10s Sys=0.60s Real=0.13s
[2020-12-07T17:32:25.353+0000][12575][safepoint   ] Safepoint "G1CollectForAllocation", Time since last: 415062337781 ns, Reaching safepoint: 2997323 ns, At safepoint: 126756979 ns, Total: 129754302 ns
[2020-12-07T23:24:33.653+0000][12575][safepoint   ] Safepoint "Cleanup", Time since last: 845674606554 ns, Reaching safepoint: 313329 ns, At safepoint: 63221 ns, Total: 376550 ns
[2020-12-07T23:57:03.198+0000][12575][safepoint   ] Safepoint "Cleanup", Time since last: 1949526032580 ns, Reaching safepoint: 995538 ns, At safepoint: 55887 ns, Total: 1051425 ns
[2020-12-07T23:58:29.662+0000][12575][gc,start    ] GC(33) Pause Young (Normal) (G1 Evacuation Pause)
[2020-12-07T23:58:29.662+0000][12575][gc,task     ] GC(33) Using 13 workers of 13 for evacuation
[2020-12-07T23:58:29.662+0000][12575][gc,age      ] GC(33) Desired survivor size 40370176 bytes, new threshold 15 (max threshold 15)
[2020-12-07T23:58:29.671+0000][12575][gc,age      ] GC(33) Age table with threshold 15 (max threshold 15)
[2020-12-07T23:58:29.671+0000][12575][gc,age      ] GC(33) - age   1:      12888 bytes,      12888 total
[2020-12-07T23:58:29.671+0000][12575][gc,age      ] GC(33) - age   2:     380712 bytes,     393600 total
[2020-12-07T23:58:29.671+0000][12575][gc,age      ] GC(33) - age   3:     519864 bytes,     913464 total
[2020-12-07T23:58:29.671+0000][12575][gc,age      ] GC(33) - age   4:      14728 bytes,     928192 total
[2020-12-07T23:58:29.671+0000][12575][gc,age      ] GC(33) - age   5:     200264 bytes,    1128456 total
[2020-12-07T23:58:29.671+0000][12575][gc,age      ] GC(33) - age   6:     289248 bytes,    1417704 total
[2020-12-07T23:58:29.671+0000][12575][gc,age      ] GC(33) - age   7:     205576 bytes,    1623280 total
[2020-12-07T23:58:29.671+0000][12575][gc,age      ] GC(33) - age   8:      14328 bytes,    1637608 total
[2020-12-07T23:58:29.671+0000][12575][gc,age      ] GC(33) - age   9:        552 bytes,    1638160 total
[2020-12-07T23:58:29.671+0000][12575][gc,age      ] GC(33) - age  10:        448 bytes,    1638608 total
[2020-12-07T23:58:29.671+0000][12575][gc,age      ] GC(33) - age  11:     165056 bytes,    1803664 total
[2020-12-07T23:58:29.671+0000][12575][gc,age      ] GC(33) - age  12:     606160 bytes,    2409824 total
[2020-12-07T23:58:29.671+0000][12575][gc,age      ] GC(33) - age  13:     216336 bytes,    2626160 total
[2020-12-07T23:58:29.671+0000][12575][gc,age      ] GC(33) - age  14:       6184 bytes,    2632344 total
[2020-12-07T23:58:29.671+0000][12575][gc,age      ] GC(33) - age  15:      15880 bytes,    2648224 total
[2020-12-07T23:58:29.671+0000][12575][gc,phases   ] GC(33)   Pre Evacuate Collection Set: 0.3ms
[2020-12-07T23:58:29.671+0000][12575][gc,phases   ] GC(33)   Merge Heap Roots: 1.1ms
[2020-12-07T23:58:29.671+0000][12575][gc,phases   ] GC(33)   Evacuate Collection Set: 5.7ms
[2020-12-07T23:58:29.671+0000][12575][gc,phases   ] GC(33)   Post Evacuate Collection Set: 1.4ms
[2020-12-07T23:58:29.671+0000][12575][gc,phases   ] GC(33)   Other: 0.6ms
[2020-12-07T23:58:29.671+0000][12575][gc,heap     ] GC(33) Eden regions: 610->0(611)
[2020-12-07T23:58:29.671+0000][12575][gc,heap     ] GC(33) Survivor regions: 4->3(77)
[2020-12-07T23:58:29.671+0000][12575][gc,heap     ] GC(33) Old regions: 72->72
[2020-12-07T23:58:29.671+0000][12575][gc,heap     ] GC(33) Archive regions: 2->2
[2020-12-07T23:58:29.671+0000][12575][gc,heap     ] GC(33) Humongous regions: 7->7
[2020-12-07T23:58:29.672+0000][12575][gc,metaspace] GC(33) Metaspace: 100789K(104444K)->100789K(104444K) NonClass: 87695K(90236K)->87695K(90236K) Class: 13094K(14208K)->13094K(14208K)
[2020-12-07T23:58:29.672+0000][12575][gc          ] GC(33) Pause Young (Normal) (G1 Evacuation Pause) 692M->82M(1024M) 9.328ms
[2020-12-07T23:58:29.672+0000][12575][gc,cpu      ] GC(33) User=0.02s Sys=0.01s Real=0.01s
[2020-12-07T23:58:29.672+0000][12575][safepoint   ] Safepoint "G1CollectForAllocation", Time since last: 86457065344 ns, Reaching safepoint: 6782006 ns, At safepoint: 10372372 ns, Total: 17154378 ns
[2020-12-08T00:05:03.744+0000][12575][safepoint   ] Safepoint "Cleanup", Time since last: 394067472765 ns, Reaching safepoint: 178384 ns, At safepoint: 26960 ns, Total: 205344 ns
[2020-12-08T00:47:45.320+0000][12575][safepoint   ] Safepoint "Cleanup", Time since last: 1610401095117 ns, Reaching safepoint: 1659092 ns, At safepoint: 35608 ns, Total: 1694700 ns
[2020-12-08T00:48:15.407+0000][12575][safepoint   ] Safepoint "Cleanup", Time since last: 30085561860 ns, Reaching safepoint: 210120 ns, At safepoint: 27082 ns, Total: 237202 ns
[2020-12-08T01:05:31.401+0000][12575][safepoint   ] Safepoint "Cleanup", Time since last: 705576803387 ns, Reaching safepoint: 31973896 ns, At safepoint: 45013 ns, Total: 32018909 ns
[2020-12-08T01:05:34.415+0000][12575][safepoint   ] Safepoint "Cleanup", Time since last: 3013385477 ns, Reaching safepoint: 77080 ns, At safepoint: 15174 ns, Total: 92254 ns
[2020-12-08T01:05:40.437+0000][12575][safepoint   ] Safepoint "Cleanup", Time since last: 6022384728 ns, Reaching safepoint: 107180 ns, At safepoint: 48741 ns, Total: 155921 ns
[2020-12-08T01:05:57.498+0000][12575][safepoint   ] Safepoint "Cleanup", Time since last: 17059917006 ns, Reaching safepoint: 78639 ns, At safepoint: 3473 ns, Total: 82112 ns
[2020-12-08T01:06:35.626+0000][12575][safepoint   ] Safepoint "Cleanup", Time since last: 38127586654 ns, Reaching safepoint: 103295 ns, At safepoint: 4240 ns, Total: 107535 ns
[2020-12-08T01:07:18.806+0000][12575][gc,start    ] GC(34) Pause Young (Normal) (G1 Evacuation Pause)
[2020-12-08T01:07:18.806+0000][12575][gc,task     ] GC(34) Using 13 workers of 13 for evacuation
[2020-12-08T01:07:18.806+0000][12575][gc,age      ] GC(34) Desired survivor size 40370176 bytes, new threshold 15 (max threshold 15)
[2020-12-08T01:07:18.826+0000][12575][gc,age      ] GC(34) Age table with threshold 15 (max threshold 15)
[2020-12-08T01:07:18.826+0000][12575][gc,age      ] GC(34) - age   1:     381352 bytes,     381352 total
[2020-12-08T01:07:18.826+0000][12575][gc,age      ] GC(34) - age   2:       3080 bytes,     384432 total
[2020-12-08T01:07:18.826+0000][12575][gc,age      ] GC(34) - age   3:     374336 bytes,     758768 total
[2020-12-08T01:07:18.826+0000][12575][gc,age      ] GC(34) - age   4:     519840 bytes,    1278608 total
[2020-12-08T01:07:18.826+0000][12575][gc,age      ] GC(34) - age   5:      13256 bytes,    1291864 total
[2020-12-08T01:07:18.826+0000][12575][gc,age      ] GC(34) - age   6:     196800 bytes,    1488664 total
[2020-12-08T01:07:18.826+0000][12575][gc,age      ] GC(34) - age   7:     289248 bytes,    1777912 total
[2020-12-08T01:07:18.826+0000][12575][gc,age      ] GC(34) - age   8:     205576 bytes,    1983488 total
[2020-12-08T01:07:18.826+0000][12575][gc,age      ] GC(34) - age   9:      14288 bytes,    1997776 total
[2020-12-08T01:07:18.826+0000][12575][gc,age      ] GC(34) - age  10:        552 bytes,    1998328 total
[2020-12-08T01:07:18.826+0000][12575][gc,age      ] GC(34) - age  11:        448 bytes,    1998776 total
[2020-12-08T01:07:18.826+0000][12575][gc,age      ] GC(34) - age  12:     164128 bytes,    2162904 total
[2020-12-08T01:07:18.826+0000][12575][gc,age      ] GC(34) - age  13:     606056 bytes,    2768960 total
[2020-12-08T01:07:18.826+0000][12575][gc,age      ] GC(34) - age  14:     216032 bytes,    2984992 total
[2020-12-08T01:07:18.826+0000][12575][gc,age      ] GC(34) - age  15:       6184 bytes,    2991176 total
[2020-12-08T01:07:18.826+0000][12575][gc,phases   ] GC(34)   Pre Evacuate Collection Set: 1.3ms
[2020-12-08T01:07:18.826+0000][12575][gc,phases   ] GC(34)   Merge Heap Roots: 0.2ms
[2020-12-08T01:07:18.826+0000][12575][gc,phases   ] GC(34)   Evacuate Collection Set: 13.9ms
[2020-12-08T01:07:18.826+0000][12575][gc,phases   ] GC(34)   Post Evacuate Collection Set: 3.6ms
[2020-12-08T01:07:18.826+0000][12575][gc,phases   ] GC(34)   Other: 1.5ms
[2020-12-08T01:07:18.826+0000][12575][gc,heap     ] GC(34) Eden regions: 611->0(611)
[2020-12-08T01:07:18.826+0000][12575][gc,heap     ] GC(34) Survivor regions: 3->3(77)
[2020-12-08T01:07:18.826+0000][12575][gc,heap     ] GC(34) Old regions: 72->72
[2020-12-08T01:07:18.826+0000][12575][gc,heap     ] GC(34) Archive regions: 2->2
[2020-12-08T01:07:18.826+0000][12575][gc,heap     ] GC(34) Humongous regions: 7->7
[2020-12-08T01:07:18.826+0000][12575][gc,metaspace] GC(34) Metaspace: 100799K(104444K)->100799K(104444K) NonClass: 87704K(90236K)->87704K(90236K) Class: 13094K(14208K)->13094K(14208K)
[2020-12-08T01:07:18.827+0000][12575][gc          ] GC(34) Pause Young (Normal) (G1 Evacuation Pause) 693M->82M(1024M) 21.119ms
[2020-12-08T01:07:18.827+0000][12575][gc,cpu      ] GC(34) User=0.02s Sys=0.10s Real=0.02s
[2020-12-08T01:07:18.827+0000][12575][safepoint   ] Safepoint "G1CollectForAllocation", Time since last: 43179079996 ns, Reaching safepoint: 115697 ns, At safepoint: 21285697 ns, Total: 21401394 ns
[2020-12-08T01:21:04.513+0000][12575][safepoint   ] Safepoint "Cleanup", Time since last: 825673723489 ns, Reaching safepoint: 2162528 ns, At safepoint: 31014 ns, Total: 2193542 ns
[2020-12-08T01:21:26.590+0000][12575][safepoint   ] Safepoint "Cleanup", Time since last: 22075930666 ns, Reaching safepoint: 110869 ns, At safepoint: 8014 ns, Total: 118883 ns
[2020-12-08T01:29:01.077+0000][12575][safepoint   ] Safepoint "Cleanup", Time since last: 454481654567 ns, Reaching safepoint: 93063 ns, At safepoint: 29425 ns, Total: 122488 ns
[2020-12-08T03:57:20.784+0000][12575][safepoint   ] Safepoint "Cleanup", Time since last: 1308538104119 ns, Reaching safepoint: 4600167 ns, At safepoint: 42705 ns, Total: 4642872 ns
[2020-12-08T04:01:17.815+0000][12575][gc,start    ] GC(35) Pause Young (Normal) (G1 Evacuation Pause)
[2020-12-08T04:01:17.815+0000][12575][gc,task     ] GC(35) Using 13 workers of 13 for evacuation
[2020-12-08T04:01:17.829+0000][12575][gc,age      ] GC(35) Desired survivor size 40370176 bytes, new threshold 15 (max threshold 15)
[2020-12-08T04:01:17.891+0000][12575][gc,age      ] GC(35) Age table with threshold 15 (max threshold 15)
[2020-12-08T04:01:17.891+0000][12575][gc,age      ] GC(35) - age   1:     110320 bytes,     110320 total
[2020-12-08T04:01:17.891+0000][12575][gc,age      ] GC(35) - age   2:     208056 bytes,     318376 total
[2020-12-08T04:01:17.891+0000][12575][gc,age      ] GC(35) - age   3:       2800 bytes,     321176 total
[2020-12-08T04:01:17.891+0000][12575][gc,age      ] GC(35) - age   4:     374144 bytes,     695320 total
[2020-12-08T04:01:17.891+0000][12575][gc,age      ] GC(35) - age   5:     519840 bytes,    1215160 total
[2020-12-08T04:01:17.891+0000][12575][gc,age      ] GC(35) - age   6:      13256 bytes,    1228416 total
[2020-12-08T04:01:17.891+0000][12575][gc,age      ] GC(35) - age   7:     196760 bytes,    1425176 total
[2020-12-08T04:01:17.891+0000][12575][gc,age      ] GC(35) - age   8:     289248 bytes,    1714424 total
[2020-12-08T04:01:17.891+0000][12575][gc,age      ] GC(35) - age   9:     205576 bytes,    1920000 total
[2020-12-08T04:01:17.891+0000][12575][gc,age      ] GC(35) - age  10:      14248 bytes,    1934248 total
[2020-12-08T04:01:17.891+0000][12575][gc,age      ] GC(35) - age  11:        552 bytes,    1934800 total
[2020-12-08T04:01:17.891+0000][12575][gc,age      ] GC(35) - age  12:        448 bytes,    1935248 total
[2020-12-08T04:01:17.891+0000][12575][gc,age      ] GC(35) - age  13:     164128 bytes,    2099376 total
[2020-12-08T04:01:17.891+0000][12575][gc,age      ] GC(35) - age  14:     605992 bytes,    2705368 total
[2020-12-08T04:01:17.891+0000][12575][gc,age      ] GC(35) - age  15:     215888 bytes,    2921256 total
[2020-12-08T04:01:17.891+0000][12575][gc,phases   ] GC(35)   Pre Evacuate Collection Set: 14.9ms
[2020-12-08T04:01:17.891+0000][12575][gc,phases   ] GC(35)   Merge Heap Roots: 2.2ms
[2020-12-08T04:01:17.891+0000][12575][gc,phases   ] GC(35)   Evacuate Collection Set: 45.4ms
[2020-12-08T04:01:17.891+0000][12575][gc,phases   ] GC(35)   Post Evacuate Collection Set: 7.8ms
[2020-12-08T04:01:17.891+0000][12575][gc,phases   ] GC(35)   Other: 7.5ms
[2020-12-08T04:01:17.891+0000][12575][gc,heap     ] GC(35) Eden regions: 611->0(611)
[2020-12-08T04:01:17.891+0000][12575][gc,heap     ] GC(35) Survivor regions: 3->3(77)
[2020-12-08T04:01:17.891+0000][12575][gc,heap     ] GC(35) Old regions: 72->72
[2020-12-08T04:01:17.891+0000][12575][gc,heap     ] GC(35) Archive regions: 2->2
[2020-12-08T04:01:17.891+0000][12575][gc,heap     ] GC(35) Humongous regions: 7->7
[2020-12-08T04:01:17.891+0000][12575][gc,metaspace] GC(35) Metaspace: 100803K(104444K)->100803K(104444K) NonClass: 87709K(90236K)->87709K(90236K) Class: 13094K(14208K)->13094K(14208K)
[2020-12-08T04:01:17.891+0000][12575][gc          ] GC(35) Pause Young (Normal) (G1 Evacuation Pause) 693M->82M(1024M) 76.345ms
[2020-12-08T04:01:17.891+0000][12575][gc,cpu      ] GC(35) User=0.03s Sys=0.15s Real=0.08s
[2020-12-08T04:01:17.891+0000][12575][safepoint   ] Safepoint "G1CollectForAllocation", Time since last: 237024771094 ns, Reaching safepoint: 3304058 ns, At safepoint: 78113592 ns, Total: 81417650 ns
[2020-12-08T04:26:20.384+0000][12575][safepoint   ] Safepoint "Cleanup", Time since last: 1502467686733 ns, Reaching safepoint: 1344471 ns, At safepoint: 19388 ns, Total: 1363859 ns
[2020-12-08T04:38:20.783+0000][12575][safepoint   ] Safepoint "Cleanup", Time since last: 720384632690 ns, Reaching safepoint: 1990229 ns, At safepoint: 34442 ns, Total: 2024671 ns
[2020-12-08T04:47:38.950+0000][12575][safepoint   ] Safepoint "Cleanup", Time since last: 558156760833 ns, Reaching safepoint: 1452688 ns, At safepoint: 29975 ns, Total: 1482663 ns
[2020-12-08T04:47:54.993+0000][12575][safepoint   ] Safepoint "Cleanup", Time since last: 16042332769 ns, Reaching safepoint: 180809 ns, At safepoint: 65254 ns, Total: 246063 ns
[2020-12-08T04:48:26.621+0000][12575][gc,start    ] GC(36) Pause Young (Normal) (G1 Evacuation Pause)
[2020-12-08T04:48:26.622+0000][12575][gc,task     ] GC(36) Using 13 workers of 13 for evacuation
[2020-12-08T04:48:26.627+0000][12575][gc,age      ] GC(36) Desired survivor size 40370176 bytes, new threshold 15 (max threshold 15)
[2020-12-08T04:48:26.698+0000][12575][gc,age      ] GC(36) Age table with threshold 15 (max threshold 15)
[2020-12-08T04:48:26.698+0000][12575][gc,age      ] GC(36) - age   1:       9776 bytes,       9776 total
[2020-12-08T04:48:26.698+0000][12575][gc,age      ] GC(36) - age   2:      74152 bytes,      83928 total
[2020-12-08T04:48:26.698+0000][12575][gc,age      ] GC(36) - age   3:     208056 bytes,     291984 total
[2020-12-08T04:48:26.698+0000][12575][gc,age      ] GC(36) - age   4:       2800 bytes,     294784 total
[2020-12-08T04:48:26.698+0000][12575][gc,age      ] GC(36) - age   5:     374144 bytes,     668928 total
[2020-12-08T04:48:26.698+0000][12575][gc,age      ] GC(36) - age   6:     519840 bytes,    1188768 total
[2020-12-08T04:48:26.698+0000][12575][gc,age      ] GC(36) - age   7:      13256 bytes,    1202024 total
[2020-12-08T04:48:26.698+0000][12575][gc,age      ] GC(36) - age   8:     196760 bytes,    1398784 total
[2020-12-08T04:48:26.698+0000][12575][gc,age      ] GC(36) - age   9:     289248 bytes,    1688032 total
[2020-12-08T04:48:26.698+0000][12575][gc,age      ] GC(36) - age  10:     205576 bytes,    1893608 total
[2020-12-08T04:48:26.698+0000][12575][gc,age      ] GC(36) - age  11:      14248 bytes,    1907856 total
[2020-12-08T04:48:26.698+0000][12575][gc,age      ] GC(36) - age  12:        552 bytes,    1908408 total
[2020-12-08T04:48:26.698+0000][12575][gc,age      ] GC(36) - age  13:        376 bytes,    1908784 total
[2020-12-08T04:48:26.698+0000][12575][gc,age      ] GC(36) - age  14:     164128 bytes,    2072912 total
[2020-12-08T04:48:26.698+0000][12575][gc,age      ] GC(36) - age  15:     605992 bytes,    2678904 total
[2020-12-08T04:48:26.699+0000][12575][gc,phases   ] GC(36)   Pre Evacuate Collection Set: 7.5ms
[2020-12-08T04:48:26.699+0000][12575][gc,phases   ] GC(36)   Merge Heap Roots: 2.3ms
[2020-12-08T04:48:26.699+0000][12575][gc,phases   ] GC(36)   Evacuate Collection Set: 21.1ms
[2020-12-08T04:48:26.699+0000][12575][gc,phases   ] GC(36)   Post Evacuate Collection Set: 41.1ms
[2020-12-08T04:48:26.699+0000][12575][gc,phases   ] GC(36)   Other: 5.6ms
[2020-12-08T04:48:26.699+0000][12575][gc,heap     ] GC(36) Eden regions: 611->0(611)
[2020-12-08T04:48:26.699+0000][12575][gc,heap     ] GC(36) Survivor regions: 3->3(77)
[2020-12-08T04:48:26.699+0000][12575][gc,heap     ] GC(36) Old regions: 72->72
[2020-12-08T04:48:26.699+0000][12575][gc,heap     ] GC(36) Archive regions: 2->2
[2020-12-08T04:48:26.699+0000][12575][gc,heap     ] GC(36) Humongous regions: 7->7
[2020-12-08T04:48:26.699+0000][12575][gc,metaspace] GC(36) Metaspace: 100803K(104444K)->100803K(104444K) NonClass: 87709K(90236K)->87709K(90236K) Class: 13094K(14208K)->13094K(14208K)
[2020-12-08T04:48:26.700+0000][12575][gc          ] GC(36) Pause Young (Normal) (G1 Evacuation Pause) 693M->82M(1024M) 78.761ms
[2020-12-08T04:48:26.700+0000][12575][gc,cpu      ] GC(36) User=0.03s Sys=0.15s Real=0.08s
[2020-12-08T04:48:26.700+0000][12575][safepoint   ] Safepoint "G1CollectForAllocation", Time since last: 31625435724 ns, Reaching safepoint: 2049610 ns, At safepoint: 79011231 ns, Total: 81060841 ns
[2020-12-08T05:03:51.451+0000][12575][safepoint   ] Safepoint "Cleanup", Time since last: 924742815751 ns, Reaching safepoint: 2182595 ns, At safepoint: 36017 ns, Total: 2218612 ns
[2020-12-08T05:06:45.954+0000][12575][safepoint   ] Safepoint "Cleanup", Time since last: 174499162967 ns, Reaching safepoint: 228157 ns, At safepoint: 87101 ns, Total: 315258 ns
[2020-12-08T05:06:50.958+0000][12575][safepoint   ] Safepoint "Cleanup", Time since last: 5003133146 ns, Reaching safepoint: 110768 ns, At safepoint: 16924 ns, Total: 127692 ns
[2020-12-08T05:11:12.735+0000][12575][safepoint   ] Safepoint "Cleanup", Time since last: 261769996196 ns, Reaching safepoint: 915509 ns, At safepoint: 19733 ns, Total: 935242 ns
[2020-12-08T05:11:25.787+0000][12575][safepoint   ] Safepoint "Cleanup", Time since last: 13051098003 ns, Reaching safepoint: 886233 ns, At safepoint: 29439 ns, Total: 915672 ns
[2020-12-08T05:11:26.790+0000][12575][safepoint   ] Safepoint "Cleanup", Time since last: 1002479526 ns, Reaching safepoint: 145597 ns, At safepoint: 7678 ns, Total: 153275 ns
[2020-12-08T05:12:05.880+0000][12575][safepoint   ] Safepoint "Cleanup", Time since last: 39089773383 ns, Reaching safepoint: 104101 ns, At safepoint: 8727 ns, Total: 112828 ns
[2020-12-08T05:12:10.903+0000][12575][safepoint   ] Safepoint "Cleanup", Time since last: 5022596833 ns, Reaching safepoint: 121268 ns, At safepoint: 65753 ns, Total: 187021 ns
[2020-12-08T05:12:54.043+0000][12575][safepoint   ] Safepoint "Cleanup", Time since last: 43138808000 ns, Reaching safepoint: 221228 ns, At safepoint: 76377 ns, Total: 297605 ns
[2020-12-08T05:12:58.058+0000][12575][safepoint   ] Safepoint "Cleanup", Time since last: 4013138933 ns, Reaching safepoint: 1087426 ns, At safepoint: 59410 ns, Total: 1146836 ns
[2020-12-08T05:12:59.072+0000][12575][safepoint   ] Safepoint "Cleanup", Time since last: 1013705711 ns, Reaching safepoint: 186242 ns, At safepoint: 64601 ns, Total: 250843 ns
[2020-12-08T05:13:04.080+0000][12575][safepoint   ] Safepoint "Cleanup", Time since last: 5007900163 ns, Reaching safepoint: 134125 ns, At safepoint: 40813 ns, Total: 174938 ns
[2020-12-08T05:13:28.156+0000][12575][safepoint   ] Safepoint "Cleanup", Time since last: 24075783309 ns, Reaching safepoint: 162649 ns, At safepoint: 2452 ns, Total: 165101 ns
[2020-12-08T05:15:21.519+0000][12575][safepoint   ] Safepoint "Cleanup", Time since last: 113359728304 ns, Reaching safepoint: 179260 ns, At safepoint: 17032 ns, Total: 196292 ns
[2020-12-08T05:16:58.778+0000][12575][safepoint   ] Safepoint "Cleanup", Time since last: 97256409626 ns, Reaching safepoint: 172295 ns, At safepoint: 79607 ns, Total: 251902 ns
[2020-12-08T05:23:01.069+0000][12575][safepoint   ] Safepoint "Cleanup", Time since last: 362282826156 ns, Reaching safepoint: 137314 ns, At safepoint: 18005 ns, Total: 155319 ns
[2020-12-08T05:25:22.710+0000][12575][gc,start    ] GC(37) Pause Young (Normal) (G1 Evacuation Pause)
[2020-12-08T05:25:22.710+0000][12575][gc,task     ] GC(37) Using 13 workers of 13 for evacuation
[2020-12-08T05:25:22.712+0000][12575][gc,age      ] GC(37) Desired survivor size 40370176 bytes, new threshold 15 (max threshold 15)
[2020-12-08T05:25:22.753+0000][12575][gc,age      ] GC(37) Age table with threshold 15 (max threshold 15)
[2020-12-08T05:25:22.753+0000][12575][gc,age      ] GC(37) - age   1:    2383640 bytes,    2383640 total
[2020-12-08T05:25:22.753+0000][12575][gc,age      ] GC(37) - age   3:       1272 bytes,    2384912 total
[2020-12-08T05:25:22.753+0000][12575][gc,age      ] GC(37) - age   4:      24240 bytes,    2409152 total
[2020-12-08T05:25:22.753+0000][12575][gc,age      ] GC(37) - age   5:        840 bytes,    2409992 total
[2020-12-08T05:25:22.753+0000][12575][gc,age      ] GC(37) - age   6:      19664 bytes,    2429656 total
[2020-12-08T05:25:22.753+0000][12575][gc,age      ] GC(37) - age   7:      10416 bytes,    2440072 total
[2020-12-08T05:25:22.753+0000][12575][gc,age      ] GC(37) - age   8:      13040 bytes,    2453112 total
[2020-12-08T05:25:22.753+0000][12575][gc,age      ] GC(37) - age   9:       7184 bytes,    2460296 total
[2020-12-08T05:25:22.753+0000][12575][gc,age      ] GC(37) - age  10:      14296 bytes,    2474592 total
[2020-12-08T05:25:22.753+0000][12575][gc,age      ] GC(37) - age  11:       1696 bytes,    2476288 total
[2020-12-08T05:25:22.753+0000][12575][gc,age      ] GC(37) - age  12:      14168 bytes,    2490456 total
[2020-12-08T05:25:22.753+0000][12575][gc,age      ] GC(37) - age  13:        200 bytes,    2490656 total
[2020-12-08T05:25:22.753+0000][12575][gc,age      ] GC(37) - age  14:        336 bytes,    2490992 total
[2020-12-08T05:25:22.753+0000][12575][gc,age      ] GC(37) - age  15:      68568 bytes,    2559560 total
[2020-12-08T05:25:22.753+0000][12575][gc,phases   ] GC(37)   Pre Evacuate Collection Set: 2.8ms
[2020-12-08T05:25:22.753+0000][12575][gc,phases   ] GC(37)   Merge Heap Roots: 0.3ms
[2020-12-08T05:25:22.753+0000][12575][gc,phases   ] GC(37)   Evacuate Collection Set: 19.8ms
[2020-12-08T05:25:22.753+0000][12575][gc,phases   ] GC(37)   Post Evacuate Collection Set: 19.2ms
[2020-12-08T05:25:22.753+0000][12575][gc,phases   ] GC(37)   Other: 1.8ms
[2020-12-08T05:25:22.753+0000][12575][gc,heap     ] GC(37) Eden regions: 611->0(611)
[2020-12-08T05:25:22.753+0000][12575][gc,heap     ] GC(37) Survivor regions: 3->3(77)
[2020-12-08T05:25:22.753+0000][12575][gc,heap     ] GC(37) Old regions: 72->73
[2020-12-08T05:25:22.753+0000][12575][gc,heap     ] GC(37) Archive regions: 2->2
[2020-12-08T05:25:22.753+0000][12575][gc,heap     ] GC(37) Humongous regions: 7->7
[2020-12-08T05:25:22.753+0000][12575][gc,metaspace] GC(37) Metaspace: 100910K(104700K)->100910K(104700K) NonClass: 87814K(90492K)->87814K(90492K) Class: 13095K(14208K)->13095K(14208K)
[2020-12-08T05:25:22.753+0000][12575][gc          ] GC(37) Pause Young (Normal) (G1 Evacuation Pause) 693M->82M(1024M) 43.315ms
[2020-12-08T05:25:22.753+0000][12575][gc,cpu      ] GC(37) User=0.02s Sys=0.11s Real=0.04s
[2020-12-08T05:25:22.753+0000][12575][safepoint   ] Safepoint "G1CollectForAllocation", Time since last: 141635455084 ns, Reaching safepoint: 1951520 ns, At safepoint: 44174382 ns, Total: 46125902 ns
[2020-12-08T05:25:28.780+0000][12575][safepoint   ] Safepoint "Cleanup", Time since last: 6026677817 ns, Reaching safepoint: 218976 ns, At safepoint: 19763 ns, Total: 238739 ns
[2020-12-08T05:25:43.821+0000][12575][safepoint   ] Safepoint "Cleanup", Time since last: 15039964076 ns, Reaching safepoint: 94088 ns, At safepoint: 23380 ns, Total: 117468 ns
[2020-12-08T05:27:51.173+0000][12575][safepoint   ] Safepoint "Cleanup", Time since last: 127348780871 ns, Reaching safepoint: 197539 ns, At safepoint: 61339 ns, Total: 258878 ns
[2020-12-08T05:28:53.138+0000][12575][gc,start    ] GC(38) Pause Young (Normal) (G1 Evacuation Pause)
[2020-12-08T05:28:53.138+0000][12575][gc,task     ] GC(38) Using 13 workers of 13 for evacuation
[2020-12-08T05:28:53.139+0000][12575][gc,age      ] GC(38) Desired survivor size 40370176 bytes, new threshold 15 (max threshold 15)
[2020-12-08T05:28:53.156+0000][12575][gc,age      ] GC(38) Age table with threshold 15 (max threshold 15)
[2020-12-08T05:28:53.156+0000][12575][gc,age      ] GC(38) - age   1:    4136624 bytes,    4136624 total
[2020-12-08T05:28:53.156+0000][12575][gc,age      ] GC(38) - age   2:    1494848 bytes,    5631472 total
[2020-12-08T05:28:53.156+0000][12575][gc,age      ] GC(38) - age   4:       1200 bytes,    5632672 total
[2020-12-08T05:28:53.156+0000][12575][gc,age      ] GC(38) - age   5:      22088 bytes,    5654760 total
[2020-12-08T05:28:53.156+0000][12575][gc,age      ] GC(38) - age   6:        448 bytes,    5655208 total
[2020-12-08T05:28:53.156+0000][12575][gc,age      ] GC(38) - age   7:      19112 bytes,    5674320 total
[2020-12-08T05:28:53.156+0000][12575][gc,age      ] GC(38) - age   8:       8720 bytes,    5683040 total
[2020-12-08T05:28:53.156+0000][12575][gc,age      ] GC(38) - age   9:      12680 bytes,    5695720 total
[2020-12-08T05:28:53.156+0000][12575][gc,age      ] GC(38) - age  10:       6288 bytes,    5702008 total
[2020-12-08T05:28:53.156+0000][12575][gc,age      ] GC(38) - age  11:      14296 bytes,    5716304 total
[2020-12-08T05:28:53.156+0000][12575][gc,age      ] GC(38) - age  12:       1408 bytes,    5717712 total
[2020-12-08T05:28:53.156+0000][12575][gc,age      ] GC(38) - age  13:      14168 bytes,    5731880 total
[2020-12-08T05:28:53.156+0000][12575][gc,age      ] GC(38) - age  14:        200 bytes,    5732080 total
[2020-12-08T05:28:53.156+0000][12575][gc,age      ] GC(38) - age  15:        336 bytes,    5732416 total
[2020-12-08T05:28:53.157+0000][12575][gc,phases   ] GC(38)   Pre Evacuate Collection Set: 0.4ms
[2020-12-08T05:28:53.157+0000][12575][gc,phases   ] GC(38)   Merge Heap Roots: 0.2ms
[2020-12-08T05:28:53.157+0000][12575][gc,phases   ] GC(38)   Evacuate Collection Set: 16.5ms
[2020-12-08T05:28:53.157+0000][12575][gc,phases   ] GC(38)   Post Evacuate Collection Set: 0.7ms
[2020-12-08T05:28:53.157+0000][12575][gc,phases   ] GC(38)   Other: 1.0ms
[2020-12-08T05:28:53.157+0000][12575][gc,heap     ] GC(38) Eden regions: 611->0(608)
[2020-12-08T05:28:53.157+0000][12575][gc,heap     ] GC(38) Survivor regions: 3->6(77)
[2020-12-08T05:28:53.157+0000][12575][gc,heap     ] GC(38) Old regions: 73->73
[2020-12-08T05:28:53.157+0000][12575][gc,heap     ] GC(38) Archive regions: 2->2
[2020-12-08T05:28:53.157+0000][12575][gc,heap     ] GC(38) Humongous regions: 7->7
[2020-12-08T05:28:53.157+0000][12575][gc,metaspace] GC(38) Metaspace: 100916K(104700K)->100916K(104700K) NonClass: 87821K(90492K)->87821K(90492K) Class: 13095K(14208K)->13095K(14208K)
[2020-12-08T05:28:53.157+0000][12575][gc          ] GC(38) Pause Young (Normal) (G1 Evacuation Pause) 693M->85M(1024M) 18.784ms
[2020-12-08T05:28:53.157+0000][12575][gc,cpu      ] GC(38) User=0.02s Sys=0.08s Real=0.02s
[2020-12-08T05:28:53.157+0000][12575][safepoint   ] Safepoint "G1CollectForAllocation", Time since last: 61962597939 ns, Reaching safepoint: 1267257 ns, At safepoint: 18917683 ns, Total: 20184940 ns
[2020-12-08T05:29:29.255+0000][12575][safepoint   ] Safepoint "Cleanup", Time since last: 36097323697 ns, Reaching safepoint: 246931 ns, At safepoint: 24617 ns, Total: 271548 ns
[2020-12-08T05:32:27.917+0000][12575][gc,start    ] GC(39) Pause Young (Normal) (G1 Evacuation Pause)
[2020-12-08T05:32:27.917+0000][12575][gc,task     ] GC(39) Using 13 workers of 13 for evacuation
[2020-12-08T05:32:27.917+0000][12575][gc,age      ] GC(39) Desired survivor size 40370176 bytes, new threshold 15 (max threshold 15)
[2020-12-08T05:32:27.942+0000][12575][gc,age      ] GC(39) Age table with threshold 15 (max threshold 15)
[2020-12-08T05:32:27.942+0000][12575][gc,age      ] GC(39) - age   1:    3484912 bytes,    3484912 total
[2020-12-08T05:32:27.942+0000][12575][gc,age      ] GC(39) - age   2:    2711976 bytes,    6196888 total
[2020-12-08T05:32:27.942+0000][12575][gc,age      ] GC(39) - age   3:    1493776 bytes,    7690664 total
[2020-12-08T05:32:27.942+0000][12575][gc,age      ] GC(39) - age   5:       1160 bytes,    7691824 total
[2020-12-08T05:32:27.942+0000][12575][gc,age      ] GC(39) - age   6:      22048 bytes,    7713872 total
[2020-12-08T05:32:27.942+0000][12575][gc,age      ] GC(39) - age   7:        448 bytes,    7714320 total
[2020-12-08T05:32:27.942+0000][12575][gc,age      ] GC(39) - age   8:      19112 bytes,    7733432 total
[2020-12-08T05:32:27.942+0000][12575][gc,age      ] GC(39) - age   9:       8720 bytes,    7742152 total
[2020-12-08T05:32:27.942+0000][12575][gc,age      ] GC(39) - age  10:      12680 bytes,    7754832 total
[2020-12-08T05:32:27.942+0000][12575][gc,age      ] GC(39) - age  11:       6288 bytes,    7761120 total
[2020-12-08T05:32:27.942+0000][12575][gc,age      ] GC(39) - age  12:      14296 bytes,    7775416 total
[2020-12-08T05:32:27.942+0000][12575][gc,age      ] GC(39) - age  13:       1408 bytes,    7776824 total
[2020-12-08T05:32:27.942+0000][12575][gc,age      ] GC(39) - age  14:      14168 bytes,    7790992 total
[2020-12-08T05:32:27.942+0000][12575][gc,age      ] GC(39) - age  15:        200 bytes,    7791192 total
[2020-12-08T05:32:27.942+0000][12575][gc,phases   ] GC(39)   Pre Evacuate Collection Set: 0.2ms
[2020-12-08T05:32:27.942+0000][12575][gc,phases   ] GC(39)   Merge Heap Roots: 0.1ms
[2020-12-08T05:32:27.942+0000][12575][gc,phases   ] GC(39)   Evacuate Collection Set: 22.5ms
[2020-12-08T05:32:27.942+0000][12575][gc,phases   ] GC(39)   Post Evacuate Collection Set: 1.9ms
[2020-12-08T05:32:27.942+0000][12575][gc,phases   ] GC(39)   Other: 0.5ms
[2020-12-08T05:32:27.942+0000][12575][gc,heap     ] GC(39) Eden regions: 608->0(606)
[2020-12-08T05:32:27.942+0000][12575][gc,heap     ] GC(39) Survivor regions: 6->8(77)
[2020-12-08T05:32:27.942+0000][12575][gc,heap     ] GC(39) Old regions: 73->73
[2020-12-08T05:32:27.942+0000][12575][gc,heap     ] GC(39) Archive regions: 2->2
[2020-12-08T05:32:27.942+0000][12575][gc,heap     ] GC(39) Humongous regions: 7->7
[2020-12-08T05:32:27.942+0000][12575][gc,metaspace] GC(39) Metaspace: 100916K(104700K)->100916K(104700K) NonClass: 87821K(90492K)->87821K(90492K) Class: 13095K(14208K)->13095K(14208K)
[2020-12-08T05:32:27.942+0000][12575][gc          ] GC(39) Pause Young (Normal) (G1 Evacuation Pause) 693M->87M(1024M) 25.349ms
[2020-12-08T05:32:27.942+0000][12575][gc,cpu      ] GC(39) User=0.02s Sys=0.05s Real=0.03s
[2020-12-08T05:32:27.942+0000][12575][safepoint   ] Safepoint "G1CollectForAllocation", Time since last: 178657491448 ns, Reaching safepoint: 158070 ns, At safepoint: 25497659 ns, Total: 25655729 ns
[2020-12-08T05:36:05.113+0000][12575][safepoint   ] Safepoint "Cleanup", Time since last: 207810449098 ns, Reaching safepoint: 891797 ns, At safepoint: 28243 ns, Total: 920040 ns
[2020-12-08T07:18:52.270+0000][12575][gc,start    ] GC(40) Pause Young (Normal) (G1 Evacuation Pause)
[2020-12-08T07:18:52.270+0000][12575][gc,task     ] GC(40) Using 13 workers of 13 for evacuation
[2020-12-08T07:18:52.272+0000][12575][gc,age      ] GC(40) Desired survivor size 40370176 bytes, new threshold 15 (max threshold 15)
[2020-12-08T07:18:52.319+0000][12575][gc,age      ] GC(40) Age table with threshold 15 (max threshold 15)
[2020-12-08T07:18:52.319+0000][12575][gc,age      ] GC(40) - age   1:    5942336 bytes,    5942336 total
[2020-12-08T07:18:52.319+0000][12575][gc,age      ] GC(40) - age   2:    1323648 bytes,    7265984 total
[2020-12-08T07:18:52.319+0000][12575][gc,age      ] GC(40) - age   3:    1988328 bytes,    9254312 total
[2020-12-08T07:18:52.319+0000][12575][gc,age      ] GC(40) - age   4:    1081072 bytes,   10335384 total
[2020-12-08T07:18:52.319+0000][12575][gc,age      ] GC(40) - age   6:       1160 bytes,   10336544 total
[2020-12-08T07:18:52.319+0000][12575][gc,age      ] GC(40) - age   7:      22048 bytes,   10358592 total
[2020-12-08T07:18:52.319+0000][12575][gc,age      ] GC(40) - age   8:        448 bytes,   10359040 total
[2020-12-08T07:18:52.319+0000][12575][gc,age      ] GC(40) - age   9:      19032 bytes,   10378072 total
[2020-12-08T07:18:52.319+0000][12575][gc,age      ] GC(40) - age  10:       8720 bytes,   10386792 total
[2020-12-08T07:18:52.319+0000][12575][gc,age      ] GC(40) - age  11:      12680 bytes,   10399472 total
[2020-12-08T07:18:52.319+0000][12575][gc,age      ] GC(40) - age  12:       6288 bytes,   10405760 total
[2020-12-08T07:18:52.319+0000][12575][gc,age      ] GC(40) - age  13:      14296 bytes,   10420056 total
[2020-12-08T07:18:52.319+0000][12575][gc,age      ] GC(40) - age  14:       1408 bytes,   10421464 total
[2020-12-08T07:18:52.319+0000][12575][gc,age      ] GC(40) - age  15:      14040 bytes,   10435504 total
[2020-12-08T07:18:52.319+0000][12575][gc,phases   ] GC(40)   Pre Evacuate Collection Set: 2.1ms
[2020-12-08T07:18:52.319+0000][12575][gc,phases   ] GC(40)   Merge Heap Roots: 1.1ms
[2020-12-08T07:18:52.319+0000][12575][gc,phases   ] GC(40)   Evacuate Collection Set: 34.8ms
[2020-12-08T07:18:52.319+0000][12575][gc,phases   ] GC(40)   Post Evacuate Collection Set: 9.6ms
[2020-12-08T07:18:52.319+0000][12575][gc,phases   ] GC(40)   Other: 1.4ms
[2020-12-08T07:18:52.319+0000][12575][gc,heap     ] GC(40) Eden regions: 606->0(603)
[2020-12-08T07:18:52.319+0000][12575][gc,heap     ] GC(40) Survivor regions: 8->11(77)
[2020-12-08T07:18:52.319+0000][12575][gc,heap     ] GC(40) Old regions: 73->73
[2020-12-08T07:18:52.319+0000][12575][gc,heap     ] GC(40) Archive regions: 2->2
[2020-12-08T07:18:52.319+0000][12575][gc,heap     ] GC(40) Humongous regions: 7->7
[2020-12-08T07:18:52.319+0000][12575][gc,metaspace] GC(40) Metaspace: 100920K(104700K)->100920K(104700K) NonClass: 87823K(90492K)->87823K(90492K) Class: 13096K(14208K)->13096K(14208K)
[2020-12-08T07:18:52.319+0000][12575][gc          ] GC(40) Pause Young (Normal) (G1 Evacuation Pause) 693M->90M(1024M) 49.100ms
[2020-12-08T07:18:52.319+0000][12575][gc,cpu      ] GC(40) User=0.02s Sys=0.16s Real=0.04s
[2020-12-08T07:18:52.319+0000][12575][safepoint   ] Safepoint "G1CollectForAllocation", Time since last: 282048119112 ns, Reaching safepoint: 4320202 ns, At safepoint: 49218139 ns, Total: 53538341 ns
[2020-12-08T07:18:53.324+0000][12575][safepoint   ] Safepoint "Cleanup", Time since last: 1004783566 ns, Reaching safepoint: 184157 ns, At safepoint: 6751 ns, Total: 190908 ns
[2020-12-08T07:22:17.870+0000][12575][safepoint   ] Safepoint "Cleanup", Time since last: 204543170364 ns, Reaching safepoint: 1174062 ns, At safepoint: 26345 ns, Total: 1200407 ns
[2020-12-08T09:02:43.324+0000][12575][safepoint   ] Safepoint "Cleanup", Time since last: 1152809320883 ns, Reaching safepoint: 21100449 ns, At safepoint: 64812 ns, Total: 21165261 ns
[2020-12-08T09:16:17.097+0000][12575][safepoint   ] Safepoint "Cleanup", Time since last: 191190284059 ns, Reaching safepoint: 647069 ns, At safepoint: 61979 ns, Total: 709048 ns
[2020-12-08T09:16:19.102+0000][12575][safepoint   ] Safepoint "Cleanup", Time since last: 2004609973 ns, Reaching safepoint: 159467 ns, At safepoint: 76007 ns, Total: 235474 ns
[2020-12-08T09:16:23.114+0000][12575][safepoint   ] Safepoint "Cleanup", Time since last: 4007307843 ns, Reaching safepoint: 4748958 ns, At safepoint: 43540 ns, Total: 4792498 ns
[2020-12-08T09:16:24.116+0000][12575][safepoint   ] Safepoint "Cleanup", Time since last: 1002264913 ns, Reaching safepoint: 221296 ns, At safepoint: 39095 ns, Total: 260391 ns
[2020-12-08T09:23:53.433+0000][12575][safepoint   ] Safepoint "Cleanup", Time since last: 449276839561 ns, Reaching safepoint: 36524232 ns, At safepoint: 42234 ns, Total: 36566466 ns
[2020-12-08T09:23:54.437+0000][12575][safepoint   ] Safepoint "Cleanup", Time since last: 1003988306 ns, Reaching safepoint: 241182 ns, At safepoint: 66364 ns, Total: 307546 ns
[2020-12-08T09:28:52.346+0000][12575][safepoint   ] Safepoint "Cleanup", Time since last: 297905952032 ns, Reaching safepoint: 289156 ns, At safepoint: 47158 ns, Total: 336314 ns
[2020-12-08T09:28:55.358+0000][12575][safepoint   ] Safepoint "Cleanup", Time since last: 3011761689 ns, Reaching safepoint: 81930 ns, At safepoint: 62265 ns, Total: 144195 ns
[2020-12-08T09:29:09.395+0000][12575][safepoint   ] Safepoint "Cleanup", Time since last: 14036876588 ns, Reaching safepoint: 200770 ns, At safepoint: 28680 ns, Total: 229450 ns
[2020-12-08T09:29:21.439+0000][12575][safepoint   ] Safepoint "Cleanup", Time since last: 12042776025 ns, Reaching safepoint: 890278 ns, At safepoint: 32649 ns, Total: 922927 ns
[2020-12-08T09:29:21.496+0000][12575][gc,start    ] GC(41) Pause Young (Normal) (G1 Evacuation Pause)
[2020-12-08T09:29:21.496+0000][12575][gc,task     ] GC(41) Using 13 workers of 13 for evacuation
[2020-12-08T09:29:21.509+0000][12575][gc,age      ] GC(41) Desired survivor size 40370176 bytes, new threshold 15 (max threshold 15)
[2020-12-08T09:29:21.540+0000][12575][gc,age      ] GC(41) Age table with threshold 15 (max threshold 15)
[2020-12-08T09:29:21.540+0000][12575][gc,age      ] GC(41) - age   1:    1013848 bytes,    1013848 total
[2020-12-08T09:29:21.540+0000][12575][gc,age      ] GC(41) - age   2:      13200 bytes,    1027048 total
[2020-12-08T09:29:21.540+0000][12575][gc,age      ] GC(41) - age   3:       1536 bytes,    1028584 total
[2020-12-08T09:29:21.540+0000][12575][gc,age      ] GC(41) - age   4:       1720 bytes,    1030304 total
[2020-12-08T09:29:21.540+0000][12575][gc,age      ] GC(41) - age   5:     389648 bytes,    1419952 total
[2020-12-08T09:29:21.540+0000][12575][gc,age      ] GC(41) - age   7:       1120 bytes,    1421072 total
[2020-12-08T09:29:21.540+0000][12575][gc,age      ] GC(41) - age   8:      20480 bytes,    1441552 total
[2020-12-08T09:29:21.540+0000][12575][gc,age      ] GC(41) - age   9:        448 bytes,    1442000 total
[2020-12-08T09:29:21.540+0000][12575][gc,age      ] GC(41) - age  10:      18608 bytes,    1460608 total
[2020-12-08T09:29:21.540+0000][12575][gc,age      ] GC(41) - age  11:       7824 bytes,    1468432 total
[2020-12-08T09:29:21.540+0000][12575][gc,age      ] GC(41) - age  12:      12576 bytes,    1481008 total
[2020-12-08T09:29:21.540+0000][12575][gc,age      ] GC(41) - age  13:       5936 bytes,    1486944 total
[2020-12-08T09:29:21.540+0000][12575][gc,age      ] GC(41) - age  14:      14296 bytes,    1501240 total
[2020-12-08T09:29:21.540+0000][12575][gc,age      ] GC(41) - age  15:       1376 bytes,    1502616 total
[2020-12-08T09:29:21.540+0000][12575][gc,phases   ] GC(41)   Pre Evacuate Collection Set: 2.7ms
[2020-12-08T09:29:21.540+0000][12575][gc,phases   ] GC(41)   Merge Heap Roots: 3.2ms
[2020-12-08T09:29:21.540+0000][12575][gc,phases   ] GC(41)   Evacuate Collection Set: 11.7ms
[2020-12-08T09:29:21.540+0000][12575][gc,phases   ] GC(41)   Post Evacuate Collection Set: 13.6ms
[2020-12-08T09:29:21.540+0000][12575][gc,phases   ] GC(41)   Other: 12.8ms
[2020-12-08T09:29:21.540+0000][12575][gc,heap     ] GC(41) Eden regions: 603->0(612)
[2020-12-08T09:29:21.540+0000][12575][gc,heap     ] GC(41) Survivor regions: 11->2(77)
[2020-12-08T09:29:21.540+0000][12575][gc,heap     ] GC(41) Old regions: 73->73
[2020-12-08T09:29:21.540+0000][12575][gc,heap     ] GC(41) Archive regions: 2->2
[2020-12-08T09:29:21.540+0000][12575][gc,heap     ] GC(41) Humongous regions: 7->7
[2020-12-08T09:29:21.540+0000][12575][gc,metaspace] GC(41) Metaspace: 101529K(105340K)->101529K(105340K) NonClass: 88332K(91004K)->88332K(91004K) Class: 13196K(14336K)->13196K(14336K)
[2020-12-08T09:29:21.540+0000][12575][gc          ] GC(41) Pause Young (Normal) (G1 Evacuation Pause) 693M->81M(1024M) 44.109ms
[2020-12-08T09:29:21.540+0000][12575][gc,cpu      ] GC(41) User=0.02s Sys=0.06s Real=0.05s
[2020-12-08T09:29:21.540+0000][12575][safepoint   ] Safepoint "G1CollectForAllocation", Time since last: 56926872 ns, Reaching safepoint: 183819 ns, At safepoint: 44370454 ns, Total: 44554273 ns
[2020-12-08T09:29:22.543+0000][12575][safepoint   ] Safepoint "Cleanup", Time since last: 1002931946 ns, Reaching safepoint: 201890 ns, At safepoint: 32529 ns, Total: 234419 ns
[2020-12-08T09:29:23.556+0000][12575][safepoint   ] Safepoint "Cleanup", Time since last: 1012174549 ns, Reaching safepoint: 107006 ns, At safepoint: 16158 ns, Total: 123164 ns
[2020-12-08T09:29:33.591+0000][12575][safepoint   ] Safepoint "Cleanup", Time since last: 10032973956 ns, Reaching safepoint: 2572478 ns, At safepoint: 28659 ns, Total: 2601137 ns
[2020-12-08T09:29:40.629+0000][12575][safepoint   ] Safepoint "Cleanup", Time since last: 7037187775 ns, Reaching safepoint: 123921 ns, At safepoint: 60912 ns, Total: 184833 ns
[2020-12-08T09:29:45.648+0000][12575][safepoint   ] Safepoint "Cleanup", Time since last: 5018380587 ns, Reaching safepoint: 187406 ns, At safepoint: 57189 ns, Total: 244595 ns
[2020-12-08T09:29:46.653+0000][12575][safepoint   ] Safepoint "Cleanup", Time since last: 1005133691 ns, Reaching safepoint: 116929 ns, At safepoint: 32658 ns, Total: 149587 ns
[2020-12-08T09:30:37.798+0000][12575][safepoint   ] Safepoint "Cleanup", Time since last: 51144547662 ns, Reaching safepoint: 176559 ns, At safepoint: 35335 ns, Total: 211894 ns
[2020-12-08T09:31:21.918+0000][12575][safepoint   ] Safepoint "Cleanup", Time since last: 44118939676 ns, Reaching safepoint: 651166 ns, At safepoint: 52473 ns, Total: 703639 ns
[2020-12-08T09:32:13.281+0000][12575][gc,start    ] GC(42) Pause Young (Normal) (G1 Evacuation Pause)
[2020-12-08T09:32:13.281+0000][12575][gc,task     ] GC(42) Using 13 workers of 13 for evacuation
[2020-12-08T09:32:13.281+0000][12575][gc,age      ] GC(42) Desired survivor size 40370176 bytes, new threshold 15 (max threshold 15)
[2020-12-08T09:32:13.305+0000][12575][gc,age      ] GC(42) Age table with threshold 15 (max threshold 15)
[2020-12-08T09:32:13.305+0000][12575][gc,age      ] GC(42) - age   1:    4516232 bytes,    4516232 total
[2020-12-08T09:32:13.305+0000][12575][gc,age      ] GC(42) - age   2:     671848 bytes,    5188080 total
[2020-12-08T09:32:13.305+0000][12575][gc,age      ] GC(42) - age   3:       9688 bytes,    5197768 total
[2020-12-08T09:32:13.305+0000][12575][gc,age      ] GC(42) - age   4:       1464 bytes,    5199232 total
[2020-12-08T09:32:13.305+0000][12575][gc,age      ] GC(42) - age   5:       1312 bytes,    5200544 total
[2020-12-08T09:32:13.305+0000][12575][gc,age      ] GC(42) - age   6:     385896 bytes,    5586440 total
[2020-12-08T09:32:13.305+0000][12575][gc,age      ] GC(42) - age   8:       1120 bytes,    5587560 total
[2020-12-08T09:32:13.306+0000][12575][gc,age      ] GC(42) - age   9:      18784 bytes,    5606344 total
[2020-12-08T09:32:13.306+0000][12575][gc,age      ] GC(42) - age  10:        448 bytes,    5606792 total
[2020-12-08T09:32:13.306+0000][12575][gc,age      ] GC(42) - age  11:      18512 bytes,    5625304 total
[2020-12-08T09:32:13.306+0000][12575][gc,age      ] GC(42) - age  12:       1808 bytes,    5627112 total
[2020-12-08T09:32:13.306+0000][12575][gc,age      ] GC(42) - age  13:      11568 bytes,    5638680 total
[2020-12-08T09:32:13.306+0000][12575][gc,age      ] GC(42) - age  14:       5272 bytes,    5643952 total
[2020-12-08T09:32:13.306+0000][12575][gc,age      ] GC(42) - age  15:      14296 bytes,    5658248 total
[2020-12-08T09:32:13.306+0000][12575][gc,phases   ] GC(42)   Pre Evacuate Collection Set: 0.1ms
[2020-12-08T09:32:13.306+0000][12575][gc,phases   ] GC(42)   Merge Heap Roots: 1.5ms
[2020-12-08T09:32:13.306+0000][12575][gc,phases   ] GC(42)   Evacuate Collection Set: 22.0ms
[2020-12-08T09:32:13.306+0000][12575][gc,phases   ] GC(42)   Post Evacuate Collection Set: 1.1ms
[2020-12-08T09:32:13.306+0000][12575][gc,phases   ] GC(42)   Other: 0.4ms
[2020-12-08T09:32:13.306+0000][12575][gc,heap     ] GC(42) Eden regions: 612->0(608)
[2020-12-08T09:32:13.306+0000][12575][gc,heap     ] GC(42) Survivor regions: 2->6(77)
[2020-12-08T09:32:13.306+0000][12575][gc,heap     ] GC(42) Old regions: 73->73
[2020-12-08T09:32:13.306+0000][12575][gc,heap     ] GC(42) Archive regions: 2->2
[2020-12-08T09:32:13.306+0000][12575][gc,heap     ] GC(42) Humongous regions: 7->7
[2020-12-08T09:32:13.306+0000][12575][gc,metaspace] GC(42) Metaspace: 101549K(105340K)->101549K(105340K) NonClass: 88351K(91004K)->88351K(91004K) Class: 13197K(14336K)->13197K(14336K)
[2020-12-08T09:32:13.306+0000][12575][gc          ] GC(42) Pause Young (Normal) (G1 Evacuation Pause) 693M->85M(1024M) 25.161ms
[2020-12-08T09:32:13.306+0000][12575][gc,cpu      ] GC(42) User=0.02s Sys=0.08s Real=0.02s
[2020-12-08T09:32:13.306+0000][12575][safepoint   ] Safepoint "G1CollectForAllocation", Time since last: 51361467319 ns, Reaching safepoint: 727049 ns, At safepoint: 25255924 ns, Total: 25982973 ns
[2020-12-08T09:35:41.302+0000][12575][gc,start    ] GC(43) Pause Young (Normal) (G1 Evacuation Pause)
[2020-12-08T09:35:41.303+0000][12575][gc,task     ] GC(43) Using 13 workers of 13 for evacuation
[2020-12-08T09:35:41.303+0000][12575][gc,age      ] GC(43) Desired survivor size 40370176 bytes, new threshold 15 (max threshold 15)
[2020-12-08T09:35:41.313+0000][12575][gc,age      ] GC(43) Age table with threshold 15 (max threshold 15)
[2020-12-08T09:35:41.313+0000][12575][gc,age      ] GC(43) - age   1:    3483056 bytes,    3483056 total
[2020-12-08T09:35:41.313+0000][12575][gc,age      ] GC(43) - age   2:    3338952 bytes,    6822008 total
[2020-12-08T09:35:41.313+0000][12575][gc,age      ] GC(43) - age   3:     671568 bytes,    7493576 total
[2020-12-08T09:35:41.313+0000][12575][gc,age      ] GC(43) - age   4:       9688 bytes,    7503264 total
[2020-12-08T09:35:41.313+0000][12575][gc,age      ] GC(43) - age   5:       1464 bytes,    7504728 total
[2020-12-08T09:35:41.313+0000][12575][gc,age      ] GC(43) - age   6:        768 bytes,    7505496 total
[2020-12-08T09:35:41.313+0000][12575][gc,age      ] GC(43) - age   7:     385896 bytes,    7891392 total
[2020-12-08T09:35:41.313+0000][12575][gc,age      ] GC(43) - age   9:       1120 bytes,    7892512 total
[2020-12-08T09:35:41.313+0000][12575][gc,age      ] GC(43) - age  10:      18784 bytes,    7911296 total
[2020-12-08T09:35:41.313+0000][12575][gc,age      ] GC(43) - age  11:        448 bytes,    7911744 total
[2020-12-08T09:35:41.313+0000][12575][gc,age      ] GC(43) - age  12:      18512 bytes,    7930256 total
[2020-12-08T09:35:41.313+0000][12575][gc,age      ] GC(43) - age  13:       1768 bytes,    7932024 total
[2020-12-08T09:35:41.313+0000][12575][gc,age      ] GC(43) - age  14:      11568 bytes,    7943592 total
[2020-12-08T09:35:41.313+0000][12575][gc,age      ] GC(43) - age  15:       5272 bytes,    7948864 total
[2020-12-08T09:35:41.313+0000][12575][gc,phases   ] GC(43)   Pre Evacuate Collection Set: 0.2ms
[2020-12-08T09:35:41.313+0000][12575][gc,phases   ] GC(43)   Merge Heap Roots: 0.1ms
[2020-12-08T09:35:41.313+0000][12575][gc,phases   ] GC(43)   Evacuate Collection Set: 9.3ms
[2020-12-08T09:35:41.313+0000][12575][gc,phases   ] GC(43)   Post Evacuate Collection Set: 0.7ms
[2020-12-08T09:35:41.313+0000][12575][gc,phases   ] GC(43)   Other: 0.9ms
[2020-12-08T09:35:41.313+0000][12575][gc,heap     ] GC(43) Eden regions: 608->0(606)
[2020-12-08T09:35:41.313+0000][12575][gc,heap     ] GC(43) Survivor regions: 6->8(77)
[2020-12-08T09:35:41.313+0000][12575][gc,heap     ] GC(43) Old regions: 73->73
[2020-12-08T09:35:41.313+0000][12575][gc,heap     ] GC(43) Archive regions: 2->2
[2020-12-08T09:35:41.313+0000][12575][gc,heap     ] GC(43) Humongous regions: 7->7
[2020-12-08T09:35:41.313+0000][12575][gc,metaspace] GC(43) Metaspace: 101549K(105340K)->101549K(105340K) NonClass: 88351K(91004K)->88351K(91004K) Class: 13197K(14336K)->13197K(14336K)
[2020-12-08T09:35:41.314+0000][12575][gc          ] GC(43) Pause Young (Normal) (G1 Evacuation Pause) 693M->87M(1024M) 11.217ms
[2020-12-08T09:35:41.314+0000][12575][gc,cpu      ] GC(43) User=0.02s Sys=0.04s Real=0.01s
[2020-12-08T09:35:41.314+0000][12575][safepoint   ] Safepoint "G1CollectForAllocation", Time since last: 207994008685 ns, Reaching safepoint: 890666 ns, At safepoint: 11357857 ns, Total: 12248523 ns
[2020-12-08T09:39:12.269+0000][12575][gc,start    ] GC(44) Pause Young (Normal) (G1 Evacuation Pause)
[2020-12-08T09:39:12.270+0000][12575][gc,task     ] GC(44) Using 13 workers of 13 for evacuation
[2020-12-08T09:39:12.270+0000][12575][gc,age      ] GC(44) Desired survivor size 40370176 bytes, new threshold 15 (max threshold 15)
[2020-12-08T09:39:12.278+0000][12575][gc,age      ] GC(44) Age table with threshold 15 (max threshold 15)
[2020-12-08T09:39:12.278+0000][12575][gc,age      ] GC(44) - age   1:    4142728 bytes,    4142728 total
[2020-12-08T09:39:12.278+0000][12575][gc,age      ] GC(44) - age   2:    1492560 bytes,    5635288 total
[2020-12-08T09:39:12.278+0000][12575][gc,age      ] GC(44) - age   3:    3338952 bytes,    8974240 total
[2020-12-08T09:39:12.278+0000][12575][gc,age      ] GC(44) - age   4:     670968 bytes,    9645208 total
[2020-12-08T09:39:12.278+0000][12575][gc,age      ] GC(44) - age   5:       9688 bytes,    9654896 total
[2020-12-08T09:39:12.278+0000][12575][gc,age      ] GC(44) - age   6:       1464 bytes,    9656360 total
[2020-12-08T09:39:12.278+0000][12575][gc,age      ] GC(44) - age   7:        768 bytes,    9657128 total
[2020-12-08T09:39:12.278+0000][12575][gc,age      ] GC(44) - age   8:     385896 bytes,   10043024 total
[2020-12-08T09:39:12.278+0000][12575][gc,age      ] GC(44) - age  10:       1120 bytes,   10044144 total
[2020-12-08T09:39:12.278+0000][12575][gc,age      ] GC(44) - age  11:      18784 bytes,   10062928 total
[2020-12-08T09:39:12.278+0000][12575][gc,age      ] GC(44) - age  12:        448 bytes,   10063376 total
[2020-12-08T09:39:12.278+0000][12575][gc,age      ] GC(44) - age  13:      18512 bytes,   10081888 total
[2020-12-08T09:39:12.278+0000][12575][gc,age      ] GC(44) - age  14:       1768 bytes,   10083656 total
[2020-12-08T09:39:12.278+0000][12575][gc,age      ] GC(44) - age  15:      11568 bytes,   10095224 total
[2020-12-08T09:39:12.278+0000][12575][gc,phases   ] GC(44)   Pre Evacuate Collection Set: 0.2ms
[2020-12-08T09:39:12.278+0000][12575][gc,phases   ] GC(44)   Merge Heap Roots: 0.1ms
[2020-12-08T09:39:12.278+0000][12575][gc,phases   ] GC(44)   Evacuate Collection Set: 7.0ms
[2020-12-08T09:39:12.278+0000][12575][gc,phases   ] GC(44)   Post Evacuate Collection Set: 0.6ms
[2020-12-08T09:39:12.278+0000][12575][gc,phases   ] GC(44)   Other: 1.0ms
[2020-12-08T09:39:12.278+0000][12575][gc,heap     ] GC(44) Eden regions: 606->0(604)
[2020-12-08T09:39:12.278+0000][12575][gc,heap     ] GC(44) Survivor regions: 8->10(77)
[2020-12-08T09:39:12.278+0000][12575][gc,heap     ] GC(44) Old regions: 73->73
[2020-12-08T09:39:12.278+0000][12575][gc,heap     ] GC(44) Archive regions: 2->2
[2020-12-08T09:39:12.278+0000][12575][gc,heap     ] GC(44) Humongous regions: 7->7
[2020-12-08T09:39:12.278+0000][12575][gc,metaspace] GC(44) Metaspace: 101549K(105340K)->101549K(105340K) NonClass: 88351K(91004K)->88351K(91004K) Class: 13197K(14336K)->13197K(14336K)
[2020-12-08T09:39:12.279+0000][12575][gc          ] GC(44) Pause Young (Normal) (G1 Evacuation Pause) 693M->89M(1024M) 9.623ms
[2020-12-08T09:39:12.279+0000][12575][gc,cpu      ] GC(44) User=0.02s Sys=0.04s Real=0.01s
[2020-12-08T09:39:12.279+0000][12575][safepoint   ] Safepoint "G1CollectForAllocation", Time since last: 210952004447 ns, Reaching safepoint: 2172698 ns, At safepoint: 9796621 ns, Total: 11969319 ns
[2020-12-08T09:39:51.502+0000][12575][safepoint   ] Safepoint "Cleanup", Time since last: 39222422018 ns, Reaching safepoint: 128339 ns, At safepoint: 55806 ns, Total: 184145 ns
[2020-12-08T09:39:56.548+0000][12575][safepoint   ] Safepoint "Cleanup", Time since last: 5045829286 ns, Reaching safepoint: 90736 ns, At safepoint: 23484 ns, Total: 114220 ns
[2020-12-08T09:40:37.434+0000][12575][safepoint   ] Safepoint "Cleanup", Time since last: 39550116554 ns, Reaching safepoint: 743642 ns, At safepoint: 50467 ns, Total: 794109 ns
[2020-12-08T10:08:08.830+0000][12575][safepoint   ] Safepoint "Cleanup", Time since last: 128929138461 ns, Reaching safepoint: 144311 ns, At safepoint: 79655 ns, Total: 223966 ns
[2020-12-08T10:08:13.851+0000][12575][safepoint   ] Safepoint "Cleanup", Time since last: 5020535787 ns, Reaching safepoint: 112370 ns, At safepoint: 14210 ns, Total: 126580 ns
[2020-12-08T10:08:14.863+0000][12575][safepoint   ] Safepoint "Cleanup", Time since last: 1003473594 ns, Reaching safepoint: 8288699 ns, At safepoint: 42796 ns, Total: 8331495 ns
[2020-12-08T10:08:15.867+0000][12575][safepoint   ] Safepoint "Cleanup", Time since last: 1003905766 ns, Reaching safepoint: 105546 ns, At safepoint: 26357 ns, Total: 131903 ns
[2020-12-08T10:10:43.319+0000][12575][safepoint   ] Safepoint "Cleanup", Time since last: 147447316425 ns, Reaching safepoint: 1970497 ns, At safepoint: 12896 ns, Total: 1983393 ns
[2020-12-08T10:15:39.266+0000][12575][gc,start    ] GC(45) Pause Young (Normal) (G1 Evacuation Pause)
[2020-12-08T10:15:39.266+0000][12575][gc,task     ] GC(45) Using 13 workers of 13 for evacuation
[2020-12-08T10:15:39.273+0000][12575][gc,age      ] GC(45) Desired survivor size 40370176 bytes, new threshold 15 (max threshold 15)
[2020-12-08T10:15:39.308+0000][12575][gc,age      ] GC(45) Age table with threshold 15 (max threshold 15)
[2020-12-08T10:15:39.308+0000][12575][gc,age      ] GC(45) - age   1:    2601120 bytes,    2601120 total
[2020-12-08T10:15:39.308+0000][12575][gc,age      ] GC(45) - age   2:        544 bytes,    2601664 total
[2020-12-08T10:15:39.308+0000][12575][gc,age      ] GC(45) - age   3:       1016 bytes,    2602680 total
[2020-12-08T10:15:39.308+0000][12575][gc,age      ] GC(45) - age   4:     661048 bytes,    3263728 total
[2020-12-08T10:15:39.308+0000][12575][gc,age      ] GC(45) - age   5:     644176 bytes,    3907904 total
[2020-12-08T10:15:39.308+0000][12575][gc,age      ] GC(45) - age   6:       9456 bytes,    3917360 total
[2020-12-08T10:15:39.308+0000][12575][gc,age      ] GC(45) - age   7:       1000 bytes,    3918360 total
[2020-12-08T10:15:39.308+0000][12575][gc,age      ] GC(45) - age   8:        768 bytes,    3919128 total
[2020-12-08T10:15:39.308+0000][12575][gc,age      ] GC(45) - age   9:     385896 bytes,    4305024 total
[2020-12-08T10:15:39.308+0000][12575][gc,age      ] GC(45) - age  11:       1120 bytes,    4306144 total
[2020-12-08T10:15:39.308+0000][12575][gc,age      ] GC(45) - age  12:      16344 bytes,    4322488 total
[2020-12-08T10:15:39.308+0000][12575][gc,age      ] GC(45) - age  13:        448 bytes,    4322936 total
[2020-12-08T10:15:39.308+0000][12575][gc,age      ] GC(45) - age  14:      18512 bytes,    4341448 total
[2020-12-08T10:15:39.308+0000][12575][gc,age      ] GC(45) - age  15:       1032 bytes,    4342480 total
[2020-12-08T10:15:39.308+0000][12575][gc,phases   ] GC(45)   Pre Evacuate Collection Set: 8.4ms
[2020-12-08T10:15:39.308+0000][12575][gc,phases   ] GC(45)   Merge Heap Roots: 0.8ms
[2020-12-08T10:15:39.308+0000][12575][gc,phases   ] GC(45)   Evacuate Collection Set: 20.1ms
[2020-12-08T10:15:39.308+0000][12575][gc,phases   ] GC(45)   Post Evacuate Collection Set: 11.7ms
[2020-12-08T10:15:39.308+0000][12575][gc,phases   ] GC(45)   Other: 1.0ms
[2020-12-08T10:15:39.308+0000][12575][gc,heap     ] GC(45) Eden regions: 604->0(609)
[2020-12-08T10:15:39.308+0000][12575][gc,heap     ] GC(45) Survivor regions: 10->5(77)
[2020-12-08T10:15:39.308+0000][12575][gc,heap     ] GC(45) Old regions: 73->73
[2020-12-08T10:15:39.308+0000][12575][gc,heap     ] GC(45) Archive regions: 2->2
[2020-12-08T10:15:39.308+0000][12575][gc,heap     ] GC(45) Humongous regions: 7->7
[2020-12-08T10:15:39.308+0000][12575][gc,metaspace] GC(45) Metaspace: 101572K(105340K)->101572K(105340K) NonClass: 88371K(91004K)->88371K(91004K) Class: 13200K(14336K)->13200K(14336K)
[2020-12-08T10:15:39.308+0000][12575][gc          ] GC(45) Pause Young (Normal) (G1 Evacuation Pause) 693M->84M(1024M) 42.066ms
[2020-12-08T10:15:39.308+0000][12575][gc,cpu      ] GC(45) User=0.02s Sys=0.10s Real=0.04s
[2020-12-08T10:15:39.308+0000][12575][safepoint   ] Safepoint "G1CollectForAllocation", Time since last: 295942865699 ns, Reaching safepoint: 377065 ns, At safepoint: 42227972 ns, Total: 42605037 ns
[2020-12-08T10:16:07.379+0000][12575][safepoint   ] Safepoint "Cleanup", Time since last: 28069878531 ns, Reaching safepoint: 256093 ns, At safepoint: 49960 ns, Total: 306053 ns
[2020-12-08T10:19:11.870+0000][12575][gc,start    ] GC(46) Pause Young (Normal) (G1 Evacuation Pause)
[2020-12-08T10:19:11.871+0000][12575][gc,task     ] GC(46) Using 13 workers of 13 for evacuation
[2020-12-08T10:19:11.871+0000][12575][gc,age      ] GC(46) Desired survivor size 40370176 bytes, new threshold 15 (max threshold 15)
[2020-12-08T10:19:11.894+0000][12575][gc,age      ] GC(46) Age table with threshold 15 (max threshold 15)
[2020-12-08T10:19:11.894+0000][12575][gc,age      ] GC(46) - age   1:    4316016 bytes,    4316016 total
[2020-12-08T10:19:11.894+0000][12575][gc,age      ] GC(46) - age   2:    1450656 bytes,    5766672 total
[2020-12-08T10:19:11.894+0000][12575][gc,age      ] GC(46) - age   3:        544 bytes,    5767216 total
[2020-12-08T10:19:11.894+0000][12575][gc,age      ] GC(46) - age   4:        944 bytes,    5768160 total
[2020-12-08T10:19:11.894+0000][12575][gc,age      ] GC(46) - age   5:     576992 bytes,    6345152 total
[2020-12-08T10:19:11.894+0000][12575][gc,age      ] GC(46) - age   6:     536888 bytes,    6882040 total
[2020-12-08T10:19:11.894+0000][12575][gc,age      ] GC(46) - age   7:       2968 bytes,    6885008 total
[2020-12-08T10:19:11.894+0000][12575][gc,age      ] GC(46) - age   8:        928 bytes,    6885936 total
[2020-12-08T10:19:11.894+0000][12575][gc,age      ] GC(46) - age   9:        768 bytes,    6886704 total
[2020-12-08T10:19:11.894+0000][12575][gc,age      ] GC(46) - age  10:     385744 bytes,    7272448 total
[2020-12-08T10:19:11.894+0000][12575][gc,age      ] GC(46) - age  12:       1120 bytes,    7273568 total
[2020-12-08T10:19:11.894+0000][12575][gc,age      ] GC(46) - age  13:      16344 bytes,    7289912 total
[2020-12-08T10:19:11.894+0000][12575][gc,age      ] GC(46) - age  14:        448 bytes,    7290360 total
[2020-12-08T10:19:11.894+0000][12575][gc,age      ] GC(46) - age  15:      18512 bytes,    7308872 total
[2020-12-08T10:19:11.894+0000][12575][gc,phases   ] GC(46)   Pre Evacuate Collection Set: 1.0ms
[2020-12-08T10:19:11.894+0000][12575][gc,phases   ] GC(46)   Merge Heap Roots: 0.8ms
[2020-12-08T10:19:11.894+0000][12575][gc,phases   ] GC(46)   Evacuate Collection Set: 18.6ms
[2020-12-08T10:19:11.894+0000][12575][gc,phases   ] GC(46)   Post Evacuate Collection Set: 2.7ms
[2020-12-08T10:19:11.894+0000][12575][gc,phases   ] GC(46)   Other: 0.5ms
[2020-12-08T10:19:11.894+0000][12575][gc,heap     ] GC(46) Eden regions: 609->0(606)
[2020-12-08T10:19:11.894+0000][12575][gc,heap     ] GC(46) Survivor regions: 5->8(77)
[2020-12-08T10:19:11.894+0000][12575][gc,heap     ] GC(46) Old regions: 73->73
[2020-12-08T10:19:11.894+0000][12575][gc,heap     ] GC(46) Archive regions: 2->2
[2020-12-08T10:19:11.894+0000][12575][gc,heap     ] GC(46) Humongous regions: 7->7
[2020-12-08T10:19:11.894+0000][12575][gc,metaspace] GC(46) Metaspace: 101572K(105340K)->101572K(105340K) NonClass: 88371K(91004K)->88371K(91004K) Class: 13200K(14336K)->13200K(14336K)
[2020-12-08T10:19:11.895+0000][12575][gc          ] GC(46) Pause Young (Normal) (G1 Evacuation Pause) 693M->87M(1024M) 24.227ms
[2020-12-08T10:19:11.895+0000][12575][gc,cpu      ] GC(46) User=0.02s Sys=0.08s Real=0.02s
[2020-12-08T10:19:11.895+0000][12575][safepoint   ] Safepoint "G1CollectForAllocation", Time since last: 184489348895 ns, Reaching safepoint: 153647 ns, At safepoint: 24416215 ns, Total: 24569862 ns
[2020-12-08T10:20:20.308+0000][12575][safepoint   ] Safepoint "Cleanup", Time since last: 68407503109 ns, Reaching safepoint: 4947277 ns, At safepoint: 51621 ns, Total: 4998898 ns
[2020-12-08T10:22:33.851+0000][12575][safepoint   ] Safepoint "Cleanup", Time since last: 133540691866 ns, Reaching safepoint: 186168 ns, At safepoint: 22302 ns, Total: 208470 ns
[2020-12-08T10:22:40.565+0000][12575][gc,start    ] GC(47) Pause Young (Normal) (G1 Evacuation Pause)
[2020-12-08T10:22:40.565+0000][12575][gc,task     ] GC(47) Using 13 workers of 13 for evacuation
[2020-12-08T10:22:40.565+0000][12575][gc,age      ] GC(47) Desired survivor size 40370176 bytes, new threshold 15 (max threshold 15)
[2020-12-08T10:22:40.583+0000][12575][gc,age      ] GC(47) Age table with threshold 15 (max threshold 15)
[2020-12-08T10:22:40.583+0000][12575][gc,age      ] GC(47) - age   1:    3818520 bytes,    3818520 total
[2020-12-08T10:22:40.583+0000][12575][gc,age      ] GC(47) - age   2:    2590864 bytes,    6409384 total
[2020-12-08T10:22:40.583+0000][12575][gc,age      ] GC(47) - age   3:    1450456 bytes,    7859840 total
[2020-12-08T10:22:40.583+0000][12575][gc,age      ] GC(47) - age   4:        544 bytes,    7860384 total
[2020-12-08T10:22:40.583+0000][12575][gc,age      ] GC(47) - age   5:        944 bytes,    7861328 total
[2020-12-08T10:22:40.583+0000][12575][gc,age      ] GC(47) - age   6:     576712 bytes,    8438040 total
[2020-12-08T10:22:40.583+0000][12575][gc,age      ] GC(47) - age   7:     536496 bytes,    8974536 total
[2020-12-08T10:22:40.583+0000][12575][gc,age      ] GC(47) - age   8:       2968 bytes,    8977504 total
[2020-12-08T10:22:40.583+0000][12575][gc,age      ] GC(47) - age   9:        888 bytes,    8978392 total
[2020-12-08T10:22:40.583+0000][12575][gc,age      ] GC(47) - age  10:        768 bytes,    8979160 total
[2020-12-08T10:22:40.583+0000][12575][gc,age      ] GC(47) - age  11:     385504 bytes,    9364664 total
[2020-12-08T10:22:40.583+0000][12575][gc,age      ] GC(47) - age  13:       1120 bytes,    9365784 total
[2020-12-08T10:22:40.583+0000][12575][gc,age      ] GC(47) - age  14:      16344 bytes,    9382128 total
[2020-12-08T10:22:40.583+0000][12575][gc,age      ] GC(47) - age  15:        448 bytes,    9382576 total
[2020-12-08T10:22:40.583+0000][12575][gc,phases   ] GC(47)   Pre Evacuate Collection Set: 0.1ms
[2020-12-08T10:22:40.583+0000][12575][gc,phases   ] GC(47)   Merge Heap Roots: 0.1ms
[2020-12-08T10:22:40.583+0000][12575][gc,phases   ] GC(47)   Evacuate Collection Set: 14.9ms
[2020-12-08T10:22:40.583+0000][12575][gc,phases   ] GC(47)   Post Evacuate Collection Set: 0.9ms
[2020-12-08T10:22:40.583+0000][12575][gc,phases   ] GC(47)   Other: 1.6ms
[2020-12-08T10:22:40.583+0000][12575][gc,heap     ] GC(47) Eden regions: 606->0(604)
[2020-12-08T10:22:40.583+0000][12575][gc,heap     ] GC(47) Survivor regions: 8->10(77)
[2020-12-08T10:22:40.583+0000][12575][gc,heap     ] GC(47) Old regions: 73->73
[2020-12-08T10:22:40.583+0000][12575][gc,heap     ] GC(47) Archive regions: 2->2
[2020-12-08T10:22:40.583+0000][12575][gc,heap     ] GC(47) Humongous regions: 7->7
[2020-12-08T10:22:40.583+0000][12575][gc,metaspace] GC(47) Metaspace: 101572K(105340K)->101572K(105340K) NonClass: 88371K(91004K)->88371K(91004K) Class: 13200K(14336K)->13200K(14336K)
[2020-12-08T10:22:40.583+0000][12575][gc          ] GC(47) Pause Young (Normal) (G1 Evacuation Pause) 693M->89M(1024M) 17.791ms
[2020-12-08T10:22:40.583+0000][12575][gc,cpu      ] GC(47) User=0.02s Sys=0.04s Real=0.02s
[2020-12-08T10:22:40.583+0000][12575][safepoint   ] Safepoint "G1CollectForAllocation", Time since last: 6713542528 ns, Reaching safepoint: 734592 ns, At safepoint: 17903537 ns, Total: 18638129 ns
[2020-12-08T10:26:11.178+0000][12575][gc,start    ] GC(48) Pause Young (Normal) (G1 Evacuation Pause)
[2020-12-08T10:26:11.178+0000][12575][gc,task     ] GC(48) Using 13 workers of 13 for evacuation
[2020-12-08T10:26:11.178+0000][12575][gc,age      ] GC(48) Desired survivor size 40370176 bytes, new threshold 15 (max threshold 15)
[2020-12-08T10:26:11.220+0000][12575][gc,age      ] GC(48) Age table with threshold 15 (max threshold 15)
[2020-12-08T10:26:11.220+0000][12575][gc,age      ] GC(48) - age   1:    4393816 bytes,    4393816 total
[2020-12-08T10:26:11.220+0000][12575][gc,age      ] GC(48) - age   2:    1617656 bytes,    6011472 total
[2020-12-08T10:26:11.220+0000][12575][gc,age      ] GC(48) - age   3:    2394160 bytes,    8405632 total
[2020-12-08T10:26:11.220+0000][12575][gc,age      ] GC(48) - age   4:    1373352 bytes,    9778984 total
[2020-12-08T10:26:11.220+0000][12575][gc,age      ] GC(48) - age   5:         40 bytes,    9779024 total
[2020-12-08T10:26:11.220+0000][12575][gc,age      ] GC(48) - age   6:        624 bytes,    9779648 total
[2020-12-08T10:26:11.220+0000][12575][gc,age      ] GC(48) - age   7:     576496 bytes,   10356144 total
[2020-12-08T10:26:11.220+0000][12575][gc,age      ] GC(48) - age   8:     534472 bytes,   10890616 total
[2020-12-08T10:26:11.220+0000][12575][gc,age      ] GC(48) - age   9:       2896 bytes,   10893512 total
[2020-12-08T10:26:11.220+0000][12575][gc,age      ] GC(48) - age  10:        888 bytes,   10894400 total
[2020-12-08T10:26:11.220+0000][12575][gc,age      ] GC(48) - age  11:        768 bytes,   10895168 total
[2020-12-08T10:26:11.220+0000][12575][gc,age      ] GC(48) - age  12:     385504 bytes,   11280672 total
[2020-12-08T10:26:11.220+0000][12575][gc,age      ] GC(48) - age  14:       1120 bytes,   11281792 total
[2020-12-08T10:26:11.220+0000][12575][gc,age      ] GC(48) - age  15:      16344 bytes,   11298136 total
[2020-12-08T10:26:11.220+0000][12575][gc,phases   ] GC(48)   Pre Evacuate Collection Set: 0.9ms
[2020-12-08T10:26:11.220+0000][12575][gc,phases   ] GC(48)   Merge Heap Roots: 0.1ms
[2020-12-08T10:26:11.220+0000][12575][gc,phases   ] GC(48)   Evacuate Collection Set: 39.6ms
[2020-12-08T10:26:11.220+0000][12575][gc,phases   ] GC(48)   Post Evacuate Collection Set: 0.8ms
[2020-12-08T10:26:11.220+0000][12575][gc,phases   ] GC(48)   Other: 0.8ms
[2020-12-08T10:26:11.220+0000][12575][gc,heap     ] GC(48) Eden regions: 604->0(602)
[2020-12-08T10:26:11.220+0000][12575][gc,heap     ] GC(48) Survivor regions: 10->12(77)
[2020-12-08T10:26:11.220+0000][12575][gc,heap     ] GC(48) Old regions: 73->73
[2020-12-08T10:26:11.220+0000][12575][gc,heap     ] GC(48) Archive regions: 2->2
[2020-12-08T10:26:11.220+0000][12575][gc,heap     ] GC(48) Humongous regions: 7->7
[2020-12-08T10:26:11.220+0000][12575][gc,metaspace] GC(48) Metaspace: 101572K(105340K)->101572K(105340K) NonClass: 88371K(91004K)->88371K(91004K) Class: 13200K(14336K)->13200K(14336K)
[2020-12-08T10:26:11.221+0000][12575][gc          ] GC(48) Pause Young (Normal) (G1 Evacuation Pause) 693M->91M(1024M) 42.830ms
[2020-12-08T10:26:11.221+0000][12575][gc,cpu      ] GC(48) User=0.05s Sys=0.06s Real=0.05s
[2020-12-08T10:26:11.221+0000][12575][safepoint   ] Safepoint "G1CollectForAllocation", Time since last: 210582005513 ns, Reaching safepoint: 9940056 ns, At safepoint: 42960963 ns, Total: 52901019 ns
[2020-12-08T10:29:40.518+0000][12575][gc,start    ] GC(49) Pause Young (Normal) (G1 Evacuation Pause)
[2020-12-08T10:29:40.518+0000][12575][gc,task     ] GC(49) Using 13 workers of 13 for evacuation
[2020-12-08T10:29:40.518+0000][12575][gc,age      ] GC(49) Desired survivor size 40370176 bytes, new threshold 15 (max threshold 15)
[2020-12-08T10:29:40.584+0000][12575][gc,age      ] GC(49) Age table with threshold 15 (max threshold 15)
[2020-12-08T10:29:40.584+0000][12575][gc,age      ] GC(49) - age   1:    4827504 bytes,    4827504 total
[2020-12-08T10:29:40.584+0000][12575][gc,age      ] GC(49) - age   2:    1436312 bytes,    6263816 total
[2020-12-08T10:29:40.584+0000][12575][gc,age      ] GC(49) - age   3:    1420872 bytes,    7684688 total
[2020-12-08T10:29:40.584+0000][12575][gc,age      ] GC(49) - age   4:    2295808 bytes,    9980496 total
[2020-12-08T10:29:40.584+0000][12575][gc,age      ] GC(49) - age   5:    1373000 bytes,   11353496 total
[2020-12-08T10:29:40.584+0000][12575][gc,age      ] GC(49) - age   6:         40 bytes,   11353536 total
[2020-12-08T10:29:40.584+0000][12575][gc,age      ] GC(49) - age   7:        624 bytes,   11354160 total
[2020-12-08T10:29:40.584+0000][12575][gc,age      ] GC(49) - age   8:     576496 bytes,   11930656 total
[2020-12-08T10:29:40.584+0000][12575][gc,age      ] GC(49) - age   9:     534472 bytes,   12465128 total
[2020-12-08T10:29:40.584+0000][12575][gc,age      ] GC(49) - age  10:       2896 bytes,   12468024 total
[2020-12-08T10:29:40.584+0000][12575][gc,age      ] GC(49) - age  11:        888 bytes,   12468912 total
[2020-12-08T10:29:40.584+0000][12575][gc,age      ] GC(49) - age  12:        768 bytes,   12469680 total
[2020-12-08T10:29:40.584+0000][12575][gc,age      ] GC(49) - age  13:     385504 bytes,   12855184 total
[2020-12-08T10:29:40.584+0000][12575][gc,age      ] GC(49) - age  15:       1120 bytes,   12856304 total
[2020-12-08T10:29:40.584+0000][12575][gc,phases   ] GC(49)   Pre Evacuate Collection Set: 0.2ms
[2020-12-08T10:29:40.584+0000][12575][gc,phases   ] GC(49)   Merge Heap Roots: 0.2ms
[2020-12-08T10:29:40.585+0000][12575][gc,phases   ] GC(49)   Evacuate Collection Set: 65.4ms
[2020-12-08T10:29:40.585+0000][12575][gc,phases   ] GC(49)   Post Evacuate Collection Set: 0.6ms
[2020-12-08T10:29:40.585+0000][12575][gc,phases   ] GC(49)   Other: 0.5ms
[2020-12-08T10:29:40.585+0000][12575][gc,heap     ] GC(49) Eden regions: 602->0(601)
[2020-12-08T10:29:40.585+0000][12575][gc,heap     ] GC(49) Survivor regions: 12->13(77)
[2020-12-08T10:29:40.585+0000][12575][gc,heap     ] GC(49) Old regions: 73->73
[2020-12-08T10:29:40.585+0000][12575][gc,heap     ] GC(49) Archive regions: 2->2
[2020-12-08T10:29:40.585+0000][12575][gc,heap     ] GC(49) Humongous regions: 7->7
[2020-12-08T10:29:40.585+0000][12575][gc,metaspace] GC(49) Metaspace: 101572K(105340K)->101572K(105340K) NonClass: 88371K(91004K)->88371K(91004K) Class: 13200K(14336K)->13200K(14336K)
[2020-12-08T10:29:40.585+0000][12575][gc          ] GC(49) Pause Young (Normal) (G1 Evacuation Pause) 693M->92M(1024M) 67.115ms
[2020-12-08T10:29:40.585+0000][12575][gc,cpu      ] GC(49) User=0.07s Sys=0.04s Real=0.07s
[2020-12-08T10:29:40.585+0000][12575][safepoint   ] Safepoint "G1CollectForAllocation", Time since last: 209294145253 ns, Reaching safepoint: 151330 ns, At safepoint: 67283925 ns, Total: 67435255 ns
[2020-12-08T10:33:05.694+0000][12575][gc,start    ] GC(50) Pause Young (Normal) (G1 Evacuation Pause)
[2020-12-08T10:33:05.694+0000][12575][gc,task     ] GC(50) Using 13 workers of 13 for evacuation
[2020-12-08T10:33:05.694+0000][12575][gc,age      ] GC(50) Desired survivor size 40370176 bytes, new threshold 15 (max threshold 15)
[2020-12-08T10:33:05.718+0000][12575][gc,age      ] GC(50) Age table with threshold 15 (max threshold 15)
[2020-12-08T10:33:05.718+0000][12575][gc,age      ] GC(50) - age   1:    5590968 bytes,    5590968 total
[2020-12-08T10:33:05.718+0000][12575][gc,age      ] GC(50) - age   2:    1401208 bytes,    6992176 total
[2020-12-08T10:33:05.718+0000][12575][gc,age      ] GC(50) - age   3:    1239656 bytes,    8231832 total
[2020-12-08T10:33:05.718+0000][12575][gc,age      ] GC(50) - age   4:    1420872 bytes,    9652704 total
[2020-12-08T10:33:05.718+0000][12575][gc,age      ] GC(50) - age   5:    2295808 bytes,   11948512 total
[2020-12-08T10:33:05.718+0000][12575][gc,age      ] GC(50) - age   6:    1372552 bytes,   13321064 total
[2020-12-08T10:33:05.718+0000][12575][gc,age      ] GC(50) - age   8:        624 bytes,   13321688 total
[2020-12-08T10:33:05.718+0000][12575][gc,age      ] GC(50) - age   9:     576496 bytes,   13898184 total
[2020-12-08T10:33:05.718+0000][12575][gc,age      ] GC(50) - age  10:     534472 bytes,   14432656 total
[2020-12-08T10:33:05.718+0000][12575][gc,age      ] GC(50) - age  11:       2896 bytes,   14435552 total
[2020-12-08T10:33:05.718+0000][12575][gc,age      ] GC(50) - age  12:        888 bytes,   14436440 total
[2020-12-08T10:33:05.718+0000][12575][gc,age      ] GC(50) - age  13:        768 bytes,   14437208 total
[2020-12-08T10:33:05.718+0000][12575][gc,age      ] GC(50) - age  14:     385504 bytes,   14822712 total
[2020-12-08T10:33:05.718+0000][12575][gc,phases   ] GC(50)   Pre Evacuate Collection Set: 0.2ms
[2020-12-08T10:33:05.718+0000][12575][gc,phases   ] GC(50)   Merge Heap Roots: 0.1ms
[2020-12-08T10:33:05.718+0000][12575][gc,phases   ] GC(50)   Evacuate Collection Set: 22.9ms
[2020-12-08T10:33:05.718+0000][12575][gc,phases   ] GC(50)   Post Evacuate Collection Set: 0.6ms
[2020-12-08T10:33:05.718+0000][12575][gc,phases   ] GC(50)   Other: 0.9ms
[2020-12-08T10:33:05.718+0000][12575][gc,heap     ] GC(50) Eden regions: 601->0(599)
[2020-12-08T10:33:05.718+0000][12575][gc,heap     ] GC(50) Survivor regions: 13->15(77)
[2020-12-08T10:33:05.718+0000][12575][gc,heap     ] GC(50) Old regions: 73->73
[2020-12-08T10:33:05.718+0000][12575][gc,heap     ] GC(50) Archive regions: 2->2
[2020-12-08T10:33:05.718+0000][12575][gc,heap     ] GC(50) Humongous regions: 7->7
[2020-12-08T10:33:05.718+0000][12575][gc,metaspace] GC(50) Metaspace: 101572K(105340K)->101572K(105340K) NonClass: 88371K(91004K)->88371K(91004K) Class: 13200K(14336K)->13200K(14336K)
[2020-12-08T10:33:05.718+0000][12575][gc          ] GC(50) Pause Young (Normal) (G1 Evacuation Pause) 693M->94M(1024M) 24.773ms
[2020-12-08T10:33:05.718+0000][12575][gc,cpu      ] GC(50) User=0.02s Sys=0.05s Real=0.02s
[2020-12-08T10:33:05.718+0000][12575][safepoint   ] Safepoint "G1CollectForAllocation", Time since last: 205105911642 ns, Reaching safepoint: 181169 ns, At safepoint: 24882830 ns, Total: 25063999 ns
[2020-12-08T10:36:31.221+0000][12575][gc,start    ] GC(51) Pause Young (Normal) (G1 Evacuation Pause)
[2020-12-08T10:36:31.222+0000][12575][gc,task     ] GC(51) Using 13 workers of 13 for evacuation
[2020-12-08T10:36:31.222+0000][12575][gc,age      ] GC(51) Desired survivor size 40370176 bytes, new threshold 15 (max threshold 15)
[2020-12-08T10:36:31.234+0000][12575][gc,age      ] GC(51) Age table with threshold 15 (max threshold 15)
[2020-12-08T10:36:31.234+0000][12575][gc,age      ] GC(51) - age   1:    6305680 bytes,    6305680 total
[2020-12-08T10:36:31.234+0000][12575][gc,age      ] GC(51) - age   2:    1419776 bytes,    7725456 total
[2020-12-08T10:36:31.234+0000][12575][gc,age      ] GC(51) - age   3:    1401176 bytes,    9126632 total
[2020-12-08T10:36:31.234+0000][12575][gc,age      ] GC(51) - age   4:    1239464 bytes,   10366096 total
[2020-12-08T10:36:31.234+0000][12575][gc,age      ] GC(51) - age   5:    1027328 bytes,   11393424 total
[2020-12-08T10:36:31.234+0000][12575][gc,age      ] GC(51) - age   6:    2295528 bytes,   13688952 total
[2020-12-08T10:36:31.234+0000][12575][gc,age      ] GC(51) - age   7:    1372552 bytes,   15061504 total
[2020-12-08T10:36:31.234+0000][12575][gc,age      ] GC(51) - age   9:        624 bytes,   15062128 total
[2020-12-08T10:36:31.234+0000][12575][gc,age      ] GC(51) - age  10:     576496 bytes,   15638624 total
[2020-12-08T10:36:31.234+0000][12575][gc,age      ] GC(51) - age  11:     534472 bytes,   16173096 total
[2020-12-08T10:36:31.234+0000][12575][gc,age      ] GC(51) - age  12:       2520 bytes,   16175616 total
[2020-12-08T10:36:31.234+0000][12575][gc,age      ] GC(51) - age  13:        888 bytes,   16176504 total
[2020-12-08T10:36:31.234+0000][12575][gc,age      ] GC(51) - age  14:        336 bytes,   16176840 total
[2020-12-08T10:36:31.234+0000][12575][gc,age      ] GC(51) - age  15:     385504 bytes,   16562344 total
[2020-12-08T10:36:31.234+0000][12575][gc,phases   ] GC(51)   Pre Evacuate Collection Set: 0.3ms
[2020-12-08T10:36:31.234+0000][12575][gc,phases   ] GC(51)   Merge Heap Roots: 0.2ms
[2020-12-08T10:36:31.234+0000][12575][gc,phases   ] GC(51)   Evacuate Collection Set: 10.8ms
[2020-12-08T10:36:31.234+0000][12575][gc,phases   ] GC(51)   Post Evacuate Collection Set: 0.7ms
[2020-12-08T10:36:31.235+0000][12575][gc,phases   ] GC(51)   Other: 1.7ms
[2020-12-08T10:36:31.235+0000][12575][gc,heap     ] GC(51) Eden regions: 599->0(597)
[2020-12-08T10:36:31.235+0000][12575][gc,heap     ] GC(51) Survivor regions: 15->17(77)
[2020-12-08T10:36:31.235+0000][12575][gc,heap     ] GC(51) Old regions: 73->73
[2020-12-08T10:36:31.235+0000][12575][gc,heap     ] GC(51) Archive regions: 2->2
[2020-12-08T10:36:31.235+0000][12575][gc,heap     ] GC(51) Humongous regions: 7->7
[2020-12-08T10:36:31.235+0000][12575][gc,metaspace] GC(51) Metaspace: 101572K(105340K)->101572K(105340K) NonClass: 88371K(91004K)->88371K(91004K) Class: 13200K(14336K)->13200K(14336K)
[2020-12-08T10:36:31.235+0000][12575][gc          ] GC(51) Pause Young (Normal) (G1 Evacuation Pause) 693M->96M(1024M) 13.903ms
[2020-12-08T10:36:31.235+0000][12575][gc,cpu      ] GC(51) User=0.04s Sys=0.03s Real=0.01s
[2020-12-08T10:36:31.235+0000][12575][safepoint   ] Safepoint "G1CollectForAllocation", Time since last: 205504409174 ns, Reaching safepoint: 244095 ns, At safepoint: 14058303 ns, Total: 14302398 ns
[2020-12-08T10:37:17.435+0000][12575][safepoint   ] Safepoint "Cleanup", Time since last: 46200709439 ns, Reaching safepoint: 88649 ns, At safepoint: 2722 ns, Total: 91371 ns
[2020-12-08T10:40:00.470+0000][12575][gc,start    ] GC(52) Pause Young (Normal) (G1 Evacuation Pause)
[2020-12-08T10:40:00.471+0000][12575][gc,task     ] GC(52) Using 13 workers of 13 for evacuation
[2020-12-08T10:40:00.471+0000][12575][gc,age      ] GC(52) Desired survivor size 40370176 bytes, new threshold 15 (max threshold 15)
[2020-12-08T10:40:00.480+0000][12575][gc,age      ] GC(52) Age table with threshold 15 (max threshold 15)
[2020-12-08T10:40:00.480+0000][12575][gc,age      ] GC(52) - age   1:    4446424 bytes,    4446424 total
[2020-12-08T10:40:00.480+0000][12575][gc,age      ] GC(52) - age   2:    3157992 bytes,    7604416 total
[2020-12-08T10:40:00.480+0000][12575][gc,age      ] GC(52) - age   3:    1419776 bytes,    9024192 total
[2020-12-08T10:40:00.480+0000][12575][gc,age      ] GC(52) - age   4:    1401048 bytes,   10425240 total
[2020-12-08T10:40:00.480+0000][12575][gc,age      ] GC(52) - age   5:    1238976 bytes,   11664216 total
[2020-12-08T10:40:00.480+0000][12575][gc,age      ] GC(52) - age   6:    1027328 bytes,   12691544 total
[2020-12-08T10:40:00.480+0000][12575][gc,age      ] GC(52) - age   7:    2295528 bytes,   14987072 total
[2020-12-08T10:40:00.480+0000][12575][gc,age      ] GC(52) - age   8:    1372552 bytes,   16359624 total
[2020-12-08T10:40:00.480+0000][12575][gc,age      ] GC(52) - age  10:        624 bytes,   16360248 total
[2020-12-08T10:40:00.480+0000][12575][gc,age      ] GC(52) - age  11:     576216 bytes,   16936464 total
[2020-12-08T10:40:00.480+0000][12575][gc,age      ] GC(52) - age  12:     534472 bytes,   17470936 total
[2020-12-08T10:40:00.480+0000][12575][gc,age      ] GC(52) - age  13:       2520 bytes,   17473456 total
[2020-12-08T10:40:00.480+0000][12575][gc,age      ] GC(52) - age  14:        888 bytes,   17474344 total
[2020-12-08T10:40:00.480+0000][12575][gc,age      ] GC(52) - age  15:        336 bytes,   17474680 total
[2020-12-08T10:40:00.480+0000][12575][gc,phases   ] GC(52)   Pre Evacuate Collection Set: 0.2ms
[2020-12-08T10:40:00.480+0000][12575][gc,phases   ] GC(52)   Merge Heap Roots: 0.2ms
[2020-12-08T10:40:00.480+0000][12575][gc,phases   ] GC(52)   Evacuate Collection Set: 7.5ms
[2020-12-08T10:40:00.480+0000][12575][gc,phases   ] GC(52)   Post Evacuate Collection Set: 0.9ms
[2020-12-08T10:40:00.480+0000][12575][gc,phases   ] GC(52)   Other: 1.0ms
[2020-12-08T10:40:00.480+0000][12575][gc,heap     ] GC(52) Eden regions: 597->0(596)
[2020-12-08T10:40:00.480+0000][12575][gc,heap     ] GC(52) Survivor regions: 17->18(77)
[2020-12-08T10:40:00.480+0000][12575][gc,heap     ] GC(52) Old regions: 73->73
[2020-12-08T10:40:00.480+0000][12575][gc,heap     ] GC(52) Archive regions: 2->2
[2020-12-08T10:40:00.480+0000][12575][gc,heap     ] GC(52) Humongous regions: 7->7
[2020-12-08T10:40:00.480+0000][12575][gc,metaspace] GC(52) Metaspace: 101573K(105340K)->101573K(105340K) NonClass: 88372K(91004K)->88372K(91004K) Class: 13200K(14336K)->13200K(14336K)
[2020-12-08T10:40:00.480+0000][12575][gc          ] GC(52) Pause Young (Normal) (G1 Evacuation Pause) 693M->98M(1024M) 9.866ms
[2020-12-08T10:40:00.480+0000][12575][gc,cpu      ] GC(52) User=0.03s Sys=0.02s Real=0.01s
[2020-12-08T10:40:00.480+0000][12575][safepoint   ] Safepoint "G1CollectForAllocation", Time since last: 163033276748 ns, Reaching safepoint: 150486 ns, At safepoint: 10016571 ns, Total: 10167057 ns
[2020-12-08T10:41:43.141+0000][12575][safepoint   ] Safepoint "Cleanup", Time since last: 102658488466 ns, Reaching safepoint: 162558 ns, At safepoint: 19896 ns, Total: 182454 ns
[2020-12-08T10:43:33.081+0000][12575][gc,start    ] GC(53) Pause Young (Normal) (G1 Evacuation Pause)
[2020-12-08T10:43:33.081+0000][12575][gc,task     ] GC(53) Using 13 workers of 13 for evacuation
[2020-12-08T10:43:33.081+0000][12575][gc,age      ] GC(53) Desired survivor size 40370176 bytes, new threshold 15 (max threshold 15)
[2020-12-08T10:43:33.108+0000][12575][gc,age      ] GC(53) Age table with threshold 15 (max threshold 15)
[2020-12-08T10:43:33.108+0000][12575][gc,age      ] GC(53) - age   1:    5925968 bytes,    5925968 total
[2020-12-08T10:43:33.108+0000][12575][gc,age      ] GC(53) - age   2:    1572544 bytes,    7498512 total
[2020-12-08T10:43:33.108+0000][12575][gc,age      ] GC(53) - age   3:    1561704 bytes,    9060216 total
[2020-12-08T10:43:33.108+0000][12575][gc,age      ] GC(53) - age   4:    1419776 bytes,   10479992 total
[2020-12-08T10:43:33.108+0000][12575][gc,age      ] GC(53) - age   5:    1401048 bytes,   11881040 total
[2020-12-08T10:43:33.108+0000][12575][gc,age      ] GC(53) - age   6:    1238976 bytes,   13120016 total
[2020-12-08T10:43:33.108+0000][12575][gc,age      ] GC(53) - age   7:    1027328 bytes,   14147344 total
[2020-12-08T10:43:33.108+0000][12575][gc,age      ] GC(53) - age   8:    2295528 bytes,   16442872 total
[2020-12-08T10:43:33.108+0000][12575][gc,age      ] GC(53) - age   9:    1371992 bytes,   17814864 total
[2020-12-08T10:43:33.108+0000][12575][gc,age      ] GC(53) - age  11:        624 bytes,   17815488 total
[2020-12-08T10:43:33.108+0000][12575][gc,age      ] GC(53) - age  12:     576216 bytes,   18391704 total
[2020-12-08T10:43:33.108+0000][12575][gc,age      ] GC(53) - age  13:     534432 bytes,   18926136 total
[2020-12-08T10:43:33.108+0000][12575][gc,age      ] GC(53) - age  14:       2480 bytes,   18928616 total
[2020-12-08T10:43:33.108+0000][12575][gc,age      ] GC(53) - age  15:        888 bytes,   18929504 total
[2020-12-08T10:43:33.108+0000][12575][gc,phases   ] GC(53)   Pre Evacuate Collection Set: 0.3ms
[2020-12-08T10:43:33.108+0000][12575][gc,phases   ] GC(53)   Merge Heap Roots: 0.1ms
[2020-12-08T10:43:33.108+0000][12575][gc,phases   ] GC(53)   Evacuate Collection Set: 25.4ms
[2020-12-08T10:43:33.108+0000][12575][gc,phases   ] GC(53)   Post Evacuate Collection Set: 0.6ms
[2020-12-08T10:43:33.108+0000][12575][gc,phases   ] GC(53)   Other: 0.9ms
[2020-12-08T10:43:33.108+0000][12575][gc,heap     ] GC(53) Eden regions: 596->0(595)
[2020-12-08T10:43:33.108+0000][12575][gc,heap     ] GC(53) Survivor regions: 18->19(77)
[2020-12-08T10:43:33.108+0000][12575][gc,heap     ] GC(53) Old regions: 73->73
[2020-12-08T10:43:33.108+0000][12575][gc,heap     ] GC(53) Archive regions: 2->2
[2020-12-08T10:43:33.108+0000][12575][gc,heap     ] GC(53) Humongous regions: 7->7
[2020-12-08T10:43:33.108+0000][12575][gc,metaspace] GC(53) Metaspace: 101573K(105340K)->101573K(105340K) NonClass: 88372K(91004K)->88372K(91004K) Class: 13200K(14336K)->13200K(14336K)
[2020-12-08T10:43:33.108+0000][12575][gc          ] GC(53) Pause Young (Normal) (G1 Evacuation Pause) 694M->99M(1024M) 27.441ms
[2020-12-08T10:43:33.108+0000][12575][gc,cpu      ] GC(53) User=0.03s Sys=0.07s Real=0.02s
[2020-12-08T10:43:33.108+0000][12575][safepoint   ] Safepoint "G1CollectForAllocation", Time since last: 109935595040 ns, Reaching safepoint: 2743962 ns, At safepoint: 27589352 ns, Total: 30333314 ns
[2020-12-08T10:46:59.251+0000][12575][gc,start    ] GC(54) Pause Young (Normal) (G1 Evacuation Pause)
[2020-12-08T10:46:59.251+0000][12575][gc,task     ] GC(54) Using 13 workers of 13 for evacuation
[2020-12-08T10:46:59.252+0000][12575][gc,age      ] GC(54) Desired survivor size 40370176 bytes, new threshold 15 (max threshold 15)
[2020-12-08T10:46:59.274+0000][12575][gc,age      ] GC(54) Age table with threshold 15 (max threshold 15)
[2020-12-08T10:46:59.274+0000][12575][gc,age      ] GC(54) - age   1:    4039120 bytes,    4039120 total
[2020-12-08T10:46:59.274+0000][12575][gc,age      ] GC(54) - age   2:    3655856 bytes,    7694976 total
[2020-12-08T10:46:59.274+0000][12575][gc,age      ] GC(54) - age   3:     905072 bytes,    8600048 total
[2020-12-08T10:46:59.274+0000][12575][gc,age      ] GC(54) - age   4:    1561512 bytes,   10161560 total
[2020-12-08T10:46:59.274+0000][12575][gc,age      ] GC(54) - age   5:    1419256 bytes,   11580816 total
[2020-12-08T10:46:59.274+0000][12575][gc,age      ] GC(54) - age   6:    1400976 bytes,   12981792 total
[2020-12-08T10:46:59.274+0000][12575][gc,age      ] GC(54) - age   7:    1238904 bytes,   14220696 total
[2020-12-08T10:46:59.274+0000][12575][gc,age      ] GC(54) - age   8:    1027328 bytes,   15248024 total
[2020-12-08T10:46:59.274+0000][12575][gc,age      ] GC(54) - age   9:    2295528 bytes,   17543552 total
[2020-12-08T10:46:59.274+0000][12575][gc,age      ] GC(54) - age  10:    1371992 bytes,   18915544 total
[2020-12-08T10:46:59.274+0000][12575][gc,age      ] GC(54) - age  12:        624 bytes,   18916168 total
[2020-12-08T10:46:59.274+0000][12575][gc,age      ] GC(54) - age  13:     576216 bytes,   19492384 total
[2020-12-08T10:46:59.274+0000][12575][gc,age      ] GC(54) - age  14:     534432 bytes,   20026816 total
[2020-12-08T10:46:59.274+0000][12575][gc,age      ] GC(54) - age  15:       2480 bytes,   20029296 total
[2020-12-08T10:46:59.274+0000][12575][gc,phases   ] GC(54)   Pre Evacuate Collection Set: 0.2ms
[2020-12-08T10:46:59.274+0000][12575][gc,phases   ] GC(54)   Merge Heap Roots: 0.1ms
[2020-12-08T10:46:59.274+0000][12575][gc,phases   ] GC(54)   Evacuate Collection Set: 20.3ms
[2020-12-08T10:46:59.274+0000][12575][gc,phases   ] GC(54)   Post Evacuate Collection Set: 1.4ms
[2020-12-08T10:46:59.274+0000][12575][gc,phases   ] GC(54)   Other: 0.5ms
[2020-12-08T10:46:59.274+0000][12575][gc,heap     ] GC(54) Eden regions: 595->0(594)
[2020-12-08T10:46:59.274+0000][12575][gc,heap     ] GC(54) Survivor regions: 19->20(77)
[2020-12-08T10:46:59.274+0000][12575][gc,heap     ] GC(54) Old regions: 73->73
[2020-12-08T10:46:59.274+0000][12575][gc,heap     ] GC(54) Archive regions: 2->2
[2020-12-08T10:46:59.274+0000][12575][gc,heap     ] GC(54) Humongous regions: 7->7
[2020-12-08T10:46:59.274+0000][12575][gc,metaspace] GC(54) Metaspace: 101574K(105340K)->101574K(105340K) NonClass: 88373K(91004K)->88373K(91004K) Class: 13200K(14336K)->13200K(14336K)
[2020-12-08T10:46:59.274+0000][12575][gc          ] GC(54) Pause Young (Normal) (G1 Evacuation Pause) 694M->100M(1024M) 22.598ms
[2020-12-08T10:46:59.274+0000][12575][gc,cpu      ] GC(54) User=0.04s Sys=0.04s Real=0.02s
[2020-12-08T10:46:59.274+0000][12575][safepoint   ] Safepoint "G1CollectForAllocation", Time since last: 206139633755 ns, Reaching safepoint: 159216 ns, At safepoint: 22755831 ns, Total: 22915047 ns
[2020-12-08T10:50:05.386+0000][12575][safepoint   ] Safepoint "Cleanup", Time since last: 186108683958 ns, Reaching safepoint: 180406 ns, At safepoint: 13072 ns, Total: 193478 ns
[2020-12-08T10:50:25.064+0000][12575][gc,start    ] GC(55) Pause Young (Normal) (G1 Evacuation Pause)
[2020-12-08T10:50:25.064+0000][12575][gc,task     ] GC(55) Using 13 workers of 13 for evacuation
[2020-12-08T10:50:25.064+0000][12575][gc,age      ] GC(55) Desired survivor size 40370176 bytes, new threshold 15 (max threshold 15)
[2020-12-08T10:50:25.080+0000][12575][gc,age      ] GC(55) Age table with threshold 15 (max threshold 15)
[2020-12-08T10:50:25.080+0000][12575][gc,age      ] GC(55) - age   1:    6511904 bytes,    6511904 total
[2020-12-08T10:50:25.080+0000][12575][gc,age      ] GC(55) - age   2:    2846128 bytes,    9358032 total
[2020-12-08T10:50:25.080+0000][12575][gc,age      ] GC(55) - age   3:     895496 bytes,   10253528 total
[2020-12-08T10:50:25.080+0000][12575][gc,age      ] GC(55) - age   4:     904384 bytes,   11157912 total
[2020-12-08T10:50:25.080+0000][12575][gc,age      ] GC(55) - age   5:    1561512 bytes,   12719424 total
[2020-12-08T10:50:25.080+0000][12575][gc,age      ] GC(55) - age   6:    1025992 bytes,   13745416 total
[2020-12-08T10:50:25.080+0000][12575][gc,age      ] GC(55) - age   7:    1400976 bytes,   15146392 total
[2020-12-08T10:50:25.080+0000][12575][gc,age      ] GC(55) - age   8:    1042248 bytes,   16188640 total
[2020-12-08T10:50:25.080+0000][12575][gc,age      ] GC(55) - age   9:    1027328 bytes,   17215968 total
[2020-12-08T10:50:25.080+0000][12575][gc,age      ] GC(55) - age  10:    2295528 bytes,   19511496 total
[2020-12-08T10:50:25.080+0000][12575][gc,age      ] GC(55) - age  11:    1367288 bytes,   20878784 total
[2020-12-08T10:50:25.080+0000][12575][gc,age      ] GC(55) - age  13:        624 bytes,   20879408 total
[2020-12-08T10:50:25.080+0000][12575][gc,age      ] GC(55) - age  14:     576216 bytes,   21455624 total
[2020-12-08T10:50:25.080+0000][12575][gc,age      ] GC(55) - age  15:     534432 bytes,   21990056 total
[2020-12-08T10:50:25.080+0000][12575][gc,phases   ] GC(55)   Pre Evacuate Collection Set: 0.2ms
[2020-12-08T10:50:25.080+0000][12575][gc,phases   ] GC(55)   Merge Heap Roots: 0.1ms
[2020-12-08T10:50:25.080+0000][12575][gc,phases   ] GC(55)   Evacuate Collection Set: 14.4ms
[2020-12-08T10:50:25.080+0000][12575][gc,phases   ] GC(55)   Post Evacuate Collection Set: 1.1ms
[2020-12-08T10:50:25.080+0000][12575][gc,phases   ] GC(55)   Other: 0.4ms
[2020-12-08T10:50:25.080+0000][12575][gc,heap     ] GC(55) Eden regions: 594->0(592)
[2020-12-08T10:50:25.080+0000][12575][gc,heap     ] GC(55) Survivor regions: 20->22(77)
[2020-12-08T10:50:25.080+0000][12575][gc,heap     ] GC(55) Old regions: 73->73
[2020-12-08T10:50:25.080+0000][12575][gc,heap     ] GC(55) Archive regions: 2->2
[2020-12-08T10:50:25.080+0000][12575][gc,heap     ] GC(55) Humongous regions: 7->7
[2020-12-08T10:50:25.080+0000][12575][gc,metaspace] GC(55) Metaspace: 101574K(105340K)->101574K(105340K) NonClass: 88373K(91004K)->88373K(91004K) Class: 13200K(14336K)->13200K(14336K)
[2020-12-08T10:50:25.080+0000][12575][gc          ] GC(55) Pause Young (Normal) (G1 Evacuation Pause) 694M->102M(1024M) 16.221ms
[2020-12-08T10:50:25.080+0000][12575][gc,cpu      ] GC(55) User=0.02s Sys=0.03s Real=0.02s
[2020-12-08T10:50:25.080+0000][12575][safepoint   ] Safepoint "G1CollectForAllocation", Time since last: 19674383465 ns, Reaching safepoint: 3492762 ns, At safepoint: 16325235 ns, Total: 19817997 ns
[2020-12-08T10:53:55.582+0000][12575][gc,start    ] GC(56) Pause Young (Normal) (G1 Evacuation Pause)
[2020-12-08T10:53:55.583+0000][12575][gc,task     ] GC(56) Using 13 workers of 13 for evacuation
[2020-12-08T10:53:55.583+0000][12575][gc,age      ] GC(56) Desired survivor size 40370176 bytes, new threshold 15 (max threshold 15)
[2020-12-08T10:53:55.609+0000][12575][gc,age      ] GC(56) Age table with threshold 15 (max threshold 15)
[2020-12-08T10:53:55.609+0000][12575][gc,age      ] GC(56) - age   1:    6152864 bytes,    6152864 total
[2020-12-08T10:53:55.609+0000][12575][gc,age      ] GC(56) - age   2:    3772216 bytes,    9925080 total
[2020-12-08T10:53:55.609+0000][12575][gc,age      ] GC(56) - age   3:    1492096 bytes,   11417176 total
[2020-12-08T10:53:55.609+0000][12575][gc,age      ] GC(56) - age   4:     895496 bytes,   12312672 total
[2020-12-08T10:53:55.609+0000][12575][gc,age      ] GC(56) - age   5:     904384 bytes,   13217056 total
[2020-12-08T10:53:55.609+0000][12575][gc,age      ] GC(56) - age   6:    1561512 bytes,   14778568 total
[2020-12-08T10:53:55.609+0000][12575][gc,age      ] GC(56) - age   7:    1025992 bytes,   15804560 total
[2020-12-08T10:53:55.609+0000][12575][gc,age      ] GC(56) - age   8:    1007112 bytes,   16811672 total
[2020-12-08T10:53:55.609+0000][12575][gc,age      ] GC(56) - age   9:    1042208 bytes,   17853880 total
[2020-12-08T10:53:55.609+0000][12575][gc,age      ] GC(56) - age  10:    1027256 bytes,   18881136 total
[2020-12-08T10:53:55.609+0000][12575][gc,age      ] GC(56) - age  11:    2295528 bytes,   21176664 total
[2020-12-08T10:53:55.609+0000][12575][gc,age      ] GC(56) - age  12:    1367288 bytes,   22543952 total
[2020-12-08T10:53:55.609+0000][12575][gc,age      ] GC(56) - age  14:        624 bytes,   22544576 total
[2020-12-08T10:53:55.609+0000][12575][gc,age      ] GC(56) - age  15:     576216 bytes,   23120792 total
[2020-12-08T10:53:55.610+0000][12575][gc,phases   ] GC(56)   Pre Evacuate Collection Set: 0.3ms
[2020-12-08T10:53:55.610+0000][12575][gc,phases   ] GC(56)   Merge Heap Roots: 0.1ms
[2020-12-08T10:53:55.610+0000][12575][gc,phases   ] GC(56)   Evacuate Collection Set: 24.2ms
[2020-12-08T10:53:55.610+0000][12575][gc,phases   ] GC(56)   Post Evacuate Collection Set: 1.6ms
[2020-12-08T10:53:55.610+0000][12575][gc,phases   ] GC(56)   Other: 1.2ms
[2020-12-08T10:53:55.610+0000][12575][gc,heap     ] GC(56) Eden regions: 592->0(590)
[2020-12-08T10:53:55.610+0000][12575][gc,heap     ] GC(56) Survivor regions: 22->24(77)
[2020-12-08T10:53:55.610+0000][12575][gc,heap     ] GC(56) Old regions: 73->74
[2020-12-08T10:53:55.610+0000][12575][gc,heap     ] GC(56) Archive regions: 2->2
[2020-12-08T10:53:55.610+0000][12575][gc,heap     ] GC(56) Humongous regions: 7->7
[2020-12-08T10:53:55.610+0000][12575][gc,metaspace] GC(56) Metaspace: 101574K(105340K)->101574K(105340K) NonClass: 88373K(91004K)->88373K(91004K) Class: 13200K(14336K)->13200K(14336K)
[2020-12-08T10:53:55.610+0000][12575][gc          ] GC(56) Pause Young (Normal) (G1 Evacuation Pause) 694M->104M(1024M) 27.534ms
[2020-12-08T10:53:55.610+0000][12575][gc,cpu      ] GC(56) User=0.03s Sys=0.06s Real=0.03s
[2020-12-08T10:53:55.610+0000][12575][safepoint   ] Safepoint "G1CollectForAllocation", Time since last: 210495038841 ns, Reaching safepoint: 3333709 ns, At safepoint: 27732633 ns, Total: 31066342 ns
[2020-12-08T10:56:18.323+0000][12575][safepoint   ] Safepoint "Cleanup", Time since last: 142710643520 ns, Reaching safepoint: 142279 ns, At safepoint: 58295 ns, Total: 200574 ns
[2020-12-08T10:57:22.371+0000][12575][gc,start    ] GC(57) Pause Young (Normal) (G1 Evacuation Pause)
[2020-12-08T10:57:22.371+0000][12575][gc,task     ] GC(57) Using 13 workers of 13 for evacuation
[2020-12-08T10:57:22.371+0000][12575][gc,age      ] GC(57) Desired survivor size 40370176 bytes, new threshold 15 (max threshold 15)
[2020-12-08T10:57:22.378+0000][12575][gc,age      ] GC(57) Age table with threshold 15 (max threshold 15)
[2020-12-08T10:57:22.378+0000][12575][gc,age      ] GC(57) - age   1:    5008728 bytes,    5008728 total
[2020-12-08T10:57:22.378+0000][12575][gc,age      ] GC(57) - age   2:    4901568 bytes,    9910296 total
[2020-12-08T10:57:22.378+0000][12575][gc,age      ] GC(57) - age   3:    2057888 bytes,   11968184 total
[2020-12-08T10:57:22.378+0000][12575][gc,age      ] GC(57) - age   4:     741136 bytes,   12709320 total
[2020-12-08T10:57:22.378+0000][12575][gc,age      ] GC(57) - age   5:     895496 bytes,   13604816 total
[2020-12-08T10:57:22.378+0000][12575][gc,age      ] GC(57) - age   6:     904176 bytes,   14508992 total
[2020-12-08T10:57:22.378+0000][12575][gc,age      ] GC(57) - age   7:    1561512 bytes,   16070504 total
[2020-12-08T10:57:22.378+0000][12575][gc,age      ] GC(57) - age   8:    1025992 bytes,   17096496 total
[2020-12-08T10:57:22.378+0000][12575][gc,age      ] GC(57) - age   9:    1007112 bytes,   18103608 total
[2020-12-08T10:57:22.378+0000][12575][gc,age      ] GC(57) - age  10:    1042208 bytes,   19145816 total
[2020-12-08T10:57:22.378+0000][12575][gc,age      ] GC(57) - age  11:    1027256 bytes,   20173072 total
[2020-12-08T10:57:22.378+0000][12575][gc,age      ] GC(57) - age  12:    2295528 bytes,   22468600 total
[2020-12-08T10:57:22.378+0000][12575][gc,age      ] GC(57) - age  13:    1367288 bytes,   23835888 total
[2020-12-08T10:57:22.378+0000][12575][gc,age      ] GC(57) - age  15:        624 bytes,   23836512 total
[2020-12-08T10:57:22.378+0000][12575][gc,phases   ] GC(57)   Pre Evacuate Collection Set: 0.2ms
[2020-12-08T10:57:22.378+0000][12575][gc,phases   ] GC(57)   Merge Heap Roots: 0.2ms
[2020-12-08T10:57:22.378+0000][12575][gc,phases   ] GC(57)   Evacuate Collection Set: 6.0ms
[2020-12-08T10:57:22.378+0000][12575][gc,phases   ] GC(57)   Post Evacuate Collection Set: 0.7ms
[2020-12-08T10:57:22.378+0000][12575][gc,phases   ] GC(57)   Other: 0.5ms
[2020-12-08T10:57:22.378+0000][12575][gc,heap     ] GC(57) Eden regions: 590->0(590)
[2020-12-08T10:57:22.378+0000][12575][gc,heap     ] GC(57) Survivor regions: 24->24(77)
[2020-12-08T10:57:22.378+0000][12575][gc,heap     ] GC(57) Old regions: 74->74
[2020-12-08T10:57:22.378+0000][12575][gc,heap     ] GC(57) Archive regions: 2->2
[2020-12-08T10:57:22.378+0000][12575][gc,heap     ] GC(57) Humongous regions: 7->7
[2020-12-08T10:57:22.378+0000][12575][gc,metaspace] GC(57) Metaspace: 101574K(105340K)->101574K(105340K) NonClass: 88373K(91004K)->88373K(91004K) Class: 13200K(14336K)->13200K(14336K)
[2020-12-08T10:57:22.378+0000][12575][gc          ] GC(57) Pause Young (Normal) (G1 Evacuation Pause) 694M->105M(1024M) 7.681ms
[2020-12-08T10:57:22.378+0000][12575][gc,cpu      ] GC(57) User=0.02s Sys=0.02s Real=0.00s
[2020-12-08T10:57:22.378+0000][12575][safepoint   ] Safepoint "G1CollectForAllocation", Time since last: 64046521422 ns, Reaching safepoint: 153674 ns, At safepoint: 7834557 ns, Total: 7988231 ns
[2020-12-08T11:00:46.177+0000][12575][gc,start    ] GC(58) Pause Young (Normal) (G1 Evacuation Pause)
[2020-12-08T11:00:46.177+0000][12575][gc,task     ] GC(58) Using 13 workers of 13 for evacuation
[2020-12-08T11:00:46.177+0000][12575][gc,age      ] GC(58) Desired survivor size 40370176 bytes, new threshold 15 (max threshold 15)
[2020-12-08T11:00:46.201+0000][12575][gc,age      ] GC(58) Age table with threshold 15 (max threshold 15)
[2020-12-08T11:00:46.201+0000][12575][gc,age      ] GC(58) - age   1:    6260664 bytes,    6260664 total
[2020-12-08T11:00:46.201+0000][12575][gc,age      ] GC(58) - age   2:    3812296 bytes,   10072960 total
[2020-12-08T11:00:46.201+0000][12575][gc,age      ] GC(58) - age   3:    1550904 bytes,   11623864 total
[2020-12-08T11:00:46.201+0000][12575][gc,age      ] GC(58) - age   4:    2052048 bytes,   13675912 total
[2020-12-08T11:00:46.201+0000][12575][gc,age      ] GC(58) - age   5:     740856 bytes,   14416768 total
[2020-12-08T11:00:46.201+0000][12575][gc,age      ] GC(58) - age   6:     895352 bytes,   15312120 total
[2020-12-08T11:00:46.201+0000][12575][gc,age      ] GC(58) - age   7:     904176 bytes,   16216296 total
[2020-12-08T11:00:46.201+0000][12575][gc,age      ] GC(58) - age   8:    1037192 bytes,   17253488 total
[2020-12-08T11:00:46.201+0000][12575][gc,age      ] GC(58) - age   9:    1025992 bytes,   18279480 total
[2020-12-08T11:00:46.201+0000][12575][gc,age      ] GC(58) - age  10:     810456 bytes,   19089936 total
[2020-12-08T11:00:46.201+0000][12575][gc,age      ] GC(58) - age  11:    1042208 bytes,   20132144 total
[2020-12-08T11:00:46.201+0000][12575][gc,age      ] GC(58) - age  12:    1027256 bytes,   21159400 total
[2020-12-08T11:00:46.201+0000][12575][gc,age      ] GC(58) - age  13:    2295528 bytes,   23454928 total
[2020-12-08T11:00:46.201+0000][12575][gc,age      ] GC(58) - age  14:    1367288 bytes,   24822216 total
[2020-12-08T11:00:46.201+0000][12575][gc,phases   ] GC(58)   Pre Evacuate Collection Set: 0.7ms
[2020-12-08T11:00:46.201+0000][12575][gc,phases   ] GC(58)   Merge Heap Roots: 0.2ms
[2020-12-08T11:00:46.201+0000][12575][gc,phases   ] GC(58)   Evacuate Collection Set: 22.7ms
[2020-12-08T11:00:46.201+0000][12575][gc,phases   ] GC(58)   Post Evacuate Collection Set: 0.6ms
[2020-12-08T11:00:46.201+0000][12575][gc,phases   ] GC(58)   Other: 0.3ms
[2020-12-08T11:00:46.201+0000][12575][gc,heap     ] GC(58) Eden regions: 590->0(589)
[2020-12-08T11:00:46.201+0000][12575][gc,heap     ] GC(58) Survivor regions: 24->25(77)
[2020-12-08T11:00:46.201+0000][12575][gc,heap     ] GC(58) Old regions: 74->74
[2020-12-08T11:00:46.201+0000][12575][gc,heap     ] GC(58) Archive regions: 2->2
[2020-12-08T11:00:46.201+0000][12575][gc,heap     ] GC(58) Humongous regions: 9->9
[2020-12-08T11:00:46.201+0000][12575][gc,metaspace] GC(58) Metaspace: 101574K(105340K)->101574K(105340K) NonClass: 88373K(91004K)->88373K(91004K) Class: 13200K(14336K)->13200K(14336K)
[2020-12-08T11:00:46.202+0000][12575][gc          ] GC(58) Pause Young (Normal) (G1 Evacuation Pause) 697M->108M(1024M) 25.093ms
[2020-12-08T11:00:46.202+0000][12575][gc,cpu      ] GC(58) User=0.04s Sys=0.03s Real=0.03s
[2020-12-08T11:00:46.202+0000][12575][safepoint   ] Safepoint "G1CollectForAllocation", Time since last: 203793997335 ns, Reaching safepoint: 1207271 ns, At safepoint: 25221228 ns, Total: 26428499 ns
[2020-12-08T11:04:10.680+0000][12575][gc,start    ] GC(59) Pause Young (Normal) (G1 Evacuation Pause)
[2020-12-08T11:04:10.681+0000][12575][gc,task     ] GC(59) Using 13 workers of 13 for evacuation
[2020-12-08T11:04:10.681+0000][12575][gc,age      ] GC(59) Desired survivor size 40370176 bytes, new threshold 15 (max threshold 15)
[2020-12-08T11:04:10.696+0000][12575][gc,age      ] GC(59) Age table with threshold 15 (max threshold 15)
[2020-12-08T11:04:10.696+0000][12575][gc,age      ] GC(59) - age   1:    2276640 bytes,    2276640 total
[2020-12-08T11:04:10.696+0000][12575][gc,age      ] GC(59) - age   2:    6232240 bytes,    8508880 total
[2020-12-08T11:04:10.696+0000][12575][gc,age      ] GC(59) - age   3:    2434984 bytes,   10943864 total
[2020-12-08T11:04:10.696+0000][12575][gc,age      ] GC(59) - age   4:    1550904 bytes,   12494768 total
[2020-12-08T11:04:10.696+0000][12575][gc,age      ] GC(59) - age   5:    2051768 bytes,   14546536 total
[2020-12-08T11:04:10.696+0000][12575][gc,age      ] GC(59) - age   6:     740856 bytes,   15287392 total
[2020-12-08T11:04:10.696+0000][12575][gc,age      ] GC(59) - age   7:     895352 bytes,   16182744 total
[2020-12-08T11:04:10.696+0000][12575][gc,age      ] GC(59) - age   8:     904176 bytes,   17086920 total
[2020-12-08T11:04:10.696+0000][12575][gc,age      ] GC(59) - age   9:     775032 bytes,   17861952 total
[2020-12-08T11:04:10.696+0000][12575][gc,age      ] GC(59) - age  10:    1025992 bytes,   18887944 total
[2020-12-08T11:04:10.696+0000][12575][gc,age      ] GC(59) - age  11:     810456 bytes,   19698400 total
[2020-12-08T11:04:10.696+0000][12575][gc,age      ] GC(59) - age  12:    1041672 bytes,   20740072 total
[2020-12-08T11:04:10.696+0000][12575][gc,age      ] GC(59) - age  13:    1027256 bytes,   21767328 total
[2020-12-08T11:04:10.696+0000][12575][gc,age      ] GC(59) - age  14:    2295528 bytes,   24062856 total
[2020-12-08T11:04:10.696+0000][12575][gc,age      ] GC(59) - age  15:    1367288 bytes,   25430144 total
[2020-12-08T11:04:10.696+0000][12575][gc,phases   ] GC(59)   Pre Evacuate Collection Set: 1.7ms
[2020-12-08T11:04:10.696+0000][12575][gc,phases   ] GC(59)   Merge Heap Roots: 0.1ms
[2020-12-08T11:04:10.696+0000][12575][gc,phases   ] GC(59)   Evacuate Collection Set: 12.5ms
[2020-12-08T11:04:10.696+0000][12575][gc,phases   ] GC(59)   Post Evacuate Collection Set: 0.6ms
[2020-12-08T11:04:10.696+0000][12575][gc,phases   ] GC(59)   Other: 0.5ms
[2020-12-08T11:04:10.696+0000][12575][gc,heap     ] GC(59) Eden regions: 589->0(588)
[2020-12-08T11:04:10.696+0000][12575][gc,heap     ] GC(59) Survivor regions: 25->26(77)
[2020-12-08T11:04:10.696+0000][12575][gc,heap     ] GC(59) Old regions: 74->74
[2020-12-08T11:04:10.696+0000][12575][gc,heap     ] GC(59) Archive regions: 2->2
[2020-12-08T11:04:10.696+0000][12575][gc,heap     ] GC(59) Humongous regions: 10->10
[2020-12-08T11:04:10.696+0000][12575][gc,metaspace] GC(59) Metaspace: 101574K(105340K)->101574K(105340K) NonClass: 88373K(91004K)->88373K(91004K) Class: 13200K(14336K)->13200K(14336K)
[2020-12-08T11:04:10.696+0000][12575][gc          ] GC(59) Pause Young (Normal) (G1 Evacuation Pause) 698M->109M(1024M) 15.531ms
[2020-12-08T11:04:10.696+0000][12575][gc,cpu      ] GC(59) User=0.04s Sys=0.01s Real=0.01s
[2020-12-08T11:04:10.696+0000][12575][safepoint   ] Safepoint "G1CollectForAllocation", Time since last: 204475237549 ns, Reaching safepoint: 133114 ns, At safepoint: 15690046 ns, Total: 15823160 ns
[2020-12-08T11:07:36.977+0000][12575][gc,start    ] GC(60) Pause Young (Normal) (G1 Evacuation Pause)
[2020-12-08T11:07:36.977+0000][12575][gc,task     ] GC(60) Using 13 workers of 13 for evacuation
[2020-12-08T11:07:36.978+0000][12575][gc,age      ] GC(60) Desired survivor size 40370176 bytes, new threshold 15 (max threshold 15)
[2020-12-08T11:07:37.002+0000][12575][gc,age      ] GC(60) Age table with threshold 15 (max threshold 15)
[2020-12-08T11:07:37.002+0000][12575][gc,age      ] GC(60) - age   1:    6981928 bytes,    6981928 total
[2020-12-08T11:07:37.002+0000][12575][gc,age      ] GC(60) - age   2:     709936 bytes,    7691864 total
[2020-12-08T11:07:37.002+0000][12575][gc,age      ] GC(60) - age   3:    3188144 bytes,   10880008 total
[2020-12-08T11:07:37.002+0000][12575][gc,age      ] GC(60) - age   4:    1590112 bytes,   12470120 total
[2020-12-08T11:07:37.002+0000][12575][gc,age      ] GC(60) - age   5:    1550904 bytes,   14021024 total
[2020-12-08T11:07:37.002+0000][12575][gc,age      ] GC(60) - age   6:    2051768 bytes,   16072792 total
[2020-12-08T11:07:37.002+0000][12575][gc,age      ] GC(60) - age   7:     740856 bytes,   16813648 total
[2020-12-08T11:07:37.002+0000][12575][gc,age      ] GC(60) - age   8:     895352 bytes,   17709000 total
[2020-12-08T11:07:37.002+0000][12575][gc,age      ] GC(60) - age   9:     904176 bytes,   18613176 total
[2020-12-08T11:07:37.002+0000][12575][gc,age      ] GC(60) - age  10:     774752 bytes,   19387928 total
[2020-12-08T11:07:37.002+0000][12575][gc,age      ] GC(60) - age  11:    1025992 bytes,   20413920 total
[2020-12-08T11:07:37.002+0000][12575][gc,age      ] GC(60) - age  12:     810456 bytes,   21224376 total
[2020-12-08T11:07:37.002+0000][12575][gc,age      ] GC(60) - age  13:    1041672 bytes,   22266048 total
[2020-12-08T11:07:37.002+0000][12575][gc,age      ] GC(60) - age  14:    1027144 bytes,   23293192 total
[2020-12-08T11:07:37.002+0000][12575][gc,age      ] GC(60) - age  15:    2295528 bytes,   25588720 total
[2020-12-08T11:07:37.002+0000][12575][gc,phases   ] GC(60)   Pre Evacuate Collection Set: 1.2ms
[2020-12-08T11:07:37.002+0000][12575][gc,phases   ] GC(60)   Merge Heap Roots: 1.2ms
[2020-12-08T11:07:37.002+0000][12575][gc,phases   ] GC(60)   Evacuate Collection Set: 20.0ms
[2020-12-08T11:07:37.002+0000][12575][gc,phases   ] GC(60)   Post Evacuate Collection Set: 1.7ms
[2020-12-08T11:07:37.002+0000][12575][gc,phases   ] GC(60)   Other: 1.1ms
[2020-12-08T11:07:37.002+0000][12575][gc,heap     ] GC(60) Eden regions: 588->0(588)
[2020-12-08T11:07:37.002+0000][12575][gc,heap     ] GC(60) Survivor regions: 26->26(77)
[2020-12-08T11:07:37.002+0000][12575][gc,heap     ] GC(60) Old regions: 74->76
[2020-12-08T11:07:37.002+0000][12575][gc,heap     ] GC(60) Archive regions: 2->2
[2020-12-08T11:07:37.002+0000][12575][gc,heap     ] GC(60) Humongous regions: 10->10
[2020-12-08T11:07:37.002+0000][12575][gc,metaspace] GC(60) Metaspace: 101574K(105340K)->101574K(105340K) NonClass: 88373K(91004K)->88373K(91004K) Class: 13200K(14336K)->13200K(14336K)
[2020-12-08T11:07:37.002+0000][12575][gc          ] GC(60) Pause Young (Normal) (G1 Evacuation Pause) 697M->111M(1024M) 25.327ms
[2020-12-08T11:07:37.002+0000][12575][gc,cpu      ] GC(60) User=0.04s Sys=0.02s Real=0.03s
[2020-12-08T11:07:37.002+0000][12575][safepoint   ] Safepoint "G1CollectForAllocation", Time since last: 206267078600 ns, Reaching safepoint: 10436224 ns, At safepoint: 25532796 ns, Total: 35969020 ns
[2020-12-08T11:10:58.133+0000][12575][safepoint   ] Safepoint "Cleanup", Time since last: 201127017159 ns, Reaching safepoint: 89081 ns, At safepoint: 4011 ns, Total: 93092 ns
[2020-12-08T11:11:00.526+0000][12575][gc,start    ] GC(61) Pause Young (Normal) (G1 Evacuation Pause)
[2020-12-08T11:11:00.526+0000][12575][gc,task     ] GC(61) Using 13 workers of 13 for evacuation
[2020-12-08T11:11:00.526+0000][12575][gc,age      ] GC(61) Desired survivor size 40370176 bytes, new threshold 15 (max threshold 15)
[2020-12-08T11:11:00.530+0000][12575][gc,age      ] GC(61) Age table with threshold 15 (max threshold 15)
[2020-12-08T11:11:00.530+0000][12575][gc,age      ] GC(61) - age   1:    3914592 bytes,    3914592 total
[2020-12-08T11:11:00.530+0000][12575][gc,age      ] GC(61) - age   2:    6956200 bytes,   10870792 total
[2020-12-08T11:11:00.530+0000][12575][gc,age      ] GC(61) - age   3:     708520 bytes,   11579312 total
[2020-12-08T11:11:00.530+0000][12575][gc,age      ] GC(61) - age   4:    1130816 bytes,   12710128 total
[2020-12-08T11:11:00.530+0000][12575][gc,age      ] GC(61) - age   5:     839136 bytes,   13549264 total
[2020-12-08T11:11:00.530+0000][12575][gc,age      ] GC(61) - age   6:    1550904 bytes,   15100168 total
[2020-12-08T11:11:00.530+0000][12575][gc,age      ] GC(61) - age   7:    2051768 bytes,   17151936 total
[2020-12-08T11:11:00.530+0000][12575][gc,age      ] GC(61) - age   8:     740544 bytes,   17892480 total
[2020-12-08T11:11:00.530+0000][12575][gc,age      ] GC(61) - age   9:     895032 bytes,   18787512 total
[2020-12-08T11:11:00.530+0000][12575][gc,age      ] GC(61) - age  10:     904176 bytes,   19691688 total
[2020-12-08T11:11:00.530+0000][12575][gc,age      ] GC(61) - age  11:     774752 bytes,   20466440 total
[2020-12-08T11:11:00.530+0000][12575][gc,age      ] GC(61) - age  12:    1025992 bytes,   21492432 total
[2020-12-08T11:11:00.530+0000][12575][gc,age      ] GC(61) - age  13:     810456 bytes,   22302888 total
[2020-12-08T11:11:00.530+0000][12575][gc,age      ] GC(61) - age  14:    1041672 bytes,   23344560 total
[2020-12-08T11:11:00.531+0000][12575][gc,age      ] GC(61) - age  15:    1027144 bytes,   24371704 total
[2020-12-08T11:11:00.531+0000][12575][gc,phases   ] GC(61)   Pre Evacuate Collection Set: 0.2ms
[2020-12-08T11:11:00.531+0000][12575][gc,phases   ] GC(61)   Merge Heap Roots: 0.1ms
[2020-12-08T11:11:00.531+0000][12575][gc,phases   ] GC(61)   Evacuate Collection Set: 3.2ms
[2020-12-08T11:11:00.531+0000][12575][gc,phases   ] GC(61)   Post Evacuate Collection Set: 0.6ms
[2020-12-08T11:11:00.531+0000][12575][gc,phases   ] GC(61)   Other: 0.5ms
[2020-12-08T11:11:00.531+0000][12575][gc,heap     ] GC(61) Eden regions: 588->0(589)
[2020-12-08T11:11:00.531+0000][12575][gc,heap     ] GC(61) Survivor regions: 26->25(77)
[2020-12-08T11:11:00.531+0000][12575][gc,heap     ] GC(61) Old regions: 76->78
[2020-12-08T11:11:00.531+0000][12575][gc,heap     ] GC(61) Archive regions: 2->2
[2020-12-08T11:11:00.531+0000][12575][gc,heap     ] GC(61) Humongous regions: 10->10
[2020-12-08T11:11:00.531+0000][12575][gc,metaspace] GC(61) Metaspace: 101574K(105340K)->101574K(105340K) NonClass: 88373K(91004K)->88373K(91004K) Class: 13200K(14336K)->13200K(14336K)
[2020-12-08T11:11:00.531+0000][12575][gc          ] GC(61) Pause Young (Normal) (G1 Evacuation Pause) 699M->112M(1024M) 4.762ms
[2020-12-08T11:11:00.531+0000][12575][gc,cpu      ] GC(61) User=0.02s Sys=0.02s Real=0.01s
[2020-12-08T11:11:00.531+0000][12575][safepoint   ] Safepoint "G1CollectForAllocation", Time since last: 2393125375 ns, Reaching safepoint: 156039 ns, At safepoint: 4918513 ns, Total: 5074552 ns
[2020-12-08T11:14:17.626+0000][12575][safepoint   ] Safepoint "Cleanup", Time since last: 197101442507 ns, Reaching safepoint: 1179635 ns, At safepoint: 41304 ns, Total: 1220939 ns
[2020-12-08T11:14:24.323+0000][12575][gc,start    ] GC(62) Pause Young (Normal) (G1 Evacuation Pause)
[2020-12-08T11:14:24.323+0000][12575][gc,task     ] GC(62) Using 13 workers of 13 for evacuation
[2020-12-08T11:14:24.323+0000][12575][gc,age      ] GC(62) Desired survivor size 40370176 bytes, new threshold 15 (max threshold 15)
[2020-12-08T11:14:24.327+0000][12575][gc,age      ] GC(62) Age table with threshold 15 (max threshold 15)
[2020-12-08T11:14:24.327+0000][12575][gc,age      ] GC(62) - age   1:    3194456 bytes,    3194456 total
[2020-12-08T11:14:24.327+0000][12575][gc,age      ] GC(62) - age   2:    3895600 bytes,    7090056 total
[2020-12-08T11:14:24.327+0000][12575][gc,age      ] GC(62) - age   3:    4881152 bytes,   11971208 total
[2020-12-08T11:14:24.327+0000][12575][gc,age      ] GC(62) - age   4:     708520 bytes,   12679728 total
[2020-12-08T11:14:24.327+0000][12575][gc,age      ] GC(62) - age   5:    1130816 bytes,   13810544 total
[2020-12-08T11:14:24.327+0000][12575][gc,age      ] GC(62) - age   6:     838856 bytes,   14649400 total
[2020-12-08T11:14:24.327+0000][12575][gc,age      ] GC(62) - age   7:    1550832 bytes,   16200232 total
[2020-12-08T11:14:24.327+0000][12575][gc,age      ] GC(62) - age   8:    2051768 bytes,   18252000 total
[2020-12-08T11:14:24.327+0000][12575][gc,age      ] GC(62) - age   9:     740544 bytes,   18992544 total
[2020-12-08T11:14:24.327+0000][12575][gc,age      ] GC(62) - age  10:     895032 bytes,   19887576 total
[2020-12-08T11:14:24.327+0000][12575][gc,age      ] GC(62) - age  11:     904176 bytes,   20791752 total
[2020-12-08T11:14:24.327+0000][12575][gc,age      ] GC(62) - age  12:     774472 bytes,   21566224 total
[2020-12-08T11:14:24.328+0000][12575][gc,age      ] GC(62) - age  13:    1025992 bytes,   22592216 total
[2020-12-08T11:14:24.328+0000][12575][gc,age      ] GC(62) - age  14:     810456 bytes,   23402672 total
[2020-12-08T11:14:24.328+0000][12575][gc,age      ] GC(62) - age  15:    1041672 bytes,   24444344 total
[2020-12-08T11:14:24.328+0000][12575][gc,phases   ] GC(62)   Pre Evacuate Collection Set: 0.2ms
[2020-12-08T11:14:24.328+0000][12575][gc,phases   ] GC(62)   Merge Heap Roots: 0.1ms
[2020-12-08T11:14:24.328+0000][12575][gc,phases   ] GC(62)   Evacuate Collection Set: 3.5ms
[2020-12-08T11:14:24.328+0000][12575][gc,phases   ] GC(62)   Post Evacuate Collection Set: 0.6ms
[2020-12-08T11:14:24.328+0000][12575][gc,phases   ] GC(62)   Other: 0.4ms
[2020-12-08T11:14:24.328+0000][12575][gc,heap     ] GC(62) Eden regions: 589->0(589)
[2020-12-08T11:14:24.328+0000][12575][gc,heap     ] GC(62) Survivor regions: 25->25(77)
[2020-12-08T11:14:24.328+0000][12575][gc,heap     ] GC(62) Old regions: 78->79
[2020-12-08T11:14:24.328+0000][12575][gc,heap     ] GC(62) Archive regions: 2->2
[2020-12-08T11:14:24.328+0000][12575][gc,heap     ] GC(62) Humongous regions: 10->10
[2020-12-08T11:14:24.328+0000][12575][gc,metaspace] GC(62) Metaspace: 101574K(105340K)->101574K(105340K) NonClass: 88373K(91004K)->88373K(91004K) Class: 13200K(14336K)->13200K(14336K)
[2020-12-08T11:14:24.328+0000][12575][gc          ] GC(62) Pause Young (Normal) (G1 Evacuation Pause) 701M->113M(1024M) 4.886ms
[2020-12-08T11:14:24.328+0000][12575][gc,cpu      ] GC(62) User=0.02s Sys=0.00s Real=0.00s
[2020-12-08T11:14:24.328+0000][12575][safepoint   ] Safepoint "G1CollectForAllocation", Time since last: 6696171578 ns, Reaching safepoint: 872982 ns, At safepoint: 5018473 ns, Total: 5891455 ns
[2020-12-08T11:17:50.076+0000][12575][gc,start    ] GC(63) Pause Young (Normal) (G1 Evacuation Pause)
[2020-12-08T11:17:50.076+0000][12575][gc,task     ] GC(63) Using 13 workers of 13 for evacuation
[2020-12-08T11:17:50.076+0000][12575][gc,age      ] GC(63) Desired survivor size 40370176 bytes, new threshold 15 (max threshold 15)
[2020-12-08T11:17:50.081+0000][12575][gc,age      ] GC(63) Age table with threshold 15 (max threshold 15)
[2020-12-08T11:17:50.081+0000][12575][gc,age      ] GC(63) - age   1:    6090720 bytes,    6090720 total
[2020-12-08T11:17:50.081+0000][12575][gc,age      ] GC(63) - age   2:    3170168 bytes,    9260888 total
[2020-12-08T11:17:50.081+0000][12575][gc,age      ] GC(63) - age   3:    1581248 bytes,   10842136 total
[2020-12-08T11:17:50.081+0000][12575][gc,age      ] GC(63) - age   4:    2431768 bytes,   13273904 total
[2020-12-08T11:17:50.081+0000][12575][gc,age      ] GC(63) - age   5:     708520 bytes,   13982424 total
[2020-12-08T11:17:50.081+0000][12575][gc,age      ] GC(63) - age   6:    1130816 bytes,   15113240 total
[2020-12-08T11:17:50.081+0000][12575][gc,age      ] GC(63) - age   7:     838856 bytes,   15952096 total
[2020-12-08T11:17:50.081+0000][12575][gc,age      ] GC(63) - age   8:    1550832 bytes,   17502928 total
[2020-12-08T11:17:50.081+0000][12575][gc,age      ] GC(63) - age   9:    2051488 bytes,   19554416 total
[2020-12-08T11:17:50.081+0000][12575][gc,age      ] GC(63) - age  10:     740544 bytes,   20294960 total
[2020-12-08T11:17:50.081+0000][12575][gc,age      ] GC(63) - age  11:     894712 bytes,   21189672 total
[2020-12-08T11:17:50.081+0000][12575][gc,age      ] GC(63) - age  12:     904176 bytes,   22093848 total
[2020-12-08T11:17:50.081+0000][12575][gc,age      ] GC(63) - age  13:     774472 bytes,   22868320 total
[2020-12-08T11:17:50.081+0000][12575][gc,age      ] GC(63) - age  14:    1025920 bytes,   23894240 total
[2020-12-08T11:17:50.081+0000][12575][gc,age      ] GC(63) - age  15:     810456 bytes,   24704696 total
[2020-12-08T11:17:50.081+0000][12575][gc,phases   ] GC(63)   Pre Evacuate Collection Set: 0.3ms
[2020-12-08T11:17:50.081+0000][12575][gc,phases   ] GC(63)   Merge Heap Roots: 0.2ms
[2020-12-08T11:17:50.081+0000][12575][gc,phases   ] GC(63)   Evacuate Collection Set: 3.5ms
[2020-12-08T11:17:50.081+0000][12575][gc,phases   ] GC(63)   Post Evacuate Collection Set: 0.9ms
[2020-12-08T11:17:50.081+0000][12575][gc,phases   ] GC(63)   Other: 0.7ms
[2020-12-08T11:17:50.081+0000][12575][gc,heap     ] GC(63) Eden regions: 589->0(589)
[2020-12-08T11:17:50.081+0000][12575][gc,heap     ] GC(63) Survivor regions: 25->25(77)
[2020-12-08T11:17:50.081+0000][12575][gc,heap     ] GC(63) Old regions: 79->80
[2020-12-08T11:17:50.081+0000][12575][gc,heap     ] GC(63) Archive regions: 2->2
[2020-12-08T11:17:50.081+0000][12575][gc,heap     ] GC(63) Humongous regions: 10->10
[2020-12-08T11:17:50.081+0000][12575][gc,metaspace] GC(63) Metaspace: 101574K(105340K)->101574K(105340K) NonClass: 88373K(91004K)->88373K(91004K) Class: 13200K(14336K)->13200K(14336K)
[2020-12-08T11:17:50.081+0000][12575][gc          ] GC(63) Pause Young (Normal) (G1 Evacuation Pause) 702M->114M(1024M) 5.563ms
[2020-12-08T11:17:50.081+0000][12575][gc,cpu      ] GC(63) User=0.03s Sys=0.01s Real=0.01s
[2020-12-08T11:17:50.081+0000][12575][safepoint   ] Safepoint "G1CollectForAllocation", Time since last: 205742923960 ns, Reaching safepoint: 915856 ns, At safepoint: 5736011 ns, Total: 6651867 ns
[2020-12-08T11:21:17.064+0000][12575][gc,start    ] GC(64) Pause Young (Normal) (G1 Evacuation Pause)
[2020-12-08T11:21:17.064+0000][12575][gc,task     ] GC(64) Using 13 workers of 13 for evacuation
[2020-12-08T11:21:17.064+0000][12575][gc,age      ] GC(64) Desired survivor size 40370176 bytes, new threshold 15 (max threshold 15)
[2020-12-08T11:21:17.083+0000][12575][gc,age      ] GC(64) Age table with threshold 15 (max threshold 15)
[2020-12-08T11:21:17.083+0000][12575][gc,age      ] GC(64) - age   1:    3320864 bytes,    3320864 total
[2020-12-08T11:21:17.083+0000][12575][gc,age      ] GC(64) - age   2:    6069320 bytes,    9390184 total
[2020-12-08T11:21:17.083+0000][12575][gc,age      ] GC(64) - age   3:    2141960 bytes,   11532144 total
[2020-12-08T11:21:17.083+0000][12575][gc,age      ] GC(64) - age   4:    1579512 bytes,   13111656 total
[2020-12-08T11:21:17.083+0000][12575][gc,age      ] GC(64) - age   5:    1155888 bytes,   14267544 total
[2020-12-08T11:21:17.083+0000][12575][gc,age      ] GC(64) - age   6:     708448 bytes,   14975992 total
[2020-12-08T11:21:17.083+0000][12575][gc,age      ] GC(64) - age   7:    1130816 bytes,   16106808 total
[2020-12-08T11:21:17.083+0000][12575][gc,age      ] GC(64) - age   8:     838856 bytes,   16945664 total
[2020-12-08T11:21:17.083+0000][12575][gc,age      ] GC(64) - age   9:    1550832 bytes,   18496496 total
[2020-12-08T11:21:17.083+0000][12575][gc,age      ] GC(64) - age  10:    2051488 bytes,   20547984 total
[2020-12-08T11:21:17.083+0000][12575][gc,age      ] GC(64) - age  11:     740544 bytes,   21288528 total
[2020-12-08T11:21:17.083+0000][12575][gc,age      ] GC(64) - age  12:     894712 bytes,   22183240 total
[2020-12-08T11:21:17.083+0000][12575][gc,age      ] GC(64) - age  13:     904176 bytes,   23087416 total
[2020-12-08T11:21:17.083+0000][12575][gc,age      ] GC(64) - age  14:     774472 bytes,   23861888 total
[2020-12-08T11:21:17.083+0000][12575][gc,age      ] GC(64) - age  15:    1025920 bytes,   24887808 total
[2020-12-08T11:21:17.083+0000][12575][gc,phases   ] GC(64)   Pre Evacuate Collection Set: 0.3ms
[2020-12-08T11:21:17.083+0000][12575][gc,phases   ] GC(64)   Merge Heap Roots: 0.2ms
[2020-12-08T11:21:17.083+0000][12575][gc,phases   ] GC(64)   Evacuate Collection Set: 17.2ms
[2020-12-08T11:21:17.083+0000][12575][gc,phases   ] GC(64)   Post Evacuate Collection Set: 0.8ms
[2020-12-08T11:21:17.083+0000][12575][gc,phases   ] GC(64)   Other: 0.6ms
[2020-12-08T11:21:17.083+0000][12575][gc,heap     ] GC(64) Eden regions: 589->0(589)
[2020-12-08T11:21:17.083+0000][12575][gc,heap     ] GC(64) Survivor regions: 25->25(77)
[2020-12-08T11:21:17.083+0000][12575][gc,heap     ] GC(64) Old regions: 80->81
[2020-12-08T11:21:17.083+0000][12575][gc,heap     ] GC(64) Archive regions: 2->2
[2020-12-08T11:21:17.083+0000][12575][gc,heap     ] GC(64) Humongous regions: 10->10
[2020-12-08T11:21:17.083+0000][12575][gc,metaspace] GC(64) Metaspace: 101578K(105340K)->101578K(105340K) NonClass: 88377K(91004K)->88377K(91004K) Class: 13200K(14336K)->13200K(14336K)
[2020-12-08T11:21:17.083+0000][12575][gc          ] GC(64) Pause Young (Normal) (G1 Evacuation Pause) 703M->116M(1024M) 19.160ms
[2020-12-08T11:21:17.083+0000][12575][gc,cpu      ] GC(64) User=0.04s Sys=0.03s Real=0.02s
[2020-12-08T11:21:17.083+0000][12575][safepoint   ] Safepoint "G1CollectForAllocation", Time since last: 206975411668 ns, Reaching safepoint: 3120034 ns, At safepoint: 19347211 ns, Total: 22467245 ns
[2020-12-08T11:24:41.191+0000][12575][gc,start    ] GC(65) Pause Young (Normal) (G1 Evacuation Pause)
[2020-12-08T11:24:41.192+0000][12575][gc,task     ] GC(65) Using 13 workers of 13 for evacuation
[2020-12-08T11:24:41.192+0000][12575][gc,age      ] GC(65) Desired survivor size 40370176 bytes, new threshold 15 (max threshold 15)
[2020-12-08T11:24:41.196+0000][12575][gc,age      ] GC(65) Age table with threshold 15 (max threshold 15)
[2020-12-08T11:24:41.196+0000][12575][gc,age      ] GC(65) - age   1:    2666728 bytes,    2666728 total
[2020-12-08T11:24:41.196+0000][12575][gc,age      ] GC(65) - age   2:    3292080 bytes,    5958808 total
[2020-12-08T11:24:41.197+0000][12575][gc,age      ] GC(65) - age   3:    6060584 bytes,   12019392 total
[2020-12-08T11:24:41.197+0000][12575][gc,age      ] GC(65) - age   4:     835784 bytes,   12855176 total
[2020-12-08T11:24:41.197+0000][12575][gc,age      ] GC(65) - age   5:    1579304 bytes,   14434480 total
[2020-12-08T11:24:41.197+0000][12575][gc,age      ] GC(65) - age   6:     838880 bytes,   15273360 total
[2020-12-08T11:24:41.197+0000][12575][gc,age      ] GC(65) - age   7:     708448 bytes,   15981808 total
[2020-12-08T11:24:41.197+0000][12575][gc,age      ] GC(65) - age   8:    1130536 bytes,   17112344 total
[2020-12-08T11:24:41.197+0000][12575][gc,age      ] GC(65) - age   9:     838856 bytes,   17951200 total
[2020-12-08T11:24:41.197+0000][12575][gc,age      ] GC(65) - age  10:    1550832 bytes,   19502032 total
[2020-12-08T11:24:41.197+0000][12575][gc,age      ] GC(65) - age  11:    1265008 bytes,   20767040 total
[2020-12-08T11:24:41.197+0000][12575][gc,age      ] GC(65) - age  12:     740544 bytes,   21507584 total
[2020-12-08T11:24:41.197+0000][12575][gc,age      ] GC(65) - age  13:     894712 bytes,   22402296 total
[2020-12-08T11:24:41.197+0000][12575][gc,age      ] GC(65) - age  14:     904176 bytes,   23306472 total
[2020-12-08T11:24:41.197+0000][12575][gc,age      ] GC(65) - age  15:     774472 bytes,   24080944 total
[2020-12-08T11:24:41.197+0000][12575][gc,phases   ] GC(65)   Pre Evacuate Collection Set: 0.3ms
[2020-12-08T11:24:41.197+0000][12575][gc,phases   ] GC(65)   Merge Heap Roots: 0.2ms
[2020-12-08T11:24:41.197+0000][12575][gc,phases   ] GC(65)   Evacuate Collection Set: 3.0ms
[2020-12-08T11:24:41.197+0000][12575][gc,phases   ] GC(65)   Post Evacuate Collection Set: 0.8ms
[2020-12-08T11:24:41.197+0000][12575][gc,phases   ] GC(65)   Other: 1.3ms
[2020-12-08T11:24:41.197+0000][12575][gc,heap     ] GC(65) Eden regions: 589->0(589)
[2020-12-08T11:24:41.197+0000][12575][gc,heap     ] GC(65) Survivor regions: 25->25(77)
[2020-12-08T11:24:41.197+0000][12575][gc,heap     ] GC(65) Old regions: 81->82
[2020-12-08T11:24:41.197+0000][12575][gc,heap     ] GC(65) Archive regions: 2->2
[2020-12-08T11:24:41.197+0000][12575][gc,heap     ] GC(65) Humongous regions: 13->13
[2020-12-08T11:24:41.197+0000][12575][gc,metaspace] GC(65) Metaspace: 101578K(105340K)->101578K(105340K) NonClass: 88377K(91004K)->88377K(91004K) Class: 13200K(14336K)->13200K(14336K)
[2020-12-08T11:24:41.197+0000][12575][gc          ] GC(65) Pause Young (Normal) (G1 Evacuation Pause) 708M->119M(1024M) 5.762ms
[2020-12-08T11:24:41.197+0000][12575][gc,cpu      ] GC(65) User=0.04s Sys=0.01s Real=0.00s
[2020-12-08T11:24:41.197+0000][12575][safepoint   ] Safepoint "G1CollectForAllocation", Time since last: 204102179858 ns, Reaching safepoint: 2007832 ns, At safepoint: 5958684 ns, Total: 7966516 ns
[2020-12-08T11:28:04.494+0000][12575][gc,start    ] GC(66) Pause Young (Normal) (G1 Evacuation Pause)
[2020-12-08T11:28:04.495+0000][12575][gc,task     ] GC(66) Using 13 workers of 13 for evacuation
[2020-12-08T11:28:04.495+0000][12575][gc,age      ] GC(66) Desired survivor size 40370176 bytes, new threshold 15 (max threshold 15)
[2020-12-08T11:28:04.500+0000][12575][gc,age      ] GC(66) Age table with threshold 15 (max threshold 15)
[2020-12-08T11:28:04.500+0000][12575][gc,age      ] GC(66) - age   1:    6575496 bytes,    6575496 total
[2020-12-08T11:28:04.500+0000][12575][gc,age      ] GC(66) - age   2:    2641968 bytes,    9217464 total
[2020-12-08T11:28:04.500+0000][12575][gc,age      ] GC(66) - age   3:    2870064 bytes,   12087528 total
[2020-12-08T11:28:04.500+0000][12575][gc,age      ] GC(66) - age   4:    2154920 bytes,   14242448 total
[2020-12-08T11:28:04.500+0000][12575][gc,age      ] GC(66) - age   5:     835784 bytes,   15078232 total
[2020-12-08T11:28:04.500+0000][12575][gc,age      ] GC(66) - age   6:     734552 bytes,   15812784 total
[2020-12-08T11:28:04.500+0000][12575][gc,age      ] GC(66) - age   7:     838880 bytes,   16651664 total
[2020-12-08T11:28:04.500+0000][12575][gc,age      ] GC(66) - age   8:     708448 bytes,   17360112 total
[2020-12-08T11:28:04.500+0000][12575][gc,age      ] GC(66) - age   9:    1130536 bytes,   18490648 total
[2020-12-08T11:28:04.500+0000][12575][gc,age      ] GC(66) - age  10:     838856 bytes,   19329504 total
[2020-12-08T11:28:04.500+0000][12575][gc,age      ] GC(66) - age  11:    1550832 bytes,   20880336 total
[2020-12-08T11:28:04.500+0000][12575][gc,age      ] GC(66) - age  12:    1265008 bytes,   22145344 total
[2020-12-08T11:28:04.500+0000][12575][gc,age      ] GC(66) - age  13:     740544 bytes,   22885888 total
[2020-12-08T11:28:04.500+0000][12575][gc,age      ] GC(66) - age  14:     894712 bytes,   23780600 total
[2020-12-08T11:28:04.500+0000][12575][gc,age      ] GC(66) - age  15:     904176 bytes,   24684776 total
[2020-12-08T11:28:04.500+0000][12575][gc,phases   ] GC(66)   Pre Evacuate Collection Set: 0.2ms
[2020-12-08T11:28:04.500+0000][12575][gc,phases   ] GC(66)   Merge Heap Roots: 0.1ms
[2020-12-08T11:28:04.500+0000][12575][gc,phases   ] GC(66)   Evacuate Collection Set: 3.3ms
[2020-12-08T11:28:04.500+0000][12575][gc,phases   ] GC(66)   Post Evacuate Collection Set: 1.4ms
[2020-12-08T11:28:04.500+0000][12575][gc,phases   ] GC(66)   Other: 1.3ms
[2020-12-08T11:28:04.500+0000][12575][gc,heap     ] GC(66) Eden regions: 589->0(589)
[2020-12-08T11:28:04.500+0000][12575][gc,heap     ] GC(66) Survivor regions: 25->25(77)
[2020-12-08T11:28:04.501+0000][12575][gc,heap     ] GC(66) Old regions: 82->83
[2020-12-08T11:28:04.501+0000][12575][gc,heap     ] GC(66) Archive regions: 2->2
[2020-12-08T11:28:04.501+0000][12575][gc,heap     ] GC(66) Humongous regions: 13->13
[2020-12-08T11:28:04.501+0000][12575][gc,metaspace] GC(66) Metaspace: 101578K(105340K)->101578K(105340K) NonClass: 88377K(91004K)->88377K(91004K) Class: 13200K(14336K)->13200K(14336K)
[2020-12-08T11:28:04.501+0000][12575][gc          ] GC(66) Pause Young (Normal) (G1 Evacuation Pause) 708M->120M(1024M) 6.626ms
[2020-12-08T11:28:04.501+0000][12575][gc,cpu      ] GC(66) User=0.03s Sys=0.01s Real=0.01s
[2020-12-08T11:28:04.501+0000][12575][safepoint   ] Safepoint "G1CollectForAllocation", Time since last: 203292942342 ns, Reaching safepoint: 154473 ns, At safepoint: 6804953 ns, Total: 6959426 ns
[2020-12-08T11:31:32.231+0000][12575][gc,start    ] GC(67) Pause Young (Normal) (G1 Evacuation Pause)
[2020-12-08T11:31:32.231+0000][12575][gc,task     ] GC(67) Using 13 workers of 13 for evacuation
[2020-12-08T11:31:32.232+0000][12575][gc,age      ] GC(67) Desired survivor size 40370176 bytes, new threshold 15 (max threshold 15)
[2020-12-08T11:31:32.238+0000][12575][gc,age      ] GC(67) Age table with threshold 15 (max threshold 15)
[2020-12-08T11:31:32.238+0000][12575][gc,age      ] GC(67) - age   1:    5739384 bytes,    5739384 total
[2020-12-08T11:31:32.238+0000][12575][gc,age      ] GC(67) - age   2:    6556912 bytes,   12296296 total
[2020-12-08T11:31:32.238+0000][12575][gc,age      ] GC(67) - age   3:    1172512 bytes,   13468808 total
[2020-12-08T11:31:32.238+0000][12575][gc,age      ] GC(67) - age   4:    1410960 bytes,   14879768 total
[2020-12-08T11:31:32.238+0000][12575][gc,age      ] GC(67) - age   5:     709576 bytes,   15589344 total
[2020-12-08T11:31:32.238+0000][12575][gc,age      ] GC(67) - age   6:     835784 bytes,   16425128 total
[2020-12-08T11:31:32.238+0000][12575][gc,age      ] GC(67) - age   7:     734552 bytes,   17159680 total
[2020-12-08T11:31:32.238+0000][12575][gc,age      ] GC(67) - age   8:     838880 bytes,   17998560 total
[2020-12-08T11:31:32.238+0000][12575][gc,age      ] GC(67) - age   9:     708448 bytes,   18707008 total
[2020-12-08T11:31:32.238+0000][12575][gc,age      ] GC(67) - age  10:    1130536 bytes,   19837544 total
[2020-12-08T11:31:32.238+0000][12575][gc,age      ] GC(67) - age  11:     838856 bytes,   20676400 total
[2020-12-08T11:31:32.238+0000][12575][gc,age      ] GC(67) - age  12:    1550760 bytes,   22227160 total
[2020-12-08T11:31:32.238+0000][12575][gc,age      ] GC(67) - age  13:    1265008 bytes,   23492168 total
[2020-12-08T11:31:32.238+0000][12575][gc,age      ] GC(67) - age  14:     740544 bytes,   24232712 total
[2020-12-08T11:31:32.238+0000][12575][gc,age      ] GC(67) - age  15:     894712 bytes,   25127424 total
[2020-12-08T11:31:32.238+0000][12575][gc,phases   ] GC(67)   Pre Evacuate Collection Set: 0.2ms
[2020-12-08T11:31:32.238+0000][12575][gc,phases   ] GC(67)   Merge Heap Roots: 0.1ms
[2020-12-08T11:31:32.238+0000][12575][gc,phases   ] GC(67)   Evacuate Collection Set: 5.0ms
[2020-12-08T11:31:32.238+0000][12575][gc,phases   ] GC(67)   Post Evacuate Collection Set: 0.5ms
[2020-12-08T11:31:32.238+0000][12575][gc,phases   ] GC(67)   Other: 1.0ms
[2020-12-08T11:31:32.238+0000][12575][gc,heap     ] GC(67) Eden regions: 589->0(589)
[2020-12-08T11:31:32.238+0000][12575][gc,heap     ] GC(67) Survivor regions: 25->25(77)
[2020-12-08T11:31:32.238+0000][12575][gc,heap     ] GC(67) Old regions: 83->83
[2020-12-08T11:31:32.238+0000][12575][gc,heap     ] GC(67) Archive regions: 2->2
[2020-12-08T11:31:32.238+0000][12575][gc,heap     ] GC(67) Humongous regions: 13->13
[2020-12-08T11:31:32.238+0000][12575][gc,metaspace] GC(67) Metaspace: 101578K(105340K)->101578K(105340K) NonClass: 88377K(91004K)->88377K(91004K) Class: 13200K(14336K)->13200K(14336K)
[2020-12-08T11:31:32.238+0000][12575][gc          ] GC(67) Pause Young (Normal) (G1 Evacuation Pause) 709M->121M(1024M) 6.988ms
[2020-12-08T11:31:32.238+0000][12575][gc,cpu      ] GC(67) User=0.01s Sys=0.02s Real=0.00s
[2020-12-08T11:31:32.238+0000][12575][safepoint   ] Safepoint "G1CollectForAllocation", Time since last: 207726129280 ns, Reaching safepoint: 95221 ns, At safepoint: 7107791 ns, Total: 7203012 ns
[2020-12-08T11:34:58.809+0000][12575][gc,start    ] GC(68) Pause Young (Normal) (G1 Evacuation Pause)
[2020-12-08T11:34:58.810+0000][12575][gc,task     ] GC(68) Using 13 workers of 13 for evacuation
[2020-12-08T11:34:58.810+0000][12575][gc,age      ] GC(68) Desired survivor size 40370176 bytes, new threshold 15 (max threshold 15)
[2020-12-08T11:34:58.816+0000][12575][gc,age      ] GC(68) Age table with threshold 15 (max threshold 15)
[2020-12-08T11:34:58.816+0000][12575][gc,age      ] GC(68) - age   1:     746064 bytes,     746064 total
[2020-12-08T11:34:58.816+0000][12575][gc,age      ] GC(68) - age   2:    5720360 bytes,    6466424 total
[2020-12-08T11:34:58.816+0000][12575][gc,age      ] GC(68) - age   3:    6556720 bytes,   13023144 total
[2020-12-08T11:34:58.816+0000][12575][gc,age      ] GC(68) - age   4:    1162432 bytes,   14185576 total
[2020-12-08T11:34:58.817+0000][12575][gc,age      ] GC(68) - age   5:    1410680 bytes,   15596256 total
[2020-12-08T11:34:58.817+0000][12575][gc,age      ] GC(68) - age   6:     709576 bytes,   16305832 total
[2020-12-08T11:34:58.817+0000][12575][gc,age      ] GC(68) - age   7:     835784 bytes,   17141616 total
[2020-12-08T11:34:58.817+0000][12575][gc,age      ] GC(68) - age   8:     734552 bytes,   17876168 total
[2020-12-08T11:34:58.817+0000][12575][gc,age      ] GC(68) - age   9:     838880 bytes,   18715048 total
[2020-12-08T11:34:58.817+0000][12575][gc,age      ] GC(68) - age  10:     708448 bytes,   19423496 total
[2020-12-08T11:34:58.817+0000][12575][gc,age      ] GC(68) - age  11:    1130536 bytes,   20554032 total
[2020-12-08T11:34:58.817+0000][12575][gc,age      ] GC(68) - age  12:     838856 bytes,   21392888 total
[2020-12-08T11:34:58.817+0000][12575][gc,age      ] GC(68) - age  13:    1550760 bytes,   22943648 total
[2020-12-08T11:34:58.817+0000][12575][gc,age      ] GC(68) - age  14:    1265008 bytes,   24208656 total
[2020-12-08T11:34:58.817+0000][12575][gc,age      ] GC(68) - age  15:     740544 bytes,   24949200 total
[2020-12-08T11:34:58.817+0000][12575][gc,phases   ] GC(68)   Pre Evacuate Collection Set: 0.3ms
[2020-12-08T11:34:58.817+0000][12575][gc,phases   ] GC(68)   Merge Heap Roots: 0.1ms
[2020-12-08T11:34:58.817+0000][12575][gc,phases   ] GC(68)   Evacuate Collection Set: 5.2ms
[2020-12-08T11:34:58.817+0000][12575][gc,phases   ] GC(68)   Post Evacuate Collection Set: 0.8ms
[2020-12-08T11:34:58.817+0000][12575][gc,phases   ] GC(68)   Other: 1.7ms
[2020-12-08T11:34:58.817+0000][12575][gc,heap     ] GC(68) Eden regions: 589->0(589)
[2020-12-08T11:34:58.817+0000][12575][gc,heap     ] GC(68) Survivor regions: 25->25(77)
[2020-12-08T11:34:58.817+0000][12575][gc,heap     ] GC(68) Old regions: 83->84
[2020-12-08T11:34:58.817+0000][12575][gc,heap     ] GC(68) Archive regions: 2->2
[2020-12-08T11:34:58.817+0000][12575][gc,heap     ] GC(68) Humongous regions: 13->13
[2020-12-08T11:34:58.817+0000][12575][gc,metaspace] GC(68) Metaspace: 101578K(105340K)->101578K(105340K) NonClass: 88377K(91004K)->88377K(91004K) Class: 13200K(14336K)->13200K(14336K)
[2020-12-08T11:34:58.817+0000][12575][gc          ] GC(68) Pause Young (Normal) (G1 Evacuation Pause) 710M->122M(1024M) 8.169ms
[2020-12-08T11:34:58.817+0000][12575][gc,cpu      ] GC(68) User=0.02s Sys=0.02s Real=0.01s
[2020-12-08T11:34:58.817+0000][12575][safepoint   ] Safepoint "G1CollectForAllocation", Time since last: 206565705196 ns, Reaching safepoint: 1078315 ns, At safepoint: 8339804 ns, Total: 9418119 ns
[2020-12-08T11:35:29.997+0000][12575][safepoint   ] Safepoint "Cleanup", Time since last: 31179588316 ns, Reaching safepoint: 191687 ns, At safepoint: 36768 ns, Total: 228455 ns
[2020-12-08T11:36:00.154+0000][12575][safepoint   ] Safepoint "Cleanup", Time since last: 30155555141 ns, Reaching safepoint: 183691 ns, At safepoint: 32864 ns, Total: 216555 ns
[2020-12-08T11:38:29.945+0000][12575][gc,start    ] GC(69) Pause Young (Normal) (G1 Evacuation Pause)
[2020-12-08T11:38:29.945+0000][12575][gc,task     ] GC(69) Using 13 workers of 13 for evacuation
[2020-12-08T11:38:29.945+0000][12575][gc,age      ] GC(69) Desired survivor size 40370176 bytes, new threshold 15 (max threshold 15)
[2020-12-08T11:38:29.953+0000][12575][gc,age      ] GC(69) Age table with threshold 15 (max threshold 15)
[2020-12-08T11:38:29.953+0000][12575][gc,age      ] GC(69) - age   1:    1288256 bytes,    1288256 total
[2020-12-08T11:38:29.953+0000][12575][gc,age      ] GC(69) - age   2:     719648 bytes,    2007904 total
[2020-12-08T11:38:29.953+0000][12575][gc,age      ] GC(69) - age   3:    5720360 bytes,    7728264 total
[2020-12-08T11:38:29.953+0000][12575][gc,age      ] GC(69) - age   4:    6081952 bytes,   13810216 total
[2020-12-08T11:38:29.953+0000][12575][gc,age      ] GC(69) - age   5:    1162432 bytes,   14972648 total
[2020-12-08T11:38:29.953+0000][12575][gc,age      ] GC(69) - age   6:    1410680 bytes,   16383328 total
[2020-12-08T11:38:29.953+0000][12575][gc,age      ] GC(69) - age   7:     709576 bytes,   17092904 total
[2020-12-08T11:38:29.953+0000][12575][gc,age      ] GC(69) - age   8:     835784 bytes,   17928688 total
[2020-12-08T11:38:29.953+0000][12575][gc,age      ] GC(69) - age   9:     734232 bytes,   18662920 total
[2020-12-08T11:38:29.953+0000][12575][gc,age      ] GC(69) - age  10:     838880 bytes,   19501800 total
[2020-12-08T11:38:29.953+0000][12575][gc,age      ] GC(69) - age  11:     708128 bytes,   20209928 total
[2020-12-08T11:38:29.953+0000][12575][gc,age      ] GC(69) - age  12:    1130536 bytes,   21340464 total
[2020-12-08T11:38:29.953+0000][12575][gc,age      ] GC(69) - age  13:     838856 bytes,   22179320 total
[2020-12-08T11:38:29.953+0000][12575][gc,age      ] GC(69) - age  14:    1550760 bytes,   23730080 total
[2020-12-08T11:38:29.953+0000][12575][gc,age      ] GC(69) - age  15:    1265008 bytes,   24995088 total
[2020-12-08T11:38:29.953+0000][12575][gc,phases   ] GC(69)   Pre Evacuate Collection Set: 0.2ms
[2020-12-08T11:38:29.953+0000][12575][gc,phases   ] GC(69)   Merge Heap Roots: 0.1ms
[2020-12-08T11:38:29.953+0000][12575][gc,phases   ] GC(69)   Evacuate Collection Set: 6.5ms
[2020-12-08T11:38:29.953+0000][12575][gc,phases   ] GC(69)   Post Evacuate Collection Set: 0.5ms
[2020-12-08T11:38:29.953+0000][12575][gc,phases   ] GC(69)   Other: 0.5ms
[2020-12-08T11:38:29.953+0000][12575][gc,heap     ] GC(69) Eden regions: 589->0(588)
[2020-12-08T11:38:29.953+0000][12575][gc,heap     ] GC(69) Survivor regions: 25->26(77)
[2020-12-08T11:38:29.953+0000][12575][gc,heap     ] GC(69) Old regions: 84->85
[2020-12-08T11:38:29.953+0000][12575][gc,heap     ] GC(69) Archive regions: 2->2
[2020-12-08T11:38:29.953+0000][12575][gc,heap     ] GC(69) Humongous regions: 13->13
[2020-12-08T11:38:29.953+0000][12575][gc,metaspace] GC(69) Metaspace: 101578K(105340K)->101578K(105340K) NonClass: 88377K(91004K)->88377K(91004K) Class: 13200K(14336K)->13200K(14336K)
[2020-12-08T11:38:29.953+0000][12575][gc          ] GC(69) Pause Young (Normal) (G1 Evacuation Pause) 711M->123M(1024M) 7.980ms
[2020-12-08T11:38:29.953+0000][12575][gc,cpu      ] GC(69) User=0.03s Sys=0.01s Real=0.01s
[2020-12-08T11:38:29.953+0000][12575][safepoint   ] Safepoint "G1CollectForAllocation", Time since last: 149788458797 ns, Reaching safepoint: 136793 ns, At safepoint: 8109156 ns, Total: 8245949 ns
[2020-12-08T11:39:19.219+0000][12575][safepoint   ] Safepoint "Cleanup", Time since last: 49264279050 ns, Reaching safepoint: 160054 ns, At safepoint: 3061 ns, Total: 163115 ns
[2020-12-08T11:41:50.405+0000][12575][gc,start    ] GC(70) Pause Young (Normal) (G1 Evacuation Pause)
[2020-12-08T11:41:50.405+0000][12575][gc,task     ] GC(70) Using 13 workers of 13 for evacuation
[2020-12-08T11:41:50.405+0000][12575][gc,age      ] GC(70) Desired survivor size 40370176 bytes, new threshold 15 (max threshold 15)
[2020-12-08T11:41:50.409+0000][12575][gc,age      ] GC(70) Age table with threshold 15 (max threshold 15)
[2020-12-08T11:41:50.409+0000][12575][gc,age      ] GC(70) - age   1:    9261120 bytes,    9261120 total
[2020-12-08T11:41:50.409+0000][12575][gc,age      ] GC(70) - age   2:    1269328 bytes,   10530448 total
[2020-12-08T11:41:50.409+0000][12575][gc,age      ] GC(70) - age   3:     719648 bytes,   11250096 total
[2020-12-08T11:41:50.409+0000][12575][gc,age      ] GC(70) - age   4:    3238464 bytes,   14488560 total
[2020-12-08T11:41:50.409+0000][12575][gc,age      ] GC(70) - age   5:    1687712 bytes,   16176272 total
[2020-12-08T11:41:50.409+0000][12575][gc,age      ] GC(70) - age   6:    1162224 bytes,   17338496 total
[2020-12-08T11:41:50.409+0000][12575][gc,age      ] GC(70) - age   7:     698040 bytes,   18036536 total
[2020-12-08T11:41:50.409+0000][12575][gc,age      ] GC(70) - age   8:     709576 bytes,   18746112 total
[2020-12-08T11:41:50.409+0000][12575][gc,age      ] GC(70) - age   9:     835784 bytes,   19581896 total
[2020-12-08T11:41:50.409+0000][12575][gc,age      ] GC(70) - age  10:     734232 bytes,   20316128 total
[2020-12-08T11:41:50.409+0000][12575][gc,age      ] GC(70) - age  11:     838880 bytes,   21155008 total
[2020-12-08T11:41:50.409+0000][12575][gc,age      ] GC(70) - age  12:     708128 bytes,   21863136 total
[2020-12-08T11:41:50.409+0000][12575][gc,age      ] GC(70) - age  13:    1130536 bytes,   22993672 total
[2020-12-08T11:41:50.409+0000][12575][gc,age      ] GC(70) - age  14:     838856 bytes,   23832528 total
[2020-12-08T11:41:50.409+0000][12575][gc,age      ] GC(70) - age  15:    1550760 bytes,   25383288 total
[2020-12-08T11:41:50.409+0000][12575][gc,phases   ] GC(70)   Pre Evacuate Collection Set: 0.2ms
[2020-12-08T11:41:50.409+0000][12575][gc,phases   ] GC(70)   Merge Heap Roots: 0.1ms
[2020-12-08T11:41:50.409+0000][12575][gc,phases   ] GC(70)   Evacuate Collection Set: 2.6ms
[2020-12-08T11:41:50.409+0000][12575][gc,phases   ] GC(70)   Post Evacuate Collection Set: 0.6ms
[2020-12-08T11:41:50.409+0000][12575][gc,phases   ] GC(70)   Other: 0.5ms
[2020-12-08T11:41:50.409+0000][12575][gc,heap     ] GC(70) Eden regions: 588->0(588)
[2020-12-08T11:41:50.409+0000][12575][gc,heap     ] GC(70) Survivor regions: 26->26(77)
[2020-12-08T11:41:50.409+0000][12575][gc,heap     ] GC(70) Old regions: 85->86
[2020-12-08T11:41:50.409+0000][12575][gc,heap     ] GC(70) Archive regions: 2->2
[2020-12-08T11:41:50.409+0000][12575][gc,heap     ] GC(70) Humongous regions: 13->13
[2020-12-08T11:41:50.409+0000][12575][gc,metaspace] GC(70) Metaspace: 101578K(105340K)->101578K(105340K) NonClass: 88377K(91004K)->88377K(91004K) Class: 13200K(14336K)->13200K(14336K)
[2020-12-08T11:41:50.409+0000][12575][gc          ] GC(70) Pause Young (Normal) (G1 Evacuation Pause) 711M->125M(1024M) 4.183ms
[2020-12-08T11:41:50.409+0000][12575][gc,cpu      ] GC(70) User=0.02s Sys=0.00s Real=0.00s
[2020-12-08T11:41:50.409+0000][12575][safepoint   ] Safepoint "G1CollectForAllocation", Time since last: 151183280548 ns, Reaching safepoint: 152324 ns, At safepoint: 4339324 ns, Total: 4491648 ns
[2020-12-08T11:45:17.334+0000][12575][gc,start    ] GC(71) Pause Young (Normal) (G1 Evacuation Pause)
[2020-12-08T11:45:17.334+0000][12575][gc,task     ] GC(71) Using 13 workers of 13 for evacuation
[2020-12-08T11:45:17.334+0000][12575][gc,age      ] GC(71) Desired survivor size 40370176 bytes, new threshold 15 (max threshold 15)
[2020-12-08T11:45:17.338+0000][12575][gc,age      ] GC(71) Age table with threshold 15 (max threshold 15)
[2020-12-08T11:45:17.338+0000][12575][gc,age      ] GC(71) - age   1:    1075352 bytes,    1075352 total
[2020-12-08T11:45:17.338+0000][12575][gc,age      ] GC(71) - age   2:    9242472 bytes,   10317824 total
[2020-12-08T11:45:17.338+0000][12575][gc,age      ] GC(71) - age   3:    1269296 bytes,   11587120 total
[2020-12-08T11:45:17.338+0000][12575][gc,age      ] GC(71) - age   4:     708200 bytes,   12295320 total
[2020-12-08T11:45:17.338+0000][12575][gc,age      ] GC(71) - age   5:    3238184 bytes,   15533504 total
[2020-12-08T11:45:17.338+0000][12575][gc,age      ] GC(71) - age   6:    1687712 bytes,   17221216 total
[2020-12-08T11:45:17.338+0000][12575][gc,age      ] GC(71) - age   7:     805904 bytes,   18027120 total
[2020-12-08T11:45:17.338+0000][12575][gc,age      ] GC(71) - age   8:     698040 bytes,   18725160 total
[2020-12-08T11:45:17.338+0000][12575][gc,age      ] GC(71) - age   9:     709576 bytes,   19434736 total
[2020-12-08T11:45:17.338+0000][12575][gc,age      ] GC(71) - age  10:     835784 bytes,   20270520 total
[2020-12-08T11:45:17.338+0000][12575][gc,age      ] GC(71) - age  11:     734232 bytes,   21004752 total
[2020-12-08T11:45:17.338+0000][12575][gc,age      ] GC(71) - age  12:     838880 bytes,   21843632 total
[2020-12-08T11:45:17.338+0000][12575][gc,age      ] GC(71) - age  13:     708128 bytes,   22551760 total
[2020-12-08T11:45:17.339+0000][12575][gc,age      ] GC(71) - age  14:    1130536 bytes,   23682296 total
[2020-12-08T11:45:17.339+0000][12575][gc,age      ] GC(71) - age  15:     838856 bytes,   24521152 total
[2020-12-08T11:45:17.339+0000][12575][gc,phases   ] GC(71)   Pre Evacuate Collection Set: 0.2ms
[2020-12-08T11:45:17.339+0000][12575][gc,phases   ] GC(71)   Merge Heap Roots: 0.1ms
[2020-12-08T11:45:17.339+0000][12575][gc,phases   ] GC(71)   Evacuate Collection Set: 3.2ms
[2020-12-08T11:45:17.339+0000][12575][gc,phases   ] GC(71)   Post Evacuate Collection Set: 0.6ms
[2020-12-08T11:45:17.339+0000][12575][gc,phases   ] GC(71)   Other: 0.5ms
[2020-12-08T11:45:17.339+0000][12575][gc,heap     ] GC(71) Eden regions: 588->0(588)
[2020-12-08T11:45:17.339+0000][12575][gc,heap     ] GC(71) Survivor regions: 26->26(77)
[2020-12-08T11:45:17.339+0000][12575][gc,heap     ] GC(71) Old regions: 86->88
[2020-12-08T11:45:17.339+0000][12575][gc,heap     ] GC(71) Archive regions: 2->2
[2020-12-08T11:45:17.339+0000][12575][gc,heap     ] GC(71) Humongous regions: 13->13
[2020-12-08T11:45:17.339+0000][12575][gc,metaspace] GC(71) Metaspace: 101578K(105340K)->101578K(105340K) NonClass: 88377K(91004K)->88377K(91004K) Class: 13200K(14336K)->13200K(14336K)
[2020-12-08T11:45:17.339+0000][12575][gc          ] GC(71) Pause Young (Normal) (G1 Evacuation Pause) 713M->126M(1024M) 4.854ms
[2020-12-08T11:45:17.339+0000][12575][gc,cpu      ] GC(71) User=0.03s Sys=0.01s Real=0.00s
[2020-12-08T11:45:17.339+0000][12575][safepoint   ] Safepoint "G1CollectForAllocation", Time since last: 206920612555 ns, Reaching safepoint: 150304 ns, At safepoint: 5014671 ns, Total: 5164975 ns
[2020-12-08T11:46:00.584+0000][12575][safepoint   ] Safepoint "Cleanup", Time since last: 43244459875 ns, Reaching safepoint: 230742 ns, At safepoint: 39757 ns, Total: 270499 ns
[2020-12-08T11:48:39.641+0000][12575][gc,start    ] GC(72) Pause Young (Normal) (G1 Evacuation Pause)
[2020-12-08T11:48:39.641+0000][12575][gc,task     ] GC(72) Using 13 workers of 13 for evacuation
[2020-12-08T11:48:39.641+0000][12575][gc,age      ] GC(72) Desired survivor size 40370176 bytes, new threshold 15 (max threshold 15)
[2020-12-08T11:48:39.646+0000][12575][gc,age      ] GC(72) Age table with threshold 15 (max threshold 15)
[2020-12-08T11:48:39.646+0000][12575][gc,age      ] GC(72) - age   1:    4167232 bytes,    4167232 total
[2020-12-08T11:48:39.646+0000][12575][gc,age      ] GC(72) - age   2:    1056328 bytes,    5223560 total
[2020-12-08T11:48:39.646+0000][12575][gc,age      ] GC(72) - age   3:    9242472 bytes,   14466032 total
[2020-12-08T11:48:39.646+0000][12575][gc,age      ] GC(72) - age   4:     735176 bytes,   15201208 total
[2020-12-08T11:48:39.646+0000][12575][gc,age      ] GC(72) - age   5:     708200 bytes,   15909408 total
[2020-12-08T11:48:39.646+0000][12575][gc,age      ] GC(72) - age   6:     800024 bytes,   16709432 total
[2020-12-08T11:48:39.646+0000][12575][gc,age      ] GC(72) - age   7:    1687712 bytes,   18397144 total
[2020-12-08T11:48:39.646+0000][12575][gc,age      ] GC(72) - age   8:     805904 bytes,   19203048 total
[2020-12-08T11:48:39.646+0000][12575][gc,age      ] GC(72) - age   9:     698040 bytes,   19901088 total
[2020-12-08T11:48:39.646+0000][12575][gc,age      ] GC(72) - age  10:     709504 bytes,   20610592 total
[2020-12-08T11:48:39.646+0000][12575][gc,age      ] GC(72) - age  11:     835504 bytes,   21446096 total
[2020-12-08T11:48:39.646+0000][12575][gc,age      ] GC(72) - age  12:     734232 bytes,   22180328 total
[2020-12-08T11:48:39.646+0000][12575][gc,age      ] GC(72) - age  13:     838880 bytes,   23019208 total
[2020-12-08T11:48:39.646+0000][12575][gc,age      ] GC(72) - age  14:     707848 bytes,   23727056 total
[2020-12-08T11:48:39.646+0000][12575][gc,age      ] GC(72) - age  15:    1130536 bytes,   24857592 total
[2020-12-08T11:48:39.646+0000][12575][gc,phases   ] GC(72)   Pre Evacuate Collection Set: 0.3ms
[2020-12-08T11:48:39.646+0000][12575][gc,phases   ] GC(72)   Merge Heap Roots: 0.2ms
[2020-12-08T11:48:39.646+0000][12575][gc,phases   ] GC(72)   Evacuate Collection Set: 3.6ms
[2020-12-08T11:48:39.646+0000][12575][gc,phases   ] GC(72)   Post Evacuate Collection Set: 0.9ms
[2020-12-08T11:48:39.646+0000][12575][gc,phases   ] GC(72)   Other: 0.7ms
[2020-12-08T11:48:39.646+0000][12575][gc,heap     ] GC(72) Eden regions: 588->0(588)
[2020-12-08T11:48:39.646+0000][12575][gc,heap     ] GC(72) Survivor regions: 26->26(77)
[2020-12-08T11:48:39.646+0000][12575][gc,heap     ] GC(72) Old regions: 88->89
[2020-12-08T11:48:39.646+0000][12575][gc,heap     ] GC(72) Archive regions: 2->2
[2020-12-08T11:48:39.646+0000][12575][gc,heap     ] GC(72) Humongous regions: 13->13
[2020-12-08T11:48:39.646+0000][12575][gc,metaspace] GC(72) Metaspace: 101578K(105340K)->101578K(105340K) NonClass: 88377K(91004K)->88377K(91004K) Class: 13200K(14336K)->13200K(14336K)
[2020-12-08T11:48:39.646+0000][12575][gc          ] GC(72) Pause Young (Normal) (G1 Evacuation Pause) 714M->127M(1024M) 5.824ms
[2020-12-08T11:48:39.646+0000][12575][gc,cpu      ] GC(72) User=0.03s Sys=0.00s Real=0.00s
[2020-12-08T11:48:39.647+0000][12575][safepoint   ] Safepoint "G1CollectForAllocation", Time since last: 159061487111 ns, Reaching safepoint: 266492 ns, At safepoint: 6023783 ns, Total: 6290275 ns
[2020-12-08T11:52:01.470+0000][12575][gc,start    ] GC(73) Pause Young (Normal) (G1 Evacuation Pause)
[2020-12-08T11:52:01.470+0000][12575][gc,task     ] GC(73) Using 13 workers of 13 for evacuation
[2020-12-08T11:52:01.470+0000][12575][gc,age      ] GC(73) Desired survivor size 40370176 bytes, new threshold 15 (max threshold 15)
[2020-12-08T11:52:01.474+0000][12575][gc,age      ] GC(73) Age table with threshold 15 (max threshold 15)
[2020-12-08T11:52:01.474+0000][12575][gc,age      ] GC(73) - age   1:    4910680 bytes,    4910680 total
[2020-12-08T11:52:01.474+0000][12575][gc,age      ] GC(73) - age   2:    4141992 bytes,    9052672 total
[2020-12-08T11:52:01.474+0000][12575][gc,age      ] GC(73) - age   3:    1056328 bytes,   10109000 total
[2020-12-08T11:52:01.474+0000][12575][gc,age      ] GC(73) - age   4:    6452680 bytes,   16561680 total
[2020-12-08T11:52:01.474+0000][12575][gc,age      ] GC(73) - age   5:     734896 bytes,   17296576 total
[2020-12-08T11:52:01.474+0000][12575][gc,age      ] GC(73) - age   6:     708200 bytes,   18004776 total
[2020-12-08T11:52:01.474+0000][12575][gc,age      ] GC(73) - age   7:     800024 bytes,   18804800 total
[2020-12-08T11:52:01.474+0000][12575][gc,age      ] GC(73) - age   8:     737528 bytes,   19542328 total
[2020-12-08T11:52:01.474+0000][12575][gc,age      ] GC(73) - age   9:     805904 bytes,   20348232 total
[2020-12-08T11:52:01.474+0000][12575][gc,age      ] GC(73) - age  10:     698040 bytes,   21046272 total
[2020-12-08T11:52:01.475+0000][12575][gc,age      ] GC(73) - age  11:     709504 bytes,   21755776 total
[2020-12-08T11:52:01.475+0000][12575][gc,age      ] GC(73) - age  12:     835504 bytes,   22591280 total
[2020-12-08T11:52:01.475+0000][12575][gc,age      ] GC(73) - age  13:     733776 bytes,   23325056 total
[2020-12-08T11:52:01.475+0000][12575][gc,age      ] GC(73) - age  14:     838808 bytes,   24163864 total
[2020-12-08T11:52:01.475+0000][12575][gc,age      ] GC(73) - age  15:     707848 bytes,   24871712 total
[2020-12-08T11:52:01.475+0000][12575][gc,phases   ] GC(73)   Pre Evacuate Collection Set: 0.3ms
[2020-12-08T11:52:01.475+0000][12575][gc,phases   ] GC(73)   Merge Heap Roots: 0.2ms
[2020-12-08T11:52:01.475+0000][12575][gc,phases   ] GC(73)   Evacuate Collection Set: 2.9ms
[2020-12-08T11:52:01.475+0000][12575][gc,phases   ] GC(73)   Post Evacuate Collection Set: 1.0ms
[2020-12-08T11:52:01.475+0000][12575][gc,phases   ] GC(73)   Other: 0.7ms
[2020-12-08T11:52:01.475+0000][12575][gc,heap     ] GC(73) Eden regions: 588->0(589)
[2020-12-08T11:52:01.475+0000][12575][gc,heap     ] GC(73) Survivor regions: 26->25(77)
[2020-12-08T11:52:01.475+0000][12575][gc,heap     ] GC(73) Old regions: 89->90
[2020-12-08T11:52:01.475+0000][12575][gc,heap     ] GC(73) Archive regions: 2->2
[2020-12-08T11:52:01.475+0000][12575][gc,heap     ] GC(73) Humongous regions: 13->13
[2020-12-08T11:52:01.475+0000][12575][gc,metaspace] GC(73) Metaspace: 101578K(105340K)->101578K(105340K) NonClass: 88377K(91004K)->88377K(91004K) Class: 13200K(14336K)->13200K(14336K)
[2020-12-08T11:52:01.475+0000][12575][gc          ] GC(73) Pause Young (Normal) (G1 Evacuation Pause) 715M->128M(1024M) 5.255ms
[2020-12-08T11:52:01.475+0000][12575][gc,cpu      ] GC(73) User=0.03s Sys=0.01s Real=0.00s
[2020-12-08T11:52:01.475+0000][12575][safepoint   ] Safepoint "G1CollectForAllocation", Time since last: 201830844254 ns, Reaching safepoint: 268215 ns, At safepoint: 5460590 ns, Total: 5728805 ns
[2020-12-08T11:53:01.788+0000][12575][safepoint   ] Safepoint "Cleanup", Time since last: 60311312908 ns, Reaching safepoint: 183268 ns, At safepoint: 71171 ns, Total: 254439 ns
[2020-12-08T11:55:25.458+0000][12575][gc,start    ] GC(74) Pause Young (Normal) (G1 Evacuation Pause)
[2020-12-08T11:55:25.458+0000][12575][gc,task     ] GC(74) Using 13 workers of 13 for evacuation
[2020-12-08T11:55:25.458+0000][12575][gc,age      ] GC(74) Desired survivor size 40370176 bytes, new threshold 15 (max threshold 15)
[2020-12-08T11:55:25.476+0000][12575][gc,age      ] GC(74) Age table with threshold 15 (max threshold 15)
[2020-12-08T11:55:25.476+0000][12575][gc,age      ] GC(74) - age   1:    6394816 bytes,    6394816 total
[2020-12-08T11:55:25.476+0000][12575][gc,age      ] GC(74) - age   2:    4883456 bytes,   11278272 total
[2020-12-08T11:55:25.476+0000][12575][gc,age      ] GC(74) - age   3:    4141992 bytes,   15420264 total
[2020-12-08T11:55:25.476+0000][12575][gc,age      ] GC(74) - age   4:    1056136 bytes,   16476400 total
[2020-12-08T11:55:25.476+0000][12575][gc,age      ] GC(74) - age   5:    1507272 bytes,   17983672 total
[2020-12-08T11:55:25.476+0000][12575][gc,age      ] GC(74) - age   6:     734824 bytes,   18718496 total
[2020-12-08T11:55:25.476+0000][12575][gc,age      ] GC(74) - age   7:     708200 bytes,   19426696 total
[2020-12-08T11:55:25.476+0000][12575][gc,age      ] GC(74) - age   8:     800024 bytes,   20226720 total
[2020-12-08T11:55:25.476+0000][12575][gc,age      ] GC(74) - age   9:     737528 bytes,   20964248 total
[2020-12-08T11:55:25.476+0000][12575][gc,age      ] GC(74) - age  10:     805904 bytes,   21770152 total
[2020-12-08T11:55:25.476+0000][12575][gc,age      ] GC(74) - age  11:     698040 bytes,   22468192 total
[2020-12-08T11:55:25.476+0000][12575][gc,age      ] GC(74) - age  12:     709504 bytes,   23177696 total
[2020-12-08T11:55:25.476+0000][12575][gc,age      ] GC(74) - age  13:     835224 bytes,   24012920 total
[2020-12-08T11:55:25.476+0000][12575][gc,age      ] GC(74) - age  14:     733776 bytes,   24746696 total
[2020-12-08T11:55:25.476+0000][12575][gc,age      ] GC(74) - age  15:     838808 bytes,   25585504 total
[2020-12-08T11:55:25.476+0000][12575][gc,phases   ] GC(74)   Pre Evacuate Collection Set: 0.3ms
[2020-12-08T11:55:25.476+0000][12575][gc,phases   ] GC(74)   Merge Heap Roots: 0.2ms
[2020-12-08T11:55:25.476+0000][12575][gc,phases   ] GC(74)   Evacuate Collection Set: 16.1ms
[2020-12-08T11:55:25.476+0000][12575][gc,phases   ] GC(74)   Post Evacuate Collection Set: 0.7ms
[2020-12-08T11:55:25.476+0000][12575][gc,phases   ] GC(74)   Other: 0.6ms
[2020-12-08T11:55:25.476+0000][12575][gc,heap     ] GC(74) Eden regions: 589->0(588)
[2020-12-08T11:55:25.476+0000][12575][gc,heap     ] GC(74) Survivor regions: 25->26(77)
[2020-12-08T11:55:25.476+0000][12575][gc,heap     ] GC(74) Old regions: 90->91
[2020-12-08T11:55:25.476+0000][12575][gc,heap     ] GC(74) Archive regions: 2->2
[2020-12-08T11:55:25.476+0000][12575][gc,heap     ] GC(74) Humongous regions: 13->13
[2020-12-08T11:55:25.476+0000][12575][gc,metaspace] GC(74) Metaspace: 101578K(105340K)->101578K(105340K) NonClass: 88377K(91004K)->88377K(91004K) Class: 13200K(14336K)->13200K(14336K)
[2020-12-08T11:55:25.476+0000][12575][gc          ] GC(74) Pause Young (Normal) (G1 Evacuation Pause) 717M->129M(1024M) 17.934ms
[2020-12-08T11:55:25.476+0000][12575][gc,cpu      ] GC(74) User=0.04s Sys=0.02s Real=0.02s
[2020-12-08T11:55:25.476+0000][12575][safepoint   ] Safepoint "G1CollectForAllocation", Time since last: 143666270361 ns, Reaching safepoint: 1918190 ns, At safepoint: 18093066 ns, Total: 20011256 ns
[2020-12-08T11:57:05.049+0000][12575][safepoint   ] Safepoint "Cleanup", Time since last: 99571137442 ns, Reaching safepoint: 137929 ns, At safepoint: 7986 ns, Total: 145915 ns
[2020-12-08T11:58:51.829+0000][12575][gc,start    ] GC(75) Pause Young (Normal) (G1 Evacuation Pause)
[2020-12-08T11:58:51.830+0000][12575][gc,task     ] GC(75) Using 13 workers of 13 for evacuation
[2020-12-08T11:58:51.830+0000][12575][gc,age      ] GC(75) Desired survivor size 40370176 bytes, new threshold 15 (max threshold 15)
[2020-12-08T11:58:51.836+0000][12575][gc,age      ] GC(75) Age table with threshold 15 (max threshold 15)
[2020-12-08T11:58:51.836+0000][12575][gc,age      ] GC(75) - age   1:    1407136 bytes,    1407136 total
[2020-12-08T11:58:51.836+0000][12575][gc,age      ] GC(75) - age   2:    6370208 bytes,    7777344 total
[2020-12-08T11:58:51.836+0000][12575][gc,age      ] GC(75) - age   3:    4883456 bytes,   12660800 total
[2020-12-08T11:58:51.836+0000][12575][gc,age      ] GC(75) - age   4:    3541104 bytes,   16201904 total
[2020-12-08T11:58:51.836+0000][12575][gc,age      ] GC(75) - age   5:    1043368 bytes,   17245272 total
[2020-12-08T11:58:51.836+0000][12575][gc,age      ] GC(75) - age   6:    1507272 bytes,   18752544 total
[2020-12-08T11:58:51.836+0000][12575][gc,age      ] GC(75) - age   7:     734824 bytes,   19487368 total
[2020-12-08T11:58:51.836+0000][12575][gc,age      ] GC(75) - age   8:     708200 bytes,   20195568 total
[2020-12-08T11:58:51.836+0000][12575][gc,age      ] GC(75) - age   9:     800024 bytes,   20995592 total
[2020-12-08T11:58:51.836+0000][12575][gc,age      ] GC(75) - age  10:     737528 bytes,   21733120 total
[2020-12-08T11:58:51.836+0000][12575][gc,age      ] GC(75) - age  11:     805832 bytes,   22538952 total
[2020-12-08T11:58:51.836+0000][12575][gc,age      ] GC(75) - age  12:     698040 bytes,   23236992 total
[2020-12-08T11:58:51.836+0000][12575][gc,age      ] GC(75) - age  13:     709504 bytes,   23946496 total
[2020-12-08T11:58:51.836+0000][12575][gc,age      ] GC(75) - age  14:     835224 bytes,   24781720 total
[2020-12-08T11:58:51.836+0000][12575][gc,age      ] GC(75) - age  15:     733776 bytes,   25515496 total
[2020-12-08T11:58:51.836+0000][12575][gc,phases   ] GC(75)   Pre Evacuate Collection Set: 0.2ms
[2020-12-08T11:58:51.836+0000][12575][gc,phases   ] GC(75)   Merge Heap Roots: 0.1ms
[2020-12-08T11:58:51.836+0000][12575][gc,phases   ] GC(75)   Evacuate Collection Set: 4.7ms
[2020-12-08T11:58:51.836+0000][12575][gc,phases   ] GC(75)   Post Evacuate Collection Set: 0.7ms
[2020-12-08T11:58:51.836+0000][12575][gc,phases   ] GC(75)   Other: 1.2ms
[2020-12-08T11:58:51.836+0000][12575][gc,heap     ] GC(75) Eden regions: 588->0(588)
[2020-12-08T11:58:51.836+0000][12575][gc,heap     ] GC(75) Survivor regions: 26->26(77)
[2020-12-08T11:58:51.836+0000][12575][gc,heap     ] GC(75) Old regions: 91->92
[2020-12-08T11:58:51.836+0000][12575][gc,heap     ] GC(75) Archive regions: 2->2
[2020-12-08T11:58:51.836+0000][12575][gc,heap     ] GC(75) Humongous regions: 13->13
[2020-12-08T11:58:51.836+0000][12575][gc,metaspace] GC(75) Metaspace: 101578K(105340K)->101578K(105340K) NonClass: 88377K(91004K)->88377K(91004K) Class: 13200K(14336K)->13200K(14336K)
[2020-12-08T11:58:51.836+0000][12575][gc          ] GC(75) Pause Young (Normal) (G1 Evacuation Pause) 717M->130M(1024M) 7.098ms
[2020-12-08T11:58:51.836+0000][12575][gc,cpu      ] GC(75) User=0.03s Sys=0.00s Real=0.01s
[2020-12-08T11:58:51.836+0000][12575][safepoint   ] Safepoint "G1CollectForAllocation", Time since last: 106777645415 ns, Reaching safepoint: 154363 ns, At safepoint: 7231080 ns, Total: 7385443 ns
[2020-12-08T12:02:16.697+0000][12575][gc,start    ] GC(76) Pause Young (Normal) (G1 Evacuation Pause)
[2020-12-08T12:02:16.697+0000][12575][gc,task     ] GC(76) Using 13 workers of 13 for evacuation
[2020-12-08T12:02:16.697+0000][12575][gc,age      ] GC(76) Desired survivor size 40370176 bytes, new threshold 15 (max threshold 15)
[2020-12-08T12:02:16.715+0000][12575][gc,age      ] GC(76) Age table with threshold 15 (max threshold 15)
[2020-12-08T12:02:16.716+0000][12575][gc,age      ] GC(76) - age   1:    4202768 bytes,    4202768 total
[2020-12-08T12:02:16.716+0000][12575][gc,age      ] GC(76) - age   2:    1388832 bytes,    5591600 total
[2020-12-08T12:02:16.716+0000][12575][gc,age      ] GC(76) - age   3:    6370208 bytes,   11961808 total
[2020-12-08T12:02:16.716+0000][12575][gc,age      ] GC(76) - age   4:    1744944 bytes,   13706752 total
[2020-12-08T12:02:16.716+0000][12575][gc,age      ] GC(76) - age   5:    3540544 bytes,   17247296 total
[2020-12-08T12:02:16.716+0000][12575][gc,age      ] GC(76) - age   6:    1043368 bytes,   18290664 total
[2020-12-08T12:02:16.716+0000][12575][gc,age      ] GC(76) - age   7:    1507272 bytes,   19797936 total
[2020-12-08T12:02:16.716+0000][12575][gc,age      ] GC(76) - age   8:     734824 bytes,   20532760 total
[2020-12-08T12:02:16.716+0000][12575][gc,age      ] GC(76) - age   9:     708200 bytes,   21240960 total
[2020-12-08T12:02:16.716+0000][12575][gc,age      ] GC(76) - age  10:     800024 bytes,   22040984 total
[2020-12-08T12:02:16.716+0000][12575][gc,age      ] GC(76) - age  11:     737528 bytes,   22778512 total
[2020-12-08T12:02:16.716+0000][12575][gc,age      ] GC(76) - age  12:     805832 bytes,   23584344 total
[2020-12-08T12:02:16.716+0000][12575][gc,age      ] GC(76) - age  13:     698040 bytes,   24282384 total
[2020-12-08T12:02:16.716+0000][12575][gc,age      ] GC(76) - age  14:     709432 bytes,   24991816 total
[2020-12-08T12:02:16.716+0000][12575][gc,age      ] GC(76) - age  15:     835224 bytes,   25827040 total
[2020-12-08T12:02:16.716+0000][12575][gc,phases   ] GC(76)   Pre Evacuate Collection Set: 0.2ms
[2020-12-08T12:02:16.716+0000][12575][gc,phases   ] GC(76)   Merge Heap Roots: 0.1ms
[2020-12-08T12:02:16.716+0000][12575][gc,phases   ] GC(76)   Evacuate Collection Set: 17.7ms
[2020-12-08T12:02:16.716+0000][12575][gc,phases   ] GC(76)   Post Evacuate Collection Set: 0.6ms
[2020-12-08T12:02:16.716+0000][12575][gc,phases   ] GC(76)   Other: 0.4ms
[2020-12-08T12:02:16.716+0000][12575][gc,heap     ] GC(76) Eden regions: 588->0(587)
[2020-12-08T12:02:16.716+0000][12575][gc,heap     ] GC(76) Survivor regions: 26->27(77)
[2020-12-08T12:02:16.716+0000][12575][gc,heap     ] GC(76) Old regions: 92->92
[2020-12-08T12:02:16.716+0000][12575][gc,heap     ] GC(76) Archive regions: 2->2
[2020-12-08T12:02:16.716+0000][12575][gc,heap     ] GC(76) Humongous regions: 13->13
[2020-12-08T12:02:16.716+0000][12575][gc,metaspace] GC(76) Metaspace: 101578K(105340K)->101578K(105340K) NonClass: 88377K(91004K)->88377K(91004K) Class: 13200K(14336K)->13200K(14336K)
[2020-12-08T12:02:16.716+0000][12575][gc          ] GC(76) Pause Young (Normal) (G1 Evacuation Pause) 718M->131M(1024M) 19.056ms
[2020-12-08T12:02:16.716+0000][12575][gc,cpu      ] GC(76) User=0.04s Sys=0.02s Real=0.02s
[2020-12-08T12:02:16.716+0000][12575][safepoint   ] Safepoint "G1CollectForAllocation", Time since last: 204855492635 ns, Reaching safepoint: 1542838 ns, At safepoint: 19208542 ns, Total: 20751380 ns
[2020-12-08T12:05:46.975+0000][12575][gc,start    ] GC(77) Pause Young (Normal) (G1 Evacuation Pause)
[2020-12-08T12:05:46.976+0000][12575][gc,task     ] GC(77) Using 13 workers of 13 for evacuation
[2020-12-08T12:05:46.976+0000][12575][gc,age      ] GC(77) Desired survivor size 40370176 bytes, new threshold 15 (max threshold 15)
[2020-12-08T12:05:46.981+0000][12575][gc,age      ] GC(77) Age table with threshold 15 (max threshold 15)
[2020-12-08T12:05:46.981+0000][12575][gc,age      ] GC(77) - age   1:    3847400 bytes,    3847400 total
[2020-12-08T12:05:46.981+0000][12575][gc,age      ] GC(77) - age   2:    4173592 bytes,    8020992 total
[2020-12-08T12:05:46.981+0000][12575][gc,age      ] GC(77) - age   3:    1388800 bytes,    9409792 total
[2020-12-08T12:05:46.981+0000][12575][gc,age      ] GC(77) - age   4:    6370016 bytes,   15779808 total
[2020-12-08T12:05:46.981+0000][12575][gc,age      ] GC(77) - age   5:    1744664 bytes,   17524472 total
[2020-12-08T12:05:46.981+0000][12575][gc,age      ] GC(77) - age   6:     797632 bytes,   18322104 total
[2020-12-08T12:05:46.981+0000][12575][gc,age      ] GC(77) - age   7:    1043368 bytes,   19365472 total
[2020-12-08T12:05:46.981+0000][12575][gc,age      ] GC(77) - age   8:    1507272 bytes,   20872744 total
[2020-12-08T12:05:46.981+0000][12575][gc,age      ] GC(77) - age   9:     734824 bytes,   21607568 total
[2020-12-08T12:05:46.981+0000][12575][gc,age      ] GC(77) - age  10:     707920 bytes,   22315488 total
[2020-12-08T12:05:46.981+0000][12575][gc,age      ] GC(77) - age  11:     800024 bytes,   23115512 total
[2020-12-08T12:05:46.981+0000][12575][gc,age      ] GC(77) - age  12:     737528 bytes,   23853040 total
[2020-12-08T12:05:46.981+0000][12575][gc,age      ] GC(77) - age  13:     805832 bytes,   24658872 total
[2020-12-08T12:05:46.981+0000][12575][gc,age      ] GC(77) - age  14:     698040 bytes,   25356912 total
[2020-12-08T12:05:46.981+0000][12575][gc,age      ] GC(77) - age  15:     709432 bytes,   26066344 total
[2020-12-08T12:05:46.981+0000][12575][gc,phases   ] GC(77)   Pre Evacuate Collection Set: 0.2ms
[2020-12-08T12:05:46.981+0000][12575][gc,phases   ] GC(77)   Merge Heap Roots: 0.1ms
[2020-12-08T12:05:46.981+0000][12575][gc,phases   ] GC(77)   Evacuate Collection Set: 4.0ms
[2020-12-08T12:05:46.981+0000][12575][gc,phases   ] GC(77)   Post Evacuate Collection Set: 0.6ms
[2020-12-08T12:05:46.981+0000][12575][gc,phases   ] GC(77)   Other: 0.9ms
[2020-12-08T12:05:46.981+0000][12575][gc,heap     ] GC(77) Eden regions: 587->0(587)
[2020-12-08T12:05:46.981+0000][12575][gc,heap     ] GC(77) Survivor regions: 27->27(77)
[2020-12-08T12:05:46.981+0000][12575][gc,heap     ] GC(77) Old regions: 92->93
[2020-12-08T12:05:46.981+0000][12575][gc,heap     ] GC(77) Archive regions: 2->2
[2020-12-08T12:05:46.981+0000][12575][gc,heap     ] GC(77) Humongous regions: 16->16
[2020-12-08T12:05:46.981+0000][12575][gc,metaspace] GC(77) Metaspace: 101578K(105340K)->101578K(105340K) NonClass: 88377K(91004K)->88377K(91004K) Class: 13200K(14336K)->13200K(14336K)
[2020-12-08T12:05:46.981+0000][12575][gc          ] GC(77) Pause Young (Normal) (G1 Evacuation Pause) 721M->136M(1024M) 5.863ms
[2020-12-08T12:05:46.981+0000][12575][gc,cpu      ] GC(77) User=0.02s Sys=0.01s Real=0.01s
[2020-12-08T12:05:46.981+0000][12575][safepoint   ] Safepoint "G1CollectForAllocation", Time since last: 210255447996 ns, Reaching safepoint: 143710 ns, At safepoint: 5985213 ns, Total: 6128923 ns
[2020-12-08T12:10:49.881+0000][12575][safepoint   ] Safepoint "Cleanup", Time since last: 302892025874 ns, Reaching safepoint: 2262920 ns, At safepoint: 41618 ns, Total: 2304538 ns
[2020-12-08T12:10:49.985+0000][12575][gc,start    ] GC(78) Pause Young (Normal) (G1 Evacuation Pause)
[2020-12-08T12:10:49.985+0000][12575][gc,task     ] GC(78) Using 13 workers of 13 for evacuation
[2020-12-08T12:10:49.985+0000][12575][gc,age      ] GC(78) Desired survivor size 40370176 bytes, new threshold 15 (max threshold 15)
[2020-12-08T12:10:50.000+0000][12575][gc,age      ] GC(78) Age table with threshold 15 (max threshold 15)
[2020-12-08T12:10:50.000+0000][12575][gc,age      ] GC(78) - age   1:    1345528 bytes,    1345528 total
[2020-12-08T12:10:50.000+0000][12575][gc,age      ] GC(78) - age   2:    3822440 bytes,    5167968 total
[2020-12-08T12:10:50.000+0000][12575][gc,age      ] GC(78) - age   3:    4173464 bytes,    9341432 total
[2020-12-08T12:10:50.000+0000][12575][gc,age      ] GC(78) - age   4:    1388800 bytes,   10730232 total
[2020-12-08T12:10:50.000+0000][12575][gc,age      ] GC(78) - age   5:    6369808 bytes,   17100040 total
[2020-12-08T12:10:50.000+0000][12575][gc,age      ] GC(78) - age   6:    1744664 bytes,   18844704 total
[2020-12-08T12:10:50.000+0000][12575][gc,age      ] GC(78) - age   7:     797632 bytes,   19642336 total
[2020-12-08T12:10:50.000+0000][12575][gc,age      ] GC(78) - age   8:    1043368 bytes,   20685704 total
[2020-12-08T12:10:50.000+0000][12575][gc,age      ] GC(78) - age   9:    1106096 bytes,   21791800 total
[2020-12-08T12:10:50.000+0000][12575][gc,age      ] GC(78) - age  10:     734504 bytes,   22526304 total
[2020-12-08T12:10:50.000+0000][12575][gc,age      ] GC(78) - age  11:     707920 bytes,   23234224 total
[2020-12-08T12:10:50.000+0000][12575][gc,age      ] GC(78) - age  12:     800024 bytes,   24034248 total
[2020-12-08T12:10:50.000+0000][12575][gc,age      ] GC(78) - age  13:     737528 bytes,   24771776 total
[2020-12-08T12:10:50.000+0000][12575][gc,age      ] GC(78) - age  14:     805832 bytes,   25577608 total
[2020-12-08T12:10:50.000+0000][12575][gc,age      ] GC(78) - age  15:     698040 bytes,   26275648 total
[2020-12-08T12:10:50.000+0000][12575][gc,phases   ] GC(78)   Pre Evacuate Collection Set: 0.6ms
[2020-12-08T12:10:50.000+0000][12575][gc,phases   ] GC(78)   Merge Heap Roots: 0.6ms
[2020-12-08T12:10:50.000+0000][12575][gc,phases   ] GC(78)   Evacuate Collection Set: 11.8ms
[2020-12-08T12:10:50.000+0000][12575][gc,phases   ] GC(78)   Post Evacuate Collection Set: 1.6ms
[2020-12-08T12:10:50.000+0000][12575][gc,phases   ] GC(78)   Other: 0.4ms
[2020-12-08T12:10:50.000+0000][12575][gc,heap     ] GC(78) Eden regions: 587->0(587)
[2020-12-08T12:10:50.000+0000][12575][gc,heap     ] GC(78) Survivor regions: 27->27(77)
[2020-12-08T12:10:50.000+0000][12575][gc,heap     ] GC(78) Old regions: 93->94
[2020-12-08T12:10:50.000+0000][12575][gc,heap     ] GC(78) Archive regions: 2->2
[2020-12-08T12:10:50.000+0000][12575][gc,heap     ] GC(78) Humongous regions: 20->18
[2020-12-08T12:10:50.000+0000][12575][gc,metaspace] GC(78) Metaspace: 101581K(105340K)->101581K(105340K) NonClass: 88380K(91004K)->88380K(91004K) Class: 13200K(14336K)->13200K(14336K)
[2020-12-08T12:10:50.000+0000][12575][gc          ] GC(78) Pause Young (Normal) (G1 Evacuation Pause) 727M->138M(1024M) 15.139ms
[2020-12-08T12:10:50.000+0000][12575][gc,cpu      ] GC(78) User=0.04s Sys=0.02s Real=0.02s
[2020-12-08T12:10:50.000+0000][12575][safepoint   ] Safepoint "G1CollectForAllocation", Time since last: 104221265 ns, Reaching safepoint: 115312 ns, At safepoint: 15233833 ns, Total: 15349145 ns
[2020-12-08T12:10:51.005+0000][12575][safepoint   ] Safepoint "Cleanup", Time since last: 1005115262 ns, Reaching safepoint: 135421 ns, At safepoint: 29060 ns, Total: 164481 ns
[2020-12-08T12:11:19.090+0000][12575][safepoint   ] Safepoint "Cleanup", Time since last: 28083554015 ns, Reaching safepoint: 108205 ns, At safepoint: 23061 ns, Total: 131266 ns
[2020-12-08T12:11:21.096+0000][12575][safepoint   ] Safepoint "Cleanup", Time since last: 2006519118 ns, Reaching safepoint: 180830 ns, At safepoint: 5870 ns, Total: 186700 ns
[2020-12-08T12:11:23.102+0000][12575][safepoint   ] Safepoint "Cleanup", Time since last: 2005441954 ns, Reaching safepoint: 223967 ns, At safepoint: 61274 ns, Total: 285241 ns
[2020-12-08T12:11:45.164+0000][12575][safepoint   ] Safepoint "Cleanup", Time since last: 22061224268 ns, Reaching safepoint: 217766 ns, At safepoint: 49924 ns, Total: 267690 ns
[2020-12-08T12:11:57.198+0000][12575][safepoint   ] Safepoint "Cleanup", Time since last: 12033914902 ns, Reaching safepoint: 160849 ns, At safepoint: 35515 ns, Total: 196364 ns
[2020-12-08T12:12:32.302+0000][12575][safepoint   ] Safepoint "Cleanup", Time since last: 35102373591 ns, Reaching safepoint: 249661 ns, At safepoint: 47484 ns, Total: 297145 ns
[2020-12-08T12:12:43.340+0000][12575][safepoint   ] Safepoint "Cleanup", Time since last: 11037462399 ns, Reaching safepoint: 193882 ns, At safepoint: 74730 ns, Total: 268612 ns
[2020-12-08T12:12:49.354+0000][12575][safepoint   ] Safepoint "Cleanup", Time since last: 6013855990 ns, Reaching safepoint: 171702 ns, At safepoint: 13516 ns, Total: 185218 ns
[2020-12-08T12:13:06.392+0000][12575][safepoint   ] Safepoint "Cleanup", Time since last: 17037553824 ns, Reaching safepoint: 231163 ns, At safepoint: 50024 ns, Total: 281187 ns
[2020-12-08T12:14:43.680+0000][12575][safepoint   ] Safepoint "Cleanup", Time since last: 97285961101 ns, Reaching safepoint: 148144 ns, At safepoint: 43057 ns, Total: 191201 ns
[2020-12-08T12:14:56.703+0000][12575][safepoint   ] Safepoint "Cleanup", Time since last: 13023074086 ns, Reaching safepoint: 196609 ns, At safepoint: 10125 ns, Total: 206734 ns
[2020-12-08T12:16:10.939+0000][12575][safepoint   ] Safepoint "Cleanup", Time since last: 74233924135 ns, Reaching safepoint: 195276 ns, At safepoint: 59667 ns, Total: 254943 ns
[2020-12-08T12:16:23.982+0000][12575][safepoint   ] Safepoint "Cleanup", Time since last: 13043129248 ns, Reaching safepoint: 121830 ns, At safepoint: 16257 ns, Total: 138087 ns
[2020-12-08T12:16:33.004+0000][12575][safepoint   ] Safepoint "Cleanup", Time since last: 9021239582 ns, Reaching safepoint: 187481 ns, At safepoint: 61778 ns, Total: 249259 ns
[2020-12-08T12:16:47.034+0000][12575][safepoint   ] Safepoint "Cleanup", Time since last: 14029722201 ns, Reaching safepoint: 88447 ns, At safepoint: 7752 ns, Total: 96199 ns
[2020-12-08T12:18:10.258+0000][12575][safepoint   ] Safepoint "Cleanup", Time since last: 83222326013 ns, Reaching safepoint: 162061 ns, At safepoint: 40638 ns, Total: 202699 ns
[2020-12-08T12:18:54.382+0000][12575][safepoint   ] Safepoint "Cleanup", Time since last: 44122066876 ns, Reaching safepoint: 1050501 ns, At safepoint: 12945 ns, Total: 1063446 ns
[2020-12-08T12:21:05.757+0000][12575][safepoint   ] Safepoint "Cleanup", Time since last: 131371279102 ns, Reaching safepoint: 1625066 ns, At safepoint: 10334 ns, Total: 1635400 ns
[2020-12-08T12:21:41.846+0000][12575][safepoint   ] Safepoint "Cleanup", Time since last: 36088347965 ns, Reaching safepoint: 154229 ns, At safepoint: 43518 ns, Total: 197747 ns
[2020-12-08T12:21:55.891+0000][12575][safepoint   ] Safepoint "Cleanup", Time since last: 14035901328 ns, Reaching safepoint: 8817752 ns, At safepoint: 59137 ns, Total: 8876889 ns
[2020-12-08T12:21:56.899+0000][12575][safepoint   ] Safepoint "Cleanup", Time since last: 1007389665 ns, Reaching safepoint: 209556 ns, At safepoint: 12157 ns, Total: 221713 ns
[2020-12-08T12:22:07.942+0000][12575][safepoint   ] Safepoint "Cleanup", Time since last: 11042800358 ns, Reaching safepoint: 148508 ns, At safepoint: 79029 ns, Total: 227537 ns
[2020-12-08T12:23:22.160+0000][12575][safepoint   ] Safepoint "Cleanup", Time since last: 74216469674 ns, Reaching safepoint: 146699 ns, At safepoint: 5050 ns, Total: 151749 ns
